start: nets to route 58 items 183
chunk 1 nets 10 failed 3 span<=5 22s B2-c1-pruned.kicad_pcb
chunk 2 nets 10 failed 2 span<=38 23s B2-c2-pruned.kicad_pcb
chunk 3 nets 10 failed 4 span<=66 23s B2-c3-pruned.kicad_pcb
chunk 4 nets 10 failed 5 span<=91 28s B2-c4-pruned.kicad_pcb
chunk 5 nets 10 failed 5 span<=119 25s B2-c5-pruned.kicad_pcb
chunk 6 nets 8 failed 7 span<=204 27s B2-c6-pruned.kicad_pcb
after round 0 open nets 46 items 156
chunk 7 nets 10 failed 3 span<=3 21s B2-c7-pruned.kicad_pcb
chunk 8 nets 10 failed 6 span<=27 31s B2-c8-pruned.kicad_pcb
chunk 9 nets 10 failed 7 span<=85 37s B2-c9-pruned.kicad_pcb
chunk 10 nets 10 failed 10 span<=120 40s B2-c10-pruned.kicad_pcb
chunk 11 nets 6 failed 4 span<=204 30s B2-c11-pruned.kicad_pcb
after round 1 open nets 35 items 147
chunk 12 no ses
chunk 13 nets 10 failed 8 span<=64 38s B2-c13-pruned.kicad_pcb
chunk 14 nets 10 failed 10 span<=119 45s B2-c14-pruned.kicad_pcb
chunk 15 nets 5 failed 5 span<=204 33s B2-c15-pruned.kicad_pcb
after round 2 open nets 34 items 141
DONE B2 open nets 34 ['Net-(U10-HPVSS)', 'Net-(U7-BST_B-)', 'Net-(U10-CPP)', 'Net-(U6-BST_B-)', 'Net-(U6-AVDD)', 'Net-(U20-PR1)', 'Net-(R18-Pad1)', '/Battery_Charger/PROG', 'Net-(Q104-G)', '/Fuel_Gauge_Power/GAUGE_ISO_N', 'Net-(U4-BATP)', '/MCU/NRST', '/Battery_Charger/ILIM_HIZ', '/MCU/SWCLK', '/MCU/SWDIO', '/Battery_Charger/REGN', '/PD_SINK_EN', '/HP_SEL_A', '/HP_G1', '/HP_G0', '/CTRL_SDA', '/USB_CC1', 'Net-(U4-QON)', '/PDCTRL_SDA', '/PDCTRL_SCL', '/5V_LOGIC', '/USB_PD/LDO_3V3', '/3V_AO', '/BT_PWR_EN', '/BT_FORCE_PWM', '/3V8_BT', '/3V3_AUDIO', '/AUD_SCL', '/AUD_SDA']
