start: nets to route 120 items 295
chunk 1 nets 10 failed 1 span<=2 20s B3-c1-pruned.kicad_pcb
chunk 2 nets 10 failed 3 span<=2 22s B3-c2-pruned.kicad_pcb
chunk 3 nets 10 failed 6 span<=3 28s B3-c3-pruned.kicad_pcb
chunk 4 nets 10 failed 2 span<=4 29s B3-c4-pruned.kicad_pcb
chunk 5 nets 10 failed 1 span<=7 25s B3-c5-pruned.kicad_pcb
chunk 6 nets 10 failed 0 span<=21 27s B3-c6-imp.kicad_pcb
chunk 7 nets 10 failed 1 span<=31 27s B3-c7-pruned.kicad_pcb
chunk 8 nets 10 failed 0 span<=42 29s B3-c8-imp.kicad_pcb
chunk 9 nets 10 failed 2 span<=67 25s B3-c9-pruned.kicad_pcb
chunk 10 nets 10 failed 0 span<=91 48s B3-c10-imp.kicad_pcb
chunk 11 nets 10 failed 0 span<=115 38s B3-c11-imp.kicad_pcb
chunk 12 nets 10 failed 2 span<=204 60s B3-c12-pruned.kicad_pcb
after round 0 open nets 47 items 83
chunk 13 nets 10 failed 9 span<=3 37s B3-c13-pruned.kicad_pcb
chunk 14 nets 10 failed 10 span<=38 53s B3-c14-pruned.kicad_pcb
chunk 15 nets 10 failed 8 span<=90 42s B3-c15-pruned.kicad_pcb
chunk 16 no ses
chunk 17 nets 7 failed 4 span<=204 48s B3-c17-pruned.kicad_pcb
after round 1 open nets 45 items 113
