2026-10-07 01:44:12.588 INFO   Freerouting v2.5.0 (build-date: 2026-10-05)
2026-10-07 01:44:12.850 INFO   Hardware: 24 CPU cores, 599 CPU score, 16056 MB RAM
2026-10-07 01:44:12.850 WARN   Deprecated settings path '-mp / --router.max_passes'; use '--router.autorouter.max_passes' instead. The old path will be removed in a future release.
2026-10-07 01:44:12.851 WARN   Couldn't get screen resolution. If you are running in a headless environment, disable the GUI by setting gui.enabled to false.
2026-10-07 01:44:13.874 WARN   Deprecated settings path 'router.max_passes'; use 'router.autorouter.max_passes' instead. The old path will be removed in a future release.
2026-10-07 01:44:14.133 INFO   [FB7F76\588D4A] Loading board file 'A1-0.dsn'...
2026-10-07 01:44:14.326 INFO   [FB7F76\588D4A] Job 'FB7F76\588D4A' started at 2026-10-06T14:44:14.326067417Z.
2026-10-07 01:44:14.431 WARN   Design Warning: Board has 11 pre-existing clearance violation(s) in the loaded design (before routing):
  - 11 unfixable violation(s) (cannot be resolved by Freerouting):
      * 11 pin-to-pin clearance violations (first 5 shown):
          - Q103.9 <-> Q103.8
          - Q103.9 <-> Q103.7
          - Q103.9 <-> Q103.6
          - Q103.9 <-> Q103.5
          - U25.21 <-> U25.20
          ... and 6 more
  - 0 potentially fixable violations
Notice: Freerouting does not modify component placement, board outlines, or fixed items.
Resolving these 11 unfixable violation(s) is the responsibility of the board author in their EDA tool (e.g. KiCad).
2026-10-07 01:44:14.463 INFO   [FB7F76\588D4A] Pipeline thread limits: autorouter pass is single-threaded, optimizer.max_threads=23.
2026-10-07 01:44:14.543 INFO   [FB7F76\588D4A] Fanout stage started on board 'd3240312f01c571f017805f215515e86' with 210 of 1066 SMD pins needing fanout (0 already connected, 856 netless).
2026-10-07 01:44:16.075 INFO   [FB7F76\588D4A] Fanout pass #1 on board '0fb068b3216f4df61648a2e4184d6a28' completed in 1.46 seconds with 77 SMD pins fanouted, 127 not routed, 0 insert errors, +1 extra via (0 SMD pins still to check in pass, ripup costs=100).
2026-10-07 01:44:16.830 INFO   [FB7F76\588D4A] Fanout pass #2 on board '458fcca32318c0b22cd0b1a2888f63b3' completed in 0.73 seconds with 4 SMD pins fanouted, 112 not routed, 0 insert errors, +1 extra via (0 SMD pins still to check in pass, ripup costs=200).
2026-10-07 01:44:17.135 INFO   [FB7F76\588D4A] Fanout pass #3 on board '458fcca32318c0b22cd0b1a2888f63b3' completed in 0.28 seconds with 0 SMD pins fanouted, 38 not routed, 0 insert errors, +0 extra vias (0 SMD pins still to check in pass, ripup costs=300).
2026-10-07 01:44:17.146 INFO   [FB7F76\588D4A] Fanout stage completed: started with 210 total SMD pins, completed in 2.57 seconds, escaped pins: 117/210 (55.7%), using 2.58 total CPU seconds, 2.40 GB total allocated, and 176.4 MB peak heap usage.
2026-10-07 01:44:17.236 INFO   [FB7F76\588D4A] Auto-routing stage started on board '458fcca32318c0b22cd0b1a2888f63b3' with baseline score 280.02 for 109 unrouted items.
2026-10-07 01:44:58.374 INFO   [FB7F76\588D4A] Auto-routing pass #1 on board '458fcca32318c0b22cd0b1a2888f63b3' was completed in 41.08 seconds with score 588.53 (58 unrouted and 11 violations), using 43.58 CPU seconds and the job allocated 62.06 GB of memory so far.
2026-10-07 01:44:58.504 INFO   [FB7F76\588D4A] Auto-routing stage completed: started with 188 unrouted nets, completed in 44.00 seconds, final score: 588.53 (58 unrouted and 11 violations), using 43.58 total CPU seconds, 62.06 GB total allocated, and 607.7 MB peak heap usage.
2026-10-07 01:44:58.550 INFO   [FB7F76\588D4A] Skipping optimization stage: the board has 58 unrouted connection(s) (optimizer only runs on completely routed boards).
2026-10-07 01:44:58.578 INFO   [FB7F76\588D4A] Job 'FB7F76\588D4A' finished with state: COMPLETED (elapsed: 44.25 seconds, finished at UTC: 2026-10-06T14:44:58.577658097Z).
2026-10-07 01:44:58.581 INFO   Saving output file '/home/chithi/Desktop/DesktopSpeaker/ai-files/pcb/work-p1/A1-0.ses' (SES)...
2026-10-07 01:44:58.583 INFO   Successfully saved output file '/home/chithi/Desktop/DesktopSpeaker/ai-files/pcb/work-p1/A1-0.ses' (76771 bytes).
