2026-10-07 02:17:58.933 INFO   Freerouting v2.5.0 (build-date: 2026-10-05)
2026-10-07 02:17:59.201 INFO   Hardware: 24 CPU cores, 566 CPU score, 16056 MB RAM
2026-10-07 02:17:59.202 WARN   Deprecated settings path '-mp / --router.max_passes'; use '--router.autorouter.max_passes' instead. The old path will be removed in a future release.
2026-10-07 02:17:59.202 WARN   Couldn't get screen resolution. If you are running in a headless environment, disable the GUI by setting gui.enabled to false.
2026-10-07 02:18:00.229 WARN   Deprecated settings path 'router.max_passes'; use 'router.autorouter.max_passes' instead. The old path will be removed in a future release.
2026-10-07 02:18:00.489 INFO   [882121\91E9BC] Loading board file 'B1-c2.dsn'...
2026-10-07 02:18:00.634 WARN   Wiring: via net 'Net-(U25-FSW)' not found at 'Net-(U25-FSW)'
2026-10-07 02:18:00.636 WARN   Wiring: via net 'Net-(U25-FSW)' not found at 'Net-(U25-FSW)'
2026-10-07 02:18:00.636 WARN   Wiring: via net 'Net-(U2-VCCCI)' not found at 'Net-(U2-VCCCI)'
2026-10-07 02:18:00.636 WARN   Wiring: via net 'Net-(U2-VCCCI)' not found at 'Net-(U2-VCCCI)'
2026-10-07 02:18:00.636 WARN   Wiring: via net 'Net-(U2-VCCP2I)' not found at 'Net-(U2-VCCP2I)'
2026-10-07 02:18:00.636 WARN   Wiring: via net 'Net-(U2-VCCP2I)' not found at 'Net-(U2-VCCP2I)'
2026-10-07 02:18:00.652 WARN   DSN file 'B1-c2.dsn' was loaded with 8 warning(s).
2026-10-07 02:18:00.719 INFO   [882121\91E9BC] Job '882121\91E9BC' started at 2026-10-06T15:18:00.719126262Z.
2026-10-07 02:18:00.805 WARN   Wiring.write_wire_scope: net not found
2026-10-07 02:18:00.806 WARN   Wiring.write_wire_scope: net not found
2026-10-07 02:18:00.806 WARN   Wiring.write_wire_scope: net not found
2026-10-07 02:18:00.806 WARN   Wiring.write_wire_scope: net not found
2026-10-07 02:18:00.806 WARN   Wiring.write_wire_scope: net not found
2026-10-07 02:18:00.806 WARN   Wiring.write_wire_scope: net not found
2026-10-07 02:18:00.806 WARN   Wiring.write_wire_scope: net not found
2026-10-07 02:18:00.806 WARN   Wiring.write_wire_scope: net not found
2026-10-07 02:18:00.806 WARN   Wiring.write_wire_scope: net not found
2026-10-07 02:18:00.806 WARN   Wiring.write_wire_scope: net not found
2026-10-07 02:18:00.806 WARN   Wiring.write_wire_scope: net not found
2026-10-07 02:18:00.806 WARN   Wiring.write_wire_scope: net not found
2026-10-07 02:18:00.807 WARN   Wiring.write_wire_scope: net not found
2026-10-07 02:18:00.807 WARN   Wiring.write_wire_scope: net not found
2026-10-07 02:18:00.807 WARN   Wiring.write_wire_scope: net not found
2026-10-07 02:18:00.807 WARN   Wiring.write_wire_scope: net not found
2026-10-07 02:18:00.807 WARN   Wiring.write_wire_scope: net not found
2026-10-07 02:18:00.807 WARN   Wiring.write_wire_scope: net not found
2026-10-07 02:18:00.807 WARN   Wiring.write_wire_scope: net not found
2026-10-07 02:18:00.807 WARN   Wiring.write_wire_scope: net not found
2026-10-07 02:18:00.807 WARN   Wiring.write_wire_scope: net not found
2026-10-07 02:18:00.807 WARN   Wiring.write_wire_scope: net not found
2026-10-07 02:18:00.807 WARN   Wiring.write_wire_scope: net not found
2026-10-07 02:18:00.807 WARN   Wiring.write_wire_scope: net not found
2026-10-07 02:18:00.879 WARN   Design Warning: Board has 402 pre-existing clearance violation(s) in the loaded design (before routing):
  - 402 unfixable violation(s) (cannot be resolved by Freerouting):
      * 127 pin-to-pin clearance violations (first 5 shown):
          - D1.3 [net /USB_DP] <-> D1.2
          - U1.9 <-> U1.8 [net Net-(U1-AOHPL)]
          - U1.8 [net Net-(U1-AOHPL)] <-> U1.7
          - U1.7 <-> U1.6 [net Net-(U1-AOHPR)]
          - U1.6 [net Net-(U1-AOHPR)] <-> U1.5
          ... and 122 more
      * 275 fixed trace/via clearance violations (first 5 shown):
          - FixedVia#3120 <-> FixedTrace#3112
          - FixedVia#3120 <-> FixedTrace#3113
          - FixedVia#3119 <-> FixedTrace#3110
          - FixedVia#3119 <-> FixedTrace#3114
          - FixedVia#3118 <-> FixedTrace#3107
          ... and 270 more
  - 0 potentially fixable violations
Notice: Freerouting does not modify component placement, board outlines, or fixed items.
Resolving these 402 unfixable violation(s) is the responsibility of the board author in their EDA tool (e.g. KiCad).
2026-10-07 02:18:00.918 INFO   [882121\91E9BC] Pipeline thread limits: autorouter pass is single-threaded, optimizer.max_threads=23.
2026-10-07 02:18:01.011 INFO   [882121\91E9BC] Fanout stage started on board 'd63b4acb23ccb2ae6e428f1c93431b5c' with 168 of 1066 SMD pins needing fanout (10 already connected, 888 netless).
2026-10-07 02:18:01.105 WARN   Wiring.write_wire_scope: net not found
2026-10-07 02:18:01.105 WARN   Wiring.write_wire_scope: net not found
2026-10-07 02:18:01.105 WARN   Wiring.write_wire_scope: net not found
2026-10-07 02:18:01.105 WARN   Wiring.write_wire_scope: net not found
2026-10-07 02:18:01.106 WARN   Wiring.write_wire_scope: net not found
2026-10-07 02:18:01.106 WARN   Wiring.write_wire_scope: net not found
2026-10-07 02:18:01.106 WARN   Wiring.write_wire_scope: net not found
2026-10-07 02:18:01.106 WARN   Wiring.write_wire_scope: net not found
2026-10-07 02:18:01.106 WARN   Wiring.write_wire_scope: net not found
2026-10-07 02:18:01.106 WARN   Wiring.write_wire_scope: net not found
2026-10-07 02:18:01.106 WARN   Wiring.write_wire_scope: net not found
2026-10-07 02:18:01.106 WARN   Wiring.write_wire_scope: net not found
2026-10-07 02:18:01.106 WARN   Wiring.write_wire_scope: net not found
2026-10-07 02:18:01.106 WARN   Wiring.write_wire_scope: net not found
2026-10-07 02:18:01.106 WARN   Wiring.write_wire_scope: net not found
2026-10-07 02:18:01.106 WARN   Wiring.write_wire_scope: net not found
2026-10-07 02:18:01.106 WARN   Wiring.write_wire_scope: net not found
2026-10-07 02:18:01.107 WARN   Wiring.write_wire_scope: net not found
2026-10-07 02:18:01.107 WARN   Wiring.write_wire_scope: net not found
2026-10-07 02:18:01.107 WARN   Wiring.write_wire_scope: net not found
2026-10-07 02:18:01.107 WARN   Wiring.write_wire_scope: net not found
2026-10-07 02:18:01.107 WARN   Wiring.write_wire_scope: net not found
2026-10-07 02:18:01.107 WARN   Wiring.write_wire_scope: net not found
2026-10-07 02:18:01.108 WARN   Wiring.write_wire_scope: net not found
2026-10-07 02:18:01.252 WARN   Wiring.write_wire_scope: net not found
2026-10-07 02:18:01.252 WARN   Wiring.write_wire_scope: net not found
2026-10-07 02:18:01.252 WARN   Wiring.write_wire_scope: net not found
2026-10-07 02:18:01.252 WARN   Wiring.write_wire_scope: net not found
2026-10-07 02:18:01.252 WARN   Wiring.write_wire_scope: net not found
2026-10-07 02:18:01.252 WARN   Wiring.write_wire_scope: net not found
2026-10-07 02:18:01.252 WARN   Wiring.write_wire_scope: net not found
2026-10-07 02:18:01.252 WARN   Wiring.write_wire_scope: net not found
2026-10-07 02:18:01.252 WARN   Wiring.write_wire_scope: net not found
2026-10-07 02:18:01.252 WARN   Wiring.write_wire_scope: net not found
2026-10-07 02:18:01.252 WARN   Wiring.write_wire_scope: net not found
2026-10-07 02:18:01.252 WARN   Wiring.write_wire_scope: net not found
2026-10-07 02:18:01.252 WARN   Wiring.write_wire_scope: net not found
2026-10-07 02:18:01.252 WARN   Wiring.write_wire_scope: net not found
2026-10-07 02:18:01.252 WARN   Wiring.write_wire_scope: net not found
2026-10-07 02:18:01.253 WARN   Wiring.write_wire_scope: net not found
2026-10-07 02:18:01.253 WARN   Wiring.write_wire_scope: net not found
2026-10-07 02:18:01.253 WARN   Wiring.write_wire_scope: net not found
2026-10-07 02:18:01.253 WARN   Wiring.write_wire_scope: net not found
2026-10-07 02:18:01.253 WARN   Wiring.write_wire_scope: net not found
2026-10-07 02:18:01.253 WARN   Wiring.write_wire_scope: net not found
2026-10-07 02:18:01.253 WARN   Wiring.write_wire_scope: net not found
2026-10-07 02:18:01.253 WARN   Wiring.write_wire_scope: net not found
2026-10-07 02:18:01.253 WARN   Wiring.write_wire_scope: net not found
2026-10-07 02:18:02.090 WARN   Wiring.write_wire_scope: net not found
2026-10-07 02:18:02.090 WARN   Wiring.write_wire_scope: net not found
2026-10-07 02:18:02.090 WARN   Wiring.write_wire_scope: net not found
2026-10-07 02:18:02.090 WARN   Wiring.write_wire_scope: net not found
2026-10-07 02:18:02.090 WARN   Wiring.write_wire_scope: net not found
2026-10-07 02:18:02.090 WARN   Wiring.write_wire_scope: net not found
2026-10-07 02:18:02.090 WARN   Wiring.write_wire_scope: net not found
2026-10-07 02:18:02.090 WARN   Wiring.write_wire_scope: net not found
2026-10-07 02:18:02.090 WARN   Wiring.write_wire_scope: net not found
2026-10-07 02:18:02.090 WARN   Wiring.write_wire_scope: net not found
2026-10-07 02:18:02.090 WARN   Wiring.write_wire_scope: net not found
2026-10-07 02:18:02.090 WARN   Wiring.write_wire_scope: net not found
2026-10-07 02:18:02.091 WARN   Wiring.write_wire_scope: net not found
2026-10-07 02:18:02.091 WARN   Wiring.write_wire_scope: net not found
2026-10-07 02:18:02.091 WARN   Wiring.write_wire_scope: net not found
2026-10-07 02:18:02.091 WARN   Wiring.write_wire_scope: net not found
2026-10-07 02:18:02.091 WARN   Wiring.write_wire_scope: net not found
2026-10-07 02:18:02.091 WARN   Wiring.write_wire_scope: net not found
2026-10-07 02:18:02.091 WARN   Wiring.write_wire_scope: net not found
2026-10-07 02:18:02.091 WARN   Wiring.write_wire_scope: net not found
2026-10-07 02:18:02.091 WARN   Wiring.write_wire_scope: net not found
2026-10-07 02:18:02.091 WARN   Wiring.write_wire_scope: net not found
2026-10-07 02:18:02.091 WARN   Wiring.write_wire_scope: net not found
2026-10-07 02:18:02.091 WARN   Wiring.write_wire_scope: net not found
2026-10-07 02:18:02.104 INFO   [882121\91E9BC] Fanout pass #1 on board '62d9573c3a1b89b2a9e5c91523ea9a4d' completed in 1.01 seconds with 49 SMD pins fanouted, 102 not routed, 0 insert errors, +1 extra via (0 SMD pins still to check in pass, ripup costs=100).
2026-10-07 02:18:02.148 WARN   Wiring.write_wire_scope: net not found
2026-10-07 02:18:02.148 WARN   Wiring.write_wire_scope: net not found
2026-10-07 02:18:02.148 WARN   Wiring.write_wire_scope: net not found
2026-10-07 02:18:02.148 WARN   Wiring.write_wire_scope: net not found
2026-10-07 02:18:02.148 WARN   Wiring.write_wire_scope: net not found
2026-10-07 02:18:02.148 WARN   Wiring.write_wire_scope: net not found
2026-10-07 02:18:02.148 WARN   Wiring.write_wire_scope: net not found
2026-10-07 02:18:02.148 WARN   Wiring.write_wire_scope: net not found
2026-10-07 02:18:02.148 WARN   Wiring.write_wire_scope: net not found
2026-10-07 02:18:02.148 WARN   Wiring.write_wire_scope: net not found
2026-10-07 02:18:02.148 WARN   Wiring.write_wire_scope: net not found
2026-10-07 02:18:02.148 WARN   Wiring.write_wire_scope: net not found
2026-10-07 02:18:02.148 WARN   Wiring.write_wire_scope: net not found
2026-10-07 02:18:02.148 WARN   Wiring.write_wire_scope: net not found
2026-10-07 02:18:02.148 WARN   Wiring.write_wire_scope: net not found
2026-10-07 02:18:02.148 WARN   Wiring.write_wire_scope: net not found
2026-10-07 02:18:02.148 WARN   Wiring.write_wire_scope: net not found
2026-10-07 02:18:02.148 WARN   Wiring.write_wire_scope: net not found
2026-10-07 02:18:02.148 WARN   Wiring.write_wire_scope: net not found
2026-10-07 02:18:02.148 WARN   Wiring.write_wire_scope: net not found
2026-10-07 02:18:02.148 WARN   Wiring.write_wire_scope: net not found
2026-10-07 02:18:02.148 WARN   Wiring.write_wire_scope: net not found
2026-10-07 02:18:02.148 WARN   Wiring.write_wire_scope: net not found
2026-10-07 02:18:02.148 WARN   Wiring.write_wire_scope: net not found
2026-10-07 02:18:02.177 WARN   Wiring.write_wire_scope: net not found
2026-10-07 02:18:02.177 WARN   Wiring.write_wire_scope: net not found
2026-10-07 02:18:02.177 WARN   Wiring.write_wire_scope: net not found
2026-10-07 02:18:02.178 WARN   Wiring.write_wire_scope: net not found
2026-10-07 02:18:02.178 WARN   Wiring.write_wire_scope: net not found
2026-10-07 02:18:02.178 WARN   Wiring.write_wire_scope: net not found
2026-10-07 02:18:02.178 WARN   Wiring.write_wire_scope: net not found
2026-10-07 02:18:02.178 WARN   Wiring.write_wire_scope: net not found
2026-10-07 02:18:02.178 WARN   Wiring.write_wire_scope: net not found
2026-10-07 02:18:02.178 WARN   Wiring.write_wire_scope: net not found
2026-10-07 02:18:02.178 WARN   Wiring.write_wire_scope: net not found
2026-10-07 02:18:02.178 WARN   Wiring.write_wire_scope: net not found
2026-10-07 02:18:02.178 WARN   Wiring.write_wire_scope: net not found
2026-10-07 02:18:02.178 WARN   Wiring.write_wire_scope: net not found
2026-10-07 02:18:02.178 WARN   Wiring.write_wire_scope: net not found
2026-10-07 02:18:02.178 WARN   Wiring.write_wire_scope: net not found
2026-10-07 02:18:02.178 WARN   Wiring.write_wire_scope: net not found
2026-10-07 02:18:02.178 WARN   Wiring.write_wire_scope: net not found
2026-10-07 02:18:02.178 WARN   Wiring.write_wire_scope: net not found
2026-10-07 02:18:02.178 WARN   Wiring.write_wire_scope: net not found
2026-10-07 02:18:02.178 WARN   Wiring.write_wire_scope: net not found
2026-10-07 02:18:02.178 WARN   Wiring.write_wire_scope: net not found
2026-10-07 02:18:02.178 WARN   Wiring.write_wire_scope: net not found
2026-10-07 02:18:02.178 WARN   Wiring.write_wire_scope: net not found
2026-10-07 02:18:02.445 WARN   Wiring.write_wire_scope: net not found
2026-10-07 02:18:02.445 WARN   Wiring.write_wire_scope: net not found
2026-10-07 02:18:02.445 WARN   Wiring.write_wire_scope: net not found
2026-10-07 02:18:02.445 WARN   Wiring.write_wire_scope: net not found
2026-10-07 02:18:02.445 WARN   Wiring.write_wire_scope: net not found
2026-10-07 02:18:02.445 WARN   Wiring.write_wire_scope: net not found
2026-10-07 02:18:02.445 WARN   Wiring.write_wire_scope: net not found
2026-10-07 02:18:02.445 WARN   Wiring.write_wire_scope: net not found
2026-10-07 02:18:02.445 WARN   Wiring.write_wire_scope: net not found
2026-10-07 02:18:02.445 WARN   Wiring.write_wire_scope: net not found
2026-10-07 02:18:02.445 WARN   Wiring.write_wire_scope: net not found
2026-10-07 02:18:02.445 WARN   Wiring.write_wire_scope: net not found
2026-10-07 02:18:02.445 WARN   Wiring.write_wire_scope: net not found
2026-10-07 02:18:02.445 WARN   Wiring.write_wire_scope: net not found
2026-10-07 02:18:02.445 WARN   Wiring.write_wire_scope: net not found
2026-10-07 02:18:02.445 WARN   Wiring.write_wire_scope: net not found
2026-10-07 02:18:02.445 WARN   Wiring.write_wire_scope: net not found
2026-10-07 02:18:02.445 WARN   Wiring.write_wire_scope: net not found
2026-10-07 02:18:02.445 WARN   Wiring.write_wire_scope: net not found
2026-10-07 02:18:02.445 WARN   Wiring.write_wire_scope: net not found
2026-10-07 02:18:02.445 WARN   Wiring.write_wire_scope: net not found
2026-10-07 02:18:02.445 WARN   Wiring.write_wire_scope: net not found
2026-10-07 02:18:02.445 WARN   Wiring.write_wire_scope: net not found
2026-10-07 02:18:02.445 WARN   Wiring.write_wire_scope: net not found
2026-10-07 02:18:02.450 INFO   [882121\91E9BC] Fanout pass #2 on board '6f339db73e6aa223d7f794a36a0709ce' completed in 0.31 seconds with 12 SMD pins fanouted, 38 not routed, 0 insert errors, +0 extra vias (0 SMD pins still to check in pass, ripup costs=200).
2026-10-07 02:18:02.487 WARN   Wiring.write_wire_scope: net not found
2026-10-07 02:18:02.487 WARN   Wiring.write_wire_scope: net not found
2026-10-07 02:18:02.487 WARN   Wiring.write_wire_scope: net not found
2026-10-07 02:18:02.487 WARN   Wiring.write_wire_scope: net not found
2026-10-07 02:18:02.487 WARN   Wiring.write_wire_scope: net not found
2026-10-07 02:18:02.487 WARN   Wiring.write_wire_scope: net not found
2026-10-07 02:18:02.487 WARN   Wiring.write_wire_scope: net not found
2026-10-07 02:18:02.487 WARN   Wiring.write_wire_scope: net not found
2026-10-07 02:18:02.487 WARN   Wiring.write_wire_scope: net not found
2026-10-07 02:18:02.487 WARN   Wiring.write_wire_scope: net not found
2026-10-07 02:18:02.487 WARN   Wiring.write_wire_scope: net not found
2026-10-07 02:18:02.487 WARN   Wiring.write_wire_scope: net not found
2026-10-07 02:18:02.487 WARN   Wiring.write_wire_scope: net not found
2026-10-07 02:18:02.487 WARN   Wiring.write_wire_scope: net not found
2026-10-07 02:18:02.487 WARN   Wiring.write_wire_scope: net not found
2026-10-07 02:18:02.487 WARN   Wiring.write_wire_scope: net not found
2026-10-07 02:18:02.487 WARN   Wiring.write_wire_scope: net not found
2026-10-07 02:18:02.487 WARN   Wiring.write_wire_scope: net not found
2026-10-07 02:18:02.487 WARN   Wiring.write_wire_scope: net not found
2026-10-07 02:18:02.487 WARN   Wiring.write_wire_scope: net not found
2026-10-07 02:18:02.487 WARN   Wiring.write_wire_scope: net not found
2026-10-07 02:18:02.487 WARN   Wiring.write_wire_scope: net not found
2026-10-07 02:18:02.487 WARN   Wiring.write_wire_scope: net not found
2026-10-07 02:18:02.487 WARN   Wiring.write_wire_scope: net not found
2026-10-07 02:18:02.510 WARN   Wiring.write_wire_scope: net not found
2026-10-07 02:18:02.510 WARN   Wiring.write_wire_scope: net not found
2026-10-07 02:18:02.510 WARN   Wiring.write_wire_scope: net not found
2026-10-07 02:18:02.510 WARN   Wiring.write_wire_scope: net not found
2026-10-07 02:18:02.510 WARN   Wiring.write_wire_scope: net not found
2026-10-07 02:18:02.510 WARN   Wiring.write_wire_scope: net not found
2026-10-07 02:18:02.510 WARN   Wiring.write_wire_scope: net not found
2026-10-07 02:18:02.510 WARN   Wiring.write_wire_scope: net not found
2026-10-07 02:18:02.510 WARN   Wiring.write_wire_scope: net not found
2026-10-07 02:18:02.510 WARN   Wiring.write_wire_scope: net not found
2026-10-07 02:18:02.510 WARN   Wiring.write_wire_scope: net not found
2026-10-07 02:18:02.510 WARN   Wiring.write_wire_scope: net not found
2026-10-07 02:18:02.510 WARN   Wiring.write_wire_scope: net not found
2026-10-07 02:18:02.510 WARN   Wiring.write_wire_scope: net not found
2026-10-07 02:18:02.510 WARN   Wiring.write_wire_scope: net not found
2026-10-07 02:18:02.510 WARN   Wiring.write_wire_scope: net not found
2026-10-07 02:18:02.510 WARN   Wiring.write_wire_scope: net not found
2026-10-07 02:18:02.511 WARN   Wiring.write_wire_scope: net not found
2026-10-07 02:18:02.511 WARN   Wiring.write_wire_scope: net not found
2026-10-07 02:18:02.511 WARN   Wiring.write_wire_scope: net not found
2026-10-07 02:18:02.511 WARN   Wiring.write_wire_scope: net not found
2026-10-07 02:18:02.511 WARN   Wiring.write_wire_scope: net not found
2026-10-07 02:18:02.511 WARN   Wiring.write_wire_scope: net not found
2026-10-07 02:18:02.511 WARN   Wiring.write_wire_scope: net not found
2026-10-07 02:18:02.591 WARN   Wiring.write_wire_scope: net not found
2026-10-07 02:18:02.591 WARN   Wiring.write_wire_scope: net not found
2026-10-07 02:18:02.591 WARN   Wiring.write_wire_scope: net not found
2026-10-07 02:18:02.591 WARN   Wiring.write_wire_scope: net not found
2026-10-07 02:18:02.591 WARN   Wiring.write_wire_scope: net not found
2026-10-07 02:18:02.591 WARN   Wiring.write_wire_scope: net not found
2026-10-07 02:18:02.591 WARN   Wiring.write_wire_scope: net not found
2026-10-07 02:18:02.591 WARN   Wiring.write_wire_scope: net not found
2026-10-07 02:18:02.591 WARN   Wiring.write_wire_scope: net not found
2026-10-07 02:18:02.591 WARN   Wiring.write_wire_scope: net not found
2026-10-07 02:18:02.591 WARN   Wiring.write_wire_scope: net not found
2026-10-07 02:18:02.591 WARN   Wiring.write_wire_scope: net not found
2026-10-07 02:18:02.591 WARN   Wiring.write_wire_scope: net not found
2026-10-07 02:18:02.591 WARN   Wiring.write_wire_scope: net not found
2026-10-07 02:18:02.591 WARN   Wiring.write_wire_scope: net not found
2026-10-07 02:18:02.591 WARN   Wiring.write_wire_scope: net not found
2026-10-07 02:18:02.591 WARN   Wiring.write_wire_scope: net not found
2026-10-07 02:18:02.591 WARN   Wiring.write_wire_scope: net not found
2026-10-07 02:18:02.592 WARN   Wiring.write_wire_scope: net not found
2026-10-07 02:18:02.592 WARN   Wiring.write_wire_scope: net not found
2026-10-07 02:18:02.592 WARN   Wiring.write_wire_scope: net not found
2026-10-07 02:18:02.592 WARN   Wiring.write_wire_scope: net not found
2026-10-07 02:18:02.592 WARN   Wiring.write_wire_scope: net not found
2026-10-07 02:18:02.592 WARN   Wiring.write_wire_scope: net not found
2026-10-07 02:18:02.596 INFO   [882121\91E9BC] Fanout pass #3 on board '1a48bf77a2606f16b61df945a9e8a9fc' completed in 0.11 seconds with 12 SMD pins fanouted, 2 not routed, 0 insert errors, +0 extra vias (0 SMD pins still to check in pass, ripup costs=300).
2026-10-07 02:18:02.631 WARN   Wiring.write_wire_scope: net not found
2026-10-07 02:18:02.631 WARN   Wiring.write_wire_scope: net not found
2026-10-07 02:18:02.631 WARN   Wiring.write_wire_scope: net not found
2026-10-07 02:18:02.631 WARN   Wiring.write_wire_scope: net not found
2026-10-07 02:18:02.631 WARN   Wiring.write_wire_scope: net not found
2026-10-07 02:18:02.631 WARN   Wiring.write_wire_scope: net not found
2026-10-07 02:18:02.631 WARN   Wiring.write_wire_scope: net not found
2026-10-07 02:18:02.631 WARN   Wiring.write_wire_scope: net not found
2026-10-07 02:18:02.632 WARN   Wiring.write_wire_scope: net not found
2026-10-07 02:18:02.632 WARN   Wiring.write_wire_scope: net not found
2026-10-07 02:18:02.632 WARN   Wiring.write_wire_scope: net not found
2026-10-07 02:18:02.632 WARN   Wiring.write_wire_scope: net not found
2026-10-07 02:18:02.632 WARN   Wiring.write_wire_scope: net not found
2026-10-07 02:18:02.632 WARN   Wiring.write_wire_scope: net not found
2026-10-07 02:18:02.632 WARN   Wiring.write_wire_scope: net not found
2026-10-07 02:18:02.632 WARN   Wiring.write_wire_scope: net not found
2026-10-07 02:18:02.632 WARN   Wiring.write_wire_scope: net not found
2026-10-07 02:18:02.632 WARN   Wiring.write_wire_scope: net not found
2026-10-07 02:18:02.632 WARN   Wiring.write_wire_scope: net not found
2026-10-07 02:18:02.632 WARN   Wiring.write_wire_scope: net not found
2026-10-07 02:18:02.632 WARN   Wiring.write_wire_scope: net not found
2026-10-07 02:18:02.632 WARN   Wiring.write_wire_scope: net not found
2026-10-07 02:18:02.632 WARN   Wiring.write_wire_scope: net not found
2026-10-07 02:18:02.632 WARN   Wiring.write_wire_scope: net not found
2026-10-07 02:18:02.655 WARN   Wiring.write_wire_scope: net not found
2026-10-07 02:18:02.655 WARN   Wiring.write_wire_scope: net not found
2026-10-07 02:18:02.655 WARN   Wiring.write_wire_scope: net not found
2026-10-07 02:18:02.655 WARN   Wiring.write_wire_scope: net not found
2026-10-07 02:18:02.655 WARN   Wiring.write_wire_scope: net not found
2026-10-07 02:18:02.655 WARN   Wiring.write_wire_scope: net not found
2026-10-07 02:18:02.655 WARN   Wiring.write_wire_scope: net not found
2026-10-07 02:18:02.655 WARN   Wiring.write_wire_scope: net not found
2026-10-07 02:18:02.655 WARN   Wiring.write_wire_scope: net not found
2026-10-07 02:18:02.655 WARN   Wiring.write_wire_scope: net not found
2026-10-07 02:18:02.655 WARN   Wiring.write_wire_scope: net not found
2026-10-07 02:18:02.655 WARN   Wiring.write_wire_scope: net not found
2026-10-07 02:18:02.655 WARN   Wiring.write_wire_scope: net not found
2026-10-07 02:18:02.655 WARN   Wiring.write_wire_scope: net not found
2026-10-07 02:18:02.655 WARN   Wiring.write_wire_scope: net not found
2026-10-07 02:18:02.655 WARN   Wiring.write_wire_scope: net not found
2026-10-07 02:18:02.655 WARN   Wiring.write_wire_scope: net not found
2026-10-07 02:18:02.655 WARN   Wiring.write_wire_scope: net not found
2026-10-07 02:18:02.655 WARN   Wiring.write_wire_scope: net not found
2026-10-07 02:18:02.655 WARN   Wiring.write_wire_scope: net not found
2026-10-07 02:18:02.655 WARN   Wiring.write_wire_scope: net not found
2026-10-07 02:18:02.655 WARN   Wiring.write_wire_scope: net not found
2026-10-07 02:18:02.655 WARN   Wiring.write_wire_scope: net not found
2026-10-07 02:18:02.655 WARN   Wiring.write_wire_scope: net not found
2026-10-07 02:18:02.733 WARN   Wiring.write_wire_scope: net not found
2026-10-07 02:18:02.733 WARN   Wiring.write_wire_scope: net not found
2026-10-07 02:18:02.733 WARN   Wiring.write_wire_scope: net not found
2026-10-07 02:18:02.733 WARN   Wiring.write_wire_scope: net not found
2026-10-07 02:18:02.733 WARN   Wiring.write_wire_scope: net not found
2026-10-07 02:18:02.733 WARN   Wiring.write_wire_scope: net not found
2026-10-07 02:18:02.733 WARN   Wiring.write_wire_scope: net not found
2026-10-07 02:18:02.733 WARN   Wiring.write_wire_scope: net not found
2026-10-07 02:18:02.733 WARN   Wiring.write_wire_scope: net not found
2026-10-07 02:18:02.733 WARN   Wiring.write_wire_scope: net not found
2026-10-07 02:18:02.733 WARN   Wiring.write_wire_scope: net not found
2026-10-07 02:18:02.733 WARN   Wiring.write_wire_scope: net not found
2026-10-07 02:18:02.733 WARN   Wiring.write_wire_scope: net not found
2026-10-07 02:18:02.733 WARN   Wiring.write_wire_scope: net not found
2026-10-07 02:18:02.733 WARN   Wiring.write_wire_scope: net not found
2026-10-07 02:18:02.733 WARN   Wiring.write_wire_scope: net not found
2026-10-07 02:18:02.733 WARN   Wiring.write_wire_scope: net not found
2026-10-07 02:18:02.733 WARN   Wiring.write_wire_scope: net not found
2026-10-07 02:18:02.733 WARN   Wiring.write_wire_scope: net not found
2026-10-07 02:18:02.733 WARN   Wiring.write_wire_scope: net not found
2026-10-07 02:18:02.733 WARN   Wiring.write_wire_scope: net not found
2026-10-07 02:18:02.733 WARN   Wiring.write_wire_scope: net not found
2026-10-07 02:18:02.733 WARN   Wiring.write_wire_scope: net not found
2026-10-07 02:18:02.733 WARN   Wiring.write_wire_scope: net not found
2026-10-07 02:18:02.737 INFO   [882121\91E9BC] Fanout pass #4 on board '6f339db73e6aa223d7f794a36a0709ce' completed in 0.11 seconds with 12 SMD pins fanouted, 2 not routed, 0 insert errors, +0 extra vias (0 SMD pins still to check in pass, ripup costs=400).
2026-10-07 02:18:02.774 WARN   Wiring.write_wire_scope: net not found
2026-10-07 02:18:02.775 WARN   Wiring.write_wire_scope: net not found
2026-10-07 02:18:02.775 WARN   Wiring.write_wire_scope: net not found
2026-10-07 02:18:02.775 WARN   Wiring.write_wire_scope: net not found
2026-10-07 02:18:02.775 WARN   Wiring.write_wire_scope: net not found
2026-10-07 02:18:02.775 WARN   Wiring.write_wire_scope: net not found
2026-10-07 02:18:02.775 WARN   Wiring.write_wire_scope: net not found
2026-10-07 02:18:02.775 WARN   Wiring.write_wire_scope: net not found
2026-10-07 02:18:02.775 WARN   Wiring.write_wire_scope: net not found
2026-10-07 02:18:02.775 WARN   Wiring.write_wire_scope: net not found
2026-10-07 02:18:02.775 WARN   Wiring.write_wire_scope: net not found
2026-10-07 02:18:02.775 WARN   Wiring.write_wire_scope: net not found
2026-10-07 02:18:02.775 WARN   Wiring.write_wire_scope: net not found
2026-10-07 02:18:02.775 WARN   Wiring.write_wire_scope: net not found
2026-10-07 02:18:02.775 WARN   Wiring.write_wire_scope: net not found
2026-10-07 02:18:02.775 WARN   Wiring.write_wire_scope: net not found
2026-10-07 02:18:02.775 WARN   Wiring.write_wire_scope: net not found
2026-10-07 02:18:02.775 WARN   Wiring.write_wire_scope: net not found
2026-10-07 02:18:02.775 WARN   Wiring.write_wire_scope: net not found
2026-10-07 02:18:02.775 WARN   Wiring.write_wire_scope: net not found
2026-10-07 02:18:02.775 WARN   Wiring.write_wire_scope: net not found
2026-10-07 02:18:02.775 WARN   Wiring.write_wire_scope: net not found
2026-10-07 02:18:02.775 WARN   Wiring.write_wire_scope: net not found
2026-10-07 02:18:02.775 WARN   Wiring.write_wire_scope: net not found
2026-10-07 02:18:02.799 WARN   Wiring.write_wire_scope: net not found
2026-10-07 02:18:02.799 WARN   Wiring.write_wire_scope: net not found
2026-10-07 02:18:02.799 WARN   Wiring.write_wire_scope: net not found
2026-10-07 02:18:02.799 WARN   Wiring.write_wire_scope: net not found
2026-10-07 02:18:02.799 WARN   Wiring.write_wire_scope: net not found
2026-10-07 02:18:02.799 WARN   Wiring.write_wire_scope: net not found
2026-10-07 02:18:02.799 WARN   Wiring.write_wire_scope: net not found
2026-10-07 02:18:02.799 WARN   Wiring.write_wire_scope: net not found
2026-10-07 02:18:02.799 WARN   Wiring.write_wire_scope: net not found
2026-10-07 02:18:02.799 WARN   Wiring.write_wire_scope: net not found
2026-10-07 02:18:02.799 WARN   Wiring.write_wire_scope: net not found
2026-10-07 02:18:02.799 WARN   Wiring.write_wire_scope: net not found
2026-10-07 02:18:02.799 WARN   Wiring.write_wire_scope: net not found
2026-10-07 02:18:02.799 WARN   Wiring.write_wire_scope: net not found
2026-10-07 02:18:02.799 WARN   Wiring.write_wire_scope: net not found
2026-10-07 02:18:02.799 WARN   Wiring.write_wire_scope: net not found
2026-10-07 02:18:02.799 WARN   Wiring.write_wire_scope: net not found
2026-10-07 02:18:02.799 WARN   Wiring.write_wire_scope: net not found
2026-10-07 02:18:02.799 WARN   Wiring.write_wire_scope: net not found
2026-10-07 02:18:02.799 WARN   Wiring.write_wire_scope: net not found
2026-10-07 02:18:02.799 WARN   Wiring.write_wire_scope: net not found
2026-10-07 02:18:02.799 WARN   Wiring.write_wire_scope: net not found
2026-10-07 02:18:02.799 WARN   Wiring.write_wire_scope: net not found
2026-10-07 02:18:02.799 WARN   Wiring.write_wire_scope: net not found
2026-10-07 02:18:02.874 WARN   Wiring.write_wire_scope: net not found
2026-10-07 02:18:02.874 WARN   Wiring.write_wire_scope: net not found
2026-10-07 02:18:02.874 WARN   Wiring.write_wire_scope: net not found
2026-10-07 02:18:02.874 WARN   Wiring.write_wire_scope: net not found
2026-10-07 02:18:02.874 WARN   Wiring.write_wire_scope: net not found
2026-10-07 02:18:02.874 WARN   Wiring.write_wire_scope: net not found
2026-10-07 02:18:02.874 WARN   Wiring.write_wire_scope: net not found
2026-10-07 02:18:02.874 WARN   Wiring.write_wire_scope: net not found
2026-10-07 02:18:02.874 WARN   Wiring.write_wire_scope: net not found
2026-10-07 02:18:02.874 WARN   Wiring.write_wire_scope: net not found
2026-10-07 02:18:02.874 WARN   Wiring.write_wire_scope: net not found
2026-10-07 02:18:02.874 WARN   Wiring.write_wire_scope: net not found
2026-10-07 02:18:02.874 WARN   Wiring.write_wire_scope: net not found
2026-10-07 02:18:02.874 WARN   Wiring.write_wire_scope: net not found
2026-10-07 02:18:02.874 WARN   Wiring.write_wire_scope: net not found
2026-10-07 02:18:02.874 WARN   Wiring.write_wire_scope: net not found
2026-10-07 02:18:02.874 WARN   Wiring.write_wire_scope: net not found
2026-10-07 02:18:02.874 WARN   Wiring.write_wire_scope: net not found
2026-10-07 02:18:02.874 WARN   Wiring.write_wire_scope: net not found
2026-10-07 02:18:02.874 WARN   Wiring.write_wire_scope: net not found
2026-10-07 02:18:02.875 WARN   Wiring.write_wire_scope: net not found
2026-10-07 02:18:02.875 WARN   Wiring.write_wire_scope: net not found
2026-10-07 02:18:02.875 WARN   Wiring.write_wire_scope: net not found
2026-10-07 02:18:02.875 WARN   Wiring.write_wire_scope: net not found
2026-10-07 02:18:02.880 INFO   [882121\91E9BC] Fanout pass #5 on board '9a4afab454dbbd82010b77c72e443209' completed in 0.11 seconds with 12 SMD pins fanouted, 2 not routed, 0 insert errors, +0 extra vias (0 SMD pins still to check in pass, ripup costs=500).
2026-10-07 02:18:02.880 INFO   Fanout stopped after 5 passes: no progress for 3 consecutive passes.
2026-10-07 02:18:02.891 INFO   [882121\91E9BC] Fanout stage completed: started with 178 total SMD pins, completed in 1.85 seconds, escaped pins: 66/178 (37.1%), using 1.86 total CPU seconds, 1.44 GB total allocated, and 338.5 MB peak heap usage.
2026-10-07 02:18:03.029 INFO   [882121\91E9BC] Auto-routing stage started on board '9a4afab454dbbd82010b77c72e443209' with baseline score 249.74 for 79 unrouted items.
2026-10-07 02:18:03.156 WARN   Wiring.write_wire_scope: net not found
2026-10-07 02:18:03.156 WARN   Wiring.write_wire_scope: net not found
2026-10-07 02:18:03.156 WARN   Wiring.write_wire_scope: net not found
2026-10-07 02:18:03.156 WARN   Wiring.write_wire_scope: net not found
2026-10-07 02:18:03.156 WARN   Wiring.write_wire_scope: net not found
2026-10-07 02:18:03.156 WARN   Wiring.write_wire_scope: net not found
2026-10-07 02:18:03.156 WARN   Wiring.write_wire_scope: net not found
2026-10-07 02:18:03.156 WARN   Wiring.write_wire_scope: net not found
2026-10-07 02:18:03.156 WARN   Wiring.write_wire_scope: net not found
2026-10-07 02:18:03.156 WARN   Wiring.write_wire_scope: net not found
2026-10-07 02:18:03.156 WARN   Wiring.write_wire_scope: net not found
2026-10-07 02:18:03.156 WARN   Wiring.write_wire_scope: net not found
2026-10-07 02:18:03.156 WARN   Wiring.write_wire_scope: net not found
2026-10-07 02:18:03.156 WARN   Wiring.write_wire_scope: net not found
2026-10-07 02:18:03.156 WARN   Wiring.write_wire_scope: net not found
2026-10-07 02:18:03.156 WARN   Wiring.write_wire_scope: net not found
2026-10-07 02:18:03.156 WARN   Wiring.write_wire_scope: net not found
2026-10-07 02:18:03.157 WARN   Wiring.write_wire_scope: net not found
2026-10-07 02:18:03.157 WARN   Wiring.write_wire_scope: net not found
2026-10-07 02:18:03.157 WARN   Wiring.write_wire_scope: net not found
2026-10-07 02:18:03.157 WARN   Wiring.write_wire_scope: net not found
2026-10-07 02:18:03.157 WARN   Wiring.write_wire_scope: net not found
2026-10-07 02:18:03.157 WARN   Wiring.write_wire_scope: net not found
2026-10-07 02:18:03.157 WARN   Wiring.write_wire_scope: net not found
2026-10-07 02:18:03.194 WARN   Wiring.write_wire_scope: net not found
2026-10-07 02:18:03.194 WARN   Wiring.write_wire_scope: net not found
2026-10-07 02:18:03.194 WARN   Wiring.write_wire_scope: net not found
2026-10-07 02:18:03.194 WARN   Wiring.write_wire_scope: net not found
2026-10-07 02:18:03.194 WARN   Wiring.write_wire_scope: net not found
2026-10-07 02:18:03.194 WARN   Wiring.write_wire_scope: net not found
2026-10-07 02:18:03.194 WARN   Wiring.write_wire_scope: net not found
2026-10-07 02:18:03.194 WARN   Wiring.write_wire_scope: net not found
2026-10-07 02:18:03.194 WARN   Wiring.write_wire_scope: net not found
2026-10-07 02:18:03.194 WARN   Wiring.write_wire_scope: net not found
2026-10-07 02:18:03.194 WARN   Wiring.write_wire_scope: net not found
2026-10-07 02:18:03.194 WARN   Wiring.write_wire_scope: net not found
2026-10-07 02:18:03.194 WARN   Wiring.write_wire_scope: net not found
2026-10-07 02:18:03.194 WARN   Wiring.write_wire_scope: net not found
2026-10-07 02:18:03.194 WARN   Wiring.write_wire_scope: net not found
2026-10-07 02:18:03.194 WARN   Wiring.write_wire_scope: net not found
2026-10-07 02:18:03.194 WARN   Wiring.write_wire_scope: net not found
2026-10-07 02:18:03.194 WARN   Wiring.write_wire_scope: net not found
2026-10-07 02:18:03.194 WARN   Wiring.write_wire_scope: net not found
2026-10-07 02:18:03.194 WARN   Wiring.write_wire_scope: net not found
2026-10-07 02:18:03.194 WARN   Wiring.write_wire_scope: net not found
2026-10-07 02:18:03.194 WARN   Wiring.write_wire_scope: net not found
2026-10-07 02:18:03.194 WARN   Wiring.write_wire_scope: net not found
2026-10-07 02:18:03.194 WARN   Wiring.write_wire_scope: net not found
2026-10-07 02:18:03.447 WARN   Wiring.write_wire_scope: net not found
2026-10-07 02:18:03.447 WARN   Wiring.write_wire_scope: net not found
2026-10-07 02:18:03.447 WARN   Wiring.write_wire_scope: net not found
2026-10-07 02:18:03.447 WARN   Wiring.write_wire_scope: net not found
2026-10-07 02:18:03.447 WARN   Wiring.write_wire_scope: net not found
2026-10-07 02:18:03.447 WARN   Wiring.write_wire_scope: net not found
2026-10-07 02:18:03.447 WARN   Wiring.write_wire_scope: net not found
2026-10-07 02:18:03.447 WARN   Wiring.write_wire_scope: net not found
2026-10-07 02:18:03.447 WARN   Wiring.write_wire_scope: net not found
2026-10-07 02:18:03.447 WARN   Wiring.write_wire_scope: net not found
2026-10-07 02:18:03.447 WARN   Wiring.write_wire_scope: net not found
2026-10-07 02:18:03.447 WARN   Wiring.write_wire_scope: net not found
2026-10-07 02:18:03.447 WARN   Wiring.write_wire_scope: net not found
2026-10-07 02:18:03.447 WARN   Wiring.write_wire_scope: net not found
2026-10-07 02:18:03.447 WARN   Wiring.write_wire_scope: net not found
2026-10-07 02:18:03.447 WARN   Wiring.write_wire_scope: net not found
2026-10-07 02:18:03.447 WARN   Wiring.write_wire_scope: net not found
2026-10-07 02:18:03.447 WARN   Wiring.write_wire_scope: net not found
2026-10-07 02:18:03.447 WARN   Wiring.write_wire_scope: net not found
2026-10-07 02:18:03.447 WARN   Wiring.write_wire_scope: net not found
2026-10-07 02:18:03.447 WARN   Wiring.write_wire_scope: net not found
2026-10-07 02:18:03.447 WARN   Wiring.write_wire_scope: net not found
2026-10-07 02:18:03.447 WARN   Wiring.write_wire_scope: net not found
2026-10-07 02:18:03.447 WARN   Wiring.write_wire_scope: net not found
2026-10-07 02:18:04.012 WARN   Wiring.write_wire_scope: net not found
2026-10-07 02:18:04.013 WARN   Wiring.write_wire_scope: net not found
2026-10-07 02:18:04.013 WARN   Wiring.write_wire_scope: net not found
2026-10-07 02:18:04.013 WARN   Wiring.write_wire_scope: net not found
2026-10-07 02:18:04.013 WARN   Wiring.write_wire_scope: net not found
2026-10-07 02:18:04.013 WARN   Wiring.write_wire_scope: net not found
2026-10-07 02:18:04.013 WARN   Wiring.write_wire_scope: net not found
2026-10-07 02:18:04.013 WARN   Wiring.write_wire_scope: net not found
2026-10-07 02:18:04.013 WARN   Wiring.write_wire_scope: net not found
2026-10-07 02:18:04.013 WARN   Wiring.write_wire_scope: net not found
2026-10-07 02:18:04.013 WARN   Wiring.write_wire_scope: net not found
2026-10-07 02:18:04.013 WARN   Wiring.write_wire_scope: net not found
2026-10-07 02:18:04.013 WARN   Wiring.write_wire_scope: net not found
2026-10-07 02:18:04.013 WARN   Wiring.write_wire_scope: net not found
2026-10-07 02:18:04.013 WARN   Wiring.write_wire_scope: net not found
2026-10-07 02:18:04.013 WARN   Wiring.write_wire_scope: net not found
2026-10-07 02:18:04.013 WARN   Wiring.write_wire_scope: net not found
2026-10-07 02:18:04.013 WARN   Wiring.write_wire_scope: net not found
2026-10-07 02:18:04.013 WARN   Wiring.write_wire_scope: net not found
2026-10-07 02:18:04.013 WARN   Wiring.write_wire_scope: net not found
2026-10-07 02:18:04.013 WARN   Wiring.write_wire_scope: net not found
2026-10-07 02:18:04.013 WARN   Wiring.write_wire_scope: net not found
2026-10-07 02:18:04.013 WARN   Wiring.write_wire_scope: net not found
2026-10-07 02:18:04.013 WARN   Wiring.write_wire_scope: net not found
2026-10-07 02:18:04.496 WARN   Wiring.write_wire_scope: net not found
2026-10-07 02:18:04.496 WARN   Wiring.write_wire_scope: net not found
2026-10-07 02:18:04.496 WARN   Wiring.write_wire_scope: net not found
2026-10-07 02:18:04.496 WARN   Wiring.write_wire_scope: net not found
2026-10-07 02:18:04.496 WARN   Wiring.write_wire_scope: net not found
2026-10-07 02:18:04.496 WARN   Wiring.write_wire_scope: net not found
2026-10-07 02:18:04.496 WARN   Wiring.write_wire_scope: net not found
2026-10-07 02:18:04.496 WARN   Wiring.write_wire_scope: net not found
2026-10-07 02:18:04.496 WARN   Wiring.write_wire_scope: net not found
2026-10-07 02:18:04.496 WARN   Wiring.write_wire_scope: net not found
2026-10-07 02:18:04.496 WARN   Wiring.write_wire_scope: net not found
2026-10-07 02:18:04.496 WARN   Wiring.write_wire_scope: net not found
2026-10-07 02:18:04.496 WARN   Wiring.write_wire_scope: net not found
2026-10-07 02:18:04.496 WARN   Wiring.write_wire_scope: net not found
2026-10-07 02:18:04.496 WARN   Wiring.write_wire_scope: net not found
2026-10-07 02:18:04.496 WARN   Wiring.write_wire_scope: net not found
2026-10-07 02:18:04.496 WARN   Wiring.write_wire_scope: net not found
2026-10-07 02:18:04.496 WARN   Wiring.write_wire_scope: net not found
2026-10-07 02:18:04.496 WARN   Wiring.write_wire_scope: net not found
2026-10-07 02:18:04.496 WARN   Wiring.write_wire_scope: net not found
2026-10-07 02:18:04.496 WARN   Wiring.write_wire_scope: net not found
2026-10-07 02:18:04.496 WARN   Wiring.write_wire_scope: net not found
2026-10-07 02:18:04.496 WARN   Wiring.write_wire_scope: net not found
2026-10-07 02:18:04.496 WARN   Wiring.write_wire_scope: net not found
2026-10-07 02:18:05.025 WARN   Wiring.write_wire_scope: net not found
2026-10-07 02:18:05.025 WARN   Wiring.write_wire_scope: net not found
2026-10-07 02:18:05.025 WARN   Wiring.write_wire_scope: net not found
2026-10-07 02:18:05.025 WARN   Wiring.write_wire_scope: net not found
2026-10-07 02:18:05.025 WARN   Wiring.write_wire_scope: net not found
2026-10-07 02:18:05.025 WARN   Wiring.write_wire_scope: net not found
2026-10-07 02:18:05.025 WARN   Wiring.write_wire_scope: net not found
2026-10-07 02:18:05.025 WARN   Wiring.write_wire_scope: net not found
2026-10-07 02:18:05.025 WARN   Wiring.write_wire_scope: net not found
2026-10-07 02:18:05.025 WARN   Wiring.write_wire_scope: net not found
2026-10-07 02:18:05.025 WARN   Wiring.write_wire_scope: net not found
2026-10-07 02:18:05.025 WARN   Wiring.write_wire_scope: net not found
2026-10-07 02:18:05.025 WARN   Wiring.write_wire_scope: net not found
2026-10-07 02:18:05.025 WARN   Wiring.write_wire_scope: net not found
2026-10-07 02:18:05.025 WARN   Wiring.write_wire_scope: net not found
2026-10-07 02:18:05.025 WARN   Wiring.write_wire_scope: net not found
2026-10-07 02:18:05.025 WARN   Wiring.write_wire_scope: net not found
2026-10-07 02:18:05.026 WARN   Wiring.write_wire_scope: net not found
2026-10-07 02:18:05.026 WARN   Wiring.write_wire_scope: net not found
2026-10-07 02:18:05.026 WARN   Wiring.write_wire_scope: net not found
2026-10-07 02:18:05.026 WARN   Wiring.write_wire_scope: net not found
2026-10-07 02:18:05.026 WARN   Wiring.write_wire_scope: net not found
2026-10-07 02:18:05.026 WARN   Wiring.write_wire_scope: net not found
2026-10-07 02:18:05.026 WARN   Wiring.write_wire_scope: net not found
2026-10-07 02:18:07.209 WARN   Wiring.write_wire_scope: net not found
2026-10-07 02:18:07.209 WARN   Wiring.write_wire_scope: net not found
2026-10-07 02:18:07.209 WARN   Wiring.write_wire_scope: net not found
2026-10-07 02:18:07.209 WARN   Wiring.write_wire_scope: net not found
2026-10-07 02:18:07.209 WARN   Wiring.write_wire_scope: net not found
2026-10-07 02:18:07.209 WARN   Wiring.write_wire_scope: net not found
2026-10-07 02:18:07.209 WARN   Wiring.write_wire_scope: net not found
2026-10-07 02:18:07.209 WARN   Wiring.write_wire_scope: net not found
2026-10-07 02:18:07.209 WARN   Wiring.write_wire_scope: net not found
2026-10-07 02:18:07.209 WARN   Wiring.write_wire_scope: net not found
2026-10-07 02:18:07.209 WARN   Wiring.write_wire_scope: net not found
2026-10-07 02:18:07.209 WARN   Wiring.write_wire_scope: net not found
2026-10-07 02:18:07.209 WARN   Wiring.write_wire_scope: net not found
2026-10-07 02:18:07.209 WARN   Wiring.write_wire_scope: net not found
2026-10-07 02:18:07.209 WARN   Wiring.write_wire_scope: net not found
2026-10-07 02:18:07.209 WARN   Wiring.write_wire_scope: net not found
2026-10-07 02:18:07.209 WARN   Wiring.write_wire_scope: net not found
2026-10-07 02:18:07.209 WARN   Wiring.write_wire_scope: net not found
2026-10-07 02:18:07.209 WARN   Wiring.write_wire_scope: net not found
2026-10-07 02:18:07.209 WARN   Wiring.write_wire_scope: net not found
2026-10-07 02:18:07.209 WARN   Wiring.write_wire_scope: net not found
2026-10-07 02:18:07.209 WARN   Wiring.write_wire_scope: net not found
2026-10-07 02:18:07.209 WARN   Wiring.write_wire_scope: net not found
2026-10-07 02:18:07.209 WARN   Wiring.write_wire_scope: net not found
2026-10-07 02:18:07.663 WARN   Wiring.write_wire_scope: net not found
2026-10-07 02:18:07.663 WARN   Wiring.write_wire_scope: net not found
2026-10-07 02:18:07.663 WARN   Wiring.write_wire_scope: net not found
2026-10-07 02:18:07.663 WARN   Wiring.write_wire_scope: net not found
2026-10-07 02:18:07.663 WARN   Wiring.write_wire_scope: net not found
2026-10-07 02:18:07.663 WARN   Wiring.write_wire_scope: net not found
2026-10-07 02:18:07.663 WARN   Wiring.write_wire_scope: net not found
2026-10-07 02:18:07.663 WARN   Wiring.write_wire_scope: net not found
2026-10-07 02:18:07.663 WARN   Wiring.write_wire_scope: net not found
2026-10-07 02:18:07.663 WARN   Wiring.write_wire_scope: net not found
2026-10-07 02:18:07.663 WARN   Wiring.write_wire_scope: net not found
2026-10-07 02:18:07.663 WARN   Wiring.write_wire_scope: net not found
2026-10-07 02:18:07.663 WARN   Wiring.write_wire_scope: net not found
2026-10-07 02:18:07.663 WARN   Wiring.write_wire_scope: net not found
2026-10-07 02:18:07.663 WARN   Wiring.write_wire_scope: net not found
2026-10-07 02:18:07.663 WARN   Wiring.write_wire_scope: net not found
2026-10-07 02:18:07.663 WARN   Wiring.write_wire_scope: net not found
2026-10-07 02:18:07.663 WARN   Wiring.write_wire_scope: net not found
2026-10-07 02:18:07.663 WARN   Wiring.write_wire_scope: net not found
2026-10-07 02:18:07.663 WARN   Wiring.write_wire_scope: net not found
2026-10-07 02:18:07.663 WARN   Wiring.write_wire_scope: net not found
2026-10-07 02:18:07.663 WARN   Wiring.write_wire_scope: net not found
2026-10-07 02:18:07.663 WARN   Wiring.write_wire_scope: net not found
2026-10-07 02:18:07.663 WARN   Wiring.write_wire_scope: net not found
2026-10-07 02:18:08.103 WARN   Wiring.write_wire_scope: net not found
2026-10-07 02:18:08.103 WARN   Wiring.write_wire_scope: net not found
2026-10-07 02:18:08.103 WARN   Wiring.write_wire_scope: net not found
2026-10-07 02:18:08.103 WARN   Wiring.write_wire_scope: net not found
2026-10-07 02:18:08.103 WARN   Wiring.write_wire_scope: net not found
2026-10-07 02:18:08.103 WARN   Wiring.write_wire_scope: net not found
2026-10-07 02:18:08.103 WARN   Wiring.write_wire_scope: net not found
2026-10-07 02:18:08.103 WARN   Wiring.write_wire_scope: net not found
2026-10-07 02:18:08.103 WARN   Wiring.write_wire_scope: net not found
2026-10-07 02:18:08.103 WARN   Wiring.write_wire_scope: net not found
2026-10-07 02:18:08.103 WARN   Wiring.write_wire_scope: net not found
2026-10-07 02:18:08.103 WARN   Wiring.write_wire_scope: net not found
2026-10-07 02:18:08.103 WARN   Wiring.write_wire_scope: net not found
2026-10-07 02:18:08.103 WARN   Wiring.write_wire_scope: net not found
2026-10-07 02:18:08.103 WARN   Wiring.write_wire_scope: net not found
2026-10-07 02:18:08.103 WARN   Wiring.write_wire_scope: net not found
2026-10-07 02:18:08.103 WARN   Wiring.write_wire_scope: net not found
2026-10-07 02:18:08.103 WARN   Wiring.write_wire_scope: net not found
2026-10-07 02:18:08.103 WARN   Wiring.write_wire_scope: net not found
2026-10-07 02:18:08.103 WARN   Wiring.write_wire_scope: net not found
2026-10-07 02:18:08.103 WARN   Wiring.write_wire_scope: net not found
2026-10-07 02:18:08.103 WARN   Wiring.write_wire_scope: net not found
2026-10-07 02:18:08.103 WARN   Wiring.write_wire_scope: net not found
2026-10-07 02:18:08.103 WARN   Wiring.write_wire_scope: net not found
2026-10-07 02:18:10.261 WARN   Wiring.write_wire_scope: net not found
2026-10-07 02:18:10.261 WARN   Wiring.write_wire_scope: net not found
2026-10-07 02:18:10.261 WARN   Wiring.write_wire_scope: net not found
2026-10-07 02:18:10.261 WARN   Wiring.write_wire_scope: net not found
2026-10-07 02:18:10.261 WARN   Wiring.write_wire_scope: net not found
2026-10-07 02:18:10.261 WARN   Wiring.write_wire_scope: net not found
2026-10-07 02:18:10.261 WARN   Wiring.write_wire_scope: net not found
2026-10-07 02:18:10.261 WARN   Wiring.write_wire_scope: net not found
2026-10-07 02:18:10.261 WARN   Wiring.write_wire_scope: net not found
2026-10-07 02:18:10.261 WARN   Wiring.write_wire_scope: net not found
2026-10-07 02:18:10.261 WARN   Wiring.write_wire_scope: net not found
2026-10-07 02:18:10.261 WARN   Wiring.write_wire_scope: net not found
2026-10-07 02:18:10.261 WARN   Wiring.write_wire_scope: net not found
2026-10-07 02:18:10.261 WARN   Wiring.write_wire_scope: net not found
2026-10-07 02:18:10.261 WARN   Wiring.write_wire_scope: net not found
2026-10-07 02:18:10.261 WARN   Wiring.write_wire_scope: net not found
2026-10-07 02:18:10.261 WARN   Wiring.write_wire_scope: net not found
2026-10-07 02:18:10.261 WARN   Wiring.write_wire_scope: net not found
2026-10-07 02:18:10.261 WARN   Wiring.write_wire_scope: net not found
2026-10-07 02:18:10.261 WARN   Wiring.write_wire_scope: net not found
2026-10-07 02:18:10.261 WARN   Wiring.write_wire_scope: net not found
2026-10-07 02:18:10.261 WARN   Wiring.write_wire_scope: net not found
2026-10-07 02:18:10.261 WARN   Wiring.write_wire_scope: net not found
2026-10-07 02:18:10.261 WARN   Wiring.write_wire_scope: net not found
2026-10-07 02:18:10.702 WARN   Wiring.write_wire_scope: net not found
2026-10-07 02:18:10.702 WARN   Wiring.write_wire_scope: net not found
2026-10-07 02:18:10.702 WARN   Wiring.write_wire_scope: net not found
2026-10-07 02:18:10.702 WARN   Wiring.write_wire_scope: net not found
2026-10-07 02:18:10.702 WARN   Wiring.write_wire_scope: net not found
2026-10-07 02:18:10.702 WARN   Wiring.write_wire_scope: net not found
2026-10-07 02:18:10.702 WARN   Wiring.write_wire_scope: net not found
2026-10-07 02:18:10.702 WARN   Wiring.write_wire_scope: net not found
2026-10-07 02:18:10.702 WARN   Wiring.write_wire_scope: net not found
2026-10-07 02:18:10.702 WARN   Wiring.write_wire_scope: net not found
2026-10-07 02:18:10.702 WARN   Wiring.write_wire_scope: net not found
2026-10-07 02:18:10.702 WARN   Wiring.write_wire_scope: net not found
2026-10-07 02:18:10.702 WARN   Wiring.write_wire_scope: net not found
2026-10-07 02:18:10.702 WARN   Wiring.write_wire_scope: net not found
2026-10-07 02:18:10.702 WARN   Wiring.write_wire_scope: net not found
2026-10-07 02:18:10.702 WARN   Wiring.write_wire_scope: net not found
2026-10-07 02:18:10.702 WARN   Wiring.write_wire_scope: net not found
2026-10-07 02:18:10.702 WARN   Wiring.write_wire_scope: net not found
2026-10-07 02:18:10.702 WARN   Wiring.write_wire_scope: net not found
2026-10-07 02:18:10.702 WARN   Wiring.write_wire_scope: net not found
2026-10-07 02:18:10.702 WARN   Wiring.write_wire_scope: net not found
2026-10-07 02:18:10.702 WARN   Wiring.write_wire_scope: net not found
2026-10-07 02:18:10.702 WARN   Wiring.write_wire_scope: net not found
2026-10-07 02:18:10.702 WARN   Wiring.write_wire_scope: net not found
2026-10-07 02:18:13.014 WARN   Wiring.write_wire_scope: net not found
2026-10-07 02:18:13.014 WARN   Wiring.write_wire_scope: net not found
2026-10-07 02:18:13.014 WARN   Wiring.write_wire_scope: net not found
2026-10-07 02:18:13.014 WARN   Wiring.write_wire_scope: net not found
2026-10-07 02:18:13.014 WARN   Wiring.write_wire_scope: net not found
2026-10-07 02:18:13.014 WARN   Wiring.write_wire_scope: net not found
2026-10-07 02:18:13.014 WARN   Wiring.write_wire_scope: net not found
2026-10-07 02:18:13.014 WARN   Wiring.write_wire_scope: net not found
2026-10-07 02:18:13.014 WARN   Wiring.write_wire_scope: net not found
2026-10-07 02:18:13.014 WARN   Wiring.write_wire_scope: net not found
2026-10-07 02:18:13.014 WARN   Wiring.write_wire_scope: net not found
2026-10-07 02:18:13.014 WARN   Wiring.write_wire_scope: net not found
2026-10-07 02:18:13.014 WARN   Wiring.write_wire_scope: net not found
2026-10-07 02:18:13.014 WARN   Wiring.write_wire_scope: net not found
2026-10-07 02:18:13.014 WARN   Wiring.write_wire_scope: net not found
2026-10-07 02:18:13.014 WARN   Wiring.write_wire_scope: net not found
2026-10-07 02:18:13.014 WARN   Wiring.write_wire_scope: net not found
2026-10-07 02:18:13.014 WARN   Wiring.write_wire_scope: net not found
2026-10-07 02:18:13.014 WARN   Wiring.write_wire_scope: net not found
2026-10-07 02:18:13.014 WARN   Wiring.write_wire_scope: net not found
2026-10-07 02:18:13.014 WARN   Wiring.write_wire_scope: net not found
2026-10-07 02:18:13.014 WARN   Wiring.write_wire_scope: net not found
2026-10-07 02:18:13.014 WARN   Wiring.write_wire_scope: net not found
2026-10-07 02:18:13.014 WARN   Wiring.write_wire_scope: net not found
2026-10-07 02:18:13.488 WARN   Wiring.write_wire_scope: net not found
2026-10-07 02:18:13.488 WARN   Wiring.write_wire_scope: net not found
2026-10-07 02:18:13.488 WARN   Wiring.write_wire_scope: net not found
2026-10-07 02:18:13.488 WARN   Wiring.write_wire_scope: net not found
2026-10-07 02:18:13.488 WARN   Wiring.write_wire_scope: net not found
2026-10-07 02:18:13.488 WARN   Wiring.write_wire_scope: net not found
2026-10-07 02:18:13.488 WARN   Wiring.write_wire_scope: net not found
2026-10-07 02:18:13.488 WARN   Wiring.write_wire_scope: net not found
2026-10-07 02:18:13.488 WARN   Wiring.write_wire_scope: net not found
2026-10-07 02:18:13.488 WARN   Wiring.write_wire_scope: net not found
2026-10-07 02:18:13.488 WARN   Wiring.write_wire_scope: net not found
2026-10-07 02:18:13.488 WARN   Wiring.write_wire_scope: net not found
2026-10-07 02:18:13.488 WARN   Wiring.write_wire_scope: net not found
2026-10-07 02:18:13.488 WARN   Wiring.write_wire_scope: net not found
2026-10-07 02:18:13.488 WARN   Wiring.write_wire_scope: net not found
2026-10-07 02:18:13.488 WARN   Wiring.write_wire_scope: net not found
2026-10-07 02:18:13.488 WARN   Wiring.write_wire_scope: net not found
2026-10-07 02:18:13.488 WARN   Wiring.write_wire_scope: net not found
2026-10-07 02:18:13.488 WARN   Wiring.write_wire_scope: net not found
2026-10-07 02:18:13.488 WARN   Wiring.write_wire_scope: net not found
2026-10-07 02:18:13.488 WARN   Wiring.write_wire_scope: net not found
2026-10-07 02:18:13.488 WARN   Wiring.write_wire_scope: net not found
2026-10-07 02:18:13.488 WARN   Wiring.write_wire_scope: net not found
2026-10-07 02:18:13.488 WARN   Wiring.write_wire_scope: net not found
2026-10-07 02:18:13.958 WARN   Wiring.write_wire_scope: net not found
2026-10-07 02:18:13.958 WARN   Wiring.write_wire_scope: net not found
2026-10-07 02:18:13.958 WARN   Wiring.write_wire_scope: net not found
2026-10-07 02:18:13.958 WARN   Wiring.write_wire_scope: net not found
2026-10-07 02:18:13.958 WARN   Wiring.write_wire_scope: net not found
2026-10-07 02:18:13.958 WARN   Wiring.write_wire_scope: net not found
2026-10-07 02:18:13.958 WARN   Wiring.write_wire_scope: net not found
2026-10-07 02:18:13.958 WARN   Wiring.write_wire_scope: net not found
2026-10-07 02:18:13.958 WARN   Wiring.write_wire_scope: net not found
2026-10-07 02:18:13.958 WARN   Wiring.write_wire_scope: net not found
2026-10-07 02:18:13.958 WARN   Wiring.write_wire_scope: net not found
2026-10-07 02:18:13.958 WARN   Wiring.write_wire_scope: net not found
2026-10-07 02:18:13.958 WARN   Wiring.write_wire_scope: net not found
2026-10-07 02:18:13.958 WARN   Wiring.write_wire_scope: net not found
2026-10-07 02:18:13.958 WARN   Wiring.write_wire_scope: net not found
2026-10-07 02:18:13.958 WARN   Wiring.write_wire_scope: net not found
2026-10-07 02:18:13.958 WARN   Wiring.write_wire_scope: net not found
2026-10-07 02:18:13.958 WARN   Wiring.write_wire_scope: net not found
2026-10-07 02:18:13.958 WARN   Wiring.write_wire_scope: net not found
2026-10-07 02:18:13.958 WARN   Wiring.write_wire_scope: net not found
2026-10-07 02:18:13.958 WARN   Wiring.write_wire_scope: net not found
2026-10-07 02:18:13.958 WARN   Wiring.write_wire_scope: net not found
2026-10-07 02:18:13.958 WARN   Wiring.write_wire_scope: net not found
2026-10-07 02:18:13.958 WARN   Wiring.write_wire_scope: net not found
2026-10-07 02:18:14.533 WARN   Wiring.write_wire_scope: net not found
2026-10-07 02:18:14.533 WARN   Wiring.write_wire_scope: net not found
2026-10-07 02:18:14.533 WARN   Wiring.write_wire_scope: net not found
2026-10-07 02:18:14.533 WARN   Wiring.write_wire_scope: net not found
2026-10-07 02:18:14.533 WARN   Wiring.write_wire_scope: net not found
2026-10-07 02:18:14.533 WARN   Wiring.write_wire_scope: net not found
2026-10-07 02:18:14.533 WARN   Wiring.write_wire_scope: net not found
2026-10-07 02:18:14.533 WARN   Wiring.write_wire_scope: net not found
2026-10-07 02:18:14.533 WARN   Wiring.write_wire_scope: net not found
2026-10-07 02:18:14.533 WARN   Wiring.write_wire_scope: net not found
2026-10-07 02:18:14.533 WARN   Wiring.write_wire_scope: net not found
2026-10-07 02:18:14.533 WARN   Wiring.write_wire_scope: net not found
2026-10-07 02:18:14.533 WARN   Wiring.write_wire_scope: net not found
2026-10-07 02:18:14.533 WARN   Wiring.write_wire_scope: net not found
2026-10-07 02:18:14.533 WARN   Wiring.write_wire_scope: net not found
2026-10-07 02:18:14.533 WARN   Wiring.write_wire_scope: net not found
2026-10-07 02:18:14.533 WARN   Wiring.write_wire_scope: net not found
2026-10-07 02:18:14.533 WARN   Wiring.write_wire_scope: net not found
2026-10-07 02:18:14.533 WARN   Wiring.write_wire_scope: net not found
2026-10-07 02:18:14.533 WARN   Wiring.write_wire_scope: net not found
2026-10-07 02:18:14.533 WARN   Wiring.write_wire_scope: net not found
2026-10-07 02:18:14.533 WARN   Wiring.write_wire_scope: net not found
2026-10-07 02:18:14.533 WARN   Wiring.write_wire_scope: net not found
2026-10-07 02:18:14.533 WARN   Wiring.write_wire_scope: net not found
2026-10-07 02:18:15.108 WARN   Wiring.write_wire_scope: net not found
2026-10-07 02:18:15.108 WARN   Wiring.write_wire_scope: net not found
2026-10-07 02:18:15.108 WARN   Wiring.write_wire_scope: net not found
2026-10-07 02:18:15.108 WARN   Wiring.write_wire_scope: net not found
2026-10-07 02:18:15.108 WARN   Wiring.write_wire_scope: net not found
2026-10-07 02:18:15.108 WARN   Wiring.write_wire_scope: net not found
2026-10-07 02:18:15.108 WARN   Wiring.write_wire_scope: net not found
2026-10-07 02:18:15.108 WARN   Wiring.write_wire_scope: net not found
2026-10-07 02:18:15.108 WARN   Wiring.write_wire_scope: net not found
2026-10-07 02:18:15.108 WARN   Wiring.write_wire_scope: net not found
2026-10-07 02:18:15.108 WARN   Wiring.write_wire_scope: net not found
2026-10-07 02:18:15.108 WARN   Wiring.write_wire_scope: net not found
2026-10-07 02:18:15.108 WARN   Wiring.write_wire_scope: net not found
2026-10-07 02:18:15.108 WARN   Wiring.write_wire_scope: net not found
2026-10-07 02:18:15.108 WARN   Wiring.write_wire_scope: net not found
2026-10-07 02:18:15.108 WARN   Wiring.write_wire_scope: net not found
2026-10-07 02:18:15.108 WARN   Wiring.write_wire_scope: net not found
2026-10-07 02:18:15.109 WARN   Wiring.write_wire_scope: net not found
2026-10-07 02:18:15.109 WARN   Wiring.write_wire_scope: net not found
2026-10-07 02:18:15.109 WARN   Wiring.write_wire_scope: net not found
2026-10-07 02:18:15.109 WARN   Wiring.write_wire_scope: net not found
2026-10-07 02:18:15.109 WARN   Wiring.write_wire_scope: net not found
2026-10-07 02:18:15.109 WARN   Wiring.write_wire_scope: net not found
2026-10-07 02:18:15.109 WARN   Wiring.write_wire_scope: net not found
2026-10-07 02:18:15.544 WARN   Wiring.write_wire_scope: net not found
2026-10-07 02:18:15.544 WARN   Wiring.write_wire_scope: net not found
2026-10-07 02:18:15.544 WARN   Wiring.write_wire_scope: net not found
2026-10-07 02:18:15.544 WARN   Wiring.write_wire_scope: net not found
2026-10-07 02:18:15.544 WARN   Wiring.write_wire_scope: net not found
2026-10-07 02:18:15.544 WARN   Wiring.write_wire_scope: net not found
2026-10-07 02:18:15.544 WARN   Wiring.write_wire_scope: net not found
2026-10-07 02:18:15.544 WARN   Wiring.write_wire_scope: net not found
2026-10-07 02:18:15.544 WARN   Wiring.write_wire_scope: net not found
2026-10-07 02:18:15.544 WARN   Wiring.write_wire_scope: net not found
2026-10-07 02:18:15.544 WARN   Wiring.write_wire_scope: net not found
2026-10-07 02:18:15.544 WARN   Wiring.write_wire_scope: net not found
2026-10-07 02:18:15.544 WARN   Wiring.write_wire_scope: net not found
2026-10-07 02:18:15.544 WARN   Wiring.write_wire_scope: net not found
2026-10-07 02:18:15.544 WARN   Wiring.write_wire_scope: net not found
2026-10-07 02:18:15.544 WARN   Wiring.write_wire_scope: net not found
2026-10-07 02:18:15.544 WARN   Wiring.write_wire_scope: net not found
2026-10-07 02:18:15.544 WARN   Wiring.write_wire_scope: net not found
2026-10-07 02:18:15.544 WARN   Wiring.write_wire_scope: net not found
2026-10-07 02:18:15.544 WARN   Wiring.write_wire_scope: net not found
2026-10-07 02:18:15.544 WARN   Wiring.write_wire_scope: net not found
2026-10-07 02:18:15.544 WARN   Wiring.write_wire_scope: net not found
2026-10-07 02:18:15.544 WARN   Wiring.write_wire_scope: net not found
2026-10-07 02:18:15.544 WARN   Wiring.write_wire_scope: net not found
2026-10-07 02:18:15.796 WARN   Wiring.write_wire_scope: net not found
2026-10-07 02:18:15.796 WARN   Wiring.write_wire_scope: net not found
2026-10-07 02:18:15.796 WARN   Wiring.write_wire_scope: net not found
2026-10-07 02:18:15.796 WARN   Wiring.write_wire_scope: net not found
2026-10-07 02:18:15.796 WARN   Wiring.write_wire_scope: net not found
2026-10-07 02:18:15.796 WARN   Wiring.write_wire_scope: net not found
2026-10-07 02:18:15.796 WARN   Wiring.write_wire_scope: net not found
2026-10-07 02:18:15.796 WARN   Wiring.write_wire_scope: net not found
2026-10-07 02:18:15.796 WARN   Wiring.write_wire_scope: net not found
2026-10-07 02:18:15.796 WARN   Wiring.write_wire_scope: net not found
2026-10-07 02:18:15.796 WARN   Wiring.write_wire_scope: net not found
2026-10-07 02:18:15.796 WARN   Wiring.write_wire_scope: net not found
2026-10-07 02:18:15.796 WARN   Wiring.write_wire_scope: net not found
2026-10-07 02:18:15.796 WARN   Wiring.write_wire_scope: net not found
2026-10-07 02:18:15.796 WARN   Wiring.write_wire_scope: net not found
2026-10-07 02:18:15.796 WARN   Wiring.write_wire_scope: net not found
2026-10-07 02:18:15.796 WARN   Wiring.write_wire_scope: net not found
2026-10-07 02:18:15.796 WARN   Wiring.write_wire_scope: net not found
2026-10-07 02:18:15.796 WARN   Wiring.write_wire_scope: net not found
2026-10-07 02:18:15.796 WARN   Wiring.write_wire_scope: net not found
2026-10-07 02:18:15.796 WARN   Wiring.write_wire_scope: net not found
2026-10-07 02:18:15.796 WARN   Wiring.write_wire_scope: net not found
2026-10-07 02:18:15.796 WARN   Wiring.write_wire_scope: net not found
2026-10-07 02:18:15.796 WARN   Wiring.write_wire_scope: net not found
2026-10-07 02:18:16.391 WARN   Wiring.write_wire_scope: net not found
2026-10-07 02:18:16.391 WARN   Wiring.write_wire_scope: net not found
2026-10-07 02:18:16.391 WARN   Wiring.write_wire_scope: net not found
2026-10-07 02:18:16.391 WARN   Wiring.write_wire_scope: net not found
2026-10-07 02:18:16.391 WARN   Wiring.write_wire_scope: net not found
2026-10-07 02:18:16.391 WARN   Wiring.write_wire_scope: net not found
2026-10-07 02:18:16.391 WARN   Wiring.write_wire_scope: net not found
2026-10-07 02:18:16.391 WARN   Wiring.write_wire_scope: net not found
2026-10-07 02:18:16.391 WARN   Wiring.write_wire_scope: net not found
2026-10-07 02:18:16.391 WARN   Wiring.write_wire_scope: net not found
2026-10-07 02:18:16.391 WARN   Wiring.write_wire_scope: net not found
2026-10-07 02:18:16.391 WARN   Wiring.write_wire_scope: net not found
2026-10-07 02:18:16.391 WARN   Wiring.write_wire_scope: net not found
2026-10-07 02:18:16.391 WARN   Wiring.write_wire_scope: net not found
2026-10-07 02:18:16.391 WARN   Wiring.write_wire_scope: net not found
2026-10-07 02:18:16.391 WARN   Wiring.write_wire_scope: net not found
2026-10-07 02:18:16.391 WARN   Wiring.write_wire_scope: net not found
2026-10-07 02:18:16.392 WARN   Wiring.write_wire_scope: net not found
2026-10-07 02:18:16.392 WARN   Wiring.write_wire_scope: net not found
2026-10-07 02:18:16.392 WARN   Wiring.write_wire_scope: net not found
2026-10-07 02:18:16.392 WARN   Wiring.write_wire_scope: net not found
2026-10-07 02:18:16.392 WARN   Wiring.write_wire_scope: net not found
2026-10-07 02:18:16.392 WARN   Wiring.write_wire_scope: net not found
2026-10-07 02:18:16.392 WARN   Wiring.write_wire_scope: net not found
2026-10-07 02:18:16.802 WARN   Wiring.write_wire_scope: net not found
2026-10-07 02:18:16.802 WARN   Wiring.write_wire_scope: net not found
2026-10-07 02:18:16.802 WARN   Wiring.write_wire_scope: net not found
2026-10-07 02:18:16.802 WARN   Wiring.write_wire_scope: net not found
2026-10-07 02:18:16.802 WARN   Wiring.write_wire_scope: net not found
2026-10-07 02:18:16.802 WARN   Wiring.write_wire_scope: net not found
2026-10-07 02:18:16.802 WARN   Wiring.write_wire_scope: net not found
2026-10-07 02:18:16.802 WARN   Wiring.write_wire_scope: net not found
2026-10-07 02:18:16.802 WARN   Wiring.write_wire_scope: net not found
2026-10-07 02:18:16.802 WARN   Wiring.write_wire_scope: net not found
2026-10-07 02:18:16.802 WARN   Wiring.write_wire_scope: net not found
2026-10-07 02:18:16.802 WARN   Wiring.write_wire_scope: net not found
2026-10-07 02:18:16.802 WARN   Wiring.write_wire_scope: net not found
2026-10-07 02:18:16.802 WARN   Wiring.write_wire_scope: net not found
2026-10-07 02:18:16.802 WARN   Wiring.write_wire_scope: net not found
2026-10-07 02:18:16.802 WARN   Wiring.write_wire_scope: net not found
2026-10-07 02:18:16.802 WARN   Wiring.write_wire_scope: net not found
2026-10-07 02:18:16.802 WARN   Wiring.write_wire_scope: net not found
2026-10-07 02:18:16.802 WARN   Wiring.write_wire_scope: net not found
2026-10-07 02:18:16.802 WARN   Wiring.write_wire_scope: net not found
2026-10-07 02:18:16.802 WARN   Wiring.write_wire_scope: net not found
2026-10-07 02:18:16.802 WARN   Wiring.write_wire_scope: net not found
2026-10-07 02:18:16.802 WARN   Wiring.write_wire_scope: net not found
2026-10-07 02:18:16.802 WARN   Wiring.write_wire_scope: net not found
2026-10-07 02:18:17.250 WARN   Wiring.write_wire_scope: net not found
2026-10-07 02:18:17.250 WARN   Wiring.write_wire_scope: net not found
2026-10-07 02:18:17.250 WARN   Wiring.write_wire_scope: net not found
2026-10-07 02:18:17.250 WARN   Wiring.write_wire_scope: net not found
2026-10-07 02:18:17.250 WARN   Wiring.write_wire_scope: net not found
2026-10-07 02:18:17.250 WARN   Wiring.write_wire_scope: net not found
2026-10-07 02:18:17.250 WARN   Wiring.write_wire_scope: net not found
2026-10-07 02:18:17.250 WARN   Wiring.write_wire_scope: net not found
2026-10-07 02:18:17.250 WARN   Wiring.write_wire_scope: net not found
2026-10-07 02:18:17.250 WARN   Wiring.write_wire_scope: net not found
2026-10-07 02:18:17.250 WARN   Wiring.write_wire_scope: net not found
2026-10-07 02:18:17.250 WARN   Wiring.write_wire_scope: net not found
2026-10-07 02:18:17.250 WARN   Wiring.write_wire_scope: net not found
2026-10-07 02:18:17.250 WARN   Wiring.write_wire_scope: net not found
2026-10-07 02:18:17.250 WARN   Wiring.write_wire_scope: net not found
2026-10-07 02:18:17.250 WARN   Wiring.write_wire_scope: net not found
2026-10-07 02:18:17.250 WARN   Wiring.write_wire_scope: net not found
2026-10-07 02:18:17.250 WARN   Wiring.write_wire_scope: net not found
2026-10-07 02:18:17.250 WARN   Wiring.write_wire_scope: net not found
2026-10-07 02:18:17.250 WARN   Wiring.write_wire_scope: net not found
2026-10-07 02:18:17.250 WARN   Wiring.write_wire_scope: net not found
2026-10-07 02:18:17.250 WARN   Wiring.write_wire_scope: net not found
2026-10-07 02:18:17.250 WARN   Wiring.write_wire_scope: net not found
2026-10-07 02:18:17.250 WARN   Wiring.write_wire_scope: net not found
2026-10-07 02:18:17.706 WARN   Wiring.write_wire_scope: net not found
2026-10-07 02:18:17.706 WARN   Wiring.write_wire_scope: net not found
2026-10-07 02:18:17.706 WARN   Wiring.write_wire_scope: net not found
2026-10-07 02:18:17.706 WARN   Wiring.write_wire_scope: net not found
2026-10-07 02:18:17.706 WARN   Wiring.write_wire_scope: net not found
2026-10-07 02:18:17.706 WARN   Wiring.write_wire_scope: net not found
2026-10-07 02:18:17.706 WARN   Wiring.write_wire_scope: net not found
2026-10-07 02:18:17.706 WARN   Wiring.write_wire_scope: net not found
2026-10-07 02:18:17.706 WARN   Wiring.write_wire_scope: net not found
2026-10-07 02:18:17.706 WARN   Wiring.write_wire_scope: net not found
2026-10-07 02:18:17.706 WARN   Wiring.write_wire_scope: net not found
2026-10-07 02:18:17.707 WARN   Wiring.write_wire_scope: net not found
2026-10-07 02:18:17.707 WARN   Wiring.write_wire_scope: net not found
2026-10-07 02:18:17.707 WARN   Wiring.write_wire_scope: net not found
2026-10-07 02:18:17.707 WARN   Wiring.write_wire_scope: net not found
2026-10-07 02:18:17.707 WARN   Wiring.write_wire_scope: net not found
2026-10-07 02:18:17.707 WARN   Wiring.write_wire_scope: net not found
2026-10-07 02:18:17.707 WARN   Wiring.write_wire_scope: net not found
2026-10-07 02:18:17.707 WARN   Wiring.write_wire_scope: net not found
2026-10-07 02:18:17.707 WARN   Wiring.write_wire_scope: net not found
2026-10-07 02:18:17.707 WARN   Wiring.write_wire_scope: net not found
2026-10-07 02:18:17.707 WARN   Wiring.write_wire_scope: net not found
2026-10-07 02:18:17.707 WARN   Wiring.write_wire_scope: net not found
2026-10-07 02:18:17.707 WARN   Wiring.write_wire_scope: net not found
2026-10-07 02:18:18.319 WARN   Wiring.write_wire_scope: net not found
2026-10-07 02:18:18.319 WARN   Wiring.write_wire_scope: net not found
2026-10-07 02:18:18.319 WARN   Wiring.write_wire_scope: net not found
2026-10-07 02:18:18.319 WARN   Wiring.write_wire_scope: net not found
2026-10-07 02:18:18.319 WARN   Wiring.write_wire_scope: net not found
2026-10-07 02:18:18.319 WARN   Wiring.write_wire_scope: net not found
2026-10-07 02:18:18.319 WARN   Wiring.write_wire_scope: net not found
2026-10-07 02:18:18.319 WARN   Wiring.write_wire_scope: net not found
2026-10-07 02:18:18.319 WARN   Wiring.write_wire_scope: net not found
2026-10-07 02:18:18.319 WARN   Wiring.write_wire_scope: net not found
2026-10-07 02:18:18.319 WARN   Wiring.write_wire_scope: net not found
2026-10-07 02:18:18.319 WARN   Wiring.write_wire_scope: net not found
2026-10-07 02:18:18.319 WARN   Wiring.write_wire_scope: net not found
2026-10-07 02:18:18.319 WARN   Wiring.write_wire_scope: net not found
2026-10-07 02:18:18.319 WARN   Wiring.write_wire_scope: net not found
2026-10-07 02:18:18.319 WARN   Wiring.write_wire_scope: net not found
2026-10-07 02:18:18.319 WARN   Wiring.write_wire_scope: net not found
2026-10-07 02:18:18.319 WARN   Wiring.write_wire_scope: net not found
2026-10-07 02:18:18.319 WARN   Wiring.write_wire_scope: net not found
2026-10-07 02:18:18.319 WARN   Wiring.write_wire_scope: net not found
2026-10-07 02:18:18.319 WARN   Wiring.write_wire_scope: net not found
2026-10-07 02:18:18.319 WARN   Wiring.write_wire_scope: net not found
2026-10-07 02:18:18.319 WARN   Wiring.write_wire_scope: net not found
2026-10-07 02:18:18.319 WARN   Wiring.write_wire_scope: net not found
2026-10-07 02:18:20.903 WARN   Wiring.write_wire_scope: net not found
2026-10-07 02:18:20.904 WARN   Wiring.write_wire_scope: net not found
2026-10-07 02:18:20.904 WARN   Wiring.write_wire_scope: net not found
2026-10-07 02:18:20.904 WARN   Wiring.write_wire_scope: net not found
2026-10-07 02:18:20.904 WARN   Wiring.write_wire_scope: net not found
2026-10-07 02:18:20.904 WARN   Wiring.write_wire_scope: net not found
2026-10-07 02:18:20.904 WARN   Wiring.write_wire_scope: net not found
2026-10-07 02:18:20.904 WARN   Wiring.write_wire_scope: net not found
2026-10-07 02:18:20.904 WARN   Wiring.write_wire_scope: net not found
2026-10-07 02:18:20.904 WARN   Wiring.write_wire_scope: net not found
2026-10-07 02:18:20.904 WARN   Wiring.write_wire_scope: net not found
2026-10-07 02:18:20.904 WARN   Wiring.write_wire_scope: net not found
2026-10-07 02:18:20.904 WARN   Wiring.write_wire_scope: net not found
2026-10-07 02:18:20.904 WARN   Wiring.write_wire_scope: net not found
2026-10-07 02:18:20.904 WARN   Wiring.write_wire_scope: net not found
2026-10-07 02:18:20.904 WARN   Wiring.write_wire_scope: net not found
2026-10-07 02:18:20.904 WARN   Wiring.write_wire_scope: net not found
2026-10-07 02:18:20.904 WARN   Wiring.write_wire_scope: net not found
2026-10-07 02:18:20.904 WARN   Wiring.write_wire_scope: net not found
2026-10-07 02:18:20.904 WARN   Wiring.write_wire_scope: net not found
2026-10-07 02:18:20.904 WARN   Wiring.write_wire_scope: net not found
2026-10-07 02:18:20.904 WARN   Wiring.write_wire_scope: net not found
2026-10-07 02:18:20.904 WARN   Wiring.write_wire_scope: net not found
2026-10-07 02:18:20.904 WARN   Wiring.write_wire_scope: net not found
2026-10-07 02:18:23.319 WARN   Wiring.write_wire_scope: net not found
2026-10-07 02:18:23.319 WARN   Wiring.write_wire_scope: net not found
2026-10-07 02:18:23.319 WARN   Wiring.write_wire_scope: net not found
2026-10-07 02:18:23.319 WARN   Wiring.write_wire_scope: net not found
2026-10-07 02:18:23.319 WARN   Wiring.write_wire_scope: net not found
2026-10-07 02:18:23.319 WARN   Wiring.write_wire_scope: net not found
2026-10-07 02:18:23.319 WARN   Wiring.write_wire_scope: net not found
2026-10-07 02:18:23.319 WARN   Wiring.write_wire_scope: net not found
2026-10-07 02:18:23.319 WARN   Wiring.write_wire_scope: net not found
2026-10-07 02:18:23.319 WARN   Wiring.write_wire_scope: net not found
2026-10-07 02:18:23.319 WARN   Wiring.write_wire_scope: net not found
2026-10-07 02:18:23.319 WARN   Wiring.write_wire_scope: net not found
2026-10-07 02:18:23.319 WARN   Wiring.write_wire_scope: net not found
2026-10-07 02:18:23.319 WARN   Wiring.write_wire_scope: net not found
2026-10-07 02:18:23.319 WARN   Wiring.write_wire_scope: net not found
2026-10-07 02:18:23.319 WARN   Wiring.write_wire_scope: net not found
2026-10-07 02:18:23.319 WARN   Wiring.write_wire_scope: net not found
2026-10-07 02:18:23.319 WARN   Wiring.write_wire_scope: net not found
2026-10-07 02:18:23.319 WARN   Wiring.write_wire_scope: net not found
2026-10-07 02:18:23.319 WARN   Wiring.write_wire_scope: net not found
2026-10-07 02:18:23.319 WARN   Wiring.write_wire_scope: net not found
2026-10-07 02:18:23.319 WARN   Wiring.write_wire_scope: net not found
2026-10-07 02:18:23.319 WARN   Wiring.write_wire_scope: net not found
2026-10-07 02:18:23.319 WARN   Wiring.write_wire_scope: net not found
2026-10-07 02:18:23.808 WARN   Wiring.write_wire_scope: net not found
2026-10-07 02:18:23.808 WARN   Wiring.write_wire_scope: net not found
2026-10-07 02:18:23.808 WARN   Wiring.write_wire_scope: net not found
2026-10-07 02:18:23.808 WARN   Wiring.write_wire_scope: net not found
2026-10-07 02:18:23.808 WARN   Wiring.write_wire_scope: net not found
2026-10-07 02:18:23.808 WARN   Wiring.write_wire_scope: net not found
2026-10-07 02:18:23.808 WARN   Wiring.write_wire_scope: net not found
2026-10-07 02:18:23.808 WARN   Wiring.write_wire_scope: net not found
2026-10-07 02:18:23.808 WARN   Wiring.write_wire_scope: net not found
2026-10-07 02:18:23.808 WARN   Wiring.write_wire_scope: net not found
2026-10-07 02:18:23.808 WARN   Wiring.write_wire_scope: net not found
2026-10-07 02:18:23.808 WARN   Wiring.write_wire_scope: net not found
2026-10-07 02:18:23.808 WARN   Wiring.write_wire_scope: net not found
2026-10-07 02:18:23.808 WARN   Wiring.write_wire_scope: net not found
2026-10-07 02:18:23.808 WARN   Wiring.write_wire_scope: net not found
2026-10-07 02:18:23.808 WARN   Wiring.write_wire_scope: net not found
2026-10-07 02:18:23.808 WARN   Wiring.write_wire_scope: net not found
2026-10-07 02:18:23.808 WARN   Wiring.write_wire_scope: net not found
2026-10-07 02:18:23.808 WARN   Wiring.write_wire_scope: net not found
2026-10-07 02:18:23.808 WARN   Wiring.write_wire_scope: net not found
2026-10-07 02:18:23.809 WARN   Wiring.write_wire_scope: net not found
2026-10-07 02:18:23.809 WARN   Wiring.write_wire_scope: net not found
2026-10-07 02:18:23.809 WARN   Wiring.write_wire_scope: net not found
2026-10-07 02:18:23.809 WARN   Wiring.write_wire_scope: net not found
2026-10-07 02:18:24.389 WARN   Wiring.write_wire_scope: net not found
2026-10-07 02:18:24.389 WARN   Wiring.write_wire_scope: net not found
2026-10-07 02:18:24.389 WARN   Wiring.write_wire_scope: net not found
2026-10-07 02:18:24.389 WARN   Wiring.write_wire_scope: net not found
2026-10-07 02:18:24.389 WARN   Wiring.write_wire_scope: net not found
2026-10-07 02:18:24.389 WARN   Wiring.write_wire_scope: net not found
2026-10-07 02:18:24.389 WARN   Wiring.write_wire_scope: net not found
2026-10-07 02:18:24.389 WARN   Wiring.write_wire_scope: net not found
2026-10-07 02:18:24.389 WARN   Wiring.write_wire_scope: net not found
2026-10-07 02:18:24.389 WARN   Wiring.write_wire_scope: net not found
2026-10-07 02:18:24.389 WARN   Wiring.write_wire_scope: net not found
2026-10-07 02:18:24.389 WARN   Wiring.write_wire_scope: net not found
2026-10-07 02:18:24.389 WARN   Wiring.write_wire_scope: net not found
2026-10-07 02:18:24.389 WARN   Wiring.write_wire_scope: net not found
2026-10-07 02:18:24.389 WARN   Wiring.write_wire_scope: net not found
2026-10-07 02:18:24.389 WARN   Wiring.write_wire_scope: net not found
2026-10-07 02:18:24.389 WARN   Wiring.write_wire_scope: net not found
2026-10-07 02:18:24.389 WARN   Wiring.write_wire_scope: net not found
2026-10-07 02:18:24.389 WARN   Wiring.write_wire_scope: net not found
2026-10-07 02:18:24.389 WARN   Wiring.write_wire_scope: net not found
2026-10-07 02:18:24.389 WARN   Wiring.write_wire_scope: net not found
2026-10-07 02:18:24.389 WARN   Wiring.write_wire_scope: net not found
2026-10-07 02:18:24.389 WARN   Wiring.write_wire_scope: net not found
2026-10-07 02:18:24.389 WARN   Wiring.write_wire_scope: net not found
2026-10-07 02:18:24.860 WARN   Wiring.write_wire_scope: net not found
2026-10-07 02:18:24.860 WARN   Wiring.write_wire_scope: net not found
2026-10-07 02:18:24.860 WARN   Wiring.write_wire_scope: net not found
2026-10-07 02:18:24.860 WARN   Wiring.write_wire_scope: net not found
2026-10-07 02:18:24.860 WARN   Wiring.write_wire_scope: net not found
2026-10-07 02:18:24.860 WARN   Wiring.write_wire_scope: net not found
2026-10-07 02:18:24.860 WARN   Wiring.write_wire_scope: net not found
2026-10-07 02:18:24.860 WARN   Wiring.write_wire_scope: net not found
2026-10-07 02:18:24.860 WARN   Wiring.write_wire_scope: net not found
2026-10-07 02:18:24.860 WARN   Wiring.write_wire_scope: net not found
2026-10-07 02:18:24.860 WARN   Wiring.write_wire_scope: net not found
2026-10-07 02:18:24.860 WARN   Wiring.write_wire_scope: net not found
2026-10-07 02:18:24.860 WARN   Wiring.write_wire_scope: net not found
2026-10-07 02:18:24.860 WARN   Wiring.write_wire_scope: net not found
2026-10-07 02:18:24.860 WARN   Wiring.write_wire_scope: net not found
2026-10-07 02:18:24.860 WARN   Wiring.write_wire_scope: net not found
2026-10-07 02:18:24.860 WARN   Wiring.write_wire_scope: net not found
2026-10-07 02:18:24.861 WARN   Wiring.write_wire_scope: net not found
2026-10-07 02:18:24.861 WARN   Wiring.write_wire_scope: net not found
2026-10-07 02:18:24.861 WARN   Wiring.write_wire_scope: net not found
2026-10-07 02:18:24.861 WARN   Wiring.write_wire_scope: net not found
2026-10-07 02:18:24.861 WARN   Wiring.write_wire_scope: net not found
2026-10-07 02:18:24.861 WARN   Wiring.write_wire_scope: net not found
2026-10-07 02:18:24.861 WARN   Wiring.write_wire_scope: net not found
2026-10-07 02:18:25.362 WARN   Wiring.write_wire_scope: net not found
2026-10-07 02:18:25.362 WARN   Wiring.write_wire_scope: net not found
2026-10-07 02:18:25.362 WARN   Wiring.write_wire_scope: net not found
2026-10-07 02:18:25.362 WARN   Wiring.write_wire_scope: net not found
2026-10-07 02:18:25.362 WARN   Wiring.write_wire_scope: net not found
2026-10-07 02:18:25.362 WARN   Wiring.write_wire_scope: net not found
2026-10-07 02:18:25.362 WARN   Wiring.write_wire_scope: net not found
2026-10-07 02:18:25.362 WARN   Wiring.write_wire_scope: net not found
2026-10-07 02:18:25.362 WARN   Wiring.write_wire_scope: net not found
2026-10-07 02:18:25.362 WARN   Wiring.write_wire_scope: net not found
2026-10-07 02:18:25.362 WARN   Wiring.write_wire_scope: net not found
2026-10-07 02:18:25.362 WARN   Wiring.write_wire_scope: net not found
2026-10-07 02:18:25.362 WARN   Wiring.write_wire_scope: net not found
2026-10-07 02:18:25.362 WARN   Wiring.write_wire_scope: net not found
2026-10-07 02:18:25.362 WARN   Wiring.write_wire_scope: net not found
2026-10-07 02:18:25.362 WARN   Wiring.write_wire_scope: net not found
2026-10-07 02:18:25.362 WARN   Wiring.write_wire_scope: net not found
2026-10-07 02:18:25.362 WARN   Wiring.write_wire_scope: net not found
2026-10-07 02:18:25.362 WARN   Wiring.write_wire_scope: net not found
2026-10-07 02:18:25.362 WARN   Wiring.write_wire_scope: net not found
2026-10-07 02:18:25.362 WARN   Wiring.write_wire_scope: net not found
2026-10-07 02:18:25.362 WARN   Wiring.write_wire_scope: net not found
2026-10-07 02:18:25.362 WARN   Wiring.write_wire_scope: net not found
2026-10-07 02:18:25.362 WARN   Wiring.write_wire_scope: net not found
2026-10-07 02:18:25.938 WARN   Wiring.write_wire_scope: net not found
2026-10-07 02:18:25.938 WARN   Wiring.write_wire_scope: net not found
2026-10-07 02:18:25.938 WARN   Wiring.write_wire_scope: net not found
2026-10-07 02:18:25.938 WARN   Wiring.write_wire_scope: net not found
2026-10-07 02:18:25.938 WARN   Wiring.write_wire_scope: net not found
2026-10-07 02:18:25.938 WARN   Wiring.write_wire_scope: net not found
2026-10-07 02:18:25.938 WARN   Wiring.write_wire_scope: net not found
2026-10-07 02:18:25.938 WARN   Wiring.write_wire_scope: net not found
2026-10-07 02:18:25.938 WARN   Wiring.write_wire_scope: net not found
2026-10-07 02:18:25.938 WARN   Wiring.write_wire_scope: net not found
2026-10-07 02:18:25.938 WARN   Wiring.write_wire_scope: net not found
2026-10-07 02:18:25.938 WARN   Wiring.write_wire_scope: net not found
2026-10-07 02:18:25.938 WARN   Wiring.write_wire_scope: net not found
2026-10-07 02:18:25.938 WARN   Wiring.write_wire_scope: net not found
2026-10-07 02:18:25.938 WARN   Wiring.write_wire_scope: net not found
2026-10-07 02:18:25.938 WARN   Wiring.write_wire_scope: net not found
2026-10-07 02:18:25.938 WARN   Wiring.write_wire_scope: net not found
2026-10-07 02:18:25.938 WARN   Wiring.write_wire_scope: net not found
2026-10-07 02:18:25.938 WARN   Wiring.write_wire_scope: net not found
2026-10-07 02:18:25.938 WARN   Wiring.write_wire_scope: net not found
2026-10-07 02:18:25.938 WARN   Wiring.write_wire_scope: net not found
2026-10-07 02:18:25.938 WARN   Wiring.write_wire_scope: net not found
2026-10-07 02:18:25.938 WARN   Wiring.write_wire_scope: net not found
2026-10-07 02:18:25.938 WARN   Wiring.write_wire_scope: net not found
2026-10-07 02:18:26.078 WARN   Wiring.write_wire_scope: net not found
2026-10-07 02:18:26.078 WARN   Wiring.write_wire_scope: net not found
2026-10-07 02:18:26.078 WARN   Wiring.write_wire_scope: net not found
2026-10-07 02:18:26.078 WARN   Wiring.write_wire_scope: net not found
2026-10-07 02:18:26.078 WARN   Wiring.write_wire_scope: net not found
2026-10-07 02:18:26.078 WARN   Wiring.write_wire_scope: net not found
2026-10-07 02:18:26.078 WARN   Wiring.write_wire_scope: net not found
2026-10-07 02:18:26.078 WARN   Wiring.write_wire_scope: net not found
2026-10-07 02:18:26.078 WARN   Wiring.write_wire_scope: net not found
2026-10-07 02:18:26.078 WARN   Wiring.write_wire_scope: net not found
2026-10-07 02:18:26.078 WARN   Wiring.write_wire_scope: net not found
2026-10-07 02:18:26.079 WARN   Wiring.write_wire_scope: net not found
2026-10-07 02:18:26.079 WARN   Wiring.write_wire_scope: net not found
2026-10-07 02:18:26.079 WARN   Wiring.write_wire_scope: net not found
2026-10-07 02:18:26.079 WARN   Wiring.write_wire_scope: net not found
2026-10-07 02:18:26.079 WARN   Wiring.write_wire_scope: net not found
2026-10-07 02:18:26.079 WARN   Wiring.write_wire_scope: net not found
2026-10-07 02:18:26.079 WARN   Wiring.write_wire_scope: net not found
2026-10-07 02:18:26.079 WARN   Wiring.write_wire_scope: net not found
2026-10-07 02:18:26.079 WARN   Wiring.write_wire_scope: net not found
2026-10-07 02:18:26.079 WARN   Wiring.write_wire_scope: net not found
2026-10-07 02:18:26.079 WARN   Wiring.write_wire_scope: net not found
2026-10-07 02:18:26.079 WARN   Wiring.write_wire_scope: net not found
2026-10-07 02:18:26.079 WARN   Wiring.write_wire_scope: net not found
2026-10-07 02:18:26.126 INFO   [882121\91E9BC] Auto-routing pass #1 on board '9a4afab454dbbd82010b77c72e443209' was completed in 23.03 seconds with score 381.52 (59 unrouted and 402 violations), using 24.64 CPU seconds and the job allocated 30.62 GB of memory so far.
2026-10-07 02:18:26.298 INFO   [882121\91E9BC] Auto-routing stage completed: started with 114 unrouted nets, completed in 25.32 seconds, final score: 381.52 (59 unrouted and 402 violations), using 24.64 total CPU seconds, 30.62 GB total allocated, and 589.6 MB peak heap usage.
2026-10-07 02:18:26.351 INFO   [882121\91E9BC] Skipping optimization stage: the board has 59 unrouted connection(s) (optimizer only runs on completely routed boards).
2026-10-07 02:18:26.378 WARN   Wiring.write_wire_scope: net not found
2026-10-07 02:18:26.378 WARN   Wiring.write_wire_scope: net not found
2026-10-07 02:18:26.378 WARN   Wiring.write_wire_scope: net not found
2026-10-07 02:18:26.378 WARN   Wiring.write_wire_scope: net not found
2026-10-07 02:18:26.378 WARN   Wiring.write_wire_scope: net not found
2026-10-07 02:18:26.378 WARN   Wiring.write_wire_scope: net not found
2026-10-07 02:18:26.378 WARN   Wiring.write_wire_scope: net not found
2026-10-07 02:18:26.378 WARN   Wiring.write_wire_scope: net not found
2026-10-07 02:18:26.378 WARN   Wiring.write_wire_scope: net not found
2026-10-07 02:18:26.378 WARN   Wiring.write_wire_scope: net not found
2026-10-07 02:18:26.378 WARN   Wiring.write_wire_scope: net not found
2026-10-07 02:18:26.378 WARN   Wiring.write_wire_scope: net not found
2026-10-07 02:18:26.378 WARN   Wiring.write_wire_scope: net not found
2026-10-07 02:18:26.378 WARN   Wiring.write_wire_scope: net not found
2026-10-07 02:18:26.378 WARN   Wiring.write_wire_scope: net not found
2026-10-07 02:18:26.378 WARN   Wiring.write_wire_scope: net not found
2026-10-07 02:18:26.378 WARN   Wiring.write_wire_scope: net not found
2026-10-07 02:18:26.378 WARN   Wiring.write_wire_scope: net not found
2026-10-07 02:18:26.378 WARN   Wiring.write_wire_scope: net not found
2026-10-07 02:18:26.378 WARN   Wiring.write_wire_scope: net not found
2026-10-07 02:18:26.378 WARN   Wiring.write_wire_scope: net not found
2026-10-07 02:18:26.378 WARN   Wiring.write_wire_scope: net not found
2026-10-07 02:18:26.378 WARN   Wiring.write_wire_scope: net not found
2026-10-07 02:18:26.378 WARN   Wiring.write_wire_scope: net not found
2026-10-07 02:18:26.380 INFO   [882121\91E9BC] Job '882121\91E9BC' finished with state: COMPLETED (elapsed: 25.66 seconds, finished at UTC: 2026-10-06T15:18:26.379479946Z).
2026-10-07 02:18:26.390 INFO   Saving output file '/home/chithi/Desktop/DesktopSpeaker/ai-files/pcb/work-p1/B1-c2.ses' (SES)...
2026-10-07 02:18:26.391 INFO   Successfully saved output file '/home/chithi/Desktop/DesktopSpeaker/ai-files/pcb/work-p1/B1-c2.ses' (55397 bytes).
