2026-10-07 02:17:30.994 INFO   Freerouting v2.5.0 (build-date: 2026-10-05)
2026-10-07 02:17:31.258 INFO   Hardware: 24 CPU cores, 582 CPU score, 16056 MB RAM
2026-10-07 02:17:31.259 WARN   Deprecated settings path '-mp / --router.max_passes'; use '--router.autorouter.max_passes' instead. The old path will be removed in a future release.
2026-10-07 02:17:31.259 WARN   Couldn't get screen resolution. If you are running in a headless environment, disable the GUI by setting gui.enabled to false.
2026-10-07 02:17:32.284 WARN   Deprecated settings path 'router.max_passes'; use 'router.autorouter.max_passes' instead. The old path will be removed in a future release.
2026-10-07 02:17:32.544 INFO   [EEA2B3\0B105E] Loading board file 'B1-c1.dsn'...
2026-10-07 02:17:32.694 WARN   DSN file 'B1-c1.dsn' was loaded with 1 warning(s).
2026-10-07 02:17:32.768 INFO   [EEA2B3\0B105E] Job 'EEA2B3\0B105E' started at 2026-10-06T15:17:32.768148890Z.
2026-10-07 02:17:32.922 WARN   Design Warning: Board has 351 pre-existing clearance violation(s) in the loaded design (before routing):
  - 351 unfixable violation(s) (cannot be resolved by Freerouting):
      * 128 pin-to-pin clearance violations (first 5 shown):
          - D1.3 [net /USB_DP] <-> D1.2
          - U1.9 <-> U1.8 [net Net-(U1-AOHPL)]
          - U1.8 [net Net-(U1-AOHPL)] <-> U1.7
          - U1.7 <-> U1.6 [net Net-(U1-AOHPR)]
          - U1.6 [net Net-(U1-AOHPR)] <-> U1.5
          ... and 123 more
      * 223 fixed trace/via clearance violations (first 5 shown):
          - FixedTrace#3086 [net Net-(U24-VINR3)] <-> FixedTrace#3079 [net Net-(C205-Pad2)]
          - FixedTrace#3085 [net Net-(U24-VINR3)] <-> U24.29 [net Net-(U24-VINL3)]
          - FixedTrace#3084 [net Net-(U24-VINR3)] <-> U24.29 [net Net-(U24-VINL3)]
          - FixedTrace#3083 [net Net-(C205-Pad2)] <-> C220.2
          - FixedTrace#3083 [net Net-(C205-Pad2)] <-> C213.2
          ... and 218 more
  - 0 potentially fixable violations
Notice: Freerouting does not modify component placement, board outlines, or fixed items.
Resolving these 351 unfixable violation(s) is the responsibility of the board author in their EDA tool (e.g. KiCad).
2026-10-07 02:17:32.962 INFO   [EEA2B3\0B105E] Pipeline thread limits: autorouter pass is single-threaded, optimizer.max_threads=23.
2026-10-07 02:17:33.056 INFO   [EEA2B3\0B105E] Fanout stage started on board '839b7fecae59ba2078cf14f8c783da69' with 161 of 1066 SMD pins needing fanout (10 already connected, 895 netless).
2026-10-07 02:17:34.037 INFO   [EEA2B3\0B105E] Fanout pass #1 on board '5ba30080a7db4101120efec93ecb706b' completed in 0.92 seconds with 47 SMD pins fanouted, 96 not routed, 0 insert errors, +0 extra vias (0 SMD pins still to check in pass, ripup costs=100).
2026-10-07 02:17:34.310 INFO   [EEA2B3\0B105E] Fanout pass #2 on board '739e1ed44a75400e4d1b39c0032a0bbc' completed in 0.24 seconds with 12 SMD pins fanouted, 32 not routed, 0 insert errors, +0 extra vias (0 SMD pins still to check in pass, ripup costs=200).
2026-10-07 02:17:34.455 INFO   [EEA2B3\0B105E] Fanout pass #3 on board '2af2271eb0ab0d886d4f3de0a38d6cb3' completed in 0.12 seconds with 12 SMD pins fanouted, 2 not routed, 0 insert errors, +0 extra vias (0 SMD pins still to check in pass, ripup costs=300).
2026-10-07 02:17:34.592 INFO   [EEA2B3\0B105E] Fanout pass #4 on board '739e1ed44a75400e4d1b39c0032a0bbc' completed in 0.11 seconds with 12 SMD pins fanouted, 2 not routed, 0 insert errors, +0 extra vias (0 SMD pins still to check in pass, ripup costs=400).
2026-10-07 02:17:34.722 INFO   [EEA2B3\0B105E] Fanout pass #5 on board '74c47daae107389f57d5274812bb8bf1' completed in 0.10 seconds with 12 SMD pins fanouted, 2 not routed, 0 insert errors, +0 extra vias (0 SMD pins still to check in pass, ripup costs=500).
2026-10-07 02:17:34.722 INFO   Fanout stopped after 5 passes: no progress for 3 consecutive passes.
2026-10-07 02:17:34.732 INFO   [EEA2B3\0B105E] Fanout stage completed: started with 171 total SMD pins, completed in 1.65 seconds, escaped pins: 63/171 (36.8%), using 1.67 total CPU seconds, 1.23 GB total allocated, and 344.7 MB peak heap usage.
2026-10-07 02:17:34.862 INFO   [EEA2B3\0B105E] Auto-routing stage started on board '74c47daae107389f57d5274812bb8bf1' with baseline score 267.08 for 70 unrouted items.
2026-10-07 02:17:52.581 INFO   [EEA2B3\0B105E] Auto-routing pass #1 on board '74c47daae107389f57d5274812bb8bf1' was completed in 17.66 seconds with score 331.51 (59 unrouted and 351 violations), using 18.70 CPU seconds and the job allocated 21.80 GB of memory so far.
2026-10-07 02:17:52.728 INFO   [EEA2B3\0B105E] Auto-routing stage completed: started with 104 unrouted nets, completed in 19.72 seconds, final score: 331.51 (59 unrouted and 351 violations), using 18.70 total CPU seconds, 21.80 GB total allocated, and 534.7 MB peak heap usage.
2026-10-07 02:17:52.775 INFO   [EEA2B3\0B105E] Skipping optimization stage: the board has 59 unrouted connection(s) (optimizer only runs on completely routed boards).
2026-10-07 02:17:52.801 INFO   [EEA2B3\0B105E] Job 'EEA2B3\0B105E' finished with state: COMPLETED (elapsed: 20.03 seconds, finished at UTC: 2026-10-06T15:17:52.801018312Z).
2026-10-07 02:17:52.849 INFO   Saving output file '/home/chithi/Desktop/DesktopSpeaker/ai-files/pcb/work-p1/B1-c1.ses' (SES)...
2026-10-07 02:17:52.851 INFO   Successfully saved output file '/home/chithi/Desktop/DesktopSpeaker/ai-files/pcb/work-p1/B1-c1.ses' (51786 bytes).
