2026-10-07 12:28:47.173 INFO   Freerouting v2.5.0 (build-date: 2026-10-05)
2026-10-07 12:28:47.435 INFO   Hardware: 24 CPU cores, 608 CPU score, 16056 MB RAM
2026-10-07 12:28:47.435 WARN   Deprecated settings path '-mp / --router.max_passes'; use '--router.autorouter.max_passes' instead. The old path will be removed in a future release.
2026-10-07 12:28:47.435 WARN   Couldn't get screen resolution. If you are running in a headless environment, disable the GUI by setting gui.enabled to false.
2026-10-07 12:28:48.457 WARN   Deprecated settings path 'router.max_passes'; use 'router.autorouter.max_passes' instead. The old path will be removed in a future release.
2026-10-07 12:28:48.715 INFO   [0CCF54\2F676C] Loading board file 'B2-c2.dsn'...
2026-10-07 12:28:48.847 WARN   Wiring: via net 'Net-(U25-FSW)' not found at 'Net-(U25-FSW)'
2026-10-07 12:28:48.848 WARN   Wiring: via net 'Net-(U25-FSW)' not found at 'Net-(U25-FSW)'
2026-10-07 12:28:48.848 WARN   Wiring: via net 'Net-(U2-VCCCI)' not found at 'Net-(U2-VCCCI)'
2026-10-07 12:28:48.848 WARN   Wiring: via net 'Net-(U2-VCCCI)' not found at 'Net-(U2-VCCCI)'
2026-10-07 12:28:48.848 WARN   Wiring: via net 'Net-(U2-VCCCI)' not found at 'Net-(U2-VCCCI)'
2026-10-07 12:28:48.849 WARN   Wiring: via net 'Net-(U2-VCCP2I)' not found at 'Net-(U2-VCCP2I)'
2026-10-07 12:28:48.849 WARN   Wiring: via net 'Net-(U2-VCCP2I)' not found at 'Net-(U2-VCCP2I)'
2026-10-07 12:28:48.863 WARN   DSN file 'B2-c2.dsn' was loaded with 8 warning(s).
2026-10-07 12:28:48.939 INFO   [0CCF54\2F676C] Job '0CCF54\2F676C' started at 2026-10-07T01:28:48.939871803Z.
2026-10-07 12:28:49.018 WARN   Wiring.write_wire_scope: net not found
2026-10-07 12:28:49.018 WARN   Wiring.write_wire_scope: net not found
2026-10-07 12:28:49.018 WARN   Wiring.write_wire_scope: net not found
2026-10-07 12:28:49.018 WARN   Wiring.write_wire_scope: net not found
2026-10-07 12:28:49.018 WARN   Wiring.write_wire_scope: net not found
2026-10-07 12:28:49.018 WARN   Wiring.write_wire_scope: net not found
2026-10-07 12:28:49.018 WARN   Wiring.write_wire_scope: net not found
2026-10-07 12:28:49.019 WARN   Wiring.write_wire_scope: net not found
2026-10-07 12:28:49.019 WARN   Wiring.write_wire_scope: net not found
2026-10-07 12:28:49.019 WARN   Wiring.write_wire_scope: net not found
2026-10-07 12:28:49.019 WARN   Wiring.write_wire_scope: net not found
2026-10-07 12:28:49.019 WARN   Wiring.write_wire_scope: net not found
2026-10-07 12:28:49.019 WARN   Wiring.write_wire_scope: net not found
2026-10-07 12:28:49.019 WARN   Wiring.write_wire_scope: net not found
2026-10-07 12:28:49.019 WARN   Wiring.write_wire_scope: net not found
2026-10-07 12:28:49.019 WARN   Wiring.write_wire_scope: net not found
2026-10-07 12:28:49.019 WARN   Wiring.write_wire_scope: net not found
2026-10-07 12:28:49.019 WARN   Wiring.write_wire_scope: net not found
2026-10-07 12:28:49.019 WARN   Wiring.write_wire_scope: net not found
2026-10-07 12:28:49.020 WARN   Wiring.write_wire_scope: net not found
2026-10-07 12:28:49.020 WARN   Wiring.write_wire_scope: net not found
2026-10-07 12:28:49.020 WARN   Wiring.write_wire_scope: net not found
2026-10-07 12:28:49.020 WARN   Wiring.write_wire_scope: net not found
2026-10-07 12:28:49.020 WARN   Wiring.write_wire_scope: net not found
2026-10-07 12:28:49.020 WARN   Wiring.write_wire_scope: net not found
2026-10-07 12:28:49.020 WARN   Wiring.write_wire_scope: net not found
2026-10-07 12:28:49.020 WARN   Wiring.write_wire_scope: net not found
2026-10-07 12:28:49.020 WARN   Wiring.write_wire_scope: net not found
2026-10-07 12:28:49.020 WARN   Wiring.write_wire_scope: net not found
2026-10-07 12:28:49.020 WARN   Wiring.write_wire_scope: net not found
2026-10-07 12:28:49.020 WARN   Wiring.write_wire_scope: net not found
2026-10-07 12:28:49.071 WARN   Design Warning: Board has 135 pre-existing clearance violation(s) in the loaded design (before routing):
  - 135 unfixable violation(s) (cannot be resolved by Freerouting):
      * 46 pin-to-pin clearance violations (first 5 shown):
          - Q103.9 <-> Q103.8
          - Q103.9 <-> Q103.7
          - Q103.9 <-> Q103.6
          - Q103.9 <-> Q103.5
          - U25.21 <-> U25.20
          ... and 41 more
      * 89 fixed trace/via clearance violations (first 5 shown):
          - FixedVia#3128 <-> FixedTrace#3118
          - FixedVia#3128 <-> FixedTrace#3121
          - FixedVia#3127 <-> FixedTrace#3117
          - FixedVia#3127 <-> FixedTrace#3115
          - FixedVia#3127 <-> FixedTrace#3120
          ... and 84 more
  - 0 potentially fixable violations
Notice: Freerouting does not modify component placement, board outlines, or fixed items.
Resolving these 135 unfixable violation(s) is the responsibility of the board author in their EDA tool (e.g. KiCad).
2026-10-07 12:28:49.109 INFO   [0CCF54\2F676C] Pipeline thread limits: autorouter pass is single-threaded, optimizer.max_threads=23.
2026-10-07 12:28:49.184 INFO   [0CCF54\2F676C] Fanout stage started on board '9e9069450bdeb7474e1c7039d9ff1956' with 168 of 1066 SMD pins needing fanout (10 already connected, 888 netless).
2026-10-07 12:28:49.270 WARN   Wiring.write_wire_scope: net not found
2026-10-07 12:28:49.270 WARN   Wiring.write_wire_scope: net not found
2026-10-07 12:28:49.270 WARN   Wiring.write_wire_scope: net not found
2026-10-07 12:28:49.270 WARN   Wiring.write_wire_scope: net not found
2026-10-07 12:28:49.270 WARN   Wiring.write_wire_scope: net not found
2026-10-07 12:28:49.271 WARN   Wiring.write_wire_scope: net not found
2026-10-07 12:28:49.271 WARN   Wiring.write_wire_scope: net not found
2026-10-07 12:28:49.271 WARN   Wiring.write_wire_scope: net not found
2026-10-07 12:28:49.271 WARN   Wiring.write_wire_scope: net not found
2026-10-07 12:28:49.271 WARN   Wiring.write_wire_scope: net not found
2026-10-07 12:28:49.271 WARN   Wiring.write_wire_scope: net not found
2026-10-07 12:28:49.271 WARN   Wiring.write_wire_scope: net not found
2026-10-07 12:28:49.271 WARN   Wiring.write_wire_scope: net not found
2026-10-07 12:28:49.271 WARN   Wiring.write_wire_scope: net not found
2026-10-07 12:28:49.271 WARN   Wiring.write_wire_scope: net not found
2026-10-07 12:28:49.271 WARN   Wiring.write_wire_scope: net not found
2026-10-07 12:28:49.271 WARN   Wiring.write_wire_scope: net not found
2026-10-07 12:28:49.272 WARN   Wiring.write_wire_scope: net not found
2026-10-07 12:28:49.272 WARN   Wiring.write_wire_scope: net not found
2026-10-07 12:28:49.272 WARN   Wiring.write_wire_scope: net not found
2026-10-07 12:28:49.272 WARN   Wiring.write_wire_scope: net not found
2026-10-07 12:28:49.272 WARN   Wiring.write_wire_scope: net not found
2026-10-07 12:28:49.272 WARN   Wiring.write_wire_scope: net not found
2026-10-07 12:28:49.272 WARN   Wiring.write_wire_scope: net not found
2026-10-07 12:28:49.272 WARN   Wiring.write_wire_scope: net not found
2026-10-07 12:28:49.272 WARN   Wiring.write_wire_scope: net not found
2026-10-07 12:28:49.272 WARN   Wiring.write_wire_scope: net not found
2026-10-07 12:28:49.273 WARN   Wiring.write_wire_scope: net not found
2026-10-07 12:28:49.273 WARN   Wiring.write_wire_scope: net not found
2026-10-07 12:28:49.273 WARN   Wiring.write_wire_scope: net not found
2026-10-07 12:28:49.273 WARN   Wiring.write_wire_scope: net not found
2026-10-07 12:28:49.417 WARN   Wiring.write_wire_scope: net not found
2026-10-07 12:28:49.417 WARN   Wiring.write_wire_scope: net not found
2026-10-07 12:28:49.417 WARN   Wiring.write_wire_scope: net not found
2026-10-07 12:28:49.417 WARN   Wiring.write_wire_scope: net not found
2026-10-07 12:28:49.417 WARN   Wiring.write_wire_scope: net not found
2026-10-07 12:28:49.417 WARN   Wiring.write_wire_scope: net not found
2026-10-07 12:28:49.417 WARN   Wiring.write_wire_scope: net not found
2026-10-07 12:28:49.417 WARN   Wiring.write_wire_scope: net not found
2026-10-07 12:28:49.417 WARN   Wiring.write_wire_scope: net not found
2026-10-07 12:28:49.417 WARN   Wiring.write_wire_scope: net not found
2026-10-07 12:28:49.417 WARN   Wiring.write_wire_scope: net not found
2026-10-07 12:28:49.417 WARN   Wiring.write_wire_scope: net not found
2026-10-07 12:28:49.418 WARN   Wiring.write_wire_scope: net not found
2026-10-07 12:28:49.418 WARN   Wiring.write_wire_scope: net not found
2026-10-07 12:28:49.418 WARN   Wiring.write_wire_scope: net not found
2026-10-07 12:28:49.418 WARN   Wiring.write_wire_scope: net not found
2026-10-07 12:28:49.418 WARN   Wiring.write_wire_scope: net not found
2026-10-07 12:28:49.418 WARN   Wiring.write_wire_scope: net not found
2026-10-07 12:28:49.418 WARN   Wiring.write_wire_scope: net not found
2026-10-07 12:28:49.418 WARN   Wiring.write_wire_scope: net not found
2026-10-07 12:28:49.418 WARN   Wiring.write_wire_scope: net not found
2026-10-07 12:28:49.418 WARN   Wiring.write_wire_scope: net not found
2026-10-07 12:28:49.418 WARN   Wiring.write_wire_scope: net not found
2026-10-07 12:28:49.418 WARN   Wiring.write_wire_scope: net not found
2026-10-07 12:28:49.418 WARN   Wiring.write_wire_scope: net not found
2026-10-07 12:28:49.418 WARN   Wiring.write_wire_scope: net not found
2026-10-07 12:28:49.418 WARN   Wiring.write_wire_scope: net not found
2026-10-07 12:28:49.418 WARN   Wiring.write_wire_scope: net not found
2026-10-07 12:28:49.418 WARN   Wiring.write_wire_scope: net not found
2026-10-07 12:28:49.419 WARN   Wiring.write_wire_scope: net not found
2026-10-07 12:28:49.419 WARN   Wiring.write_wire_scope: net not found
2026-10-07 12:28:50.376 WARN   Wiring.write_wire_scope: net not found
2026-10-07 12:28:50.376 WARN   Wiring.write_wire_scope: net not found
2026-10-07 12:28:50.376 WARN   Wiring.write_wire_scope: net not found
2026-10-07 12:28:50.376 WARN   Wiring.write_wire_scope: net not found
2026-10-07 12:28:50.376 WARN   Wiring.write_wire_scope: net not found
2026-10-07 12:28:50.376 WARN   Wiring.write_wire_scope: net not found
2026-10-07 12:28:50.376 WARN   Wiring.write_wire_scope: net not found
2026-10-07 12:28:50.376 WARN   Wiring.write_wire_scope: net not found
2026-10-07 12:28:50.376 WARN   Wiring.write_wire_scope: net not found
2026-10-07 12:28:50.376 WARN   Wiring.write_wire_scope: net not found
2026-10-07 12:28:50.376 WARN   Wiring.write_wire_scope: net not found
2026-10-07 12:28:50.376 WARN   Wiring.write_wire_scope: net not found
2026-10-07 12:28:50.376 WARN   Wiring.write_wire_scope: net not found
2026-10-07 12:28:50.376 WARN   Wiring.write_wire_scope: net not found
2026-10-07 12:28:50.376 WARN   Wiring.write_wire_scope: net not found
2026-10-07 12:28:50.376 WARN   Wiring.write_wire_scope: net not found
2026-10-07 12:28:50.376 WARN   Wiring.write_wire_scope: net not found
2026-10-07 12:28:50.376 WARN   Wiring.write_wire_scope: net not found
2026-10-07 12:28:50.376 WARN   Wiring.write_wire_scope: net not found
2026-10-07 12:28:50.376 WARN   Wiring.write_wire_scope: net not found
2026-10-07 12:28:50.376 WARN   Wiring.write_wire_scope: net not found
2026-10-07 12:28:50.376 WARN   Wiring.write_wire_scope: net not found
2026-10-07 12:28:50.376 WARN   Wiring.write_wire_scope: net not found
2026-10-07 12:28:50.376 WARN   Wiring.write_wire_scope: net not found
2026-10-07 12:28:50.376 WARN   Wiring.write_wire_scope: net not found
2026-10-07 12:28:50.376 WARN   Wiring.write_wire_scope: net not found
2026-10-07 12:28:50.376 WARN   Wiring.write_wire_scope: net not found
2026-10-07 12:28:50.376 WARN   Wiring.write_wire_scope: net not found
2026-10-07 12:28:50.376 WARN   Wiring.write_wire_scope: net not found
2026-10-07 12:28:50.376 WARN   Wiring.write_wire_scope: net not found
2026-10-07 12:28:50.376 WARN   Wiring.write_wire_scope: net not found
2026-10-07 12:28:50.381 INFO   [0CCF54\2F676C] Fanout pass #1 on board 'e9cc1b49e8c470cc782dd7fbf9a21665' completed in 1.13 seconds with 70 SMD pins fanouted, 72 not routed, 0 insert errors, +1 extra via (0 SMD pins still to check in pass, ripup costs=100).
2026-10-07 12:28:50.417 WARN   Wiring.write_wire_scope: net not found
2026-10-07 12:28:50.417 WARN   Wiring.write_wire_scope: net not found
2026-10-07 12:28:50.417 WARN   Wiring.write_wire_scope: net not found
2026-10-07 12:28:50.417 WARN   Wiring.write_wire_scope: net not found
2026-10-07 12:28:50.417 WARN   Wiring.write_wire_scope: net not found
2026-10-07 12:28:50.417 WARN   Wiring.write_wire_scope: net not found
2026-10-07 12:28:50.417 WARN   Wiring.write_wire_scope: net not found
2026-10-07 12:28:50.417 WARN   Wiring.write_wire_scope: net not found
2026-10-07 12:28:50.417 WARN   Wiring.write_wire_scope: net not found
2026-10-07 12:28:50.417 WARN   Wiring.write_wire_scope: net not found
2026-10-07 12:28:50.417 WARN   Wiring.write_wire_scope: net not found
2026-10-07 12:28:50.417 WARN   Wiring.write_wire_scope: net not found
2026-10-07 12:28:50.417 WARN   Wiring.write_wire_scope: net not found
2026-10-07 12:28:50.417 WARN   Wiring.write_wire_scope: net not found
2026-10-07 12:28:50.418 WARN   Wiring.write_wire_scope: net not found
2026-10-07 12:28:50.418 WARN   Wiring.write_wire_scope: net not found
2026-10-07 12:28:50.418 WARN   Wiring.write_wire_scope: net not found
2026-10-07 12:28:50.418 WARN   Wiring.write_wire_scope: net not found
2026-10-07 12:28:50.418 WARN   Wiring.write_wire_scope: net not found
2026-10-07 12:28:50.418 WARN   Wiring.write_wire_scope: net not found
2026-10-07 12:28:50.418 WARN   Wiring.write_wire_scope: net not found
2026-10-07 12:28:50.418 WARN   Wiring.write_wire_scope: net not found
2026-10-07 12:28:50.418 WARN   Wiring.write_wire_scope: net not found
2026-10-07 12:28:50.418 WARN   Wiring.write_wire_scope: net not found
2026-10-07 12:28:50.418 WARN   Wiring.write_wire_scope: net not found
2026-10-07 12:28:50.418 WARN   Wiring.write_wire_scope: net not found
2026-10-07 12:28:50.418 WARN   Wiring.write_wire_scope: net not found
2026-10-07 12:28:50.418 WARN   Wiring.write_wire_scope: net not found
2026-10-07 12:28:50.418 WARN   Wiring.write_wire_scope: net not found
2026-10-07 12:28:50.418 WARN   Wiring.write_wire_scope: net not found
2026-10-07 12:28:50.418 WARN   Wiring.write_wire_scope: net not found
2026-10-07 12:28:50.446 WARN   Wiring.write_wire_scope: net not found
2026-10-07 12:28:50.446 WARN   Wiring.write_wire_scope: net not found
2026-10-07 12:28:50.446 WARN   Wiring.write_wire_scope: net not found
2026-10-07 12:28:50.446 WARN   Wiring.write_wire_scope: net not found
2026-10-07 12:28:50.446 WARN   Wiring.write_wire_scope: net not found
2026-10-07 12:28:50.446 WARN   Wiring.write_wire_scope: net not found
2026-10-07 12:28:50.446 WARN   Wiring.write_wire_scope: net not found
2026-10-07 12:28:50.446 WARN   Wiring.write_wire_scope: net not found
2026-10-07 12:28:50.446 WARN   Wiring.write_wire_scope: net not found
2026-10-07 12:28:50.446 WARN   Wiring.write_wire_scope: net not found
2026-10-07 12:28:50.446 WARN   Wiring.write_wire_scope: net not found
2026-10-07 12:28:50.446 WARN   Wiring.write_wire_scope: net not found
2026-10-07 12:28:50.447 WARN   Wiring.write_wire_scope: net not found
2026-10-07 12:28:50.447 WARN   Wiring.write_wire_scope: net not found
2026-10-07 12:28:50.447 WARN   Wiring.write_wire_scope: net not found
2026-10-07 12:28:50.447 WARN   Wiring.write_wire_scope: net not found
2026-10-07 12:28:50.447 WARN   Wiring.write_wire_scope: net not found
2026-10-07 12:28:50.447 WARN   Wiring.write_wire_scope: net not found
2026-10-07 12:28:50.447 WARN   Wiring.write_wire_scope: net not found
2026-10-07 12:28:50.447 WARN   Wiring.write_wire_scope: net not found
2026-10-07 12:28:50.447 WARN   Wiring.write_wire_scope: net not found
2026-10-07 12:28:50.447 WARN   Wiring.write_wire_scope: net not found
2026-10-07 12:28:50.447 WARN   Wiring.write_wire_scope: net not found
2026-10-07 12:28:50.447 WARN   Wiring.write_wire_scope: net not found
2026-10-07 12:28:50.447 WARN   Wiring.write_wire_scope: net not found
2026-10-07 12:28:50.447 WARN   Wiring.write_wire_scope: net not found
2026-10-07 12:28:50.447 WARN   Wiring.write_wire_scope: net not found
2026-10-07 12:28:50.447 WARN   Wiring.write_wire_scope: net not found
2026-10-07 12:28:50.447 WARN   Wiring.write_wire_scope: net not found
2026-10-07 12:28:50.447 WARN   Wiring.write_wire_scope: net not found
2026-10-07 12:28:50.447 WARN   Wiring.write_wire_scope: net not found
2026-10-07 12:28:50.814 WARN   Wiring.write_wire_scope: net not found
2026-10-07 12:28:50.814 WARN   Wiring.write_wire_scope: net not found
2026-10-07 12:28:50.814 WARN   Wiring.write_wire_scope: net not found
2026-10-07 12:28:50.814 WARN   Wiring.write_wire_scope: net not found
2026-10-07 12:28:50.814 WARN   Wiring.write_wire_scope: net not found
2026-10-07 12:28:50.814 WARN   Wiring.write_wire_scope: net not found
2026-10-07 12:28:50.814 WARN   Wiring.write_wire_scope: net not found
2026-10-07 12:28:50.814 WARN   Wiring.write_wire_scope: net not found
2026-10-07 12:28:50.814 WARN   Wiring.write_wire_scope: net not found
2026-10-07 12:28:50.814 WARN   Wiring.write_wire_scope: net not found
2026-10-07 12:28:50.814 WARN   Wiring.write_wire_scope: net not found
2026-10-07 12:28:50.814 WARN   Wiring.write_wire_scope: net not found
2026-10-07 12:28:50.814 WARN   Wiring.write_wire_scope: net not found
2026-10-07 12:28:50.814 WARN   Wiring.write_wire_scope: net not found
2026-10-07 12:28:50.814 WARN   Wiring.write_wire_scope: net not found
2026-10-07 12:28:50.814 WARN   Wiring.write_wire_scope: net not found
2026-10-07 12:28:50.814 WARN   Wiring.write_wire_scope: net not found
2026-10-07 12:28:50.814 WARN   Wiring.write_wire_scope: net not found
2026-10-07 12:28:50.814 WARN   Wiring.write_wire_scope: net not found
2026-10-07 12:28:50.814 WARN   Wiring.write_wire_scope: net not found
2026-10-07 12:28:50.814 WARN   Wiring.write_wire_scope: net not found
2026-10-07 12:28:50.814 WARN   Wiring.write_wire_scope: net not found
2026-10-07 12:28:50.814 WARN   Wiring.write_wire_scope: net not found
2026-10-07 12:28:50.814 WARN   Wiring.write_wire_scope: net not found
2026-10-07 12:28:50.814 WARN   Wiring.write_wire_scope: net not found
2026-10-07 12:28:50.814 WARN   Wiring.write_wire_scope: net not found
2026-10-07 12:28:50.814 WARN   Wiring.write_wire_scope: net not found
2026-10-07 12:28:50.814 WARN   Wiring.write_wire_scope: net not found
2026-10-07 12:28:50.814 WARN   Wiring.write_wire_scope: net not found
2026-10-07 12:28:50.814 WARN   Wiring.write_wire_scope: net not found
2026-10-07 12:28:50.814 WARN   Wiring.write_wire_scope: net not found
2026-10-07 12:28:50.820 INFO   [0CCF54\2F676C] Fanout pass #2 on board 'f28cdb26dbac76a4e9fac0b582d53532' completed in 0.40 seconds with 18 SMD pins fanouted, 44 not routed, 0 insert errors, +1 extra via (0 SMD pins still to check in pass, ripup costs=200).
2026-10-07 12:28:50.856 WARN   Wiring.write_wire_scope: net not found
2026-10-07 12:28:50.856 WARN   Wiring.write_wire_scope: net not found
2026-10-07 12:28:50.856 WARN   Wiring.write_wire_scope: net not found
2026-10-07 12:28:50.856 WARN   Wiring.write_wire_scope: net not found
2026-10-07 12:28:50.856 WARN   Wiring.write_wire_scope: net not found
2026-10-07 12:28:50.856 WARN   Wiring.write_wire_scope: net not found
2026-10-07 12:28:50.856 WARN   Wiring.write_wire_scope: net not found
2026-10-07 12:28:50.856 WARN   Wiring.write_wire_scope: net not found
2026-10-07 12:28:50.856 WARN   Wiring.write_wire_scope: net not found
2026-10-07 12:28:50.856 WARN   Wiring.write_wire_scope: net not found
2026-10-07 12:28:50.856 WARN   Wiring.write_wire_scope: net not found
2026-10-07 12:28:50.856 WARN   Wiring.write_wire_scope: net not found
2026-10-07 12:28:50.856 WARN   Wiring.write_wire_scope: net not found
2026-10-07 12:28:50.856 WARN   Wiring.write_wire_scope: net not found
2026-10-07 12:28:50.856 WARN   Wiring.write_wire_scope: net not found
2026-10-07 12:28:50.856 WARN   Wiring.write_wire_scope: net not found
2026-10-07 12:28:50.856 WARN   Wiring.write_wire_scope: net not found
2026-10-07 12:28:50.856 WARN   Wiring.write_wire_scope: net not found
2026-10-07 12:28:50.856 WARN   Wiring.write_wire_scope: net not found
2026-10-07 12:28:50.856 WARN   Wiring.write_wire_scope: net not found
2026-10-07 12:28:50.857 WARN   Wiring.write_wire_scope: net not found
2026-10-07 12:28:50.857 WARN   Wiring.write_wire_scope: net not found
2026-10-07 12:28:50.857 WARN   Wiring.write_wire_scope: net not found
2026-10-07 12:28:50.857 WARN   Wiring.write_wire_scope: net not found
2026-10-07 12:28:50.857 WARN   Wiring.write_wire_scope: net not found
2026-10-07 12:28:50.857 WARN   Wiring.write_wire_scope: net not found
2026-10-07 12:28:50.857 WARN   Wiring.write_wire_scope: net not found
2026-10-07 12:28:50.857 WARN   Wiring.write_wire_scope: net not found
2026-10-07 12:28:50.857 WARN   Wiring.write_wire_scope: net not found
2026-10-07 12:28:50.857 WARN   Wiring.write_wire_scope: net not found
2026-10-07 12:28:50.857 WARN   Wiring.write_wire_scope: net not found
2026-10-07 12:28:50.886 WARN   Wiring.write_wire_scope: net not found
2026-10-07 12:28:50.886 WARN   Wiring.write_wire_scope: net not found
2026-10-07 12:28:50.886 WARN   Wiring.write_wire_scope: net not found
2026-10-07 12:28:50.886 WARN   Wiring.write_wire_scope: net not found
2026-10-07 12:28:50.886 WARN   Wiring.write_wire_scope: net not found
2026-10-07 12:28:50.886 WARN   Wiring.write_wire_scope: net not found
2026-10-07 12:28:50.886 WARN   Wiring.write_wire_scope: net not found
2026-10-07 12:28:50.886 WARN   Wiring.write_wire_scope: net not found
2026-10-07 12:28:50.886 WARN   Wiring.write_wire_scope: net not found
2026-10-07 12:28:50.886 WARN   Wiring.write_wire_scope: net not found
2026-10-07 12:28:50.886 WARN   Wiring.write_wire_scope: net not found
2026-10-07 12:28:50.886 WARN   Wiring.write_wire_scope: net not found
2026-10-07 12:28:50.887 WARN   Wiring.write_wire_scope: net not found
2026-10-07 12:28:50.887 WARN   Wiring.write_wire_scope: net not found
2026-10-07 12:28:50.887 WARN   Wiring.write_wire_scope: net not found
2026-10-07 12:28:50.887 WARN   Wiring.write_wire_scope: net not found
2026-10-07 12:28:50.887 WARN   Wiring.write_wire_scope: net not found
2026-10-07 12:28:50.887 WARN   Wiring.write_wire_scope: net not found
2026-10-07 12:28:50.887 WARN   Wiring.write_wire_scope: net not found
2026-10-07 12:28:50.887 WARN   Wiring.write_wire_scope: net not found
2026-10-07 12:28:50.887 WARN   Wiring.write_wire_scope: net not found
2026-10-07 12:28:50.887 WARN   Wiring.write_wire_scope: net not found
2026-10-07 12:28:50.887 WARN   Wiring.write_wire_scope: net not found
2026-10-07 12:28:50.887 WARN   Wiring.write_wire_scope: net not found
2026-10-07 12:28:50.887 WARN   Wiring.write_wire_scope: net not found
2026-10-07 12:28:50.887 WARN   Wiring.write_wire_scope: net not found
2026-10-07 12:28:50.887 WARN   Wiring.write_wire_scope: net not found
2026-10-07 12:28:50.887 WARN   Wiring.write_wire_scope: net not found
2026-10-07 12:28:50.887 WARN   Wiring.write_wire_scope: net not found
2026-10-07 12:28:50.887 WARN   Wiring.write_wire_scope: net not found
2026-10-07 12:28:50.887 WARN   Wiring.write_wire_scope: net not found
2026-10-07 12:28:51.011 WARN   Wiring.write_wire_scope: net not found
2026-10-07 12:28:51.011 WARN   Wiring.write_wire_scope: net not found
2026-10-07 12:28:51.011 WARN   Wiring.write_wire_scope: net not found
2026-10-07 12:28:51.011 WARN   Wiring.write_wire_scope: net not found
2026-10-07 12:28:51.011 WARN   Wiring.write_wire_scope: net not found
2026-10-07 12:28:51.011 WARN   Wiring.write_wire_scope: net not found
2026-10-07 12:28:51.011 WARN   Wiring.write_wire_scope: net not found
2026-10-07 12:28:51.011 WARN   Wiring.write_wire_scope: net not found
2026-10-07 12:28:51.011 WARN   Wiring.write_wire_scope: net not found
2026-10-07 12:28:51.011 WARN   Wiring.write_wire_scope: net not found
2026-10-07 12:28:51.011 WARN   Wiring.write_wire_scope: net not found
2026-10-07 12:28:51.011 WARN   Wiring.write_wire_scope: net not found
2026-10-07 12:28:51.011 WARN   Wiring.write_wire_scope: net not found
2026-10-07 12:28:51.011 WARN   Wiring.write_wire_scope: net not found
2026-10-07 12:28:51.011 WARN   Wiring.write_wire_scope: net not found
2026-10-07 12:28:51.011 WARN   Wiring.write_wire_scope: net not found
2026-10-07 12:28:51.012 WARN   Wiring.write_wire_scope: net not found
2026-10-07 12:28:51.012 WARN   Wiring.write_wire_scope: net not found
2026-10-07 12:28:51.012 WARN   Wiring.write_wire_scope: net not found
2026-10-07 12:28:51.012 WARN   Wiring.write_wire_scope: net not found
2026-10-07 12:28:51.012 WARN   Wiring.write_wire_scope: net not found
2026-10-07 12:28:51.012 WARN   Wiring.write_wire_scope: net not found
2026-10-07 12:28:51.012 WARN   Wiring.write_wire_scope: net not found
2026-10-07 12:28:51.012 WARN   Wiring.write_wire_scope: net not found
2026-10-07 12:28:51.012 WARN   Wiring.write_wire_scope: net not found
2026-10-07 12:28:51.012 WARN   Wiring.write_wire_scope: net not found
2026-10-07 12:28:51.012 WARN   Wiring.write_wire_scope: net not found
2026-10-07 12:28:51.012 WARN   Wiring.write_wire_scope: net not found
2026-10-07 12:28:51.012 WARN   Wiring.write_wire_scope: net not found
2026-10-07 12:28:51.012 WARN   Wiring.write_wire_scope: net not found
2026-10-07 12:28:51.012 WARN   Wiring.write_wire_scope: net not found
2026-10-07 12:28:51.016 INFO   [0CCF54\2F676C] Fanout pass #3 on board '8d917eaa588dee7fc81f9ac28529deca' completed in 0.16 seconds with 17 SMD pins fanouted, 10 not routed, 0 insert errors, +0 extra vias (0 SMD pins still to check in pass, ripup costs=300).
2026-10-07 12:28:51.051 WARN   Wiring.write_wire_scope: net not found
2026-10-07 12:28:51.051 WARN   Wiring.write_wire_scope: net not found
2026-10-07 12:28:51.051 WARN   Wiring.write_wire_scope: net not found
2026-10-07 12:28:51.051 WARN   Wiring.write_wire_scope: net not found
2026-10-07 12:28:51.051 WARN   Wiring.write_wire_scope: net not found
2026-10-07 12:28:51.051 WARN   Wiring.write_wire_scope: net not found
2026-10-07 12:28:51.051 WARN   Wiring.write_wire_scope: net not found
2026-10-07 12:28:51.051 WARN   Wiring.write_wire_scope: net not found
2026-10-07 12:28:51.052 WARN   Wiring.write_wire_scope: net not found
2026-10-07 12:28:51.052 WARN   Wiring.write_wire_scope: net not found
2026-10-07 12:28:51.052 WARN   Wiring.write_wire_scope: net not found
2026-10-07 12:28:51.052 WARN   Wiring.write_wire_scope: net not found
2026-10-07 12:28:51.052 WARN   Wiring.write_wire_scope: net not found
2026-10-07 12:28:51.052 WARN   Wiring.write_wire_scope: net not found
2026-10-07 12:28:51.052 WARN   Wiring.write_wire_scope: net not found
2026-10-07 12:28:51.052 WARN   Wiring.write_wire_scope: net not found
2026-10-07 12:28:51.052 WARN   Wiring.write_wire_scope: net not found
2026-10-07 12:28:51.052 WARN   Wiring.write_wire_scope: net not found
2026-10-07 12:28:51.052 WARN   Wiring.write_wire_scope: net not found
2026-10-07 12:28:51.052 WARN   Wiring.write_wire_scope: net not found
2026-10-07 12:28:51.052 WARN   Wiring.write_wire_scope: net not found
2026-10-07 12:28:51.052 WARN   Wiring.write_wire_scope: net not found
2026-10-07 12:28:51.052 WARN   Wiring.write_wire_scope: net not found
2026-10-07 12:28:51.052 WARN   Wiring.write_wire_scope: net not found
2026-10-07 12:28:51.052 WARN   Wiring.write_wire_scope: net not found
2026-10-07 12:28:51.052 WARN   Wiring.write_wire_scope: net not found
2026-10-07 12:28:51.052 WARN   Wiring.write_wire_scope: net not found
2026-10-07 12:28:51.052 WARN   Wiring.write_wire_scope: net not found
2026-10-07 12:28:51.052 WARN   Wiring.write_wire_scope: net not found
2026-10-07 12:28:51.052 WARN   Wiring.write_wire_scope: net not found
2026-10-07 12:28:51.052 WARN   Wiring.write_wire_scope: net not found
2026-10-07 12:28:51.079 WARN   Wiring.write_wire_scope: net not found
2026-10-07 12:28:51.079 WARN   Wiring.write_wire_scope: net not found
2026-10-07 12:28:51.079 WARN   Wiring.write_wire_scope: net not found
2026-10-07 12:28:51.079 WARN   Wiring.write_wire_scope: net not found
2026-10-07 12:28:51.079 WARN   Wiring.write_wire_scope: net not found
2026-10-07 12:28:51.079 WARN   Wiring.write_wire_scope: net not found
2026-10-07 12:28:51.079 WARN   Wiring.write_wire_scope: net not found
2026-10-07 12:28:51.079 WARN   Wiring.write_wire_scope: net not found
2026-10-07 12:28:51.079 WARN   Wiring.write_wire_scope: net not found
2026-10-07 12:28:51.079 WARN   Wiring.write_wire_scope: net not found
2026-10-07 12:28:51.079 WARN   Wiring.write_wire_scope: net not found
2026-10-07 12:28:51.079 WARN   Wiring.write_wire_scope: net not found
2026-10-07 12:28:51.080 WARN   Wiring.write_wire_scope: net not found
2026-10-07 12:28:51.080 WARN   Wiring.write_wire_scope: net not found
2026-10-07 12:28:51.080 WARN   Wiring.write_wire_scope: net not found
2026-10-07 12:28:51.080 WARN   Wiring.write_wire_scope: net not found
2026-10-07 12:28:51.080 WARN   Wiring.write_wire_scope: net not found
2026-10-07 12:28:51.080 WARN   Wiring.write_wire_scope: net not found
2026-10-07 12:28:51.080 WARN   Wiring.write_wire_scope: net not found
2026-10-07 12:28:51.080 WARN   Wiring.write_wire_scope: net not found
2026-10-07 12:28:51.080 WARN   Wiring.write_wire_scope: net not found
2026-10-07 12:28:51.080 WARN   Wiring.write_wire_scope: net not found
2026-10-07 12:28:51.080 WARN   Wiring.write_wire_scope: net not found
2026-10-07 12:28:51.080 WARN   Wiring.write_wire_scope: net not found
2026-10-07 12:28:51.080 WARN   Wiring.write_wire_scope: net not found
2026-10-07 12:28:51.080 WARN   Wiring.write_wire_scope: net not found
2026-10-07 12:28:51.080 WARN   Wiring.write_wire_scope: net not found
2026-10-07 12:28:51.080 WARN   Wiring.write_wire_scope: net not found
2026-10-07 12:28:51.080 WARN   Wiring.write_wire_scope: net not found
2026-10-07 12:28:51.080 WARN   Wiring.write_wire_scope: net not found
2026-10-07 12:28:51.080 WARN   Wiring.write_wire_scope: net not found
2026-10-07 12:28:51.205 WARN   Wiring.write_wire_scope: net not found
2026-10-07 12:28:51.205 WARN   Wiring.write_wire_scope: net not found
2026-10-07 12:28:51.205 WARN   Wiring.write_wire_scope: net not found
2026-10-07 12:28:51.205 WARN   Wiring.write_wire_scope: net not found
2026-10-07 12:28:51.205 WARN   Wiring.write_wire_scope: net not found
2026-10-07 12:28:51.205 WARN   Wiring.write_wire_scope: net not found
2026-10-07 12:28:51.205 WARN   Wiring.write_wire_scope: net not found
2026-10-07 12:28:51.205 WARN   Wiring.write_wire_scope: net not found
2026-10-07 12:28:51.205 WARN   Wiring.write_wire_scope: net not found
2026-10-07 12:28:51.205 WARN   Wiring.write_wire_scope: net not found
2026-10-07 12:28:51.205 WARN   Wiring.write_wire_scope: net not found
2026-10-07 12:28:51.205 WARN   Wiring.write_wire_scope: net not found
2026-10-07 12:28:51.205 WARN   Wiring.write_wire_scope: net not found
2026-10-07 12:28:51.205 WARN   Wiring.write_wire_scope: net not found
2026-10-07 12:28:51.205 WARN   Wiring.write_wire_scope: net not found
2026-10-07 12:28:51.205 WARN   Wiring.write_wire_scope: net not found
2026-10-07 12:28:51.205 WARN   Wiring.write_wire_scope: net not found
2026-10-07 12:28:51.205 WARN   Wiring.write_wire_scope: net not found
2026-10-07 12:28:51.205 WARN   Wiring.write_wire_scope: net not found
2026-10-07 12:28:51.205 WARN   Wiring.write_wire_scope: net not found
2026-10-07 12:28:51.205 WARN   Wiring.write_wire_scope: net not found
2026-10-07 12:28:51.206 WARN   Wiring.write_wire_scope: net not found
2026-10-07 12:28:51.206 WARN   Wiring.write_wire_scope: net not found
2026-10-07 12:28:51.206 WARN   Wiring.write_wire_scope: net not found
2026-10-07 12:28:51.206 WARN   Wiring.write_wire_scope: net not found
2026-10-07 12:28:51.206 WARN   Wiring.write_wire_scope: net not found
2026-10-07 12:28:51.206 WARN   Wiring.write_wire_scope: net not found
2026-10-07 12:28:51.206 WARN   Wiring.write_wire_scope: net not found
2026-10-07 12:28:51.206 WARN   Wiring.write_wire_scope: net not found
2026-10-07 12:28:51.206 WARN   Wiring.write_wire_scope: net not found
2026-10-07 12:28:51.206 WARN   Wiring.write_wire_scope: net not found
2026-10-07 12:28:51.210 INFO   [0CCF54\2F676C] Fanout pass #4 on board 'f28cdb26dbac76a4e9fac0b582d53532' completed in 0.16 seconds with 17 SMD pins fanouted, 10 not routed, 0 insert errors, +0 extra vias (0 SMD pins still to check in pass, ripup costs=400).
2026-10-07 12:28:51.243 WARN   Wiring.write_wire_scope: net not found
2026-10-07 12:28:51.243 WARN   Wiring.write_wire_scope: net not found
2026-10-07 12:28:51.243 WARN   Wiring.write_wire_scope: net not found
2026-10-07 12:28:51.243 WARN   Wiring.write_wire_scope: net not found
2026-10-07 12:28:51.243 WARN   Wiring.write_wire_scope: net not found
2026-10-07 12:28:51.243 WARN   Wiring.write_wire_scope: net not found
2026-10-07 12:28:51.243 WARN   Wiring.write_wire_scope: net not found
2026-10-07 12:28:51.243 WARN   Wiring.write_wire_scope: net not found
2026-10-07 12:28:51.243 WARN   Wiring.write_wire_scope: net not found
2026-10-07 12:28:51.243 WARN   Wiring.write_wire_scope: net not found
2026-10-07 12:28:51.243 WARN   Wiring.write_wire_scope: net not found
2026-10-07 12:28:51.243 WARN   Wiring.write_wire_scope: net not found
2026-10-07 12:28:51.243 WARN   Wiring.write_wire_scope: net not found
2026-10-07 12:28:51.243 WARN   Wiring.write_wire_scope: net not found
2026-10-07 12:28:51.243 WARN   Wiring.write_wire_scope: net not found
2026-10-07 12:28:51.243 WARN   Wiring.write_wire_scope: net not found
2026-10-07 12:28:51.243 WARN   Wiring.write_wire_scope: net not found
2026-10-07 12:28:51.243 WARN   Wiring.write_wire_scope: net not found
2026-10-07 12:28:51.243 WARN   Wiring.write_wire_scope: net not found
2026-10-07 12:28:51.243 WARN   Wiring.write_wire_scope: net not found
2026-10-07 12:28:51.243 WARN   Wiring.write_wire_scope: net not found
2026-10-07 12:28:51.243 WARN   Wiring.write_wire_scope: net not found
2026-10-07 12:28:51.243 WARN   Wiring.write_wire_scope: net not found
2026-10-07 12:28:51.243 WARN   Wiring.write_wire_scope: net not found
2026-10-07 12:28:51.243 WARN   Wiring.write_wire_scope: net not found
2026-10-07 12:28:51.243 WARN   Wiring.write_wire_scope: net not found
2026-10-07 12:28:51.243 WARN   Wiring.write_wire_scope: net not found
2026-10-07 12:28:51.244 WARN   Wiring.write_wire_scope: net not found
2026-10-07 12:28:51.244 WARN   Wiring.write_wire_scope: net not found
2026-10-07 12:28:51.244 WARN   Wiring.write_wire_scope: net not found
2026-10-07 12:28:51.244 WARN   Wiring.write_wire_scope: net not found
2026-10-07 12:28:51.271 WARN   Wiring.write_wire_scope: net not found
2026-10-07 12:28:51.271 WARN   Wiring.write_wire_scope: net not found
2026-10-07 12:28:51.271 WARN   Wiring.write_wire_scope: net not found
2026-10-07 12:28:51.271 WARN   Wiring.write_wire_scope: net not found
2026-10-07 12:28:51.271 WARN   Wiring.write_wire_scope: net not found
2026-10-07 12:28:51.271 WARN   Wiring.write_wire_scope: net not found
2026-10-07 12:28:51.271 WARN   Wiring.write_wire_scope: net not found
2026-10-07 12:28:51.271 WARN   Wiring.write_wire_scope: net not found
2026-10-07 12:28:51.271 WARN   Wiring.write_wire_scope: net not found
2026-10-07 12:28:51.271 WARN   Wiring.write_wire_scope: net not found
2026-10-07 12:28:51.271 WARN   Wiring.write_wire_scope: net not found
2026-10-07 12:28:51.271 WARN   Wiring.write_wire_scope: net not found
2026-10-07 12:28:51.271 WARN   Wiring.write_wire_scope: net not found
2026-10-07 12:28:51.271 WARN   Wiring.write_wire_scope: net not found
2026-10-07 12:28:51.271 WARN   Wiring.write_wire_scope: net not found
2026-10-07 12:28:51.271 WARN   Wiring.write_wire_scope: net not found
2026-10-07 12:28:51.271 WARN   Wiring.write_wire_scope: net not found
2026-10-07 12:28:51.271 WARN   Wiring.write_wire_scope: net not found
2026-10-07 12:28:51.271 WARN   Wiring.write_wire_scope: net not found
2026-10-07 12:28:51.271 WARN   Wiring.write_wire_scope: net not found
2026-10-07 12:28:51.271 WARN   Wiring.write_wire_scope: net not found
2026-10-07 12:28:51.271 WARN   Wiring.write_wire_scope: net not found
2026-10-07 12:28:51.271 WARN   Wiring.write_wire_scope: net not found
2026-10-07 12:28:51.271 WARN   Wiring.write_wire_scope: net not found
2026-10-07 12:28:51.271 WARN   Wiring.write_wire_scope: net not found
2026-10-07 12:28:51.271 WARN   Wiring.write_wire_scope: net not found
2026-10-07 12:28:51.271 WARN   Wiring.write_wire_scope: net not found
2026-10-07 12:28:51.271 WARN   Wiring.write_wire_scope: net not found
2026-10-07 12:28:51.271 WARN   Wiring.write_wire_scope: net not found
2026-10-07 12:28:51.271 WARN   Wiring.write_wire_scope: net not found
2026-10-07 12:28:51.271 WARN   Wiring.write_wire_scope: net not found
2026-10-07 12:28:51.394 WARN   Wiring.write_wire_scope: net not found
2026-10-07 12:28:51.394 WARN   Wiring.write_wire_scope: net not found
2026-10-07 12:28:51.394 WARN   Wiring.write_wire_scope: net not found
2026-10-07 12:28:51.394 WARN   Wiring.write_wire_scope: net not found
2026-10-07 12:28:51.394 WARN   Wiring.write_wire_scope: net not found
2026-10-07 12:28:51.394 WARN   Wiring.write_wire_scope: net not found
2026-10-07 12:28:51.394 WARN   Wiring.write_wire_scope: net not found
2026-10-07 12:28:51.394 WARN   Wiring.write_wire_scope: net not found
2026-10-07 12:28:51.394 WARN   Wiring.write_wire_scope: net not found
2026-10-07 12:28:51.394 WARN   Wiring.write_wire_scope: net not found
2026-10-07 12:28:51.394 WARN   Wiring.write_wire_scope: net not found
2026-10-07 12:28:51.394 WARN   Wiring.write_wire_scope: net not found
2026-10-07 12:28:51.394 WARN   Wiring.write_wire_scope: net not found
2026-10-07 12:28:51.394 WARN   Wiring.write_wire_scope: net not found
2026-10-07 12:28:51.394 WARN   Wiring.write_wire_scope: net not found
2026-10-07 12:28:51.394 WARN   Wiring.write_wire_scope: net not found
2026-10-07 12:28:51.394 WARN   Wiring.write_wire_scope: net not found
2026-10-07 12:28:51.394 WARN   Wiring.write_wire_scope: net not found
2026-10-07 12:28:51.394 WARN   Wiring.write_wire_scope: net not found
2026-10-07 12:28:51.394 WARN   Wiring.write_wire_scope: net not found
2026-10-07 12:28:51.394 WARN   Wiring.write_wire_scope: net not found
2026-10-07 12:28:51.394 WARN   Wiring.write_wire_scope: net not found
2026-10-07 12:28:51.394 WARN   Wiring.write_wire_scope: net not found
2026-10-07 12:28:51.394 WARN   Wiring.write_wire_scope: net not found
2026-10-07 12:28:51.394 WARN   Wiring.write_wire_scope: net not found
2026-10-07 12:28:51.394 WARN   Wiring.write_wire_scope: net not found
2026-10-07 12:28:51.394 WARN   Wiring.write_wire_scope: net not found
2026-10-07 12:28:51.395 WARN   Wiring.write_wire_scope: net not found
2026-10-07 12:28:51.395 WARN   Wiring.write_wire_scope: net not found
2026-10-07 12:28:51.395 WARN   Wiring.write_wire_scope: net not found
2026-10-07 12:28:51.395 WARN   Wiring.write_wire_scope: net not found
2026-10-07 12:28:51.398 INFO   [0CCF54\2F676C] Fanout pass #5 on board '64ac0c6ea6a13d0c977430dc582f1d62' completed in 0.16 seconds with 17 SMD pins fanouted, 10 not routed, 0 insert errors, +0 extra vias (0 SMD pins still to check in pass, ripup costs=500).
2026-10-07 12:28:51.434 WARN   Wiring.write_wire_scope: net not found
2026-10-07 12:28:51.434 WARN   Wiring.write_wire_scope: net not found
2026-10-07 12:28:51.434 WARN   Wiring.write_wire_scope: net not found
2026-10-07 12:28:51.434 WARN   Wiring.write_wire_scope: net not found
2026-10-07 12:28:51.434 WARN   Wiring.write_wire_scope: net not found
2026-10-07 12:28:51.434 WARN   Wiring.write_wire_scope: net not found
2026-10-07 12:28:51.434 WARN   Wiring.write_wire_scope: net not found
2026-10-07 12:28:51.434 WARN   Wiring.write_wire_scope: net not found
2026-10-07 12:28:51.434 WARN   Wiring.write_wire_scope: net not found
2026-10-07 12:28:51.434 WARN   Wiring.write_wire_scope: net not found
2026-10-07 12:28:51.434 WARN   Wiring.write_wire_scope: net not found
2026-10-07 12:28:51.434 WARN   Wiring.write_wire_scope: net not found
2026-10-07 12:28:51.434 WARN   Wiring.write_wire_scope: net not found
2026-10-07 12:28:51.434 WARN   Wiring.write_wire_scope: net not found
2026-10-07 12:28:51.434 WARN   Wiring.write_wire_scope: net not found
2026-10-07 12:28:51.434 WARN   Wiring.write_wire_scope: net not found
2026-10-07 12:28:51.434 WARN   Wiring.write_wire_scope: net not found
2026-10-07 12:28:51.434 WARN   Wiring.write_wire_scope: net not found
2026-10-07 12:28:51.434 WARN   Wiring.write_wire_scope: net not found
2026-10-07 12:28:51.434 WARN   Wiring.write_wire_scope: net not found
2026-10-07 12:28:51.435 WARN   Wiring.write_wire_scope: net not found
2026-10-07 12:28:51.435 WARN   Wiring.write_wire_scope: net not found
2026-10-07 12:28:51.435 WARN   Wiring.write_wire_scope: net not found
2026-10-07 12:28:51.435 WARN   Wiring.write_wire_scope: net not found
2026-10-07 12:28:51.435 WARN   Wiring.write_wire_scope: net not found
2026-10-07 12:28:51.435 WARN   Wiring.write_wire_scope: net not found
2026-10-07 12:28:51.435 WARN   Wiring.write_wire_scope: net not found
2026-10-07 12:28:51.435 WARN   Wiring.write_wire_scope: net not found
2026-10-07 12:28:51.435 WARN   Wiring.write_wire_scope: net not found
2026-10-07 12:28:51.435 WARN   Wiring.write_wire_scope: net not found
2026-10-07 12:28:51.435 WARN   Wiring.write_wire_scope: net not found
2026-10-07 12:28:51.463 WARN   Wiring.write_wire_scope: net not found
2026-10-07 12:28:51.463 WARN   Wiring.write_wire_scope: net not found
2026-10-07 12:28:51.463 WARN   Wiring.write_wire_scope: net not found
2026-10-07 12:28:51.463 WARN   Wiring.write_wire_scope: net not found
2026-10-07 12:28:51.463 WARN   Wiring.write_wire_scope: net not found
2026-10-07 12:28:51.463 WARN   Wiring.write_wire_scope: net not found
2026-10-07 12:28:51.463 WARN   Wiring.write_wire_scope: net not found
2026-10-07 12:28:51.463 WARN   Wiring.write_wire_scope: net not found
2026-10-07 12:28:51.463 WARN   Wiring.write_wire_scope: net not found
2026-10-07 12:28:51.463 WARN   Wiring.write_wire_scope: net not found
2026-10-07 12:28:51.463 WARN   Wiring.write_wire_scope: net not found
2026-10-07 12:28:51.463 WARN   Wiring.write_wire_scope: net not found
2026-10-07 12:28:51.463 WARN   Wiring.write_wire_scope: net not found
2026-10-07 12:28:51.464 WARN   Wiring.write_wire_scope: net not found
2026-10-07 12:28:51.464 WARN   Wiring.write_wire_scope: net not found
2026-10-07 12:28:51.464 WARN   Wiring.write_wire_scope: net not found
2026-10-07 12:28:51.464 WARN   Wiring.write_wire_scope: net not found
2026-10-07 12:28:51.464 WARN   Wiring.write_wire_scope: net not found
2026-10-07 12:28:51.464 WARN   Wiring.write_wire_scope: net not found
2026-10-07 12:28:51.464 WARN   Wiring.write_wire_scope: net not found
2026-10-07 12:28:51.464 WARN   Wiring.write_wire_scope: net not found
2026-10-07 12:28:51.464 WARN   Wiring.write_wire_scope: net not found
2026-10-07 12:28:51.464 WARN   Wiring.write_wire_scope: net not found
2026-10-07 12:28:51.464 WARN   Wiring.write_wire_scope: net not found
2026-10-07 12:28:51.464 WARN   Wiring.write_wire_scope: net not found
2026-10-07 12:28:51.464 WARN   Wiring.write_wire_scope: net not found
2026-10-07 12:28:51.464 WARN   Wiring.write_wire_scope: net not found
2026-10-07 12:28:51.464 WARN   Wiring.write_wire_scope: net not found
2026-10-07 12:28:51.464 WARN   Wiring.write_wire_scope: net not found
2026-10-07 12:28:51.464 WARN   Wiring.write_wire_scope: net not found
2026-10-07 12:28:51.464 WARN   Wiring.write_wire_scope: net not found
2026-10-07 12:28:51.585 WARN   Wiring.write_wire_scope: net not found
2026-10-07 12:28:51.585 WARN   Wiring.write_wire_scope: net not found
2026-10-07 12:28:51.585 WARN   Wiring.write_wire_scope: net not found
2026-10-07 12:28:51.585 WARN   Wiring.write_wire_scope: net not found
2026-10-07 12:28:51.585 WARN   Wiring.write_wire_scope: net not found
2026-10-07 12:28:51.585 WARN   Wiring.write_wire_scope: net not found
2026-10-07 12:28:51.585 WARN   Wiring.write_wire_scope: net not found
2026-10-07 12:28:51.585 WARN   Wiring.write_wire_scope: net not found
2026-10-07 12:28:51.586 WARN   Wiring.write_wire_scope: net not found
2026-10-07 12:28:51.586 WARN   Wiring.write_wire_scope: net not found
2026-10-07 12:28:51.586 WARN   Wiring.write_wire_scope: net not found
2026-10-07 12:28:51.586 WARN   Wiring.write_wire_scope: net not found
2026-10-07 12:28:51.586 WARN   Wiring.write_wire_scope: net not found
2026-10-07 12:28:51.586 WARN   Wiring.write_wire_scope: net not found
2026-10-07 12:28:51.586 WARN   Wiring.write_wire_scope: net not found
2026-10-07 12:28:51.586 WARN   Wiring.write_wire_scope: net not found
2026-10-07 12:28:51.586 WARN   Wiring.write_wire_scope: net not found
2026-10-07 12:28:51.586 WARN   Wiring.write_wire_scope: net not found
2026-10-07 12:28:51.586 WARN   Wiring.write_wire_scope: net not found
2026-10-07 12:28:51.586 WARN   Wiring.write_wire_scope: net not found
2026-10-07 12:28:51.586 WARN   Wiring.write_wire_scope: net not found
2026-10-07 12:28:51.586 WARN   Wiring.write_wire_scope: net not found
2026-10-07 12:28:51.586 WARN   Wiring.write_wire_scope: net not found
2026-10-07 12:28:51.586 WARN   Wiring.write_wire_scope: net not found
2026-10-07 12:28:51.586 WARN   Wiring.write_wire_scope: net not found
2026-10-07 12:28:51.586 WARN   Wiring.write_wire_scope: net not found
2026-10-07 12:28:51.586 WARN   Wiring.write_wire_scope: net not found
2026-10-07 12:28:51.586 WARN   Wiring.write_wire_scope: net not found
2026-10-07 12:28:51.586 WARN   Wiring.write_wire_scope: net not found
2026-10-07 12:28:51.586 WARN   Wiring.write_wire_scope: net not found
2026-10-07 12:28:51.586 WARN   Wiring.write_wire_scope: net not found
2026-10-07 12:28:51.590 INFO   [0CCF54\2F676C] Fanout pass #6 on board 'f28cdb26dbac76a4e9fac0b582d53532' completed in 0.16 seconds with 17 SMD pins fanouted, 10 not routed, 0 insert errors, +0 extra vias (0 SMD pins still to check in pass, ripup costs=600).
2026-10-07 12:28:51.590 INFO   Fanout stopped after 6 passes: no progress for 3 consecutive passes.
2026-10-07 12:28:51.599 INFO   [0CCF54\2F676C] Fanout stage completed: started with 178 total SMD pins, completed in 2.38 seconds, escaped pins: 121/178 (68.0%), using 2.39 total CPU seconds, 2.11 GB total allocated, and 257.4 MB peak heap usage.
2026-10-07 12:28:51.694 INFO   [0CCF54\2F676C] Auto-routing stage started on board 'f28cdb26dbac76a4e9fac0b582d53532' with baseline score 356.99 for 62 unrouted items.
2026-10-07 12:28:51.801 WARN   Wiring.write_wire_scope: net not found
2026-10-07 12:28:51.801 WARN   Wiring.write_wire_scope: net not found
2026-10-07 12:28:51.801 WARN   Wiring.write_wire_scope: net not found
2026-10-07 12:28:51.801 WARN   Wiring.write_wire_scope: net not found
2026-10-07 12:28:51.801 WARN   Wiring.write_wire_scope: net not found
2026-10-07 12:28:51.801 WARN   Wiring.write_wire_scope: net not found
2026-10-07 12:28:51.801 WARN   Wiring.write_wire_scope: net not found
2026-10-07 12:28:51.801 WARN   Wiring.write_wire_scope: net not found
2026-10-07 12:28:51.801 WARN   Wiring.write_wire_scope: net not found
2026-10-07 12:28:51.801 WARN   Wiring.write_wire_scope: net not found
2026-10-07 12:28:51.801 WARN   Wiring.write_wire_scope: net not found
2026-10-07 12:28:51.801 WARN   Wiring.write_wire_scope: net not found
2026-10-07 12:28:51.801 WARN   Wiring.write_wire_scope: net not found
2026-10-07 12:28:51.801 WARN   Wiring.write_wire_scope: net not found
2026-10-07 12:28:51.801 WARN   Wiring.write_wire_scope: net not found
2026-10-07 12:28:51.801 WARN   Wiring.write_wire_scope: net not found
2026-10-07 12:28:51.801 WARN   Wiring.write_wire_scope: net not found
2026-10-07 12:28:51.801 WARN   Wiring.write_wire_scope: net not found
2026-10-07 12:28:51.801 WARN   Wiring.write_wire_scope: net not found
2026-10-07 12:28:51.801 WARN   Wiring.write_wire_scope: net not found
2026-10-07 12:28:51.801 WARN   Wiring.write_wire_scope: net not found
2026-10-07 12:28:51.801 WARN   Wiring.write_wire_scope: net not found
2026-10-07 12:28:51.801 WARN   Wiring.write_wire_scope: net not found
2026-10-07 12:28:51.801 WARN   Wiring.write_wire_scope: net not found
2026-10-07 12:28:51.801 WARN   Wiring.write_wire_scope: net not found
2026-10-07 12:28:51.801 WARN   Wiring.write_wire_scope: net not found
2026-10-07 12:28:51.801 WARN   Wiring.write_wire_scope: net not found
2026-10-07 12:28:51.801 WARN   Wiring.write_wire_scope: net not found
2026-10-07 12:28:51.801 WARN   Wiring.write_wire_scope: net not found
2026-10-07 12:28:51.801 WARN   Wiring.write_wire_scope: net not found
2026-10-07 12:28:51.801 WARN   Wiring.write_wire_scope: net not found
2026-10-07 12:28:51.834 WARN   Wiring.write_wire_scope: net not found
2026-10-07 12:28:51.834 WARN   Wiring.write_wire_scope: net not found
2026-10-07 12:28:51.834 WARN   Wiring.write_wire_scope: net not found
2026-10-07 12:28:51.834 WARN   Wiring.write_wire_scope: net not found
2026-10-07 12:28:51.834 WARN   Wiring.write_wire_scope: net not found
2026-10-07 12:28:51.834 WARN   Wiring.write_wire_scope: net not found
2026-10-07 12:28:51.834 WARN   Wiring.write_wire_scope: net not found
2026-10-07 12:28:51.834 WARN   Wiring.write_wire_scope: net not found
2026-10-07 12:28:51.834 WARN   Wiring.write_wire_scope: net not found
2026-10-07 12:28:51.834 WARN   Wiring.write_wire_scope: net not found
2026-10-07 12:28:51.834 WARN   Wiring.write_wire_scope: net not found
2026-10-07 12:28:51.834 WARN   Wiring.write_wire_scope: net not found
2026-10-07 12:28:51.834 WARN   Wiring.write_wire_scope: net not found
2026-10-07 12:28:51.834 WARN   Wiring.write_wire_scope: net not found
2026-10-07 12:28:51.834 WARN   Wiring.write_wire_scope: net not found
2026-10-07 12:28:51.834 WARN   Wiring.write_wire_scope: net not found
2026-10-07 12:28:51.834 WARN   Wiring.write_wire_scope: net not found
2026-10-07 12:28:51.834 WARN   Wiring.write_wire_scope: net not found
2026-10-07 12:28:51.834 WARN   Wiring.write_wire_scope: net not found
2026-10-07 12:28:51.834 WARN   Wiring.write_wire_scope: net not found
2026-10-07 12:28:51.834 WARN   Wiring.write_wire_scope: net not found
2026-10-07 12:28:51.834 WARN   Wiring.write_wire_scope: net not found
2026-10-07 12:28:51.834 WARN   Wiring.write_wire_scope: net not found
2026-10-07 12:28:51.834 WARN   Wiring.write_wire_scope: net not found
2026-10-07 12:28:51.834 WARN   Wiring.write_wire_scope: net not found
2026-10-07 12:28:51.834 WARN   Wiring.write_wire_scope: net not found
2026-10-07 12:28:51.834 WARN   Wiring.write_wire_scope: net not found
2026-10-07 12:28:51.834 WARN   Wiring.write_wire_scope: net not found
2026-10-07 12:28:51.834 WARN   Wiring.write_wire_scope: net not found
2026-10-07 12:28:51.834 WARN   Wiring.write_wire_scope: net not found
2026-10-07 12:28:51.834 WARN   Wiring.write_wire_scope: net not found
2026-10-07 12:28:52.090 WARN   Wiring.write_wire_scope: net not found
2026-10-07 12:28:52.090 WARN   Wiring.write_wire_scope: net not found
2026-10-07 12:28:52.090 WARN   Wiring.write_wire_scope: net not found
2026-10-07 12:28:52.090 WARN   Wiring.write_wire_scope: net not found
2026-10-07 12:28:52.090 WARN   Wiring.write_wire_scope: net not found
2026-10-07 12:28:52.090 WARN   Wiring.write_wire_scope: net not found
2026-10-07 12:28:52.090 WARN   Wiring.write_wire_scope: net not found
2026-10-07 12:28:52.090 WARN   Wiring.write_wire_scope: net not found
2026-10-07 12:28:52.090 WARN   Wiring.write_wire_scope: net not found
2026-10-07 12:28:52.090 WARN   Wiring.write_wire_scope: net not found
2026-10-07 12:28:52.090 WARN   Wiring.write_wire_scope: net not found
2026-10-07 12:28:52.090 WARN   Wiring.write_wire_scope: net not found
2026-10-07 12:28:52.090 WARN   Wiring.write_wire_scope: net not found
2026-10-07 12:28:52.090 WARN   Wiring.write_wire_scope: net not found
2026-10-07 12:28:52.090 WARN   Wiring.write_wire_scope: net not found
2026-10-07 12:28:52.090 WARN   Wiring.write_wire_scope: net not found
2026-10-07 12:28:52.090 WARN   Wiring.write_wire_scope: net not found
2026-10-07 12:28:52.090 WARN   Wiring.write_wire_scope: net not found
2026-10-07 12:28:52.090 WARN   Wiring.write_wire_scope: net not found
2026-10-07 12:28:52.090 WARN   Wiring.write_wire_scope: net not found
2026-10-07 12:28:52.090 WARN   Wiring.write_wire_scope: net not found
2026-10-07 12:28:52.090 WARN   Wiring.write_wire_scope: net not found
2026-10-07 12:28:52.090 WARN   Wiring.write_wire_scope: net not found
2026-10-07 12:28:52.090 WARN   Wiring.write_wire_scope: net not found
2026-10-07 12:28:52.090 WARN   Wiring.write_wire_scope: net not found
2026-10-07 12:28:52.090 WARN   Wiring.write_wire_scope: net not found
2026-10-07 12:28:52.090 WARN   Wiring.write_wire_scope: net not found
2026-10-07 12:28:52.090 WARN   Wiring.write_wire_scope: net not found
2026-10-07 12:28:52.090 WARN   Wiring.write_wire_scope: net not found
2026-10-07 12:28:52.090 WARN   Wiring.write_wire_scope: net not found
2026-10-07 12:28:52.090 WARN   Wiring.write_wire_scope: net not found
2026-10-07 12:28:52.371 WARN   Wiring.write_wire_scope: net not found
2026-10-07 12:28:52.371 WARN   Wiring.write_wire_scope: net not found
2026-10-07 12:28:52.371 WARN   Wiring.write_wire_scope: net not found
2026-10-07 12:28:52.371 WARN   Wiring.write_wire_scope: net not found
2026-10-07 12:28:52.371 WARN   Wiring.write_wire_scope: net not found
2026-10-07 12:28:52.371 WARN   Wiring.write_wire_scope: net not found
2026-10-07 12:28:52.371 WARN   Wiring.write_wire_scope: net not found
2026-10-07 12:28:52.371 WARN   Wiring.write_wire_scope: net not found
2026-10-07 12:28:52.371 WARN   Wiring.write_wire_scope: net not found
2026-10-07 12:28:52.371 WARN   Wiring.write_wire_scope: net not found
2026-10-07 12:28:52.372 WARN   Wiring.write_wire_scope: net not found
2026-10-07 12:28:52.372 WARN   Wiring.write_wire_scope: net not found
2026-10-07 12:28:52.372 WARN   Wiring.write_wire_scope: net not found
2026-10-07 12:28:52.372 WARN   Wiring.write_wire_scope: net not found
2026-10-07 12:28:52.372 WARN   Wiring.write_wire_scope: net not found
2026-10-07 12:28:52.372 WARN   Wiring.write_wire_scope: net not found
2026-10-07 12:28:52.372 WARN   Wiring.write_wire_scope: net not found
2026-10-07 12:28:52.372 WARN   Wiring.write_wire_scope: net not found
2026-10-07 12:28:52.372 WARN   Wiring.write_wire_scope: net not found
2026-10-07 12:28:52.372 WARN   Wiring.write_wire_scope: net not found
2026-10-07 12:28:52.372 WARN   Wiring.write_wire_scope: net not found
2026-10-07 12:28:52.372 WARN   Wiring.write_wire_scope: net not found
2026-10-07 12:28:52.372 WARN   Wiring.write_wire_scope: net not found
2026-10-07 12:28:52.372 WARN   Wiring.write_wire_scope: net not found
2026-10-07 12:28:52.372 WARN   Wiring.write_wire_scope: net not found
2026-10-07 12:28:52.372 WARN   Wiring.write_wire_scope: net not found
2026-10-07 12:28:52.372 WARN   Wiring.write_wire_scope: net not found
2026-10-07 12:28:52.372 WARN   Wiring.write_wire_scope: net not found
2026-10-07 12:28:52.372 WARN   Wiring.write_wire_scope: net not found
2026-10-07 12:28:52.372 WARN   Wiring.write_wire_scope: net not found
2026-10-07 12:28:52.372 WARN   Wiring.write_wire_scope: net not found
2026-10-07 12:28:53.190 WARN   Wiring.write_wire_scope: net not found
2026-10-07 12:28:53.190 WARN   Wiring.write_wire_scope: net not found
2026-10-07 12:28:53.190 WARN   Wiring.write_wire_scope: net not found
2026-10-07 12:28:53.190 WARN   Wiring.write_wire_scope: net not found
2026-10-07 12:28:53.190 WARN   Wiring.write_wire_scope: net not found
2026-10-07 12:28:53.190 WARN   Wiring.write_wire_scope: net not found
2026-10-07 12:28:53.190 WARN   Wiring.write_wire_scope: net not found
2026-10-07 12:28:53.190 WARN   Wiring.write_wire_scope: net not found
2026-10-07 12:28:53.190 WARN   Wiring.write_wire_scope: net not found
2026-10-07 12:28:53.190 WARN   Wiring.write_wire_scope: net not found
2026-10-07 12:28:53.190 WARN   Wiring.write_wire_scope: net not found
2026-10-07 12:28:53.190 WARN   Wiring.write_wire_scope: net not found
2026-10-07 12:28:53.190 WARN   Wiring.write_wire_scope: net not found
2026-10-07 12:28:53.190 WARN   Wiring.write_wire_scope: net not found
2026-10-07 12:28:53.190 WARN   Wiring.write_wire_scope: net not found
2026-10-07 12:28:53.190 WARN   Wiring.write_wire_scope: net not found
2026-10-07 12:28:53.190 WARN   Wiring.write_wire_scope: net not found
2026-10-07 12:28:53.190 WARN   Wiring.write_wire_scope: net not found
2026-10-07 12:28:53.190 WARN   Wiring.write_wire_scope: net not found
2026-10-07 12:28:53.190 WARN   Wiring.write_wire_scope: net not found
2026-10-07 12:28:53.190 WARN   Wiring.write_wire_scope: net not found
2026-10-07 12:28:53.190 WARN   Wiring.write_wire_scope: net not found
2026-10-07 12:28:53.190 WARN   Wiring.write_wire_scope: net not found
2026-10-07 12:28:53.190 WARN   Wiring.write_wire_scope: net not found
2026-10-07 12:28:53.190 WARN   Wiring.write_wire_scope: net not found
2026-10-07 12:28:53.190 WARN   Wiring.write_wire_scope: net not found
2026-10-07 12:28:53.190 WARN   Wiring.write_wire_scope: net not found
2026-10-07 12:28:53.190 WARN   Wiring.write_wire_scope: net not found
2026-10-07 12:28:53.190 WARN   Wiring.write_wire_scope: net not found
2026-10-07 12:28:53.190 WARN   Wiring.write_wire_scope: net not found
2026-10-07 12:28:53.190 WARN   Wiring.write_wire_scope: net not found
2026-10-07 12:28:53.871 WARN   Wiring.write_wire_scope: net not found
2026-10-07 12:28:53.871 WARN   Wiring.write_wire_scope: net not found
2026-10-07 12:28:53.871 WARN   Wiring.write_wire_scope: net not found
2026-10-07 12:28:53.871 WARN   Wiring.write_wire_scope: net not found
2026-10-07 12:28:53.871 WARN   Wiring.write_wire_scope: net not found
2026-10-07 12:28:53.871 WARN   Wiring.write_wire_scope: net not found
2026-10-07 12:28:53.871 WARN   Wiring.write_wire_scope: net not found
2026-10-07 12:28:53.871 WARN   Wiring.write_wire_scope: net not found
2026-10-07 12:28:53.871 WARN   Wiring.write_wire_scope: net not found
2026-10-07 12:28:53.871 WARN   Wiring.write_wire_scope: net not found
2026-10-07 12:28:53.871 WARN   Wiring.write_wire_scope: net not found
2026-10-07 12:28:53.871 WARN   Wiring.write_wire_scope: net not found
2026-10-07 12:28:53.871 WARN   Wiring.write_wire_scope: net not found
2026-10-07 12:28:53.871 WARN   Wiring.write_wire_scope: net not found
2026-10-07 12:28:53.871 WARN   Wiring.write_wire_scope: net not found
2026-10-07 12:28:53.871 WARN   Wiring.write_wire_scope: net not found
2026-10-07 12:28:53.871 WARN   Wiring.write_wire_scope: net not found
2026-10-07 12:28:53.871 WARN   Wiring.write_wire_scope: net not found
2026-10-07 12:28:53.871 WARN   Wiring.write_wire_scope: net not found
2026-10-07 12:28:53.871 WARN   Wiring.write_wire_scope: net not found
2026-10-07 12:28:53.871 WARN   Wiring.write_wire_scope: net not found
2026-10-07 12:28:53.871 WARN   Wiring.write_wire_scope: net not found
2026-10-07 12:28:53.871 WARN   Wiring.write_wire_scope: net not found
2026-10-07 12:28:53.871 WARN   Wiring.write_wire_scope: net not found
2026-10-07 12:28:53.871 WARN   Wiring.write_wire_scope: net not found
2026-10-07 12:28:53.871 WARN   Wiring.write_wire_scope: net not found
2026-10-07 12:28:53.871 WARN   Wiring.write_wire_scope: net not found
2026-10-07 12:28:53.871 WARN   Wiring.write_wire_scope: net not found
2026-10-07 12:28:53.871 WARN   Wiring.write_wire_scope: net not found
2026-10-07 12:28:53.871 WARN   Wiring.write_wire_scope: net not found
2026-10-07 12:28:53.871 WARN   Wiring.write_wire_scope: net not found
2026-10-07 12:28:54.482 WARN   Wiring.write_wire_scope: net not found
2026-10-07 12:28:54.482 WARN   Wiring.write_wire_scope: net not found
2026-10-07 12:28:54.482 WARN   Wiring.write_wire_scope: net not found
2026-10-07 12:28:54.482 WARN   Wiring.write_wire_scope: net not found
2026-10-07 12:28:54.482 WARN   Wiring.write_wire_scope: net not found
2026-10-07 12:28:54.482 WARN   Wiring.write_wire_scope: net not found
2026-10-07 12:28:54.482 WARN   Wiring.write_wire_scope: net not found
2026-10-07 12:28:54.482 WARN   Wiring.write_wire_scope: net not found
2026-10-07 12:28:54.482 WARN   Wiring.write_wire_scope: net not found
2026-10-07 12:28:54.482 WARN   Wiring.write_wire_scope: net not found
2026-10-07 12:28:54.482 WARN   Wiring.write_wire_scope: net not found
2026-10-07 12:28:54.482 WARN   Wiring.write_wire_scope: net not found
2026-10-07 12:28:54.482 WARN   Wiring.write_wire_scope: net not found
2026-10-07 12:28:54.482 WARN   Wiring.write_wire_scope: net not found
2026-10-07 12:28:54.482 WARN   Wiring.write_wire_scope: net not found
2026-10-07 12:28:54.482 WARN   Wiring.write_wire_scope: net not found
2026-10-07 12:28:54.482 WARN   Wiring.write_wire_scope: net not found
2026-10-07 12:28:54.482 WARN   Wiring.write_wire_scope: net not found
2026-10-07 12:28:54.482 WARN   Wiring.write_wire_scope: net not found
2026-10-07 12:28:54.482 WARN   Wiring.write_wire_scope: net not found
2026-10-07 12:28:54.482 WARN   Wiring.write_wire_scope: net not found
2026-10-07 12:28:54.482 WARN   Wiring.write_wire_scope: net not found
2026-10-07 12:28:54.482 WARN   Wiring.write_wire_scope: net not found
2026-10-07 12:28:54.482 WARN   Wiring.write_wire_scope: net not found
2026-10-07 12:28:54.482 WARN   Wiring.write_wire_scope: net not found
2026-10-07 12:28:54.482 WARN   Wiring.write_wire_scope: net not found
2026-10-07 12:28:54.482 WARN   Wiring.write_wire_scope: net not found
2026-10-07 12:28:54.482 WARN   Wiring.write_wire_scope: net not found
2026-10-07 12:28:54.482 WARN   Wiring.write_wire_scope: net not found
2026-10-07 12:28:54.482 WARN   Wiring.write_wire_scope: net not found
2026-10-07 12:28:54.482 WARN   Wiring.write_wire_scope: net not found
2026-10-07 12:28:56.610 WARN   Wiring.write_wire_scope: net not found
2026-10-07 12:28:56.610 WARN   Wiring.write_wire_scope: net not found
2026-10-07 12:28:56.610 WARN   Wiring.write_wire_scope: net not found
2026-10-07 12:28:56.610 WARN   Wiring.write_wire_scope: net not found
2026-10-07 12:28:56.610 WARN   Wiring.write_wire_scope: net not found
2026-10-07 12:28:56.610 WARN   Wiring.write_wire_scope: net not found
2026-10-07 12:28:56.610 WARN   Wiring.write_wire_scope: net not found
2026-10-07 12:28:56.610 WARN   Wiring.write_wire_scope: net not found
2026-10-07 12:28:56.610 WARN   Wiring.write_wire_scope: net not found
2026-10-07 12:28:56.610 WARN   Wiring.write_wire_scope: net not found
2026-10-07 12:28:56.610 WARN   Wiring.write_wire_scope: net not found
2026-10-07 12:28:56.610 WARN   Wiring.write_wire_scope: net not found
2026-10-07 12:28:56.610 WARN   Wiring.write_wire_scope: net not found
2026-10-07 12:28:56.610 WARN   Wiring.write_wire_scope: net not found
2026-10-07 12:28:56.610 WARN   Wiring.write_wire_scope: net not found
2026-10-07 12:28:56.610 WARN   Wiring.write_wire_scope: net not found
2026-10-07 12:28:56.610 WARN   Wiring.write_wire_scope: net not found
2026-10-07 12:28:56.610 WARN   Wiring.write_wire_scope: net not found
2026-10-07 12:28:56.610 WARN   Wiring.write_wire_scope: net not found
2026-10-07 12:28:56.611 WARN   Wiring.write_wire_scope: net not found
2026-10-07 12:28:56.611 WARN   Wiring.write_wire_scope: net not found
2026-10-07 12:28:56.611 WARN   Wiring.write_wire_scope: net not found
2026-10-07 12:28:56.611 WARN   Wiring.write_wire_scope: net not found
2026-10-07 12:28:56.611 WARN   Wiring.write_wire_scope: net not found
2026-10-07 12:28:56.611 WARN   Wiring.write_wire_scope: net not found
2026-10-07 12:28:56.611 WARN   Wiring.write_wire_scope: net not found
2026-10-07 12:28:56.611 WARN   Wiring.write_wire_scope: net not found
2026-10-07 12:28:56.611 WARN   Wiring.write_wire_scope: net not found
2026-10-07 12:28:56.611 WARN   Wiring.write_wire_scope: net not found
2026-10-07 12:28:56.611 WARN   Wiring.write_wire_scope: net not found
2026-10-07 12:28:56.611 WARN   Wiring.write_wire_scope: net not found
2026-10-07 12:28:56.889 WARN   Wiring.write_wire_scope: net not found
2026-10-07 12:28:56.889 WARN   Wiring.write_wire_scope: net not found
2026-10-07 12:28:56.889 WARN   Wiring.write_wire_scope: net not found
2026-10-07 12:28:56.889 WARN   Wiring.write_wire_scope: net not found
2026-10-07 12:28:56.889 WARN   Wiring.write_wire_scope: net not found
2026-10-07 12:28:56.889 WARN   Wiring.write_wire_scope: net not found
2026-10-07 12:28:56.889 WARN   Wiring.write_wire_scope: net not found
2026-10-07 12:28:56.889 WARN   Wiring.write_wire_scope: net not found
2026-10-07 12:28:56.889 WARN   Wiring.write_wire_scope: net not found
2026-10-07 12:28:56.889 WARN   Wiring.write_wire_scope: net not found
2026-10-07 12:28:56.889 WARN   Wiring.write_wire_scope: net not found
2026-10-07 12:28:56.889 WARN   Wiring.write_wire_scope: net not found
2026-10-07 12:28:56.889 WARN   Wiring.write_wire_scope: net not found
2026-10-07 12:28:56.889 WARN   Wiring.write_wire_scope: net not found
2026-10-07 12:28:56.889 WARN   Wiring.write_wire_scope: net not found
2026-10-07 12:28:56.889 WARN   Wiring.write_wire_scope: net not found
2026-10-07 12:28:56.889 WARN   Wiring.write_wire_scope: net not found
2026-10-07 12:28:56.889 WARN   Wiring.write_wire_scope: net not found
2026-10-07 12:28:56.889 WARN   Wiring.write_wire_scope: net not found
2026-10-07 12:28:56.889 WARN   Wiring.write_wire_scope: net not found
2026-10-07 12:28:56.889 WARN   Wiring.write_wire_scope: net not found
2026-10-07 12:28:56.889 WARN   Wiring.write_wire_scope: net not found
2026-10-07 12:28:56.889 WARN   Wiring.write_wire_scope: net not found
2026-10-07 12:28:56.889 WARN   Wiring.write_wire_scope: net not found
2026-10-07 12:28:56.889 WARN   Wiring.write_wire_scope: net not found
2026-10-07 12:28:56.889 WARN   Wiring.write_wire_scope: net not found
2026-10-07 12:28:56.889 WARN   Wiring.write_wire_scope: net not found
2026-10-07 12:28:56.889 WARN   Wiring.write_wire_scope: net not found
2026-10-07 12:28:56.889 WARN   Wiring.write_wire_scope: net not found
2026-10-07 12:28:56.889 WARN   Wiring.write_wire_scope: net not found
2026-10-07 12:28:56.889 WARN   Wiring.write_wire_scope: net not found
2026-10-07 12:28:57.148 WARN   Wiring.write_wire_scope: net not found
2026-10-07 12:28:57.148 WARN   Wiring.write_wire_scope: net not found
2026-10-07 12:28:57.148 WARN   Wiring.write_wire_scope: net not found
2026-10-07 12:28:57.148 WARN   Wiring.write_wire_scope: net not found
2026-10-07 12:28:57.148 WARN   Wiring.write_wire_scope: net not found
2026-10-07 12:28:57.148 WARN   Wiring.write_wire_scope: net not found
2026-10-07 12:28:57.148 WARN   Wiring.write_wire_scope: net not found
2026-10-07 12:28:57.148 WARN   Wiring.write_wire_scope: net not found
2026-10-07 12:28:57.148 WARN   Wiring.write_wire_scope: net not found
2026-10-07 12:28:57.148 WARN   Wiring.write_wire_scope: net not found
2026-10-07 12:28:57.148 WARN   Wiring.write_wire_scope: net not found
2026-10-07 12:28:57.148 WARN   Wiring.write_wire_scope: net not found
2026-10-07 12:28:57.148 WARN   Wiring.write_wire_scope: net not found
2026-10-07 12:28:57.148 WARN   Wiring.write_wire_scope: net not found
2026-10-07 12:28:57.148 WARN   Wiring.write_wire_scope: net not found
2026-10-07 12:28:57.148 WARN   Wiring.write_wire_scope: net not found
2026-10-07 12:28:57.148 WARN   Wiring.write_wire_scope: net not found
2026-10-07 12:28:57.148 WARN   Wiring.write_wire_scope: net not found
2026-10-07 12:28:57.148 WARN   Wiring.write_wire_scope: net not found
2026-10-07 12:28:57.148 WARN   Wiring.write_wire_scope: net not found
2026-10-07 12:28:57.148 WARN   Wiring.write_wire_scope: net not found
2026-10-07 12:28:57.148 WARN   Wiring.write_wire_scope: net not found
2026-10-07 12:28:57.148 WARN   Wiring.write_wire_scope: net not found
2026-10-07 12:28:57.148 WARN   Wiring.write_wire_scope: net not found
2026-10-07 12:28:57.148 WARN   Wiring.write_wire_scope: net not found
2026-10-07 12:28:57.148 WARN   Wiring.write_wire_scope: net not found
2026-10-07 12:28:57.148 WARN   Wiring.write_wire_scope: net not found
2026-10-07 12:28:57.149 WARN   Wiring.write_wire_scope: net not found
2026-10-07 12:28:57.149 WARN   Wiring.write_wire_scope: net not found
2026-10-07 12:28:57.149 WARN   Wiring.write_wire_scope: net not found
2026-10-07 12:28:57.149 WARN   Wiring.write_wire_scope: net not found
2026-10-07 12:28:57.490 WARN   Wiring.write_wire_scope: net not found
2026-10-07 12:28:57.490 WARN   Wiring.write_wire_scope: net not found
2026-10-07 12:28:57.490 WARN   Wiring.write_wire_scope: net not found
2026-10-07 12:28:57.490 WARN   Wiring.write_wire_scope: net not found
2026-10-07 12:28:57.490 WARN   Wiring.write_wire_scope: net not found
2026-10-07 12:28:57.490 WARN   Wiring.write_wire_scope: net not found
2026-10-07 12:28:57.490 WARN   Wiring.write_wire_scope: net not found
2026-10-07 12:28:57.490 WARN   Wiring.write_wire_scope: net not found
2026-10-07 12:28:57.490 WARN   Wiring.write_wire_scope: net not found
2026-10-07 12:28:57.490 WARN   Wiring.write_wire_scope: net not found
2026-10-07 12:28:57.490 WARN   Wiring.write_wire_scope: net not found
2026-10-07 12:28:57.490 WARN   Wiring.write_wire_scope: net not found
2026-10-07 12:28:57.490 WARN   Wiring.write_wire_scope: net not found
2026-10-07 12:28:57.490 WARN   Wiring.write_wire_scope: net not found
2026-10-07 12:28:57.490 WARN   Wiring.write_wire_scope: net not found
2026-10-07 12:28:57.490 WARN   Wiring.write_wire_scope: net not found
2026-10-07 12:28:57.490 WARN   Wiring.write_wire_scope: net not found
2026-10-07 12:28:57.490 WARN   Wiring.write_wire_scope: net not found
2026-10-07 12:28:57.490 WARN   Wiring.write_wire_scope: net not found
2026-10-07 12:28:57.490 WARN   Wiring.write_wire_scope: net not found
2026-10-07 12:28:57.490 WARN   Wiring.write_wire_scope: net not found
2026-10-07 12:28:57.490 WARN   Wiring.write_wire_scope: net not found
2026-10-07 12:28:57.490 WARN   Wiring.write_wire_scope: net not found
2026-10-07 12:28:57.490 WARN   Wiring.write_wire_scope: net not found
2026-10-07 12:28:57.490 WARN   Wiring.write_wire_scope: net not found
2026-10-07 12:28:57.490 WARN   Wiring.write_wire_scope: net not found
2026-10-07 12:28:57.490 WARN   Wiring.write_wire_scope: net not found
2026-10-07 12:28:57.490 WARN   Wiring.write_wire_scope: net not found
2026-10-07 12:28:57.490 WARN   Wiring.write_wire_scope: net not found
2026-10-07 12:28:57.490 WARN   Wiring.write_wire_scope: net not found
2026-10-07 12:28:57.490 WARN   Wiring.write_wire_scope: net not found
2026-10-07 12:28:58.222 WARN   Wiring.write_wire_scope: net not found
2026-10-07 12:28:58.222 WARN   Wiring.write_wire_scope: net not found
2026-10-07 12:28:58.222 WARN   Wiring.write_wire_scope: net not found
2026-10-07 12:28:58.222 WARN   Wiring.write_wire_scope: net not found
2026-10-07 12:28:58.222 WARN   Wiring.write_wire_scope: net not found
2026-10-07 12:28:58.222 WARN   Wiring.write_wire_scope: net not found
2026-10-07 12:28:58.222 WARN   Wiring.write_wire_scope: net not found
2026-10-07 12:28:58.222 WARN   Wiring.write_wire_scope: net not found
2026-10-07 12:28:58.222 WARN   Wiring.write_wire_scope: net not found
2026-10-07 12:28:58.222 WARN   Wiring.write_wire_scope: net not found
2026-10-07 12:28:58.222 WARN   Wiring.write_wire_scope: net not found
2026-10-07 12:28:58.222 WARN   Wiring.write_wire_scope: net not found
2026-10-07 12:28:58.223 WARN   Wiring.write_wire_scope: net not found
2026-10-07 12:28:58.223 WARN   Wiring.write_wire_scope: net not found
2026-10-07 12:28:58.223 WARN   Wiring.write_wire_scope: net not found
2026-10-07 12:28:58.223 WARN   Wiring.write_wire_scope: net not found
2026-10-07 12:28:58.223 WARN   Wiring.write_wire_scope: net not found
2026-10-07 12:28:58.223 WARN   Wiring.write_wire_scope: net not found
2026-10-07 12:28:58.223 WARN   Wiring.write_wire_scope: net not found
2026-10-07 12:28:58.223 WARN   Wiring.write_wire_scope: net not found
2026-10-07 12:28:58.223 WARN   Wiring.write_wire_scope: net not found
2026-10-07 12:28:58.223 WARN   Wiring.write_wire_scope: net not found
2026-10-07 12:28:58.223 WARN   Wiring.write_wire_scope: net not found
2026-10-07 12:28:58.223 WARN   Wiring.write_wire_scope: net not found
2026-10-07 12:28:58.223 WARN   Wiring.write_wire_scope: net not found
2026-10-07 12:28:58.223 WARN   Wiring.write_wire_scope: net not found
2026-10-07 12:28:58.223 WARN   Wiring.write_wire_scope: net not found
2026-10-07 12:28:58.223 WARN   Wiring.write_wire_scope: net not found
2026-10-07 12:28:58.223 WARN   Wiring.write_wire_scope: net not found
2026-10-07 12:28:58.223 WARN   Wiring.write_wire_scope: net not found
2026-10-07 12:28:58.223 WARN   Wiring.write_wire_scope: net not found
2026-10-07 12:28:59.489 WARN   Wiring.write_wire_scope: net not found
2026-10-07 12:28:59.489 WARN   Wiring.write_wire_scope: net not found
2026-10-07 12:28:59.489 WARN   Wiring.write_wire_scope: net not found
2026-10-07 12:28:59.489 WARN   Wiring.write_wire_scope: net not found
2026-10-07 12:28:59.489 WARN   Wiring.write_wire_scope: net not found
2026-10-07 12:28:59.489 WARN   Wiring.write_wire_scope: net not found
2026-10-07 12:28:59.489 WARN   Wiring.write_wire_scope: net not found
2026-10-07 12:28:59.489 WARN   Wiring.write_wire_scope: net not found
2026-10-07 12:28:59.489 WARN   Wiring.write_wire_scope: net not found
2026-10-07 12:28:59.489 WARN   Wiring.write_wire_scope: net not found
2026-10-07 12:28:59.489 WARN   Wiring.write_wire_scope: net not found
2026-10-07 12:28:59.489 WARN   Wiring.write_wire_scope: net not found
2026-10-07 12:28:59.489 WARN   Wiring.write_wire_scope: net not found
2026-10-07 12:28:59.489 WARN   Wiring.write_wire_scope: net not found
2026-10-07 12:28:59.489 WARN   Wiring.write_wire_scope: net not found
2026-10-07 12:28:59.489 WARN   Wiring.write_wire_scope: net not found
2026-10-07 12:28:59.489 WARN   Wiring.write_wire_scope: net not found
2026-10-07 12:28:59.489 WARN   Wiring.write_wire_scope: net not found
2026-10-07 12:28:59.489 WARN   Wiring.write_wire_scope: net not found
2026-10-07 12:28:59.489 WARN   Wiring.write_wire_scope: net not found
2026-10-07 12:28:59.489 WARN   Wiring.write_wire_scope: net not found
2026-10-07 12:28:59.489 WARN   Wiring.write_wire_scope: net not found
2026-10-07 12:28:59.489 WARN   Wiring.write_wire_scope: net not found
2026-10-07 12:28:59.489 WARN   Wiring.write_wire_scope: net not found
2026-10-07 12:28:59.489 WARN   Wiring.write_wire_scope: net not found
2026-10-07 12:28:59.489 WARN   Wiring.write_wire_scope: net not found
2026-10-07 12:28:59.489 WARN   Wiring.write_wire_scope: net not found
2026-10-07 12:28:59.489 WARN   Wiring.write_wire_scope: net not found
2026-10-07 12:28:59.489 WARN   Wiring.write_wire_scope: net not found
2026-10-07 12:28:59.489 WARN   Wiring.write_wire_scope: net not found
2026-10-07 12:28:59.489 WARN   Wiring.write_wire_scope: net not found
2026-10-07 12:28:59.774 WARN   Wiring.write_wire_scope: net not found
2026-10-07 12:28:59.775 WARN   Wiring.write_wire_scope: net not found
2026-10-07 12:28:59.775 WARN   Wiring.write_wire_scope: net not found
2026-10-07 12:28:59.775 WARN   Wiring.write_wire_scope: net not found
2026-10-07 12:28:59.775 WARN   Wiring.write_wire_scope: net not found
2026-10-07 12:28:59.775 WARN   Wiring.write_wire_scope: net not found
2026-10-07 12:28:59.775 WARN   Wiring.write_wire_scope: net not found
2026-10-07 12:28:59.775 WARN   Wiring.write_wire_scope: net not found
2026-10-07 12:28:59.775 WARN   Wiring.write_wire_scope: net not found
2026-10-07 12:28:59.775 WARN   Wiring.write_wire_scope: net not found
2026-10-07 12:28:59.775 WARN   Wiring.write_wire_scope: net not found
2026-10-07 12:28:59.775 WARN   Wiring.write_wire_scope: net not found
2026-10-07 12:28:59.775 WARN   Wiring.write_wire_scope: net not found
2026-10-07 12:28:59.775 WARN   Wiring.write_wire_scope: net not found
2026-10-07 12:28:59.775 WARN   Wiring.write_wire_scope: net not found
2026-10-07 12:28:59.775 WARN   Wiring.write_wire_scope: net not found
2026-10-07 12:28:59.775 WARN   Wiring.write_wire_scope: net not found
2026-10-07 12:28:59.775 WARN   Wiring.write_wire_scope: net not found
2026-10-07 12:28:59.775 WARN   Wiring.write_wire_scope: net not found
2026-10-07 12:28:59.775 WARN   Wiring.write_wire_scope: net not found
2026-10-07 12:28:59.775 WARN   Wiring.write_wire_scope: net not found
2026-10-07 12:28:59.775 WARN   Wiring.write_wire_scope: net not found
2026-10-07 12:28:59.775 WARN   Wiring.write_wire_scope: net not found
2026-10-07 12:28:59.775 WARN   Wiring.write_wire_scope: net not found
2026-10-07 12:28:59.775 WARN   Wiring.write_wire_scope: net not found
2026-10-07 12:28:59.775 WARN   Wiring.write_wire_scope: net not found
2026-10-07 12:28:59.775 WARN   Wiring.write_wire_scope: net not found
2026-10-07 12:28:59.775 WARN   Wiring.write_wire_scope: net not found
2026-10-07 12:28:59.775 WARN   Wiring.write_wire_scope: net not found
2026-10-07 12:28:59.775 WARN   Wiring.write_wire_scope: net not found
2026-10-07 12:28:59.775 WARN   Wiring.write_wire_scope: net not found
2026-10-07 12:29:02.109 WARN   Wiring.write_wire_scope: net not found
2026-10-07 12:29:02.109 WARN   Wiring.write_wire_scope: net not found
2026-10-07 12:29:02.109 WARN   Wiring.write_wire_scope: net not found
2026-10-07 12:29:02.109 WARN   Wiring.write_wire_scope: net not found
2026-10-07 12:29:02.109 WARN   Wiring.write_wire_scope: net not found
2026-10-07 12:29:02.109 WARN   Wiring.write_wire_scope: net not found
2026-10-07 12:29:02.109 WARN   Wiring.write_wire_scope: net not found
2026-10-07 12:29:02.109 WARN   Wiring.write_wire_scope: net not found
2026-10-07 12:29:02.109 WARN   Wiring.write_wire_scope: net not found
2026-10-07 12:29:02.109 WARN   Wiring.write_wire_scope: net not found
2026-10-07 12:29:02.109 WARN   Wiring.write_wire_scope: net not found
2026-10-07 12:29:02.109 WARN   Wiring.write_wire_scope: net not found
2026-10-07 12:29:02.110 WARN   Wiring.write_wire_scope: net not found
2026-10-07 12:29:02.110 WARN   Wiring.write_wire_scope: net not found
2026-10-07 12:29:02.110 WARN   Wiring.write_wire_scope: net not found
2026-10-07 12:29:02.110 WARN   Wiring.write_wire_scope: net not found
2026-10-07 12:29:02.110 WARN   Wiring.write_wire_scope: net not found
2026-10-07 12:29:02.110 WARN   Wiring.write_wire_scope: net not found
2026-10-07 12:29:02.110 WARN   Wiring.write_wire_scope: net not found
2026-10-07 12:29:02.110 WARN   Wiring.write_wire_scope: net not found
2026-10-07 12:29:02.110 WARN   Wiring.write_wire_scope: net not found
2026-10-07 12:29:02.110 WARN   Wiring.write_wire_scope: net not found
2026-10-07 12:29:02.110 WARN   Wiring.write_wire_scope: net not found
2026-10-07 12:29:02.110 WARN   Wiring.write_wire_scope: net not found
2026-10-07 12:29:02.110 WARN   Wiring.write_wire_scope: net not found
2026-10-07 12:29:02.110 WARN   Wiring.write_wire_scope: net not found
2026-10-07 12:29:02.110 WARN   Wiring.write_wire_scope: net not found
2026-10-07 12:29:02.110 WARN   Wiring.write_wire_scope: net not found
2026-10-07 12:29:02.110 WARN   Wiring.write_wire_scope: net not found
2026-10-07 12:29:02.110 WARN   Wiring.write_wire_scope: net not found
2026-10-07 12:29:02.110 WARN   Wiring.write_wire_scope: net not found
2026-10-07 12:29:04.497 WARN   Wiring.write_wire_scope: net not found
2026-10-07 12:29:04.497 WARN   Wiring.write_wire_scope: net not found
2026-10-07 12:29:04.497 WARN   Wiring.write_wire_scope: net not found
2026-10-07 12:29:04.497 WARN   Wiring.write_wire_scope: net not found
2026-10-07 12:29:04.497 WARN   Wiring.write_wire_scope: net not found
2026-10-07 12:29:04.497 WARN   Wiring.write_wire_scope: net not found
2026-10-07 12:29:04.497 WARN   Wiring.write_wire_scope: net not found
2026-10-07 12:29:04.497 WARN   Wiring.write_wire_scope: net not found
2026-10-07 12:29:04.497 WARN   Wiring.write_wire_scope: net not found
2026-10-07 12:29:04.497 WARN   Wiring.write_wire_scope: net not found
2026-10-07 12:29:04.497 WARN   Wiring.write_wire_scope: net not found
2026-10-07 12:29:04.497 WARN   Wiring.write_wire_scope: net not found
2026-10-07 12:29:04.497 WARN   Wiring.write_wire_scope: net not found
2026-10-07 12:29:04.497 WARN   Wiring.write_wire_scope: net not found
2026-10-07 12:29:04.497 WARN   Wiring.write_wire_scope: net not found
2026-10-07 12:29:04.497 WARN   Wiring.write_wire_scope: net not found
2026-10-07 12:29:04.497 WARN   Wiring.write_wire_scope: net not found
2026-10-07 12:29:04.497 WARN   Wiring.write_wire_scope: net not found
2026-10-07 12:29:04.497 WARN   Wiring.write_wire_scope: net not found
2026-10-07 12:29:04.497 WARN   Wiring.write_wire_scope: net not found
2026-10-07 12:29:04.497 WARN   Wiring.write_wire_scope: net not found
2026-10-07 12:29:04.497 WARN   Wiring.write_wire_scope: net not found
2026-10-07 12:29:04.497 WARN   Wiring.write_wire_scope: net not found
2026-10-07 12:29:04.497 WARN   Wiring.write_wire_scope: net not found
2026-10-07 12:29:04.497 WARN   Wiring.write_wire_scope: net not found
2026-10-07 12:29:04.497 WARN   Wiring.write_wire_scope: net not found
2026-10-07 12:29:04.497 WARN   Wiring.write_wire_scope: net not found
2026-10-07 12:29:04.497 WARN   Wiring.write_wire_scope: net not found
2026-10-07 12:29:04.497 WARN   Wiring.write_wire_scope: net not found
2026-10-07 12:29:04.497 WARN   Wiring.write_wire_scope: net not found
2026-10-07 12:29:04.497 WARN   Wiring.write_wire_scope: net not found
2026-10-07 12:29:04.830 WARN   Wiring.write_wire_scope: net not found
2026-10-07 12:29:04.830 WARN   Wiring.write_wire_scope: net not found
2026-10-07 12:29:04.830 WARN   Wiring.write_wire_scope: net not found
2026-10-07 12:29:04.830 WARN   Wiring.write_wire_scope: net not found
2026-10-07 12:29:04.830 WARN   Wiring.write_wire_scope: net not found
2026-10-07 12:29:04.830 WARN   Wiring.write_wire_scope: net not found
2026-10-07 12:29:04.830 WARN   Wiring.write_wire_scope: net not found
2026-10-07 12:29:04.830 WARN   Wiring.write_wire_scope: net not found
2026-10-07 12:29:04.830 WARN   Wiring.write_wire_scope: net not found
2026-10-07 12:29:04.830 WARN   Wiring.write_wire_scope: net not found
2026-10-07 12:29:04.830 WARN   Wiring.write_wire_scope: net not found
2026-10-07 12:29:04.830 WARN   Wiring.write_wire_scope: net not found
2026-10-07 12:29:04.830 WARN   Wiring.write_wire_scope: net not found
2026-10-07 12:29:04.830 WARN   Wiring.write_wire_scope: net not found
2026-10-07 12:29:04.830 WARN   Wiring.write_wire_scope: net not found
2026-10-07 12:29:04.830 WARN   Wiring.write_wire_scope: net not found
2026-10-07 12:29:04.830 WARN   Wiring.write_wire_scope: net not found
2026-10-07 12:29:04.830 WARN   Wiring.write_wire_scope: net not found
2026-10-07 12:29:04.830 WARN   Wiring.write_wire_scope: net not found
2026-10-07 12:29:04.830 WARN   Wiring.write_wire_scope: net not found
2026-10-07 12:29:04.830 WARN   Wiring.write_wire_scope: net not found
2026-10-07 12:29:04.830 WARN   Wiring.write_wire_scope: net not found
2026-10-07 12:29:04.830 WARN   Wiring.write_wire_scope: net not found
2026-10-07 12:29:04.830 WARN   Wiring.write_wire_scope: net not found
2026-10-07 12:29:04.830 WARN   Wiring.write_wire_scope: net not found
2026-10-07 12:29:04.830 WARN   Wiring.write_wire_scope: net not found
2026-10-07 12:29:04.830 WARN   Wiring.write_wire_scope: net not found
2026-10-07 12:29:04.830 WARN   Wiring.write_wire_scope: net not found
2026-10-07 12:29:04.830 WARN   Wiring.write_wire_scope: net not found
2026-10-07 12:29:04.830 WARN   Wiring.write_wire_scope: net not found
2026-10-07 12:29:04.830 WARN   Wiring.write_wire_scope: net not found
2026-10-07 12:29:05.635 WARN   Wiring.write_wire_scope: net not found
2026-10-07 12:29:05.635 WARN   Wiring.write_wire_scope: net not found
2026-10-07 12:29:05.635 WARN   Wiring.write_wire_scope: net not found
2026-10-07 12:29:05.635 WARN   Wiring.write_wire_scope: net not found
2026-10-07 12:29:05.635 WARN   Wiring.write_wire_scope: net not found
2026-10-07 12:29:05.635 WARN   Wiring.write_wire_scope: net not found
2026-10-07 12:29:05.635 WARN   Wiring.write_wire_scope: net not found
2026-10-07 12:29:05.635 WARN   Wiring.write_wire_scope: net not found
2026-10-07 12:29:05.635 WARN   Wiring.write_wire_scope: net not found
2026-10-07 12:29:05.635 WARN   Wiring.write_wire_scope: net not found
2026-10-07 12:29:05.635 WARN   Wiring.write_wire_scope: net not found
2026-10-07 12:29:05.635 WARN   Wiring.write_wire_scope: net not found
2026-10-07 12:29:05.635 WARN   Wiring.write_wire_scope: net not found
2026-10-07 12:29:05.635 WARN   Wiring.write_wire_scope: net not found
2026-10-07 12:29:05.635 WARN   Wiring.write_wire_scope: net not found
2026-10-07 12:29:05.635 WARN   Wiring.write_wire_scope: net not found
2026-10-07 12:29:05.635 WARN   Wiring.write_wire_scope: net not found
2026-10-07 12:29:05.635 WARN   Wiring.write_wire_scope: net not found
2026-10-07 12:29:05.635 WARN   Wiring.write_wire_scope: net not found
2026-10-07 12:29:05.635 WARN   Wiring.write_wire_scope: net not found
2026-10-07 12:29:05.635 WARN   Wiring.write_wire_scope: net not found
2026-10-07 12:29:05.635 WARN   Wiring.write_wire_scope: net not found
2026-10-07 12:29:05.635 WARN   Wiring.write_wire_scope: net not found
2026-10-07 12:29:05.635 WARN   Wiring.write_wire_scope: net not found
2026-10-07 12:29:05.635 WARN   Wiring.write_wire_scope: net not found
2026-10-07 12:29:05.635 WARN   Wiring.write_wire_scope: net not found
2026-10-07 12:29:05.635 WARN   Wiring.write_wire_scope: net not found
2026-10-07 12:29:05.635 WARN   Wiring.write_wire_scope: net not found
2026-10-07 12:29:05.635 WARN   Wiring.write_wire_scope: net not found
2026-10-07 12:29:05.635 WARN   Wiring.write_wire_scope: net not found
2026-10-07 12:29:05.635 WARN   Wiring.write_wire_scope: net not found
2026-10-07 12:29:06.318 WARN   Wiring.write_wire_scope: net not found
2026-10-07 12:29:06.318 WARN   Wiring.write_wire_scope: net not found
2026-10-07 12:29:06.318 WARN   Wiring.write_wire_scope: net not found
2026-10-07 12:29:06.318 WARN   Wiring.write_wire_scope: net not found
2026-10-07 12:29:06.318 WARN   Wiring.write_wire_scope: net not found
2026-10-07 12:29:06.318 WARN   Wiring.write_wire_scope: net not found
2026-10-07 12:29:06.318 WARN   Wiring.write_wire_scope: net not found
2026-10-07 12:29:06.318 WARN   Wiring.write_wire_scope: net not found
2026-10-07 12:29:06.318 WARN   Wiring.write_wire_scope: net not found
2026-10-07 12:29:06.318 WARN   Wiring.write_wire_scope: net not found
2026-10-07 12:29:06.318 WARN   Wiring.write_wire_scope: net not found
2026-10-07 12:29:06.318 WARN   Wiring.write_wire_scope: net not found
2026-10-07 12:29:06.318 WARN   Wiring.write_wire_scope: net not found
2026-10-07 12:29:06.318 WARN   Wiring.write_wire_scope: net not found
2026-10-07 12:29:06.318 WARN   Wiring.write_wire_scope: net not found
2026-10-07 12:29:06.318 WARN   Wiring.write_wire_scope: net not found
2026-10-07 12:29:06.318 WARN   Wiring.write_wire_scope: net not found
2026-10-07 12:29:06.318 WARN   Wiring.write_wire_scope: net not found
2026-10-07 12:29:06.318 WARN   Wiring.write_wire_scope: net not found
2026-10-07 12:29:06.318 WARN   Wiring.write_wire_scope: net not found
2026-10-07 12:29:06.318 WARN   Wiring.write_wire_scope: net not found
2026-10-07 12:29:06.318 WARN   Wiring.write_wire_scope: net not found
2026-10-07 12:29:06.318 WARN   Wiring.write_wire_scope: net not found
2026-10-07 12:29:06.318 WARN   Wiring.write_wire_scope: net not found
2026-10-07 12:29:06.318 WARN   Wiring.write_wire_scope: net not found
2026-10-07 12:29:06.318 WARN   Wiring.write_wire_scope: net not found
2026-10-07 12:29:06.318 WARN   Wiring.write_wire_scope: net not found
2026-10-07 12:29:06.318 WARN   Wiring.write_wire_scope: net not found
2026-10-07 12:29:06.318 WARN   Wiring.write_wire_scope: net not found
2026-10-07 12:29:06.318 WARN   Wiring.write_wire_scope: net not found
2026-10-07 12:29:06.318 WARN   Wiring.write_wire_scope: net not found
2026-10-07 12:29:06.476 WARN   Wiring.write_wire_scope: net not found
2026-10-07 12:29:06.476 WARN   Wiring.write_wire_scope: net not found
2026-10-07 12:29:06.476 WARN   Wiring.write_wire_scope: net not found
2026-10-07 12:29:06.476 WARN   Wiring.write_wire_scope: net not found
2026-10-07 12:29:06.476 WARN   Wiring.write_wire_scope: net not found
2026-10-07 12:29:06.476 WARN   Wiring.write_wire_scope: net not found
2026-10-07 12:29:06.476 WARN   Wiring.write_wire_scope: net not found
2026-10-07 12:29:06.476 WARN   Wiring.write_wire_scope: net not found
2026-10-07 12:29:06.476 WARN   Wiring.write_wire_scope: net not found
2026-10-07 12:29:06.476 WARN   Wiring.write_wire_scope: net not found
2026-10-07 12:29:06.476 WARN   Wiring.write_wire_scope: net not found
2026-10-07 12:29:06.476 WARN   Wiring.write_wire_scope: net not found
2026-10-07 12:29:06.476 WARN   Wiring.write_wire_scope: net not found
2026-10-07 12:29:06.476 WARN   Wiring.write_wire_scope: net not found
2026-10-07 12:29:06.476 WARN   Wiring.write_wire_scope: net not found
2026-10-07 12:29:06.476 WARN   Wiring.write_wire_scope: net not found
2026-10-07 12:29:06.476 WARN   Wiring.write_wire_scope: net not found
2026-10-07 12:29:06.476 WARN   Wiring.write_wire_scope: net not found
2026-10-07 12:29:06.476 WARN   Wiring.write_wire_scope: net not found
2026-10-07 12:29:06.476 WARN   Wiring.write_wire_scope: net not found
2026-10-07 12:29:06.476 WARN   Wiring.write_wire_scope: net not found
2026-10-07 12:29:06.476 WARN   Wiring.write_wire_scope: net not found
2026-10-07 12:29:06.476 WARN   Wiring.write_wire_scope: net not found
2026-10-07 12:29:06.476 WARN   Wiring.write_wire_scope: net not found
2026-10-07 12:29:06.476 WARN   Wiring.write_wire_scope: net not found
2026-10-07 12:29:06.476 WARN   Wiring.write_wire_scope: net not found
2026-10-07 12:29:06.476 WARN   Wiring.write_wire_scope: net not found
2026-10-07 12:29:06.476 WARN   Wiring.write_wire_scope: net not found
2026-10-07 12:29:06.476 WARN   Wiring.write_wire_scope: net not found
2026-10-07 12:29:06.476 WARN   Wiring.write_wire_scope: net not found
2026-10-07 12:29:06.476 WARN   Wiring.write_wire_scope: net not found
2026-10-07 12:29:06.509 INFO   [0CCF54\2F676C] Auto-routing pass #1 on board 'f28cdb26dbac76a4e9fac0b582d53532' was completed in 14.76 seconds with score 615.39 (37 unrouted and 135 violations), using 16.72 CPU seconds and the job allocated 22.27 GB of memory so far.
2026-10-07 12:29:06.618 INFO   [0CCF54\2F676C] Auto-routing stage completed: started with 114 unrouted nets, completed in 17.47 seconds, final score: 615.39 (37 unrouted and 135 violations), using 16.72 total CPU seconds, 22.27 GB total allocated, and 489.1 MB peak heap usage.
2026-10-07 12:29:06.656 INFO   [0CCF54\2F676C] Skipping optimization stage: the board has 37 unrouted connection(s) (optimizer only runs on completely routed boards).
2026-10-07 12:29:06.683 WARN   Wiring.write_wire_scope: net not found
2026-10-07 12:29:06.683 WARN   Wiring.write_wire_scope: net not found
2026-10-07 12:29:06.683 WARN   Wiring.write_wire_scope: net not found
2026-10-07 12:29:06.683 WARN   Wiring.write_wire_scope: net not found
2026-10-07 12:29:06.683 WARN   Wiring.write_wire_scope: net not found
2026-10-07 12:29:06.683 WARN   Wiring.write_wire_scope: net not found
2026-10-07 12:29:06.683 WARN   Wiring.write_wire_scope: net not found
2026-10-07 12:29:06.683 WARN   Wiring.write_wire_scope: net not found
2026-10-07 12:29:06.683 WARN   Wiring.write_wire_scope: net not found
2026-10-07 12:29:06.683 WARN   Wiring.write_wire_scope: net not found
2026-10-07 12:29:06.683 WARN   Wiring.write_wire_scope: net not found
2026-10-07 12:29:06.683 WARN   Wiring.write_wire_scope: net not found
2026-10-07 12:29:06.683 WARN   Wiring.write_wire_scope: net not found
2026-10-07 12:29:06.683 WARN   Wiring.write_wire_scope: net not found
2026-10-07 12:29:06.683 WARN   Wiring.write_wire_scope: net not found
2026-10-07 12:29:06.683 WARN   Wiring.write_wire_scope: net not found
2026-10-07 12:29:06.683 WARN   Wiring.write_wire_scope: net not found
2026-10-07 12:29:06.683 WARN   Wiring.write_wire_scope: net not found
2026-10-07 12:29:06.683 WARN   Wiring.write_wire_scope: net not found
2026-10-07 12:29:06.683 WARN   Wiring.write_wire_scope: net not found
2026-10-07 12:29:06.683 WARN   Wiring.write_wire_scope: net not found
2026-10-07 12:29:06.683 WARN   Wiring.write_wire_scope: net not found
2026-10-07 12:29:06.683 WARN   Wiring.write_wire_scope: net not found
2026-10-07 12:29:06.683 WARN   Wiring.write_wire_scope: net not found
2026-10-07 12:29:06.683 WARN   Wiring.write_wire_scope: net not found
2026-10-07 12:29:06.683 WARN   Wiring.write_wire_scope: net not found
2026-10-07 12:29:06.683 WARN   Wiring.write_wire_scope: net not found
2026-10-07 12:29:06.683 WARN   Wiring.write_wire_scope: net not found
2026-10-07 12:29:06.683 WARN   Wiring.write_wire_scope: net not found
2026-10-07 12:29:06.683 WARN   Wiring.write_wire_scope: net not found
2026-10-07 12:29:06.683 WARN   Wiring.write_wire_scope: net not found
2026-10-07 12:29:06.684 INFO   [0CCF54\2F676C] Job '0CCF54\2F676C' finished with state: COMPLETED (elapsed: 17.74 seconds, finished at UTC: 2026-10-07T01:29:06.684384141Z).
2026-10-07 12:29:06.686 INFO   Saving output file '/home/chithi/Desktop/DesktopSpeaker/ai-files/pcb/work-p1/B2-c2.ses' (SES)...
2026-10-07 12:29:06.687 INFO   Successfully saved output file '/home/chithi/Desktop/DesktopSpeaker/ai-files/pcb/work-p1/B2-c2.ses' (67281 bytes).
