2026-10-07 12:37:31.307 INFO   Freerouting v2.5.0 (build-date: 2026-10-05)
2026-10-07 12:37:31.569 INFO   Hardware: 24 CPU cores, 603 CPU score, 16056 MB RAM
2026-10-07 12:37:31.569 WARN   Deprecated settings path '-mp / --router.max_passes'; use '--router.autorouter.max_passes' instead. The old path will be removed in a future release.
2026-10-07 12:37:31.569 WARN   Couldn't get screen resolution. If you are running in a headless environment, disable the GUI by setting gui.enabled to false.
2026-10-07 12:37:32.591 WARN   Deprecated settings path 'router.max_passes'; use 'router.autorouter.max_passes' instead. The old path will be removed in a future release.
2026-10-07 12:37:32.849 INFO   [8DDD43\5B5046] Loading board file 'B3-c2.dsn'...
2026-10-07 12:37:33.013 WARN   DSN file 'B3-c2.dsn' was loaded with 1 warning(s).
2026-10-07 12:37:33.083 INFO   [8DDD43\5B5046] Job '8DDD43\5B5046' started at 2026-10-07T01:37:33.083695284Z.
2026-10-07 12:37:33.162 WARN   Wiring.write_wire_scope: net not found
2026-10-07 12:37:33.162 WARN   Wiring.write_wire_scope: net not found
2026-10-07 12:37:33.162 WARN   Wiring.write_wire_scope: net not found
2026-10-07 12:37:33.162 WARN   Wiring.write_wire_scope: net not found
2026-10-07 12:37:33.163 WARN   Wiring.write_wire_scope: net not found
2026-10-07 12:37:33.163 WARN   Wiring.write_wire_scope: net not found
2026-10-07 12:37:33.163 WARN   Wiring.write_wire_scope: net not found
2026-10-07 12:37:33.163 WARN   Wiring.write_wire_scope: net not found
2026-10-07 12:37:33.163 WARN   Wiring.write_wire_scope: net not found
2026-10-07 12:37:33.163 WARN   Wiring.write_wire_scope: net not found
2026-10-07 12:37:33.163 WARN   Wiring.write_wire_scope: net not found
2026-10-07 12:37:33.163 WARN   Wiring.write_wire_scope: net not found
2026-10-07 12:37:33.163 WARN   Wiring.write_wire_scope: net not found
2026-10-07 12:37:33.163 WARN   Wiring.write_wire_scope: net not found
2026-10-07 12:37:33.163 WARN   Wiring.write_wire_scope: net not found
2026-10-07 12:37:33.164 WARN   Wiring.write_wire_scope: net not found
2026-10-07 12:37:33.164 WARN   Wiring.write_wire_scope: net not found
2026-10-07 12:37:33.164 WARN   Wiring.write_wire_scope: net not found
2026-10-07 12:37:33.164 WARN   Wiring.write_wire_scope: net not found
2026-10-07 12:37:33.164 WARN   Wiring.write_wire_scope: net not found
2026-10-07 12:37:33.164 WARN   Wiring.write_wire_scope: net not found
2026-10-07 12:37:33.165 WARN   Wiring.write_wire_scope: net not found
2026-10-07 12:37:33.165 WARN   Wiring.write_wire_scope: net not found
2026-10-07 12:37:33.208 WARN   Design Warning: Board has 98 pre-existing clearance violation(s) in the loaded design (before routing):
  - 98 unfixable violation(s) (cannot be resolved by Freerouting):
      * 33 pin-to-pin clearance violations (first 5 shown):
          - Q103.9 <-> Q103.8
          - Q103.9 <-> Q103.7
          - Q103.9 <-> Q103.6
          - Q103.9 <-> Q103.5
          - U25.21 <-> U25.20
          ... and 28 more
      * 65 fixed trace/via clearance violations (first 5 shown):
          - FixedTrace#3357 [net Net-(U24-XI)] <-> C206.1 [net Net-(U24-VINL1)]
          - FixedTrace#3349 [net Net-(U24-XI)] <-> C206.1 [net Net-(U24-VINL1)]
          - FixedTrace#3346 [net Net-(U24-XI)] <-> C227.1 [net Net-(U24-XO)]
          - FixedTrace#3338 [net Net-(U24-XI)] <-> C227.2
          - FixedTrace#3334 [net Net-(U24-XI)] <-> C227.1 [net Net-(U24-XO)]
          ... and 60 more
  - 0 potentially fixable violations
Notice: Freerouting does not modify component placement, board outlines, or fixed items.
Resolving these 98 unfixable violation(s) is the responsibility of the board author in their EDA tool (e.g. KiCad).
2026-10-07 12:37:33.244 INFO   [8DDD43\5B5046] Pipeline thread limits: autorouter pass is single-threaded, optimizer.max_threads=23.
2026-10-07 12:37:33.341 INFO   [8DDD43\5B5046] Fanout stage started on board '0cf2ee0d2d87972f876d4ed63ee68de2' with 162 of 1066 SMD pins needing fanout (27 already connected, 877 netless).
2026-10-07 12:37:33.436 WARN   Wiring.write_wire_scope: net not found
2026-10-07 12:37:33.436 WARN   Wiring.write_wire_scope: net not found
2026-10-07 12:37:33.436 WARN   Wiring.write_wire_scope: net not found
2026-10-07 12:37:33.436 WARN   Wiring.write_wire_scope: net not found
2026-10-07 12:37:33.436 WARN   Wiring.write_wire_scope: net not found
2026-10-07 12:37:33.436 WARN   Wiring.write_wire_scope: net not found
2026-10-07 12:37:33.436 WARN   Wiring.write_wire_scope: net not found
2026-10-07 12:37:33.436 WARN   Wiring.write_wire_scope: net not found
2026-10-07 12:37:33.436 WARN   Wiring.write_wire_scope: net not found
2026-10-07 12:37:33.436 WARN   Wiring.write_wire_scope: net not found
2026-10-07 12:37:33.436 WARN   Wiring.write_wire_scope: net not found
2026-10-07 12:37:33.437 WARN   Wiring.write_wire_scope: net not found
2026-10-07 12:37:33.437 WARN   Wiring.write_wire_scope: net not found
2026-10-07 12:37:33.437 WARN   Wiring.write_wire_scope: net not found
2026-10-07 12:37:33.437 WARN   Wiring.write_wire_scope: net not found
2026-10-07 12:37:33.437 WARN   Wiring.write_wire_scope: net not found
2026-10-07 12:37:33.437 WARN   Wiring.write_wire_scope: net not found
2026-10-07 12:37:33.437 WARN   Wiring.write_wire_scope: net not found
2026-10-07 12:37:33.437 WARN   Wiring.write_wire_scope: net not found
2026-10-07 12:37:33.437 WARN   Wiring.write_wire_scope: net not found
2026-10-07 12:37:33.438 WARN   Wiring.write_wire_scope: net not found
2026-10-07 12:37:33.438 WARN   Wiring.write_wire_scope: net not found
2026-10-07 12:37:33.438 WARN   Wiring.write_wire_scope: net not found
2026-10-07 12:37:33.560 WARN   Wiring.write_wire_scope: net not found
2026-10-07 12:37:33.560 WARN   Wiring.write_wire_scope: net not found
2026-10-07 12:37:33.560 WARN   Wiring.write_wire_scope: net not found
2026-10-07 12:37:33.560 WARN   Wiring.write_wire_scope: net not found
2026-10-07 12:37:33.560 WARN   Wiring.write_wire_scope: net not found
2026-10-07 12:37:33.560 WARN   Wiring.write_wire_scope: net not found
2026-10-07 12:37:33.560 WARN   Wiring.write_wire_scope: net not found
2026-10-07 12:37:33.560 WARN   Wiring.write_wire_scope: net not found
2026-10-07 12:37:33.560 WARN   Wiring.write_wire_scope: net not found
2026-10-07 12:37:33.560 WARN   Wiring.write_wire_scope: net not found
2026-10-07 12:37:33.560 WARN   Wiring.write_wire_scope: net not found
2026-10-07 12:37:33.560 WARN   Wiring.write_wire_scope: net not found
2026-10-07 12:37:33.560 WARN   Wiring.write_wire_scope: net not found
2026-10-07 12:37:33.560 WARN   Wiring.write_wire_scope: net not found
2026-10-07 12:37:33.560 WARN   Wiring.write_wire_scope: net not found
2026-10-07 12:37:33.560 WARN   Wiring.write_wire_scope: net not found
2026-10-07 12:37:33.560 WARN   Wiring.write_wire_scope: net not found
2026-10-07 12:37:33.561 WARN   Wiring.write_wire_scope: net not found
2026-10-07 12:37:33.561 WARN   Wiring.write_wire_scope: net not found
2026-10-07 12:37:33.561 WARN   Wiring.write_wire_scope: net not found
2026-10-07 12:37:33.561 WARN   Wiring.write_wire_scope: net not found
2026-10-07 12:37:33.561 WARN   Wiring.write_wire_scope: net not found
2026-10-07 12:37:33.561 WARN   Wiring.write_wire_scope: net not found
2026-10-07 12:37:34.445 WARN   Wiring.write_wire_scope: net not found
2026-10-07 12:37:34.445 WARN   Wiring.write_wire_scope: net not found
2026-10-07 12:37:34.445 WARN   Wiring.write_wire_scope: net not found
2026-10-07 12:37:34.445 WARN   Wiring.write_wire_scope: net not found
2026-10-07 12:37:34.445 WARN   Wiring.write_wire_scope: net not found
2026-10-07 12:37:34.445 WARN   Wiring.write_wire_scope: net not found
2026-10-07 12:37:34.445 WARN   Wiring.write_wire_scope: net not found
2026-10-07 12:37:34.445 WARN   Wiring.write_wire_scope: net not found
2026-10-07 12:37:34.445 WARN   Wiring.write_wire_scope: net not found
2026-10-07 12:37:34.445 WARN   Wiring.write_wire_scope: net not found
2026-10-07 12:37:34.445 WARN   Wiring.write_wire_scope: net not found
2026-10-07 12:37:34.445 WARN   Wiring.write_wire_scope: net not found
2026-10-07 12:37:34.445 WARN   Wiring.write_wire_scope: net not found
2026-10-07 12:37:34.445 WARN   Wiring.write_wire_scope: net not found
2026-10-07 12:37:34.445 WARN   Wiring.write_wire_scope: net not found
2026-10-07 12:37:34.445 WARN   Wiring.write_wire_scope: net not found
2026-10-07 12:37:34.445 WARN   Wiring.write_wire_scope: net not found
2026-10-07 12:37:34.445 WARN   Wiring.write_wire_scope: net not found
2026-10-07 12:37:34.446 WARN   Wiring.write_wire_scope: net not found
2026-10-07 12:37:34.446 WARN   Wiring.write_wire_scope: net not found
2026-10-07 12:37:34.446 WARN   Wiring.write_wire_scope: net not found
2026-10-07 12:37:34.446 WARN   Wiring.write_wire_scope: net not found
2026-10-07 12:37:34.446 WARN   Wiring.write_wire_scope: net not found
2026-10-07 12:37:34.455 INFO   [8DDD43\5B5046] Fanout pass #1 on board 'e251143c2d32f0cedbf0a38915d38e7a' completed in 1.04 seconds with 71 SMD pins fanouted, 55 not routed, 0 insert errors, +0 extra vias (0 SMD pins still to check in pass, ripup costs=100).
2026-10-07 12:37:34.499 WARN   Wiring.write_wire_scope: net not found
2026-10-07 12:37:34.499 WARN   Wiring.write_wire_scope: net not found
2026-10-07 12:37:34.499 WARN   Wiring.write_wire_scope: net not found
2026-10-07 12:37:34.500 WARN   Wiring.write_wire_scope: net not found
2026-10-07 12:37:34.500 WARN   Wiring.write_wire_scope: net not found
2026-10-07 12:37:34.500 WARN   Wiring.write_wire_scope: net not found
2026-10-07 12:37:34.500 WARN   Wiring.write_wire_scope: net not found
2026-10-07 12:37:34.500 WARN   Wiring.write_wire_scope: net not found
2026-10-07 12:37:34.500 WARN   Wiring.write_wire_scope: net not found
2026-10-07 12:37:34.500 WARN   Wiring.write_wire_scope: net not found
2026-10-07 12:37:34.500 WARN   Wiring.write_wire_scope: net not found
2026-10-07 12:37:34.500 WARN   Wiring.write_wire_scope: net not found
2026-10-07 12:37:34.500 WARN   Wiring.write_wire_scope: net not found
2026-10-07 12:37:34.500 WARN   Wiring.write_wire_scope: net not found
2026-10-07 12:37:34.500 WARN   Wiring.write_wire_scope: net not found
2026-10-07 12:37:34.500 WARN   Wiring.write_wire_scope: net not found
2026-10-07 12:37:34.500 WARN   Wiring.write_wire_scope: net not found
2026-10-07 12:37:34.500 WARN   Wiring.write_wire_scope: net not found
2026-10-07 12:37:34.500 WARN   Wiring.write_wire_scope: net not found
2026-10-07 12:37:34.500 WARN   Wiring.write_wire_scope: net not found
2026-10-07 12:37:34.501 WARN   Wiring.write_wire_scope: net not found
2026-10-07 12:37:34.501 WARN   Wiring.write_wire_scope: net not found
2026-10-07 12:37:34.501 WARN   Wiring.write_wire_scope: net not found
2026-10-07 12:37:34.534 WARN   Wiring.write_wire_scope: net not found
2026-10-07 12:37:34.534 WARN   Wiring.write_wire_scope: net not found
2026-10-07 12:37:34.534 WARN   Wiring.write_wire_scope: net not found
2026-10-07 12:37:34.534 WARN   Wiring.write_wire_scope: net not found
2026-10-07 12:37:34.534 WARN   Wiring.write_wire_scope: net not found
2026-10-07 12:37:34.534 WARN   Wiring.write_wire_scope: net not found
2026-10-07 12:37:34.534 WARN   Wiring.write_wire_scope: net not found
2026-10-07 12:37:34.534 WARN   Wiring.write_wire_scope: net not found
2026-10-07 12:37:34.534 WARN   Wiring.write_wire_scope: net not found
2026-10-07 12:37:34.534 WARN   Wiring.write_wire_scope: net not found
2026-10-07 12:37:34.534 WARN   Wiring.write_wire_scope: net not found
2026-10-07 12:37:34.534 WARN   Wiring.write_wire_scope: net not found
2026-10-07 12:37:34.534 WARN   Wiring.write_wire_scope: net not found
2026-10-07 12:37:34.534 WARN   Wiring.write_wire_scope: net not found
2026-10-07 12:37:34.534 WARN   Wiring.write_wire_scope: net not found
2026-10-07 12:37:34.535 WARN   Wiring.write_wire_scope: net not found
2026-10-07 12:37:34.535 WARN   Wiring.write_wire_scope: net not found
2026-10-07 12:37:34.535 WARN   Wiring.write_wire_scope: net not found
2026-10-07 12:37:34.535 WARN   Wiring.write_wire_scope: net not found
2026-10-07 12:37:34.535 WARN   Wiring.write_wire_scope: net not found
2026-10-07 12:37:34.535 WARN   Wiring.write_wire_scope: net not found
2026-10-07 12:37:34.535 WARN   Wiring.write_wire_scope: net not found
2026-10-07 12:37:34.535 WARN   Wiring.write_wire_scope: net not found
2026-10-07 12:37:34.800 WARN   Wiring.write_wire_scope: net not found
2026-10-07 12:37:34.800 WARN   Wiring.write_wire_scope: net not found
2026-10-07 12:37:34.800 WARN   Wiring.write_wire_scope: net not found
2026-10-07 12:37:34.800 WARN   Wiring.write_wire_scope: net not found
2026-10-07 12:37:34.800 WARN   Wiring.write_wire_scope: net not found
2026-10-07 12:37:34.800 WARN   Wiring.write_wire_scope: net not found
2026-10-07 12:37:34.800 WARN   Wiring.write_wire_scope: net not found
2026-10-07 12:37:34.800 WARN   Wiring.write_wire_scope: net not found
2026-10-07 12:37:34.800 WARN   Wiring.write_wire_scope: net not found
2026-10-07 12:37:34.800 WARN   Wiring.write_wire_scope: net not found
2026-10-07 12:37:34.800 WARN   Wiring.write_wire_scope: net not found
2026-10-07 12:37:34.800 WARN   Wiring.write_wire_scope: net not found
2026-10-07 12:37:34.800 WARN   Wiring.write_wire_scope: net not found
2026-10-07 12:37:34.800 WARN   Wiring.write_wire_scope: net not found
2026-10-07 12:37:34.800 WARN   Wiring.write_wire_scope: net not found
2026-10-07 12:37:34.801 WARN   Wiring.write_wire_scope: net not found
2026-10-07 12:37:34.801 WARN   Wiring.write_wire_scope: net not found
2026-10-07 12:37:34.801 WARN   Wiring.write_wire_scope: net not found
2026-10-07 12:37:34.801 WARN   Wiring.write_wire_scope: net not found
2026-10-07 12:37:34.801 WARN   Wiring.write_wire_scope: net not found
2026-10-07 12:37:34.801 WARN   Wiring.write_wire_scope: net not found
2026-10-07 12:37:34.801 WARN   Wiring.write_wire_scope: net not found
2026-10-07 12:37:34.801 WARN   Wiring.write_wire_scope: net not found
2026-10-07 12:37:34.806 INFO   [8DDD43\5B5046] Fanout pass #2 on board '92728cce12d5a81be390d11e47515b58' completed in 0.31 seconds with 35 SMD pins fanouted, 15 not routed, 0 insert errors, +0 extra vias (0 SMD pins still to check in pass, ripup costs=200).
2026-10-07 12:37:34.851 WARN   Wiring.write_wire_scope: net not found
2026-10-07 12:37:34.851 WARN   Wiring.write_wire_scope: net not found
2026-10-07 12:37:34.851 WARN   Wiring.write_wire_scope: net not found
2026-10-07 12:37:34.851 WARN   Wiring.write_wire_scope: net not found
2026-10-07 12:37:34.851 WARN   Wiring.write_wire_scope: net not found
2026-10-07 12:37:34.851 WARN   Wiring.write_wire_scope: net not found
2026-10-07 12:37:34.851 WARN   Wiring.write_wire_scope: net not found
2026-10-07 12:37:34.851 WARN   Wiring.write_wire_scope: net not found
2026-10-07 12:37:34.851 WARN   Wiring.write_wire_scope: net not found
2026-10-07 12:37:34.851 WARN   Wiring.write_wire_scope: net not found
2026-10-07 12:37:34.851 WARN   Wiring.write_wire_scope: net not found
2026-10-07 12:37:34.851 WARN   Wiring.write_wire_scope: net not found
2026-10-07 12:37:34.851 WARN   Wiring.write_wire_scope: net not found
2026-10-07 12:37:34.851 WARN   Wiring.write_wire_scope: net not found
2026-10-07 12:37:34.851 WARN   Wiring.write_wire_scope: net not found
2026-10-07 12:37:34.852 WARN   Wiring.write_wire_scope: net not found
2026-10-07 12:37:34.852 WARN   Wiring.write_wire_scope: net not found
2026-10-07 12:37:34.852 WARN   Wiring.write_wire_scope: net not found
2026-10-07 12:37:34.852 WARN   Wiring.write_wire_scope: net not found
2026-10-07 12:37:34.852 WARN   Wiring.write_wire_scope: net not found
2026-10-07 12:37:34.852 WARN   Wiring.write_wire_scope: net not found
2026-10-07 12:37:34.852 WARN   Wiring.write_wire_scope: net not found
2026-10-07 12:37:34.852 WARN   Wiring.write_wire_scope: net not found
2026-10-07 12:37:34.886 WARN   Wiring.write_wire_scope: net not found
2026-10-07 12:37:34.886 WARN   Wiring.write_wire_scope: net not found
2026-10-07 12:37:34.886 WARN   Wiring.write_wire_scope: net not found
2026-10-07 12:37:34.886 WARN   Wiring.write_wire_scope: net not found
2026-10-07 12:37:34.886 WARN   Wiring.write_wire_scope: net not found
2026-10-07 12:37:34.886 WARN   Wiring.write_wire_scope: net not found
2026-10-07 12:37:34.886 WARN   Wiring.write_wire_scope: net not found
2026-10-07 12:37:34.886 WARN   Wiring.write_wire_scope: net not found
2026-10-07 12:37:34.886 WARN   Wiring.write_wire_scope: net not found
2026-10-07 12:37:34.886 WARN   Wiring.write_wire_scope: net not found
2026-10-07 12:37:34.886 WARN   Wiring.write_wire_scope: net not found
2026-10-07 12:37:34.886 WARN   Wiring.write_wire_scope: net not found
2026-10-07 12:37:34.886 WARN   Wiring.write_wire_scope: net not found
2026-10-07 12:37:34.886 WARN   Wiring.write_wire_scope: net not found
2026-10-07 12:37:34.886 WARN   Wiring.write_wire_scope: net not found
2026-10-07 12:37:34.887 WARN   Wiring.write_wire_scope: net not found
2026-10-07 12:37:34.887 WARN   Wiring.write_wire_scope: net not found
2026-10-07 12:37:34.887 WARN   Wiring.write_wire_scope: net not found
2026-10-07 12:37:34.887 WARN   Wiring.write_wire_scope: net not found
2026-10-07 12:37:34.887 WARN   Wiring.write_wire_scope: net not found
2026-10-07 12:37:34.887 WARN   Wiring.write_wire_scope: net not found
2026-10-07 12:37:34.887 WARN   Wiring.write_wire_scope: net not found
2026-10-07 12:37:34.887 WARN   Wiring.write_wire_scope: net not found
2026-10-07 12:37:35.068 WARN   Wiring.write_wire_scope: net not found
2026-10-07 12:37:35.069 WARN   Wiring.write_wire_scope: net not found
2026-10-07 12:37:35.069 WARN   Wiring.write_wire_scope: net not found
2026-10-07 12:37:35.069 WARN   Wiring.write_wire_scope: net not found
2026-10-07 12:37:35.069 WARN   Wiring.write_wire_scope: net not found
2026-10-07 12:37:35.069 WARN   Wiring.write_wire_scope: net not found
2026-10-07 12:37:35.069 WARN   Wiring.write_wire_scope: net not found
2026-10-07 12:37:35.069 WARN   Wiring.write_wire_scope: net not found
2026-10-07 12:37:35.069 WARN   Wiring.write_wire_scope: net not found
2026-10-07 12:37:35.069 WARN   Wiring.write_wire_scope: net not found
2026-10-07 12:37:35.069 WARN   Wiring.write_wire_scope: net not found
2026-10-07 12:37:35.069 WARN   Wiring.write_wire_scope: net not found
2026-10-07 12:37:35.069 WARN   Wiring.write_wire_scope: net not found
2026-10-07 12:37:35.069 WARN   Wiring.write_wire_scope: net not found
2026-10-07 12:37:35.069 WARN   Wiring.write_wire_scope: net not found
2026-10-07 12:37:35.069 WARN   Wiring.write_wire_scope: net not found
2026-10-07 12:37:35.069 WARN   Wiring.write_wire_scope: net not found
2026-10-07 12:37:35.069 WARN   Wiring.write_wire_scope: net not found
2026-10-07 12:37:35.069 WARN   Wiring.write_wire_scope: net not found
2026-10-07 12:37:35.069 WARN   Wiring.write_wire_scope: net not found
2026-10-07 12:37:35.069 WARN   Wiring.write_wire_scope: net not found
2026-10-07 12:37:35.069 WARN   Wiring.write_wire_scope: net not found
2026-10-07 12:37:35.069 WARN   Wiring.write_wire_scope: net not found
2026-10-07 12:37:35.074 INFO   [8DDD43\5B5046] Fanout pass #3 on board '56f024292f452b5f385fb88c39436f9d' completed in 0.23 seconds with 33 SMD pins fanouted, 10 not routed, 0 insert errors, +0 extra vias (0 SMD pins still to check in pass, ripup costs=300).
2026-10-07 12:37:35.115 WARN   Wiring.write_wire_scope: net not found
2026-10-07 12:37:35.116 WARN   Wiring.write_wire_scope: net not found
2026-10-07 12:37:35.116 WARN   Wiring.write_wire_scope: net not found
2026-10-07 12:37:35.116 WARN   Wiring.write_wire_scope: net not found
2026-10-07 12:37:35.116 WARN   Wiring.write_wire_scope: net not found
2026-10-07 12:37:35.116 WARN   Wiring.write_wire_scope: net not found
2026-10-07 12:37:35.116 WARN   Wiring.write_wire_scope: net not found
2026-10-07 12:37:35.116 WARN   Wiring.write_wire_scope: net not found
2026-10-07 12:37:35.116 WARN   Wiring.write_wire_scope: net not found
2026-10-07 12:37:35.116 WARN   Wiring.write_wire_scope: net not found
2026-10-07 12:37:35.116 WARN   Wiring.write_wire_scope: net not found
2026-10-07 12:37:35.116 WARN   Wiring.write_wire_scope: net not found
2026-10-07 12:37:35.116 WARN   Wiring.write_wire_scope: net not found
2026-10-07 12:37:35.116 WARN   Wiring.write_wire_scope: net not found
2026-10-07 12:37:35.116 WARN   Wiring.write_wire_scope: net not found
2026-10-07 12:37:35.116 WARN   Wiring.write_wire_scope: net not found
2026-10-07 12:37:35.116 WARN   Wiring.write_wire_scope: net not found
2026-10-07 12:37:35.116 WARN   Wiring.write_wire_scope: net not found
2026-10-07 12:37:35.116 WARN   Wiring.write_wire_scope: net not found
2026-10-07 12:37:35.116 WARN   Wiring.write_wire_scope: net not found
2026-10-07 12:37:35.116 WARN   Wiring.write_wire_scope: net not found
2026-10-07 12:37:35.116 WARN   Wiring.write_wire_scope: net not found
2026-10-07 12:37:35.116 WARN   Wiring.write_wire_scope: net not found
2026-10-07 12:37:35.148 WARN   Wiring.write_wire_scope: net not found
2026-10-07 12:37:35.148 WARN   Wiring.write_wire_scope: net not found
2026-10-07 12:37:35.148 WARN   Wiring.write_wire_scope: net not found
2026-10-07 12:37:35.148 WARN   Wiring.write_wire_scope: net not found
2026-10-07 12:37:35.148 WARN   Wiring.write_wire_scope: net not found
2026-10-07 12:37:35.148 WARN   Wiring.write_wire_scope: net not found
2026-10-07 12:37:35.148 WARN   Wiring.write_wire_scope: net not found
2026-10-07 12:37:35.148 WARN   Wiring.write_wire_scope: net not found
2026-10-07 12:37:35.148 WARN   Wiring.write_wire_scope: net not found
2026-10-07 12:37:35.148 WARN   Wiring.write_wire_scope: net not found
2026-10-07 12:37:35.148 WARN   Wiring.write_wire_scope: net not found
2026-10-07 12:37:35.148 WARN   Wiring.write_wire_scope: net not found
2026-10-07 12:37:35.148 WARN   Wiring.write_wire_scope: net not found
2026-10-07 12:37:35.148 WARN   Wiring.write_wire_scope: net not found
2026-10-07 12:37:35.148 WARN   Wiring.write_wire_scope: net not found
2026-10-07 12:37:35.148 WARN   Wiring.write_wire_scope: net not found
2026-10-07 12:37:35.148 WARN   Wiring.write_wire_scope: net not found
2026-10-07 12:37:35.148 WARN   Wiring.write_wire_scope: net not found
2026-10-07 12:37:35.148 WARN   Wiring.write_wire_scope: net not found
2026-10-07 12:37:35.148 WARN   Wiring.write_wire_scope: net not found
2026-10-07 12:37:35.148 WARN   Wiring.write_wire_scope: net not found
2026-10-07 12:37:35.148 WARN   Wiring.write_wire_scope: net not found
2026-10-07 12:37:35.148 WARN   Wiring.write_wire_scope: net not found
2026-10-07 12:37:35.344 WARN   Wiring.write_wire_scope: net not found
2026-10-07 12:37:35.344 WARN   Wiring.write_wire_scope: net not found
2026-10-07 12:37:35.344 WARN   Wiring.write_wire_scope: net not found
2026-10-07 12:37:35.344 WARN   Wiring.write_wire_scope: net not found
2026-10-07 12:37:35.344 WARN   Wiring.write_wire_scope: net not found
2026-10-07 12:37:35.344 WARN   Wiring.write_wire_scope: net not found
2026-10-07 12:37:35.344 WARN   Wiring.write_wire_scope: net not found
2026-10-07 12:37:35.344 WARN   Wiring.write_wire_scope: net not found
2026-10-07 12:37:35.344 WARN   Wiring.write_wire_scope: net not found
2026-10-07 12:37:35.344 WARN   Wiring.write_wire_scope: net not found
2026-10-07 12:37:35.344 WARN   Wiring.write_wire_scope: net not found
2026-10-07 12:37:35.344 WARN   Wiring.write_wire_scope: net not found
2026-10-07 12:37:35.344 WARN   Wiring.write_wire_scope: net not found
2026-10-07 12:37:35.344 WARN   Wiring.write_wire_scope: net not found
2026-10-07 12:37:35.344 WARN   Wiring.write_wire_scope: net not found
2026-10-07 12:37:35.344 WARN   Wiring.write_wire_scope: net not found
2026-10-07 12:37:35.344 WARN   Wiring.write_wire_scope: net not found
2026-10-07 12:37:35.344 WARN   Wiring.write_wire_scope: net not found
2026-10-07 12:37:35.345 WARN   Wiring.write_wire_scope: net not found
2026-10-07 12:37:35.345 WARN   Wiring.write_wire_scope: net not found
2026-10-07 12:37:35.345 WARN   Wiring.write_wire_scope: net not found
2026-10-07 12:37:35.345 WARN   Wiring.write_wire_scope: net not found
2026-10-07 12:37:35.345 WARN   Wiring.write_wire_scope: net not found
2026-10-07 12:37:35.349 INFO   [8DDD43\5B5046] Fanout pass #4 on board '1cefd55f7eb18ed56665e7e33f934259' completed in 0.24 seconds with 33 SMD pins fanouted, 9 not routed, 0 insert errors, +0 extra vias (0 SMD pins still to check in pass, ripup costs=400).
2026-10-07 12:37:35.393 WARN   Wiring.write_wire_scope: net not found
2026-10-07 12:37:35.393 WARN   Wiring.write_wire_scope: net not found
2026-10-07 12:37:35.393 WARN   Wiring.write_wire_scope: net not found
2026-10-07 12:37:35.393 WARN   Wiring.write_wire_scope: net not found
2026-10-07 12:37:35.394 WARN   Wiring.write_wire_scope: net not found
2026-10-07 12:37:35.394 WARN   Wiring.write_wire_scope: net not found
2026-10-07 12:37:35.394 WARN   Wiring.write_wire_scope: net not found
2026-10-07 12:37:35.394 WARN   Wiring.write_wire_scope: net not found
2026-10-07 12:37:35.394 WARN   Wiring.write_wire_scope: net not found
2026-10-07 12:37:35.394 WARN   Wiring.write_wire_scope: net not found
2026-10-07 12:37:35.394 WARN   Wiring.write_wire_scope: net not found
2026-10-07 12:37:35.394 WARN   Wiring.write_wire_scope: net not found
2026-10-07 12:37:35.394 WARN   Wiring.write_wire_scope: net not found
2026-10-07 12:37:35.394 WARN   Wiring.write_wire_scope: net not found
2026-10-07 12:37:35.394 WARN   Wiring.write_wire_scope: net not found
2026-10-07 12:37:35.394 WARN   Wiring.write_wire_scope: net not found
2026-10-07 12:37:35.394 WARN   Wiring.write_wire_scope: net not found
2026-10-07 12:37:35.394 WARN   Wiring.write_wire_scope: net not found
2026-10-07 12:37:35.394 WARN   Wiring.write_wire_scope: net not found
2026-10-07 12:37:35.394 WARN   Wiring.write_wire_scope: net not found
2026-10-07 12:37:35.394 WARN   Wiring.write_wire_scope: net not found
2026-10-07 12:37:35.394 WARN   Wiring.write_wire_scope: net not found
2026-10-07 12:37:35.394 WARN   Wiring.write_wire_scope: net not found
2026-10-07 12:37:35.426 WARN   Wiring.write_wire_scope: net not found
2026-10-07 12:37:35.426 WARN   Wiring.write_wire_scope: net not found
2026-10-07 12:37:35.426 WARN   Wiring.write_wire_scope: net not found
2026-10-07 12:37:35.426 WARN   Wiring.write_wire_scope: net not found
2026-10-07 12:37:35.426 WARN   Wiring.write_wire_scope: net not found
2026-10-07 12:37:35.426 WARN   Wiring.write_wire_scope: net not found
2026-10-07 12:37:35.426 WARN   Wiring.write_wire_scope: net not found
2026-10-07 12:37:35.426 WARN   Wiring.write_wire_scope: net not found
2026-10-07 12:37:35.426 WARN   Wiring.write_wire_scope: net not found
2026-10-07 12:37:35.426 WARN   Wiring.write_wire_scope: net not found
2026-10-07 12:37:35.426 WARN   Wiring.write_wire_scope: net not found
2026-10-07 12:37:35.426 WARN   Wiring.write_wire_scope: net not found
2026-10-07 12:37:35.426 WARN   Wiring.write_wire_scope: net not found
2026-10-07 12:37:35.426 WARN   Wiring.write_wire_scope: net not found
2026-10-07 12:37:35.426 WARN   Wiring.write_wire_scope: net not found
2026-10-07 12:37:35.426 WARN   Wiring.write_wire_scope: net not found
2026-10-07 12:37:35.426 WARN   Wiring.write_wire_scope: net not found
2026-10-07 12:37:35.426 WARN   Wiring.write_wire_scope: net not found
2026-10-07 12:37:35.427 WARN   Wiring.write_wire_scope: net not found
2026-10-07 12:37:35.427 WARN   Wiring.write_wire_scope: net not found
2026-10-07 12:37:35.427 WARN   Wiring.write_wire_scope: net not found
2026-10-07 12:37:35.427 WARN   Wiring.write_wire_scope: net not found
2026-10-07 12:37:35.427 WARN   Wiring.write_wire_scope: net not found
2026-10-07 12:37:35.606 WARN   Wiring.write_wire_scope: net not found
2026-10-07 12:37:35.606 WARN   Wiring.write_wire_scope: net not found
2026-10-07 12:37:35.606 WARN   Wiring.write_wire_scope: net not found
2026-10-07 12:37:35.606 WARN   Wiring.write_wire_scope: net not found
2026-10-07 12:37:35.606 WARN   Wiring.write_wire_scope: net not found
2026-10-07 12:37:35.606 WARN   Wiring.write_wire_scope: net not found
2026-10-07 12:37:35.606 WARN   Wiring.write_wire_scope: net not found
2026-10-07 12:37:35.606 WARN   Wiring.write_wire_scope: net not found
2026-10-07 12:37:35.606 WARN   Wiring.write_wire_scope: net not found
2026-10-07 12:37:35.606 WARN   Wiring.write_wire_scope: net not found
2026-10-07 12:37:35.606 WARN   Wiring.write_wire_scope: net not found
2026-10-07 12:37:35.606 WARN   Wiring.write_wire_scope: net not found
2026-10-07 12:37:35.606 WARN   Wiring.write_wire_scope: net not found
2026-10-07 12:37:35.606 WARN   Wiring.write_wire_scope: net not found
2026-10-07 12:37:35.606 WARN   Wiring.write_wire_scope: net not found
2026-10-07 12:37:35.606 WARN   Wiring.write_wire_scope: net not found
2026-10-07 12:37:35.606 WARN   Wiring.write_wire_scope: net not found
2026-10-07 12:37:35.606 WARN   Wiring.write_wire_scope: net not found
2026-10-07 12:37:35.606 WARN   Wiring.write_wire_scope: net not found
2026-10-07 12:37:35.606 WARN   Wiring.write_wire_scope: net not found
2026-10-07 12:37:35.606 WARN   Wiring.write_wire_scope: net not found
2026-10-07 12:37:35.606 WARN   Wiring.write_wire_scope: net not found
2026-10-07 12:37:35.606 WARN   Wiring.write_wire_scope: net not found
2026-10-07 12:37:35.611 INFO   [8DDD43\5B5046] Fanout pass #5 on board 'd368bdf04078c58e2d324b91bec47e8b' completed in 0.23 seconds with 33 SMD pins fanouted, 9 not routed, 0 insert errors, +0 extra vias (0 SMD pins still to check in pass, ripup costs=500).
2026-10-07 12:37:35.655 WARN   Wiring.write_wire_scope: net not found
2026-10-07 12:37:35.656 WARN   Wiring.write_wire_scope: net not found
2026-10-07 12:37:35.656 WARN   Wiring.write_wire_scope: net not found
2026-10-07 12:37:35.656 WARN   Wiring.write_wire_scope: net not found
2026-10-07 12:37:35.656 WARN   Wiring.write_wire_scope: net not found
2026-10-07 12:37:35.656 WARN   Wiring.write_wire_scope: net not found
2026-10-07 12:37:35.656 WARN   Wiring.write_wire_scope: net not found
2026-10-07 12:37:35.656 WARN   Wiring.write_wire_scope: net not found
2026-10-07 12:37:35.656 WARN   Wiring.write_wire_scope: net not found
2026-10-07 12:37:35.656 WARN   Wiring.write_wire_scope: net not found
2026-10-07 12:37:35.656 WARN   Wiring.write_wire_scope: net not found
2026-10-07 12:37:35.656 WARN   Wiring.write_wire_scope: net not found
2026-10-07 12:37:35.656 WARN   Wiring.write_wire_scope: net not found
2026-10-07 12:37:35.656 WARN   Wiring.write_wire_scope: net not found
2026-10-07 12:37:35.656 WARN   Wiring.write_wire_scope: net not found
2026-10-07 12:37:35.656 WARN   Wiring.write_wire_scope: net not found
2026-10-07 12:37:35.656 WARN   Wiring.write_wire_scope: net not found
2026-10-07 12:37:35.656 WARN   Wiring.write_wire_scope: net not found
2026-10-07 12:37:35.656 WARN   Wiring.write_wire_scope: net not found
2026-10-07 12:37:35.656 WARN   Wiring.write_wire_scope: net not found
2026-10-07 12:37:35.656 WARN   Wiring.write_wire_scope: net not found
2026-10-07 12:37:35.656 WARN   Wiring.write_wire_scope: net not found
2026-10-07 12:37:35.656 WARN   Wiring.write_wire_scope: net not found
2026-10-07 12:37:35.689 WARN   Wiring.write_wire_scope: net not found
2026-10-07 12:37:35.689 WARN   Wiring.write_wire_scope: net not found
2026-10-07 12:37:35.689 WARN   Wiring.write_wire_scope: net not found
2026-10-07 12:37:35.689 WARN   Wiring.write_wire_scope: net not found
2026-10-07 12:37:35.689 WARN   Wiring.write_wire_scope: net not found
2026-10-07 12:37:35.689 WARN   Wiring.write_wire_scope: net not found
2026-10-07 12:37:35.689 WARN   Wiring.write_wire_scope: net not found
2026-10-07 12:37:35.689 WARN   Wiring.write_wire_scope: net not found
2026-10-07 12:37:35.689 WARN   Wiring.write_wire_scope: net not found
2026-10-07 12:37:35.689 WARN   Wiring.write_wire_scope: net not found
2026-10-07 12:37:35.689 WARN   Wiring.write_wire_scope: net not found
2026-10-07 12:37:35.689 WARN   Wiring.write_wire_scope: net not found
2026-10-07 12:37:35.689 WARN   Wiring.write_wire_scope: net not found
2026-10-07 12:37:35.689 WARN   Wiring.write_wire_scope: net not found
2026-10-07 12:37:35.689 WARN   Wiring.write_wire_scope: net not found
2026-10-07 12:37:35.689 WARN   Wiring.write_wire_scope: net not found
2026-10-07 12:37:35.689 WARN   Wiring.write_wire_scope: net not found
2026-10-07 12:37:35.689 WARN   Wiring.write_wire_scope: net not found
2026-10-07 12:37:35.689 WARN   Wiring.write_wire_scope: net not found
2026-10-07 12:37:35.689 WARN   Wiring.write_wire_scope: net not found
2026-10-07 12:37:35.689 WARN   Wiring.write_wire_scope: net not found
2026-10-07 12:37:35.689 WARN   Wiring.write_wire_scope: net not found
2026-10-07 12:37:35.689 WARN   Wiring.write_wire_scope: net not found
2026-10-07 12:37:35.874 WARN   Wiring.write_wire_scope: net not found
2026-10-07 12:37:35.874 WARN   Wiring.write_wire_scope: net not found
2026-10-07 12:37:35.874 WARN   Wiring.write_wire_scope: net not found
2026-10-07 12:37:35.874 WARN   Wiring.write_wire_scope: net not found
2026-10-07 12:37:35.874 WARN   Wiring.write_wire_scope: net not found
2026-10-07 12:37:35.874 WARN   Wiring.write_wire_scope: net not found
2026-10-07 12:37:35.874 WARN   Wiring.write_wire_scope: net not found
2026-10-07 12:37:35.874 WARN   Wiring.write_wire_scope: net not found
2026-10-07 12:37:35.874 WARN   Wiring.write_wire_scope: net not found
2026-10-07 12:37:35.874 WARN   Wiring.write_wire_scope: net not found
2026-10-07 12:37:35.874 WARN   Wiring.write_wire_scope: net not found
2026-10-07 12:37:35.874 WARN   Wiring.write_wire_scope: net not found
2026-10-07 12:37:35.874 WARN   Wiring.write_wire_scope: net not found
2026-10-07 12:37:35.874 WARN   Wiring.write_wire_scope: net not found
2026-10-07 12:37:35.874 WARN   Wiring.write_wire_scope: net not found
2026-10-07 12:37:35.874 WARN   Wiring.write_wire_scope: net not found
2026-10-07 12:37:35.874 WARN   Wiring.write_wire_scope: net not found
2026-10-07 12:37:35.874 WARN   Wiring.write_wire_scope: net not found
2026-10-07 12:37:35.874 WARN   Wiring.write_wire_scope: net not found
2026-10-07 12:37:35.874 WARN   Wiring.write_wire_scope: net not found
2026-10-07 12:37:35.874 WARN   Wiring.write_wire_scope: net not found
2026-10-07 12:37:35.874 WARN   Wiring.write_wire_scope: net not found
2026-10-07 12:37:35.874 WARN   Wiring.write_wire_scope: net not found
2026-10-07 12:37:35.878 INFO   [8DDD43\5B5046] Fanout pass #6 on board '6d556fa57a1d67ceb9c8fe2442c6ecd3' completed in 0.23 seconds with 33 SMD pins fanouted, 9 not routed, 0 insert errors, +0 extra vias (0 SMD pins still to check in pass, ripup costs=600).
2026-10-07 12:37:35.879 INFO   Fanout stopped after 6 passes: no progress for 3 consecutive passes.
2026-10-07 12:37:35.892 INFO   [8DDD43\5B5046] Fanout stage completed: started with 189 total SMD pins, completed in 2.52 seconds, escaped pins: 136/189 (72.0%), using 2.52 total CPU seconds, 2.20 GB total allocated, and 222.0 MB peak heap usage.
2026-10-07 12:37:36.007 INFO   [8DDD43\5B5046] Auto-routing stage started on board '6d556fa57a1d67ceb9c8fe2442c6ecd3' with baseline score 406.88 for 59 unrouted items.
2026-10-07 12:37:36.146 WARN   Wiring.write_wire_scope: net not found
2026-10-07 12:37:36.146 WARN   Wiring.write_wire_scope: net not found
2026-10-07 12:37:36.146 WARN   Wiring.write_wire_scope: net not found
2026-10-07 12:37:36.146 WARN   Wiring.write_wire_scope: net not found
2026-10-07 12:37:36.146 WARN   Wiring.write_wire_scope: net not found
2026-10-07 12:37:36.146 WARN   Wiring.write_wire_scope: net not found
2026-10-07 12:37:36.146 WARN   Wiring.write_wire_scope: net not found
2026-10-07 12:37:36.146 WARN   Wiring.write_wire_scope: net not found
2026-10-07 12:37:36.146 WARN   Wiring.write_wire_scope: net not found
2026-10-07 12:37:36.146 WARN   Wiring.write_wire_scope: net not found
2026-10-07 12:37:36.146 WARN   Wiring.write_wire_scope: net not found
2026-10-07 12:37:36.146 WARN   Wiring.write_wire_scope: net not found
2026-10-07 12:37:36.146 WARN   Wiring.write_wire_scope: net not found
2026-10-07 12:37:36.146 WARN   Wiring.write_wire_scope: net not found
2026-10-07 12:37:36.146 WARN   Wiring.write_wire_scope: net not found
2026-10-07 12:37:36.146 WARN   Wiring.write_wire_scope: net not found
2026-10-07 12:37:36.146 WARN   Wiring.write_wire_scope: net not found
2026-10-07 12:37:36.146 WARN   Wiring.write_wire_scope: net not found
2026-10-07 12:37:36.146 WARN   Wiring.write_wire_scope: net not found
2026-10-07 12:37:36.146 WARN   Wiring.write_wire_scope: net not found
2026-10-07 12:37:36.146 WARN   Wiring.write_wire_scope: net not found
2026-10-07 12:37:36.146 WARN   Wiring.write_wire_scope: net not found
2026-10-07 12:37:36.146 WARN   Wiring.write_wire_scope: net not found
2026-10-07 12:37:36.243 WARN   Wiring.write_wire_scope: net not found
2026-10-07 12:37:36.243 WARN   Wiring.write_wire_scope: net not found
2026-10-07 12:37:36.243 WARN   Wiring.write_wire_scope: net not found
2026-10-07 12:37:36.243 WARN   Wiring.write_wire_scope: net not found
2026-10-07 12:37:36.243 WARN   Wiring.write_wire_scope: net not found
2026-10-07 12:37:36.243 WARN   Wiring.write_wire_scope: net not found
2026-10-07 12:37:36.243 WARN   Wiring.write_wire_scope: net not found
2026-10-07 12:37:36.243 WARN   Wiring.write_wire_scope: net not found
2026-10-07 12:37:36.243 WARN   Wiring.write_wire_scope: net not found
2026-10-07 12:37:36.243 WARN   Wiring.write_wire_scope: net not found
2026-10-07 12:37:36.243 WARN   Wiring.write_wire_scope: net not found
2026-10-07 12:37:36.243 WARN   Wiring.write_wire_scope: net not found
2026-10-07 12:37:36.243 WARN   Wiring.write_wire_scope: net not found
2026-10-07 12:37:36.243 WARN   Wiring.write_wire_scope: net not found
2026-10-07 12:37:36.243 WARN   Wiring.write_wire_scope: net not found
2026-10-07 12:37:36.243 WARN   Wiring.write_wire_scope: net not found
2026-10-07 12:37:36.243 WARN   Wiring.write_wire_scope: net not found
2026-10-07 12:37:36.243 WARN   Wiring.write_wire_scope: net not found
2026-10-07 12:37:36.244 WARN   Wiring.write_wire_scope: net not found
2026-10-07 12:37:36.244 WARN   Wiring.write_wire_scope: net not found
2026-10-07 12:37:36.244 WARN   Wiring.write_wire_scope: net not found
2026-10-07 12:37:36.244 WARN   Wiring.write_wire_scope: net not found
2026-10-07 12:37:36.244 WARN   Wiring.write_wire_scope: net not found
2026-10-07 12:37:36.500 WARN   Wiring.write_wire_scope: net not found
2026-10-07 12:37:36.500 WARN   Wiring.write_wire_scope: net not found
2026-10-07 12:37:36.500 WARN   Wiring.write_wire_scope: net not found
2026-10-07 12:37:36.500 WARN   Wiring.write_wire_scope: net not found
2026-10-07 12:37:36.500 WARN   Wiring.write_wire_scope: net not found
2026-10-07 12:37:36.500 WARN   Wiring.write_wire_scope: net not found
2026-10-07 12:37:36.500 WARN   Wiring.write_wire_scope: net not found
2026-10-07 12:37:36.500 WARN   Wiring.write_wire_scope: net not found
2026-10-07 12:37:36.500 WARN   Wiring.write_wire_scope: net not found
2026-10-07 12:37:36.500 WARN   Wiring.write_wire_scope: net not found
2026-10-07 12:37:36.500 WARN   Wiring.write_wire_scope: net not found
2026-10-07 12:37:36.500 WARN   Wiring.write_wire_scope: net not found
2026-10-07 12:37:36.500 WARN   Wiring.write_wire_scope: net not found
2026-10-07 12:37:36.500 WARN   Wiring.write_wire_scope: net not found
2026-10-07 12:37:36.500 WARN   Wiring.write_wire_scope: net not found
2026-10-07 12:37:36.500 WARN   Wiring.write_wire_scope: net not found
2026-10-07 12:37:36.500 WARN   Wiring.write_wire_scope: net not found
2026-10-07 12:37:36.500 WARN   Wiring.write_wire_scope: net not found
2026-10-07 12:37:36.500 WARN   Wiring.write_wire_scope: net not found
2026-10-07 12:37:36.500 WARN   Wiring.write_wire_scope: net not found
2026-10-07 12:37:36.500 WARN   Wiring.write_wire_scope: net not found
2026-10-07 12:37:36.500 WARN   Wiring.write_wire_scope: net not found
2026-10-07 12:37:36.500 WARN   Wiring.write_wire_scope: net not found
2026-10-07 12:37:36.799 WARN   Wiring.write_wire_scope: net not found
2026-10-07 12:37:36.799 WARN   Wiring.write_wire_scope: net not found
2026-10-07 12:37:36.799 WARN   Wiring.write_wire_scope: net not found
2026-10-07 12:37:36.799 WARN   Wiring.write_wire_scope: net not found
2026-10-07 12:37:36.799 WARN   Wiring.write_wire_scope: net not found
2026-10-07 12:37:36.799 WARN   Wiring.write_wire_scope: net not found
2026-10-07 12:37:36.799 WARN   Wiring.write_wire_scope: net not found
2026-10-07 12:37:36.799 WARN   Wiring.write_wire_scope: net not found
2026-10-07 12:37:36.799 WARN   Wiring.write_wire_scope: net not found
2026-10-07 12:37:36.799 WARN   Wiring.write_wire_scope: net not found
2026-10-07 12:37:36.799 WARN   Wiring.write_wire_scope: net not found
2026-10-07 12:37:36.799 WARN   Wiring.write_wire_scope: net not found
2026-10-07 12:37:36.799 WARN   Wiring.write_wire_scope: net not found
2026-10-07 12:37:36.799 WARN   Wiring.write_wire_scope: net not found
2026-10-07 12:37:36.799 WARN   Wiring.write_wire_scope: net not found
2026-10-07 12:37:36.800 WARN   Wiring.write_wire_scope: net not found
2026-10-07 12:37:36.800 WARN   Wiring.write_wire_scope: net not found
2026-10-07 12:37:36.800 WARN   Wiring.write_wire_scope: net not found
2026-10-07 12:37:36.800 WARN   Wiring.write_wire_scope: net not found
2026-10-07 12:37:36.800 WARN   Wiring.write_wire_scope: net not found
2026-10-07 12:37:36.800 WARN   Wiring.write_wire_scope: net not found
2026-10-07 12:37:36.800 WARN   Wiring.write_wire_scope: net not found
2026-10-07 12:37:36.800 WARN   Wiring.write_wire_scope: net not found
2026-10-07 12:37:37.376 WARN   Wiring.write_wire_scope: net not found
2026-10-07 12:37:37.376 WARN   Wiring.write_wire_scope: net not found
2026-10-07 12:37:37.376 WARN   Wiring.write_wire_scope: net not found
2026-10-07 12:37:37.376 WARN   Wiring.write_wire_scope: net not found
2026-10-07 12:37:37.376 WARN   Wiring.write_wire_scope: net not found
2026-10-07 12:37:37.376 WARN   Wiring.write_wire_scope: net not found
2026-10-07 12:37:37.376 WARN   Wiring.write_wire_scope: net not found
2026-10-07 12:37:37.376 WARN   Wiring.write_wire_scope: net not found
2026-10-07 12:37:37.376 WARN   Wiring.write_wire_scope: net not found
2026-10-07 12:37:37.376 WARN   Wiring.write_wire_scope: net not found
2026-10-07 12:37:37.376 WARN   Wiring.write_wire_scope: net not found
2026-10-07 12:37:37.376 WARN   Wiring.write_wire_scope: net not found
2026-10-07 12:37:37.376 WARN   Wiring.write_wire_scope: net not found
2026-10-07 12:37:37.376 WARN   Wiring.write_wire_scope: net not found
2026-10-07 12:37:37.376 WARN   Wiring.write_wire_scope: net not found
2026-10-07 12:37:37.376 WARN   Wiring.write_wire_scope: net not found
2026-10-07 12:37:37.376 WARN   Wiring.write_wire_scope: net not found
2026-10-07 12:37:37.376 WARN   Wiring.write_wire_scope: net not found
2026-10-07 12:37:37.376 WARN   Wiring.write_wire_scope: net not found
2026-10-07 12:37:37.376 WARN   Wiring.write_wire_scope: net not found
2026-10-07 12:37:37.377 WARN   Wiring.write_wire_scope: net not found
2026-10-07 12:37:37.377 WARN   Wiring.write_wire_scope: net not found
2026-10-07 12:37:37.377 WARN   Wiring.write_wire_scope: net not found
2026-10-07 12:37:39.640 WARN   Wiring.write_wire_scope: net not found
2026-10-07 12:37:39.640 WARN   Wiring.write_wire_scope: net not found
2026-10-07 12:37:39.640 WARN   Wiring.write_wire_scope: net not found
2026-10-07 12:37:39.640 WARN   Wiring.write_wire_scope: net not found
2026-10-07 12:37:39.640 WARN   Wiring.write_wire_scope: net not found
2026-10-07 12:37:39.640 WARN   Wiring.write_wire_scope: net not found
2026-10-07 12:37:39.640 WARN   Wiring.write_wire_scope: net not found
2026-10-07 12:37:39.640 WARN   Wiring.write_wire_scope: net not found
2026-10-07 12:37:39.640 WARN   Wiring.write_wire_scope: net not found
2026-10-07 12:37:39.640 WARN   Wiring.write_wire_scope: net not found
2026-10-07 12:37:39.640 WARN   Wiring.write_wire_scope: net not found
2026-10-07 12:37:39.640 WARN   Wiring.write_wire_scope: net not found
2026-10-07 12:37:39.640 WARN   Wiring.write_wire_scope: net not found
2026-10-07 12:37:39.640 WARN   Wiring.write_wire_scope: net not found
2026-10-07 12:37:39.640 WARN   Wiring.write_wire_scope: net not found
2026-10-07 12:37:39.640 WARN   Wiring.write_wire_scope: net not found
2026-10-07 12:37:39.640 WARN   Wiring.write_wire_scope: net not found
2026-10-07 12:37:39.640 WARN   Wiring.write_wire_scope: net not found
2026-10-07 12:37:39.640 WARN   Wiring.write_wire_scope: net not found
2026-10-07 12:37:39.640 WARN   Wiring.write_wire_scope: net not found
2026-10-07 12:37:39.641 WARN   Wiring.write_wire_scope: net not found
2026-10-07 12:37:39.641 WARN   Wiring.write_wire_scope: net not found
2026-10-07 12:37:39.641 WARN   Wiring.write_wire_scope: net not found
2026-10-07 12:37:40.138 WARN   Wiring.write_wire_scope: net not found
2026-10-07 12:37:40.139 WARN   Wiring.write_wire_scope: net not found
2026-10-07 12:37:40.139 WARN   Wiring.write_wire_scope: net not found
2026-10-07 12:37:40.139 WARN   Wiring.write_wire_scope: net not found
2026-10-07 12:37:40.139 WARN   Wiring.write_wire_scope: net not found
2026-10-07 12:37:40.139 WARN   Wiring.write_wire_scope: net not found
2026-10-07 12:37:40.139 WARN   Wiring.write_wire_scope: net not found
2026-10-07 12:37:40.139 WARN   Wiring.write_wire_scope: net not found
2026-10-07 12:37:40.139 WARN   Wiring.write_wire_scope: net not found
2026-10-07 12:37:40.139 WARN   Wiring.write_wire_scope: net not found
2026-10-07 12:37:40.139 WARN   Wiring.write_wire_scope: net not found
2026-10-07 12:37:40.139 WARN   Wiring.write_wire_scope: net not found
2026-10-07 12:37:40.139 WARN   Wiring.write_wire_scope: net not found
2026-10-07 12:37:40.139 WARN   Wiring.write_wire_scope: net not found
2026-10-07 12:37:40.139 WARN   Wiring.write_wire_scope: net not found
2026-10-07 12:37:40.139 WARN   Wiring.write_wire_scope: net not found
2026-10-07 12:37:40.139 WARN   Wiring.write_wire_scope: net not found
2026-10-07 12:37:40.139 WARN   Wiring.write_wire_scope: net not found
2026-10-07 12:37:40.139 WARN   Wiring.write_wire_scope: net not found
2026-10-07 12:37:40.139 WARN   Wiring.write_wire_scope: net not found
2026-10-07 12:37:40.139 WARN   Wiring.write_wire_scope: net not found
2026-10-07 12:37:40.139 WARN   Wiring.write_wire_scope: net not found
2026-10-07 12:37:40.139 WARN   Wiring.write_wire_scope: net not found
2026-10-07 12:37:40.674 WARN   Wiring.write_wire_scope: net not found
2026-10-07 12:37:40.674 WARN   Wiring.write_wire_scope: net not found
2026-10-07 12:37:40.674 WARN   Wiring.write_wire_scope: net not found
2026-10-07 12:37:40.674 WARN   Wiring.write_wire_scope: net not found
2026-10-07 12:37:40.674 WARN   Wiring.write_wire_scope: net not found
2026-10-07 12:37:40.674 WARN   Wiring.write_wire_scope: net not found
2026-10-07 12:37:40.674 WARN   Wiring.write_wire_scope: net not found
2026-10-07 12:37:40.674 WARN   Wiring.write_wire_scope: net not found
2026-10-07 12:37:40.674 WARN   Wiring.write_wire_scope: net not found
2026-10-07 12:37:40.674 WARN   Wiring.write_wire_scope: net not found
2026-10-07 12:37:40.674 WARN   Wiring.write_wire_scope: net not found
2026-10-07 12:37:40.674 WARN   Wiring.write_wire_scope: net not found
2026-10-07 12:37:40.674 WARN   Wiring.write_wire_scope: net not found
2026-10-07 12:37:40.674 WARN   Wiring.write_wire_scope: net not found
2026-10-07 12:37:40.674 WARN   Wiring.write_wire_scope: net not found
2026-10-07 12:37:40.674 WARN   Wiring.write_wire_scope: net not found
2026-10-07 12:37:40.674 WARN   Wiring.write_wire_scope: net not found
2026-10-07 12:37:40.674 WARN   Wiring.write_wire_scope: net not found
2026-10-07 12:37:40.674 WARN   Wiring.write_wire_scope: net not found
2026-10-07 12:37:40.674 WARN   Wiring.write_wire_scope: net not found
2026-10-07 12:37:40.674 WARN   Wiring.write_wire_scope: net not found
2026-10-07 12:37:40.674 WARN   Wiring.write_wire_scope: net not found
2026-10-07 12:37:40.674 WARN   Wiring.write_wire_scope: net not found
2026-10-07 12:37:41.137 WARN   Wiring.write_wire_scope: net not found
2026-10-07 12:37:41.137 WARN   Wiring.write_wire_scope: net not found
2026-10-07 12:37:41.137 WARN   Wiring.write_wire_scope: net not found
2026-10-07 12:37:41.137 WARN   Wiring.write_wire_scope: net not found
2026-10-07 12:37:41.137 WARN   Wiring.write_wire_scope: net not found
2026-10-07 12:37:41.137 WARN   Wiring.write_wire_scope: net not found
2026-10-07 12:37:41.137 WARN   Wiring.write_wire_scope: net not found
2026-10-07 12:37:41.137 WARN   Wiring.write_wire_scope: net not found
2026-10-07 12:37:41.137 WARN   Wiring.write_wire_scope: net not found
2026-10-07 12:37:41.137 WARN   Wiring.write_wire_scope: net not found
2026-10-07 12:37:41.137 WARN   Wiring.write_wire_scope: net not found
2026-10-07 12:37:41.137 WARN   Wiring.write_wire_scope: net not found
2026-10-07 12:37:41.137 WARN   Wiring.write_wire_scope: net not found
2026-10-07 12:37:41.137 WARN   Wiring.write_wire_scope: net not found
2026-10-07 12:37:41.137 WARN   Wiring.write_wire_scope: net not found
2026-10-07 12:37:41.137 WARN   Wiring.write_wire_scope: net not found
2026-10-07 12:37:41.137 WARN   Wiring.write_wire_scope: net not found
2026-10-07 12:37:41.137 WARN   Wiring.write_wire_scope: net not found
2026-10-07 12:37:41.137 WARN   Wiring.write_wire_scope: net not found
2026-10-07 12:37:41.137 WARN   Wiring.write_wire_scope: net not found
2026-10-07 12:37:41.137 WARN   Wiring.write_wire_scope: net not found
2026-10-07 12:37:41.137 WARN   Wiring.write_wire_scope: net not found
2026-10-07 12:37:41.137 WARN   Wiring.write_wire_scope: net not found
2026-10-07 12:37:41.491 WARN   Wiring.write_wire_scope: net not found
2026-10-07 12:37:41.491 WARN   Wiring.write_wire_scope: net not found
2026-10-07 12:37:41.491 WARN   Wiring.write_wire_scope: net not found
2026-10-07 12:37:41.491 WARN   Wiring.write_wire_scope: net not found
2026-10-07 12:37:41.491 WARN   Wiring.write_wire_scope: net not found
2026-10-07 12:37:41.491 WARN   Wiring.write_wire_scope: net not found
2026-10-07 12:37:41.491 WARN   Wiring.write_wire_scope: net not found
2026-10-07 12:37:41.491 WARN   Wiring.write_wire_scope: net not found
2026-10-07 12:37:41.491 WARN   Wiring.write_wire_scope: net not found
2026-10-07 12:37:41.491 WARN   Wiring.write_wire_scope: net not found
2026-10-07 12:37:41.491 WARN   Wiring.write_wire_scope: net not found
2026-10-07 12:37:41.491 WARN   Wiring.write_wire_scope: net not found
2026-10-07 12:37:41.491 WARN   Wiring.write_wire_scope: net not found
2026-10-07 12:37:41.491 WARN   Wiring.write_wire_scope: net not found
2026-10-07 12:37:41.491 WARN   Wiring.write_wire_scope: net not found
2026-10-07 12:37:41.491 WARN   Wiring.write_wire_scope: net not found
2026-10-07 12:37:41.491 WARN   Wiring.write_wire_scope: net not found
2026-10-07 12:37:41.491 WARN   Wiring.write_wire_scope: net not found
2026-10-07 12:37:41.492 WARN   Wiring.write_wire_scope: net not found
2026-10-07 12:37:41.492 WARN   Wiring.write_wire_scope: net not found
2026-10-07 12:37:41.492 WARN   Wiring.write_wire_scope: net not found
2026-10-07 12:37:41.492 WARN   Wiring.write_wire_scope: net not found
2026-10-07 12:37:41.492 WARN   Wiring.write_wire_scope: net not found
2026-10-07 12:37:42.031 WARN   Wiring.write_wire_scope: net not found
2026-10-07 12:37:42.031 WARN   Wiring.write_wire_scope: net not found
2026-10-07 12:37:42.031 WARN   Wiring.write_wire_scope: net not found
2026-10-07 12:37:42.031 WARN   Wiring.write_wire_scope: net not found
2026-10-07 12:37:42.031 WARN   Wiring.write_wire_scope: net not found
2026-10-07 12:37:42.031 WARN   Wiring.write_wire_scope: net not found
2026-10-07 12:37:42.031 WARN   Wiring.write_wire_scope: net not found
2026-10-07 12:37:42.031 WARN   Wiring.write_wire_scope: net not found
2026-10-07 12:37:42.031 WARN   Wiring.write_wire_scope: net not found
2026-10-07 12:37:42.031 WARN   Wiring.write_wire_scope: net not found
2026-10-07 12:37:42.031 WARN   Wiring.write_wire_scope: net not found
2026-10-07 12:37:42.031 WARN   Wiring.write_wire_scope: net not found
2026-10-07 12:37:42.031 WARN   Wiring.write_wire_scope: net not found
2026-10-07 12:37:42.031 WARN   Wiring.write_wire_scope: net not found
2026-10-07 12:37:42.031 WARN   Wiring.write_wire_scope: net not found
2026-10-07 12:37:42.031 WARN   Wiring.write_wire_scope: net not found
2026-10-07 12:37:42.031 WARN   Wiring.write_wire_scope: net not found
2026-10-07 12:37:42.031 WARN   Wiring.write_wire_scope: net not found
2026-10-07 12:37:42.031 WARN   Wiring.write_wire_scope: net not found
2026-10-07 12:37:42.031 WARN   Wiring.write_wire_scope: net not found
2026-10-07 12:37:42.031 WARN   Wiring.write_wire_scope: net not found
2026-10-07 12:37:42.031 WARN   Wiring.write_wire_scope: net not found
2026-10-07 12:37:42.031 WARN   Wiring.write_wire_scope: net not found
2026-10-07 12:37:42.482 WARN   Wiring.write_wire_scope: net not found
2026-10-07 12:37:42.482 WARN   Wiring.write_wire_scope: net not found
2026-10-07 12:37:42.482 WARN   Wiring.write_wire_scope: net not found
2026-10-07 12:37:42.482 WARN   Wiring.write_wire_scope: net not found
2026-10-07 12:37:42.482 WARN   Wiring.write_wire_scope: net not found
2026-10-07 12:37:42.482 WARN   Wiring.write_wire_scope: net not found
2026-10-07 12:37:42.482 WARN   Wiring.write_wire_scope: net not found
2026-10-07 12:37:42.482 WARN   Wiring.write_wire_scope: net not found
2026-10-07 12:37:42.482 WARN   Wiring.write_wire_scope: net not found
2026-10-07 12:37:42.482 WARN   Wiring.write_wire_scope: net not found
2026-10-07 12:37:42.482 WARN   Wiring.write_wire_scope: net not found
2026-10-07 12:37:42.482 WARN   Wiring.write_wire_scope: net not found
2026-10-07 12:37:42.482 WARN   Wiring.write_wire_scope: net not found
2026-10-07 12:37:42.482 WARN   Wiring.write_wire_scope: net not found
2026-10-07 12:37:42.482 WARN   Wiring.write_wire_scope: net not found
2026-10-07 12:37:42.484 WARN   Wiring.write_wire_scope: net not found
2026-10-07 12:37:42.484 WARN   Wiring.write_wire_scope: net not found
2026-10-07 12:37:42.484 WARN   Wiring.write_wire_scope: net not found
2026-10-07 12:37:42.485 WARN   Wiring.write_wire_scope: net not found
2026-10-07 12:37:42.485 WARN   Wiring.write_wire_scope: net not found
2026-10-07 12:37:42.485 WARN   Wiring.write_wire_scope: net not found
2026-10-07 12:37:42.485 WARN   Wiring.write_wire_scope: net not found
2026-10-07 12:37:42.485 WARN   Wiring.write_wire_scope: net not found
2026-10-07 12:37:43.007 WARN   Wiring.write_wire_scope: net not found
2026-10-07 12:37:43.007 WARN   Wiring.write_wire_scope: net not found
2026-10-07 12:37:43.007 WARN   Wiring.write_wire_scope: net not found
2026-10-07 12:37:43.007 WARN   Wiring.write_wire_scope: net not found
2026-10-07 12:37:43.007 WARN   Wiring.write_wire_scope: net not found
2026-10-07 12:37:43.007 WARN   Wiring.write_wire_scope: net not found
2026-10-07 12:37:43.007 WARN   Wiring.write_wire_scope: net not found
2026-10-07 12:37:43.007 WARN   Wiring.write_wire_scope: net not found
2026-10-07 12:37:43.007 WARN   Wiring.write_wire_scope: net not found
2026-10-07 12:37:43.007 WARN   Wiring.write_wire_scope: net not found
2026-10-07 12:37:43.007 WARN   Wiring.write_wire_scope: net not found
2026-10-07 12:37:43.007 WARN   Wiring.write_wire_scope: net not found
2026-10-07 12:37:43.007 WARN   Wiring.write_wire_scope: net not found
2026-10-07 12:37:43.007 WARN   Wiring.write_wire_scope: net not found
2026-10-07 12:37:43.007 WARN   Wiring.write_wire_scope: net not found
2026-10-07 12:37:43.007 WARN   Wiring.write_wire_scope: net not found
2026-10-07 12:37:43.007 WARN   Wiring.write_wire_scope: net not found
2026-10-07 12:37:43.007 WARN   Wiring.write_wire_scope: net not found
2026-10-07 12:37:43.007 WARN   Wiring.write_wire_scope: net not found
2026-10-07 12:37:43.007 WARN   Wiring.write_wire_scope: net not found
2026-10-07 12:37:43.007 WARN   Wiring.write_wire_scope: net not found
2026-10-07 12:37:43.007 WARN   Wiring.write_wire_scope: net not found
2026-10-07 12:37:43.007 WARN   Wiring.write_wire_scope: net not found
2026-10-07 12:37:43.262 WARN   Wiring.write_wire_scope: net not found
2026-10-07 12:37:43.262 WARN   Wiring.write_wire_scope: net not found
2026-10-07 12:37:43.262 WARN   Wiring.write_wire_scope: net not found
2026-10-07 12:37:43.262 WARN   Wiring.write_wire_scope: net not found
2026-10-07 12:37:43.262 WARN   Wiring.write_wire_scope: net not found
2026-10-07 12:37:43.262 WARN   Wiring.write_wire_scope: net not found
2026-10-07 12:37:43.262 WARN   Wiring.write_wire_scope: net not found
2026-10-07 12:37:43.262 WARN   Wiring.write_wire_scope: net not found
2026-10-07 12:37:43.262 WARN   Wiring.write_wire_scope: net not found
2026-10-07 12:37:43.262 WARN   Wiring.write_wire_scope: net not found
2026-10-07 12:37:43.262 WARN   Wiring.write_wire_scope: net not found
2026-10-07 12:37:43.262 WARN   Wiring.write_wire_scope: net not found
2026-10-07 12:37:43.262 WARN   Wiring.write_wire_scope: net not found
2026-10-07 12:37:43.262 WARN   Wiring.write_wire_scope: net not found
2026-10-07 12:37:43.262 WARN   Wiring.write_wire_scope: net not found
2026-10-07 12:37:43.263 WARN   Wiring.write_wire_scope: net not found
2026-10-07 12:37:43.263 WARN   Wiring.write_wire_scope: net not found
2026-10-07 12:37:43.263 WARN   Wiring.write_wire_scope: net not found
2026-10-07 12:37:43.263 WARN   Wiring.write_wire_scope: net not found
2026-10-07 12:37:43.263 WARN   Wiring.write_wire_scope: net not found
2026-10-07 12:37:43.263 WARN   Wiring.write_wire_scope: net not found
2026-10-07 12:37:43.263 WARN   Wiring.write_wire_scope: net not found
2026-10-07 12:37:43.263 WARN   Wiring.write_wire_scope: net not found
2026-10-07 12:37:43.864 WARN   Wiring.write_wire_scope: net not found
2026-10-07 12:37:43.864 WARN   Wiring.write_wire_scope: net not found
2026-10-07 12:37:43.864 WARN   Wiring.write_wire_scope: net not found
2026-10-07 12:37:43.864 WARN   Wiring.write_wire_scope: net not found
2026-10-07 12:37:43.864 WARN   Wiring.write_wire_scope: net not found
2026-10-07 12:37:43.864 WARN   Wiring.write_wire_scope: net not found
2026-10-07 12:37:43.864 WARN   Wiring.write_wire_scope: net not found
2026-10-07 12:37:43.864 WARN   Wiring.write_wire_scope: net not found
2026-10-07 12:37:43.864 WARN   Wiring.write_wire_scope: net not found
2026-10-07 12:37:43.864 WARN   Wiring.write_wire_scope: net not found
2026-10-07 12:37:43.864 WARN   Wiring.write_wire_scope: net not found
2026-10-07 12:37:43.864 WARN   Wiring.write_wire_scope: net not found
2026-10-07 12:37:43.864 WARN   Wiring.write_wire_scope: net not found
2026-10-07 12:37:43.864 WARN   Wiring.write_wire_scope: net not found
2026-10-07 12:37:43.864 WARN   Wiring.write_wire_scope: net not found
2026-10-07 12:37:43.864 WARN   Wiring.write_wire_scope: net not found
2026-10-07 12:37:43.864 WARN   Wiring.write_wire_scope: net not found
2026-10-07 12:37:43.864 WARN   Wiring.write_wire_scope: net not found
2026-10-07 12:37:43.864 WARN   Wiring.write_wire_scope: net not found
2026-10-07 12:37:43.864 WARN   Wiring.write_wire_scope: net not found
2026-10-07 12:37:43.865 WARN   Wiring.write_wire_scope: net not found
2026-10-07 12:37:43.865 WARN   Wiring.write_wire_scope: net not found
2026-10-07 12:37:43.865 WARN   Wiring.write_wire_scope: net not found
2026-10-07 12:37:44.407 WARN   Wiring.write_wire_scope: net not found
2026-10-07 12:37:44.407 WARN   Wiring.write_wire_scope: net not found
2026-10-07 12:37:44.407 WARN   Wiring.write_wire_scope: net not found
2026-10-07 12:37:44.407 WARN   Wiring.write_wire_scope: net not found
2026-10-07 12:37:44.407 WARN   Wiring.write_wire_scope: net not found
2026-10-07 12:37:44.407 WARN   Wiring.write_wire_scope: net not found
2026-10-07 12:37:44.407 WARN   Wiring.write_wire_scope: net not found
2026-10-07 12:37:44.407 WARN   Wiring.write_wire_scope: net not found
2026-10-07 12:37:44.407 WARN   Wiring.write_wire_scope: net not found
2026-10-07 12:37:44.407 WARN   Wiring.write_wire_scope: net not found
2026-10-07 12:37:44.407 WARN   Wiring.write_wire_scope: net not found
2026-10-07 12:37:44.407 WARN   Wiring.write_wire_scope: net not found
2026-10-07 12:37:44.407 WARN   Wiring.write_wire_scope: net not found
2026-10-07 12:37:44.407 WARN   Wiring.write_wire_scope: net not found
2026-10-07 12:37:44.407 WARN   Wiring.write_wire_scope: net not found
2026-10-07 12:37:44.408 WARN   Wiring.write_wire_scope: net not found
2026-10-07 12:37:44.408 WARN   Wiring.write_wire_scope: net not found
2026-10-07 12:37:44.408 WARN   Wiring.write_wire_scope: net not found
2026-10-07 12:37:44.408 WARN   Wiring.write_wire_scope: net not found
2026-10-07 12:37:44.408 WARN   Wiring.write_wire_scope: net not found
2026-10-07 12:37:44.408 WARN   Wiring.write_wire_scope: net not found
2026-10-07 12:37:44.408 WARN   Wiring.write_wire_scope: net not found
2026-10-07 12:37:44.408 WARN   Wiring.write_wire_scope: net not found
2026-10-07 12:37:44.922 WARN   Wiring.write_wire_scope: net not found
2026-10-07 12:37:44.922 WARN   Wiring.write_wire_scope: net not found
2026-10-07 12:37:44.922 WARN   Wiring.write_wire_scope: net not found
2026-10-07 12:37:44.922 WARN   Wiring.write_wire_scope: net not found
2026-10-07 12:37:44.922 WARN   Wiring.write_wire_scope: net not found
2026-10-07 12:37:44.922 WARN   Wiring.write_wire_scope: net not found
2026-10-07 12:37:44.922 WARN   Wiring.write_wire_scope: net not found
2026-10-07 12:37:44.922 WARN   Wiring.write_wire_scope: net not found
2026-10-07 12:37:44.922 WARN   Wiring.write_wire_scope: net not found
2026-10-07 12:37:44.922 WARN   Wiring.write_wire_scope: net not found
2026-10-07 12:37:44.922 WARN   Wiring.write_wire_scope: net not found
2026-10-07 12:37:44.922 WARN   Wiring.write_wire_scope: net not found
2026-10-07 12:37:44.922 WARN   Wiring.write_wire_scope: net not found
2026-10-07 12:37:44.922 WARN   Wiring.write_wire_scope: net not found
2026-10-07 12:37:44.922 WARN   Wiring.write_wire_scope: net not found
2026-10-07 12:37:44.922 WARN   Wiring.write_wire_scope: net not found
2026-10-07 12:37:44.922 WARN   Wiring.write_wire_scope: net not found
2026-10-07 12:37:44.922 WARN   Wiring.write_wire_scope: net not found
2026-10-07 12:37:44.922 WARN   Wiring.write_wire_scope: net not found
2026-10-07 12:37:44.922 WARN   Wiring.write_wire_scope: net not found
2026-10-07 12:37:44.922 WARN   Wiring.write_wire_scope: net not found
2026-10-07 12:37:44.922 WARN   Wiring.write_wire_scope: net not found
2026-10-07 12:37:44.922 WARN   Wiring.write_wire_scope: net not found
2026-10-07 12:37:45.472 WARN   Wiring.write_wire_scope: net not found
2026-10-07 12:37:45.472 WARN   Wiring.write_wire_scope: net not found
2026-10-07 12:37:45.472 WARN   Wiring.write_wire_scope: net not found
2026-10-07 12:37:45.472 WARN   Wiring.write_wire_scope: net not found
2026-10-07 12:37:45.472 WARN   Wiring.write_wire_scope: net not found
2026-10-07 12:37:45.472 WARN   Wiring.write_wire_scope: net not found
2026-10-07 12:37:45.472 WARN   Wiring.write_wire_scope: net not found
2026-10-07 12:37:45.472 WARN   Wiring.write_wire_scope: net not found
2026-10-07 12:37:45.472 WARN   Wiring.write_wire_scope: net not found
2026-10-07 12:37:45.472 WARN   Wiring.write_wire_scope: net not found
2026-10-07 12:37:45.472 WARN   Wiring.write_wire_scope: net not found
2026-10-07 12:37:45.472 WARN   Wiring.write_wire_scope: net not found
2026-10-07 12:37:45.472 WARN   Wiring.write_wire_scope: net not found
2026-10-07 12:37:45.472 WARN   Wiring.write_wire_scope: net not found
2026-10-07 12:37:45.472 WARN   Wiring.write_wire_scope: net not found
2026-10-07 12:37:45.472 WARN   Wiring.write_wire_scope: net not found
2026-10-07 12:37:45.472 WARN   Wiring.write_wire_scope: net not found
2026-10-07 12:37:45.472 WARN   Wiring.write_wire_scope: net not found
2026-10-07 12:37:45.472 WARN   Wiring.write_wire_scope: net not found
2026-10-07 12:37:45.472 WARN   Wiring.write_wire_scope: net not found
2026-10-07 12:37:45.472 WARN   Wiring.write_wire_scope: net not found
2026-10-07 12:37:45.472 WARN   Wiring.write_wire_scope: net not found
2026-10-07 12:37:45.472 WARN   Wiring.write_wire_scope: net not found
2026-10-07 12:37:45.962 WARN   Wiring.write_wire_scope: net not found
2026-10-07 12:37:45.962 WARN   Wiring.write_wire_scope: net not found
2026-10-07 12:37:45.962 WARN   Wiring.write_wire_scope: net not found
2026-10-07 12:37:45.962 WARN   Wiring.write_wire_scope: net not found
2026-10-07 12:37:45.962 WARN   Wiring.write_wire_scope: net not found
2026-10-07 12:37:45.962 WARN   Wiring.write_wire_scope: net not found
2026-10-07 12:37:45.962 WARN   Wiring.write_wire_scope: net not found
2026-10-07 12:37:45.962 WARN   Wiring.write_wire_scope: net not found
2026-10-07 12:37:45.962 WARN   Wiring.write_wire_scope: net not found
2026-10-07 12:37:45.962 WARN   Wiring.write_wire_scope: net not found
2026-10-07 12:37:45.962 WARN   Wiring.write_wire_scope: net not found
2026-10-07 12:37:45.962 WARN   Wiring.write_wire_scope: net not found
2026-10-07 12:37:45.962 WARN   Wiring.write_wire_scope: net not found
2026-10-07 12:37:45.962 WARN   Wiring.write_wire_scope: net not found
2026-10-07 12:37:45.962 WARN   Wiring.write_wire_scope: net not found
2026-10-07 12:37:45.963 WARN   Wiring.write_wire_scope: net not found
2026-10-07 12:37:45.963 WARN   Wiring.write_wire_scope: net not found
2026-10-07 12:37:45.963 WARN   Wiring.write_wire_scope: net not found
2026-10-07 12:37:45.963 WARN   Wiring.write_wire_scope: net not found
2026-10-07 12:37:45.963 WARN   Wiring.write_wire_scope: net not found
2026-10-07 12:37:45.963 WARN   Wiring.write_wire_scope: net not found
2026-10-07 12:37:45.963 WARN   Wiring.write_wire_scope: net not found
2026-10-07 12:37:45.963 WARN   Wiring.write_wire_scope: net not found
2026-10-07 12:37:46.620 WARN   Wiring.write_wire_scope: net not found
2026-10-07 12:37:46.620 WARN   Wiring.write_wire_scope: net not found
2026-10-07 12:37:46.620 WARN   Wiring.write_wire_scope: net not found
2026-10-07 12:37:46.620 WARN   Wiring.write_wire_scope: net not found
2026-10-07 12:37:46.620 WARN   Wiring.write_wire_scope: net not found
2026-10-07 12:37:46.620 WARN   Wiring.write_wire_scope: net not found
2026-10-07 12:37:46.620 WARN   Wiring.write_wire_scope: net not found
2026-10-07 12:37:46.620 WARN   Wiring.write_wire_scope: net not found
2026-10-07 12:37:46.620 WARN   Wiring.write_wire_scope: net not found
2026-10-07 12:37:46.620 WARN   Wiring.write_wire_scope: net not found
2026-10-07 12:37:46.620 WARN   Wiring.write_wire_scope: net not found
2026-10-07 12:37:46.620 WARN   Wiring.write_wire_scope: net not found
2026-10-07 12:37:46.620 WARN   Wiring.write_wire_scope: net not found
2026-10-07 12:37:46.620 WARN   Wiring.write_wire_scope: net not found
2026-10-07 12:37:46.620 WARN   Wiring.write_wire_scope: net not found
2026-10-07 12:37:46.621 WARN   Wiring.write_wire_scope: net not found
2026-10-07 12:37:46.621 WARN   Wiring.write_wire_scope: net not found
2026-10-07 12:37:46.621 WARN   Wiring.write_wire_scope: net not found
2026-10-07 12:37:46.621 WARN   Wiring.write_wire_scope: net not found
2026-10-07 12:37:46.621 WARN   Wiring.write_wire_scope: net not found
2026-10-07 12:37:46.621 WARN   Wiring.write_wire_scope: net not found
2026-10-07 12:37:46.621 WARN   Wiring.write_wire_scope: net not found
2026-10-07 12:37:46.621 WARN   Wiring.write_wire_scope: net not found
2026-10-07 12:37:47.155 WARN   Wiring.write_wire_scope: net not found
2026-10-07 12:37:47.155 WARN   Wiring.write_wire_scope: net not found
2026-10-07 12:37:47.155 WARN   Wiring.write_wire_scope: net not found
2026-10-07 12:37:47.156 WARN   Wiring.write_wire_scope: net not found
2026-10-07 12:37:47.156 WARN   Wiring.write_wire_scope: net not found
2026-10-07 12:37:47.156 WARN   Wiring.write_wire_scope: net not found
2026-10-07 12:37:47.156 WARN   Wiring.write_wire_scope: net not found
2026-10-07 12:37:47.156 WARN   Wiring.write_wire_scope: net not found
2026-10-07 12:37:47.156 WARN   Wiring.write_wire_scope: net not found
2026-10-07 12:37:47.156 WARN   Wiring.write_wire_scope: net not found
2026-10-07 12:37:47.156 WARN   Wiring.write_wire_scope: net not found
2026-10-07 12:37:47.156 WARN   Wiring.write_wire_scope: net not found
2026-10-07 12:37:47.156 WARN   Wiring.write_wire_scope: net not found
2026-10-07 12:37:47.156 WARN   Wiring.write_wire_scope: net not found
2026-10-07 12:37:47.156 WARN   Wiring.write_wire_scope: net not found
2026-10-07 12:37:47.156 WARN   Wiring.write_wire_scope: net not found
2026-10-07 12:37:47.156 WARN   Wiring.write_wire_scope: net not found
2026-10-07 12:37:47.156 WARN   Wiring.write_wire_scope: net not found
2026-10-07 12:37:47.156 WARN   Wiring.write_wire_scope: net not found
2026-10-07 12:37:47.156 WARN   Wiring.write_wire_scope: net not found
2026-10-07 12:37:47.156 WARN   Wiring.write_wire_scope: net not found
2026-10-07 12:37:47.156 WARN   Wiring.write_wire_scope: net not found
2026-10-07 12:37:47.156 WARN   Wiring.write_wire_scope: net not found
2026-10-07 12:37:47.692 WARN   Wiring.write_wire_scope: net not found
2026-10-07 12:37:47.692 WARN   Wiring.write_wire_scope: net not found
2026-10-07 12:37:47.692 WARN   Wiring.write_wire_scope: net not found
2026-10-07 12:37:47.692 WARN   Wiring.write_wire_scope: net not found
2026-10-07 12:37:47.692 WARN   Wiring.write_wire_scope: net not found
2026-10-07 12:37:47.692 WARN   Wiring.write_wire_scope: net not found
2026-10-07 12:37:47.692 WARN   Wiring.write_wire_scope: net not found
2026-10-07 12:37:47.692 WARN   Wiring.write_wire_scope: net not found
2026-10-07 12:37:47.692 WARN   Wiring.write_wire_scope: net not found
2026-10-07 12:37:47.692 WARN   Wiring.write_wire_scope: net not found
2026-10-07 12:37:47.692 WARN   Wiring.write_wire_scope: net not found
2026-10-07 12:37:47.692 WARN   Wiring.write_wire_scope: net not found
2026-10-07 12:37:47.692 WARN   Wiring.write_wire_scope: net not found
2026-10-07 12:37:47.692 WARN   Wiring.write_wire_scope: net not found
2026-10-07 12:37:47.692 WARN   Wiring.write_wire_scope: net not found
2026-10-07 12:37:47.692 WARN   Wiring.write_wire_scope: net not found
2026-10-07 12:37:47.692 WARN   Wiring.write_wire_scope: net not found
2026-10-07 12:37:47.692 WARN   Wiring.write_wire_scope: net not found
2026-10-07 12:37:47.692 WARN   Wiring.write_wire_scope: net not found
2026-10-07 12:37:47.692 WARN   Wiring.write_wire_scope: net not found
2026-10-07 12:37:47.693 WARN   Wiring.write_wire_scope: net not found
2026-10-07 12:37:47.693 WARN   Wiring.write_wire_scope: net not found
2026-10-07 12:37:47.693 WARN   Wiring.write_wire_scope: net not found
2026-10-07 12:37:48.173 WARN   Wiring.write_wire_scope: net not found
2026-10-07 12:37:48.173 WARN   Wiring.write_wire_scope: net not found
2026-10-07 12:37:48.173 WARN   Wiring.write_wire_scope: net not found
2026-10-07 12:37:48.173 WARN   Wiring.write_wire_scope: net not found
2026-10-07 12:37:48.173 WARN   Wiring.write_wire_scope: net not found
2026-10-07 12:37:48.173 WARN   Wiring.write_wire_scope: net not found
2026-10-07 12:37:48.173 WARN   Wiring.write_wire_scope: net not found
2026-10-07 12:37:48.173 WARN   Wiring.write_wire_scope: net not found
2026-10-07 12:37:48.173 WARN   Wiring.write_wire_scope: net not found
2026-10-07 12:37:48.173 WARN   Wiring.write_wire_scope: net not found
2026-10-07 12:37:48.173 WARN   Wiring.write_wire_scope: net not found
2026-10-07 12:37:48.173 WARN   Wiring.write_wire_scope: net not found
2026-10-07 12:37:48.173 WARN   Wiring.write_wire_scope: net not found
2026-10-07 12:37:48.173 WARN   Wiring.write_wire_scope: net not found
2026-10-07 12:37:48.173 WARN   Wiring.write_wire_scope: net not found
2026-10-07 12:37:48.173 WARN   Wiring.write_wire_scope: net not found
2026-10-07 12:37:48.173 WARN   Wiring.write_wire_scope: net not found
2026-10-07 12:37:48.173 WARN   Wiring.write_wire_scope: net not found
2026-10-07 12:37:48.173 WARN   Wiring.write_wire_scope: net not found
2026-10-07 12:37:48.173 WARN   Wiring.write_wire_scope: net not found
2026-10-07 12:37:48.173 WARN   Wiring.write_wire_scope: net not found
2026-10-07 12:37:48.173 WARN   Wiring.write_wire_scope: net not found
2026-10-07 12:37:48.173 WARN   Wiring.write_wire_scope: net not found
2026-10-07 12:37:48.752 WARN   Wiring.write_wire_scope: net not found
2026-10-07 12:37:48.752 WARN   Wiring.write_wire_scope: net not found
2026-10-07 12:37:48.752 WARN   Wiring.write_wire_scope: net not found
2026-10-07 12:37:48.752 WARN   Wiring.write_wire_scope: net not found
2026-10-07 12:37:48.752 WARN   Wiring.write_wire_scope: net not found
2026-10-07 12:37:48.752 WARN   Wiring.write_wire_scope: net not found
2026-10-07 12:37:48.752 WARN   Wiring.write_wire_scope: net not found
2026-10-07 12:37:48.752 WARN   Wiring.write_wire_scope: net not found
2026-10-07 12:37:48.752 WARN   Wiring.write_wire_scope: net not found
2026-10-07 12:37:48.752 WARN   Wiring.write_wire_scope: net not found
2026-10-07 12:37:48.752 WARN   Wiring.write_wire_scope: net not found
2026-10-07 12:37:48.752 WARN   Wiring.write_wire_scope: net not found
2026-10-07 12:37:48.752 WARN   Wiring.write_wire_scope: net not found
2026-10-07 12:37:48.752 WARN   Wiring.write_wire_scope: net not found
2026-10-07 12:37:48.752 WARN   Wiring.write_wire_scope: net not found
2026-10-07 12:37:48.752 WARN   Wiring.write_wire_scope: net not found
2026-10-07 12:37:48.752 WARN   Wiring.write_wire_scope: net not found
2026-10-07 12:37:48.752 WARN   Wiring.write_wire_scope: net not found
2026-10-07 12:37:48.752 WARN   Wiring.write_wire_scope: net not found
2026-10-07 12:37:48.752 WARN   Wiring.write_wire_scope: net not found
2026-10-07 12:37:48.752 WARN   Wiring.write_wire_scope: net not found
2026-10-07 12:37:48.752 WARN   Wiring.write_wire_scope: net not found
2026-10-07 12:37:48.752 WARN   Wiring.write_wire_scope: net not found
2026-10-07 12:37:49.262 WARN   Wiring.write_wire_scope: net not found
2026-10-07 12:37:49.262 WARN   Wiring.write_wire_scope: net not found
2026-10-07 12:37:49.262 WARN   Wiring.write_wire_scope: net not found
2026-10-07 12:37:49.262 WARN   Wiring.write_wire_scope: net not found
2026-10-07 12:37:49.262 WARN   Wiring.write_wire_scope: net not found
2026-10-07 12:37:49.262 WARN   Wiring.write_wire_scope: net not found
2026-10-07 12:37:49.262 WARN   Wiring.write_wire_scope: net not found
2026-10-07 12:37:49.262 WARN   Wiring.write_wire_scope: net not found
2026-10-07 12:37:49.262 WARN   Wiring.write_wire_scope: net not found
2026-10-07 12:37:49.262 WARN   Wiring.write_wire_scope: net not found
2026-10-07 12:37:49.262 WARN   Wiring.write_wire_scope: net not found
2026-10-07 12:37:49.262 WARN   Wiring.write_wire_scope: net not found
2026-10-07 12:37:49.262 WARN   Wiring.write_wire_scope: net not found
2026-10-07 12:37:49.262 WARN   Wiring.write_wire_scope: net not found
2026-10-07 12:37:49.262 WARN   Wiring.write_wire_scope: net not found
2026-10-07 12:37:49.262 WARN   Wiring.write_wire_scope: net not found
2026-10-07 12:37:49.262 WARN   Wiring.write_wire_scope: net not found
2026-10-07 12:37:49.262 WARN   Wiring.write_wire_scope: net not found
2026-10-07 12:37:49.262 WARN   Wiring.write_wire_scope: net not found
2026-10-07 12:37:49.262 WARN   Wiring.write_wire_scope: net not found
2026-10-07 12:37:49.263 WARN   Wiring.write_wire_scope: net not found
2026-10-07 12:37:49.263 WARN   Wiring.write_wire_scope: net not found
2026-10-07 12:37:49.263 WARN   Wiring.write_wire_scope: net not found
2026-10-07 12:37:49.411 WARN   Wiring.write_wire_scope: net not found
2026-10-07 12:37:49.411 WARN   Wiring.write_wire_scope: net not found
2026-10-07 12:37:49.411 WARN   Wiring.write_wire_scope: net not found
2026-10-07 12:37:49.411 WARN   Wiring.write_wire_scope: net not found
2026-10-07 12:37:49.411 WARN   Wiring.write_wire_scope: net not found
2026-10-07 12:37:49.411 WARN   Wiring.write_wire_scope: net not found
2026-10-07 12:37:49.411 WARN   Wiring.write_wire_scope: net not found
2026-10-07 12:37:49.411 WARN   Wiring.write_wire_scope: net not found
2026-10-07 12:37:49.411 WARN   Wiring.write_wire_scope: net not found
2026-10-07 12:37:49.411 WARN   Wiring.write_wire_scope: net not found
2026-10-07 12:37:49.411 WARN   Wiring.write_wire_scope: net not found
2026-10-07 12:37:49.411 WARN   Wiring.write_wire_scope: net not found
2026-10-07 12:37:49.411 WARN   Wiring.write_wire_scope: net not found
2026-10-07 12:37:49.411 WARN   Wiring.write_wire_scope: net not found
2026-10-07 12:37:49.411 WARN   Wiring.write_wire_scope: net not found
2026-10-07 12:37:49.411 WARN   Wiring.write_wire_scope: net not found
2026-10-07 12:37:49.412 WARN   Wiring.write_wire_scope: net not found
2026-10-07 12:37:49.412 WARN   Wiring.write_wire_scope: net not found
2026-10-07 12:37:49.412 WARN   Wiring.write_wire_scope: net not found
2026-10-07 12:37:49.412 WARN   Wiring.write_wire_scope: net not found
2026-10-07 12:37:49.412 WARN   Wiring.write_wire_scope: net not found
2026-10-07 12:37:49.412 WARN   Wiring.write_wire_scope: net not found
2026-10-07 12:37:49.412 WARN   Wiring.write_wire_scope: net not found
2026-10-07 12:37:49.449 INFO   [8DDD43\5B5046] Auto-routing pass #1 on board '6d556fa57a1d67ceb9c8fe2442c6ecd3' was completed in 13.37 seconds with score 547.24 (45 unrouted and 98 violations), using 15.74 CPU seconds and the job allocated 19.83 GB of memory so far.
2026-10-07 12:37:49.578 INFO   [8DDD43\5B5046] Auto-routing stage completed: started with 95 unrouted nets, completed in 16.29 seconds, final score: 547.24 (45 unrouted and 98 violations), using 15.74 total CPU seconds, 19.83 GB total allocated, and 475.4 MB peak heap usage.
2026-10-07 12:37:49.621 INFO   [8DDD43\5B5046] Skipping optimization stage: the board has 45 unrouted connection(s) (optimizer only runs on completely routed boards).
2026-10-07 12:37:49.649 WARN   Wiring.write_wire_scope: net not found
2026-10-07 12:37:49.649 WARN   Wiring.write_wire_scope: net not found
2026-10-07 12:37:49.649 WARN   Wiring.write_wire_scope: net not found
2026-10-07 12:37:49.649 WARN   Wiring.write_wire_scope: net not found
2026-10-07 12:37:49.649 WARN   Wiring.write_wire_scope: net not found
2026-10-07 12:37:49.649 WARN   Wiring.write_wire_scope: net not found
2026-10-07 12:37:49.649 WARN   Wiring.write_wire_scope: net not found
2026-10-07 12:37:49.649 WARN   Wiring.write_wire_scope: net not found
2026-10-07 12:37:49.650 WARN   Wiring.write_wire_scope: net not found
2026-10-07 12:37:49.650 WARN   Wiring.write_wire_scope: net not found
2026-10-07 12:37:49.650 WARN   Wiring.write_wire_scope: net not found
2026-10-07 12:37:49.650 WARN   Wiring.write_wire_scope: net not found
2026-10-07 12:37:49.650 WARN   Wiring.write_wire_scope: net not found
2026-10-07 12:37:49.650 WARN   Wiring.write_wire_scope: net not found
2026-10-07 12:37:49.650 WARN   Wiring.write_wire_scope: net not found
2026-10-07 12:37:49.650 WARN   Wiring.write_wire_scope: net not found
2026-10-07 12:37:49.650 WARN   Wiring.write_wire_scope: net not found
2026-10-07 12:37:49.650 WARN   Wiring.write_wire_scope: net not found
2026-10-07 12:37:49.650 WARN   Wiring.write_wire_scope: net not found
2026-10-07 12:37:49.650 WARN   Wiring.write_wire_scope: net not found
2026-10-07 12:37:49.650 WARN   Wiring.write_wire_scope: net not found
2026-10-07 12:37:49.650 WARN   Wiring.write_wire_scope: net not found
2026-10-07 12:37:49.650 WARN   Wiring.write_wire_scope: net not found
2026-10-07 12:37:49.652 INFO   [8DDD43\5B5046] Job '8DDD43\5B5046' finished with state: COMPLETED (elapsed: 16.57 seconds, finished at UTC: 2026-10-07T01:37:49.651522884Z).
2026-10-07 12:37:49.657 INFO   Saving output file '/home/chithi/Desktop/DesktopSpeaker/ai-files/pcb/work-p1/B3-c2.ses' (SES)...
2026-10-07 12:37:49.658 INFO   Successfully saved output file '/home/chithi/Desktop/DesktopSpeaker/ai-files/pcb/work-p1/B3-c2.ses' (92542 bytes).
