2026-10-07 02:14:06.219 INFO   Freerouting v2.5.0 (build-date: 2026-10-05)
2026-10-07 02:14:06.485 INFO   Hardware: 24 CPU cores, 583 CPU score, 16056 MB RAM
2026-10-07 02:14:06.485 WARN   Deprecated settings path '-mp / --router.max_passes'; use '--router.autorouter.max_passes' instead. The old path will be removed in a future release.
2026-10-07 02:14:06.486 WARN   Couldn't get screen resolution. If you are running in a headless environment, disable the GUI by setting gui.enabled to false.
2026-10-07 02:14:07.511 WARN   Deprecated settings path 'router.max_passes'; use 'router.autorouter.max_passes' instead. The old path will be removed in a future release.
2026-10-07 02:14:07.770 INFO   [639422\B129CE] Loading board file 'C3-c3.dsn'...
2026-10-07 02:14:07.906 WARN   Wiring: via net '/PD_PLUG_EVENT' not found at '/PD_PLUG_EVENT'
2026-10-07 02:14:07.907 WARN   Wiring: via net '/PD_PLUG_EVENT' not found at '/PD_PLUG_EVENT'
2026-10-07 02:14:07.907 WARN   Wiring: via net '/PD_PLUG_EVENT' not found at '/PD_PLUG_EVENT'
2026-10-07 02:14:07.907 WARN   Wiring: via net '/BT_MFB' not found at '/BT_MFB'
2026-10-07 02:14:07.907 WARN   Wiring: via net '/BT_MFB' not found at '/BT_MFB'
2026-10-07 02:14:07.908 WARN   Wiring: via net '/BT_RST_N' not found at '/BT_RST_N'
2026-10-07 02:14:07.908 WARN   Wiring: via net '/BT_RST_N' not found at '/BT_RST_N'
2026-10-07 02:14:07.908 WARN   Wiring: via net 'Net-(U25-FSW)' not found at 'Net-(U25-FSW)'
2026-10-07 02:14:07.908 WARN   Wiring: via net 'Net-(U25-FSW)' not found at 'Net-(U25-FSW)'
2026-10-07 02:14:07.910 WARN   DSN file 'C3-c3.dsn' was loaded with 9 warning(s).
2026-10-07 02:14:07.997 INFO   [639422\B129CE] Job '639422\B129CE' started at 2026-10-06T15:14:07.997335300Z.
2026-10-07 02:14:08.052 WARN   Wiring.write_wire_scope: net not found
2026-10-07 02:14:08.053 WARN   Wiring.write_wire_scope: net not found
2026-10-07 02:14:08.053 WARN   Wiring.write_wire_scope: net not found
2026-10-07 02:14:08.053 WARN   Wiring.write_wire_scope: net not found
2026-10-07 02:14:08.053 WARN   Wiring.write_wire_scope: net not found
2026-10-07 02:14:08.053 WARN   Wiring.write_wire_scope: net not found
2026-10-07 02:14:08.053 WARN   Wiring.write_wire_scope: net not found
2026-10-07 02:14:08.053 WARN   Wiring.write_wire_scope: net not found
2026-10-07 02:14:08.053 WARN   Wiring.write_wire_scope: net not found
2026-10-07 02:14:08.053 WARN   Wiring.write_wire_scope: net not found
2026-10-07 02:14:08.053 WARN   Wiring.write_wire_scope: net not found
2026-10-07 02:14:08.053 WARN   Wiring.write_wire_scope: net not found
2026-10-07 02:14:08.054 WARN   Wiring.write_wire_scope: net not found
2026-10-07 02:14:08.054 WARN   Wiring.write_wire_scope: net not found
2026-10-07 02:14:08.054 WARN   Wiring.write_wire_scope: net not found
2026-10-07 02:14:08.054 WARN   Wiring.write_wire_scope: net not found
2026-10-07 02:14:08.054 WARN   Wiring.write_wire_scope: net not found
2026-10-07 02:14:08.054 WARN   Wiring.write_wire_scope: net not found
2026-10-07 02:14:08.054 WARN   Wiring.write_wire_scope: net not found
2026-10-07 02:14:08.054 WARN   Wiring.write_wire_scope: net not found
2026-10-07 02:14:08.054 WARN   Wiring.write_wire_scope: net not found
2026-10-07 02:14:08.054 WARN   Wiring.write_wire_scope: net not found
2026-10-07 02:14:08.054 WARN   Wiring.write_wire_scope: net not found
2026-10-07 02:14:08.054 WARN   Wiring.write_wire_scope: net not found
2026-10-07 02:14:08.054 WARN   Wiring.write_wire_scope: net not found
2026-10-07 02:14:08.054 WARN   Wiring.write_wire_scope: net not found
2026-10-07 02:14:08.054 WARN   Wiring.write_wire_scope: net not found
2026-10-07 02:14:08.054 WARN   Wiring.write_wire_scope: net not found
2026-10-07 02:14:08.055 WARN   Wiring.write_wire_scope: net not found
2026-10-07 02:14:08.055 WARN   Wiring.write_wire_scope: net not found
2026-10-07 02:14:08.055 WARN   Wiring.write_wire_scope: net not found
2026-10-07 02:14:08.055 WARN   Wiring.write_wire_scope: net not found
2026-10-07 02:14:08.055 WARN   Wiring.write_wire_scope: net not found
2026-10-07 02:14:08.055 WARN   Wiring.write_wire_scope: net not found
2026-10-07 02:14:08.055 WARN   Wiring.write_wire_scope: net not found
2026-10-07 02:14:08.055 WARN   Wiring.write_wire_scope: net not found
2026-10-07 02:14:08.055 WARN   Wiring.write_wire_scope: net not found
2026-10-07 02:14:08.055 WARN   Wiring.write_wire_scope: net not found
2026-10-07 02:14:08.055 WARN   Wiring.write_wire_scope: net not found
2026-10-07 02:14:08.055 WARN   Wiring.write_wire_scope: net not found
2026-10-07 02:14:08.055 WARN   Wiring.write_wire_scope: net not found
2026-10-07 02:14:08.055 WARN   Wiring.write_wire_scope: net not found
2026-10-07 02:14:08.055 WARN   Wiring.write_wire_scope: net not found
2026-10-07 02:14:08.055 WARN   Wiring.write_wire_scope: net not found
2026-10-07 02:14:08.055 WARN   Wiring.write_wire_scope: net not found
2026-10-07 02:14:08.056 WARN   Wiring.write_wire_scope: net not found
2026-10-07 02:14:08.056 WARN   Wiring.write_wire_scope: net not found
2026-10-07 02:14:08.056 WARN   Wiring.write_wire_scope: net not found
2026-10-07 02:14:08.056 WARN   Wiring.write_wire_scope: net not found
2026-10-07 02:14:08.056 WARN   Wiring.write_wire_scope: net not found
2026-10-07 02:14:08.056 WARN   Wiring.write_wire_scope: net not found
2026-10-07 02:14:08.056 WARN   Wiring.write_wire_scope: net not found
2026-10-07 02:14:08.056 WARN   Wiring.write_wire_scope: net not found
2026-10-07 02:14:08.056 WARN   Wiring.write_wire_scope: net not found
2026-10-07 02:14:08.056 WARN   Wiring.write_wire_scope: net not found
2026-10-07 02:14:08.056 WARN   Wiring.write_wire_scope: net not found
2026-10-07 02:14:08.056 WARN   Wiring.write_wire_scope: net not found
2026-10-07 02:14:08.056 WARN   Wiring.write_wire_scope: net not found
2026-10-07 02:14:08.056 WARN   Wiring.write_wire_scope: net not found
2026-10-07 02:14:08.056 WARN   Wiring.write_wire_scope: net not found
2026-10-07 02:14:08.056 WARN   Wiring.write_wire_scope: net not found
2026-10-07 02:14:08.056 WARN   Wiring.write_wire_scope: net not found
2026-10-07 02:14:08.056 WARN   Wiring.write_wire_scope: net not found
2026-10-07 02:14:08.057 WARN   Wiring.write_wire_scope: net not found
2026-10-07 02:14:08.057 WARN   Wiring.write_wire_scope: net not found
2026-10-07 02:14:08.057 WARN   Wiring.write_wire_scope: net not found
2026-10-07 02:14:08.057 WARN   Wiring.write_wire_scope: net not found
2026-10-07 02:14:08.057 WARN   Wiring.write_wire_scope: net not found
2026-10-07 02:14:08.057 WARN   Wiring.write_wire_scope: net not found
2026-10-07 02:14:08.057 WARN   Wiring.write_wire_scope: net not found
2026-10-07 02:14:08.057 WARN   Wiring.write_wire_scope: net not found
2026-10-07 02:14:08.057 WARN   Wiring.write_wire_scope: net not found
2026-10-07 02:14:08.057 WARN   Wiring.write_wire_scope: net not found
2026-10-07 02:14:08.113 WARN   Design Warning: Board has 149 pre-existing clearance violation(s) in the loaded design (before routing):
  - 149 unfixable violation(s) (cannot be resolved by Freerouting):
      * 10 pin-to-pin clearance violations (first 5 shown):
          - Q103.9 <-> Q103.8
          - Q103.9 <-> Q103.7
          - Q103.9 <-> Q103.6
          - Q103.9 <-> Q103.5
          - U25.21 <-> U25.20
          ... and 5 more
      * 139 fixed trace/via clearance violations (first 5 shown):
          - FixedVia#3035 <-> FixedTrace#3014
          - FixedVia#3035 <-> FixedTrace#3011
          - FixedVia#3035 <-> FixedTrace#3015 [net /SYS_RAW]
          - FixedVia#3034 <-> FixedTrace#3013
          - FixedVia#3034 <-> FixedTrace#3016 [net /SYS_RAW]
          ... and 134 more
  - 0 potentially fixable violations
Notice: Freerouting does not modify component placement, board outlines, or fixed items.
Resolving these 149 unfixable violation(s) is the responsibility of the board author in their EDA tool (e.g. KiCad).
2026-10-07 02:14:08.148 INFO   [639422\B129CE] Pipeline thread limits: autorouter pass is single-threaded, optimizer.max_threads=23.
2026-10-07 02:14:08.204 INFO   [639422\B129CE] Fanout stage started on board '6760e6a2c7f71b0f5f57fc4a6adf521e' with 22 of 1066 SMD pins needing fanout (0 already connected, 1044 netless).
2026-10-07 02:14:08.260 WARN   Wiring.write_wire_scope: net not found
2026-10-07 02:14:08.260 WARN   Wiring.write_wire_scope: net not found
2026-10-07 02:14:08.260 WARN   Wiring.write_wire_scope: net not found
2026-10-07 02:14:08.260 WARN   Wiring.write_wire_scope: net not found
2026-10-07 02:14:08.260 WARN   Wiring.write_wire_scope: net not found
2026-10-07 02:14:08.260 WARN   Wiring.write_wire_scope: net not found
2026-10-07 02:14:08.260 WARN   Wiring.write_wire_scope: net not found
2026-10-07 02:14:08.260 WARN   Wiring.write_wire_scope: net not found
2026-10-07 02:14:08.260 WARN   Wiring.write_wire_scope: net not found
2026-10-07 02:14:08.260 WARN   Wiring.write_wire_scope: net not found
2026-10-07 02:14:08.260 WARN   Wiring.write_wire_scope: net not found
2026-10-07 02:14:08.260 WARN   Wiring.write_wire_scope: net not found
2026-10-07 02:14:08.260 WARN   Wiring.write_wire_scope: net not found
2026-10-07 02:14:08.260 WARN   Wiring.write_wire_scope: net not found
2026-10-07 02:14:08.260 WARN   Wiring.write_wire_scope: net not found
2026-10-07 02:14:08.260 WARN   Wiring.write_wire_scope: net not found
2026-10-07 02:14:08.260 WARN   Wiring.write_wire_scope: net not found
2026-10-07 02:14:08.260 WARN   Wiring.write_wire_scope: net not found
2026-10-07 02:14:08.260 WARN   Wiring.write_wire_scope: net not found
2026-10-07 02:14:08.260 WARN   Wiring.write_wire_scope: net not found
2026-10-07 02:14:08.260 WARN   Wiring.write_wire_scope: net not found
2026-10-07 02:14:08.260 WARN   Wiring.write_wire_scope: net not found
2026-10-07 02:14:08.260 WARN   Wiring.write_wire_scope: net not found
2026-10-07 02:14:08.260 WARN   Wiring.write_wire_scope: net not found
2026-10-07 02:14:08.261 WARN   Wiring.write_wire_scope: net not found
2026-10-07 02:14:08.261 WARN   Wiring.write_wire_scope: net not found
2026-10-07 02:14:08.261 WARN   Wiring.write_wire_scope: net not found
2026-10-07 02:14:08.261 WARN   Wiring.write_wire_scope: net not found
2026-10-07 02:14:08.261 WARN   Wiring.write_wire_scope: net not found
2026-10-07 02:14:08.261 WARN   Wiring.write_wire_scope: net not found
2026-10-07 02:14:08.261 WARN   Wiring.write_wire_scope: net not found
2026-10-07 02:14:08.261 WARN   Wiring.write_wire_scope: net not found
2026-10-07 02:14:08.261 WARN   Wiring.write_wire_scope: net not found
2026-10-07 02:14:08.261 WARN   Wiring.write_wire_scope: net not found
2026-10-07 02:14:08.261 WARN   Wiring.write_wire_scope: net not found
2026-10-07 02:14:08.261 WARN   Wiring.write_wire_scope: net not found
2026-10-07 02:14:08.261 WARN   Wiring.write_wire_scope: net not found
2026-10-07 02:14:08.261 WARN   Wiring.write_wire_scope: net not found
2026-10-07 02:14:08.261 WARN   Wiring.write_wire_scope: net not found
2026-10-07 02:14:08.261 WARN   Wiring.write_wire_scope: net not found
2026-10-07 02:14:08.261 WARN   Wiring.write_wire_scope: net not found
2026-10-07 02:14:08.261 WARN   Wiring.write_wire_scope: net not found
2026-10-07 02:14:08.261 WARN   Wiring.write_wire_scope: net not found
2026-10-07 02:14:08.261 WARN   Wiring.write_wire_scope: net not found
2026-10-07 02:14:08.261 WARN   Wiring.write_wire_scope: net not found
2026-10-07 02:14:08.261 WARN   Wiring.write_wire_scope: net not found
2026-10-07 02:14:08.261 WARN   Wiring.write_wire_scope: net not found
2026-10-07 02:14:08.261 WARN   Wiring.write_wire_scope: net not found
2026-10-07 02:14:08.261 WARN   Wiring.write_wire_scope: net not found
2026-10-07 02:14:08.261 WARN   Wiring.write_wire_scope: net not found
2026-10-07 02:14:08.261 WARN   Wiring.write_wire_scope: net not found
2026-10-07 02:14:08.261 WARN   Wiring.write_wire_scope: net not found
2026-10-07 02:14:08.261 WARN   Wiring.write_wire_scope: net not found
2026-10-07 02:14:08.261 WARN   Wiring.write_wire_scope: net not found
2026-10-07 02:14:08.261 WARN   Wiring.write_wire_scope: net not found
2026-10-07 02:14:08.262 WARN   Wiring.write_wire_scope: net not found
2026-10-07 02:14:08.262 WARN   Wiring.write_wire_scope: net not found
2026-10-07 02:14:08.262 WARN   Wiring.write_wire_scope: net not found
2026-10-07 02:14:08.262 WARN   Wiring.write_wire_scope: net not found
2026-10-07 02:14:08.262 WARN   Wiring.write_wire_scope: net not found
2026-10-07 02:14:08.262 WARN   Wiring.write_wire_scope: net not found
2026-10-07 02:14:08.262 WARN   Wiring.write_wire_scope: net not found
2026-10-07 02:14:08.262 WARN   Wiring.write_wire_scope: net not found
2026-10-07 02:14:08.262 WARN   Wiring.write_wire_scope: net not found
2026-10-07 02:14:08.262 WARN   Wiring.write_wire_scope: net not found
2026-10-07 02:14:08.262 WARN   Wiring.write_wire_scope: net not found
2026-10-07 02:14:08.262 WARN   Wiring.write_wire_scope: net not found
2026-10-07 02:14:08.262 WARN   Wiring.write_wire_scope: net not found
2026-10-07 02:14:08.262 WARN   Wiring.write_wire_scope: net not found
2026-10-07 02:14:08.262 WARN   Wiring.write_wire_scope: net not found
2026-10-07 02:14:08.262 WARN   Wiring.write_wire_scope: net not found
2026-10-07 02:14:08.262 WARN   Wiring.write_wire_scope: net not found
2026-10-07 02:14:08.262 WARN   Wiring.write_wire_scope: net not found
2026-10-07 02:14:08.414 WARN   Wiring.write_wire_scope: net not found
2026-10-07 02:14:08.414 WARN   Wiring.write_wire_scope: net not found
2026-10-07 02:14:08.414 WARN   Wiring.write_wire_scope: net not found
2026-10-07 02:14:08.414 WARN   Wiring.write_wire_scope: net not found
2026-10-07 02:14:08.414 WARN   Wiring.write_wire_scope: net not found
2026-10-07 02:14:08.414 WARN   Wiring.write_wire_scope: net not found
2026-10-07 02:14:08.414 WARN   Wiring.write_wire_scope: net not found
2026-10-07 02:14:08.414 WARN   Wiring.write_wire_scope: net not found
2026-10-07 02:14:08.414 WARN   Wiring.write_wire_scope: net not found
2026-10-07 02:14:08.414 WARN   Wiring.write_wire_scope: net not found
2026-10-07 02:14:08.414 WARN   Wiring.write_wire_scope: net not found
2026-10-07 02:14:08.414 WARN   Wiring.write_wire_scope: net not found
2026-10-07 02:14:08.414 WARN   Wiring.write_wire_scope: net not found
2026-10-07 02:14:08.414 WARN   Wiring.write_wire_scope: net not found
2026-10-07 02:14:08.414 WARN   Wiring.write_wire_scope: net not found
2026-10-07 02:14:08.414 WARN   Wiring.write_wire_scope: net not found
2026-10-07 02:14:08.414 WARN   Wiring.write_wire_scope: net not found
2026-10-07 02:14:08.414 WARN   Wiring.write_wire_scope: net not found
2026-10-07 02:14:08.414 WARN   Wiring.write_wire_scope: net not found
2026-10-07 02:14:08.414 WARN   Wiring.write_wire_scope: net not found
2026-10-07 02:14:08.414 WARN   Wiring.write_wire_scope: net not found
2026-10-07 02:14:08.414 WARN   Wiring.write_wire_scope: net not found
2026-10-07 02:14:08.414 WARN   Wiring.write_wire_scope: net not found
2026-10-07 02:14:08.414 WARN   Wiring.write_wire_scope: net not found
2026-10-07 02:14:08.414 WARN   Wiring.write_wire_scope: net not found
2026-10-07 02:14:08.414 WARN   Wiring.write_wire_scope: net not found
2026-10-07 02:14:08.414 WARN   Wiring.write_wire_scope: net not found
2026-10-07 02:14:08.414 WARN   Wiring.write_wire_scope: net not found
2026-10-07 02:14:08.414 WARN   Wiring.write_wire_scope: net not found
2026-10-07 02:14:08.414 WARN   Wiring.write_wire_scope: net not found
2026-10-07 02:14:08.414 WARN   Wiring.write_wire_scope: net not found
2026-10-07 02:14:08.414 WARN   Wiring.write_wire_scope: net not found
2026-10-07 02:14:08.414 WARN   Wiring.write_wire_scope: net not found
2026-10-07 02:14:08.414 WARN   Wiring.write_wire_scope: net not found
2026-10-07 02:14:08.415 WARN   Wiring.write_wire_scope: net not found
2026-10-07 02:14:08.415 WARN   Wiring.write_wire_scope: net not found
2026-10-07 02:14:08.415 WARN   Wiring.write_wire_scope: net not found
2026-10-07 02:14:08.415 WARN   Wiring.write_wire_scope: net not found
2026-10-07 02:14:08.415 WARN   Wiring.write_wire_scope: net not found
2026-10-07 02:14:08.415 WARN   Wiring.write_wire_scope: net not found
2026-10-07 02:14:08.415 WARN   Wiring.write_wire_scope: net not found
2026-10-07 02:14:08.415 WARN   Wiring.write_wire_scope: net not found
2026-10-07 02:14:08.415 WARN   Wiring.write_wire_scope: net not found
2026-10-07 02:14:08.415 WARN   Wiring.write_wire_scope: net not found
2026-10-07 02:14:08.415 WARN   Wiring.write_wire_scope: net not found
2026-10-07 02:14:08.415 WARN   Wiring.write_wire_scope: net not found
2026-10-07 02:14:08.415 WARN   Wiring.write_wire_scope: net not found
2026-10-07 02:14:08.415 WARN   Wiring.write_wire_scope: net not found
2026-10-07 02:14:08.415 WARN   Wiring.write_wire_scope: net not found
2026-10-07 02:14:08.415 WARN   Wiring.write_wire_scope: net not found
2026-10-07 02:14:08.415 WARN   Wiring.write_wire_scope: net not found
2026-10-07 02:14:08.415 WARN   Wiring.write_wire_scope: net not found
2026-10-07 02:14:08.415 WARN   Wiring.write_wire_scope: net not found
2026-10-07 02:14:08.415 WARN   Wiring.write_wire_scope: net not found
2026-10-07 02:14:08.415 WARN   Wiring.write_wire_scope: net not found
2026-10-07 02:14:08.415 WARN   Wiring.write_wire_scope: net not found
2026-10-07 02:14:08.415 WARN   Wiring.write_wire_scope: net not found
2026-10-07 02:14:08.415 WARN   Wiring.write_wire_scope: net not found
2026-10-07 02:14:08.415 WARN   Wiring.write_wire_scope: net not found
2026-10-07 02:14:08.415 WARN   Wiring.write_wire_scope: net not found
2026-10-07 02:14:08.415 WARN   Wiring.write_wire_scope: net not found
2026-10-07 02:14:08.415 WARN   Wiring.write_wire_scope: net not found
2026-10-07 02:14:08.415 WARN   Wiring.write_wire_scope: net not found
2026-10-07 02:14:08.415 WARN   Wiring.write_wire_scope: net not found
2026-10-07 02:14:08.415 WARN   Wiring.write_wire_scope: net not found
2026-10-07 02:14:08.415 WARN   Wiring.write_wire_scope: net not found
2026-10-07 02:14:08.415 WARN   Wiring.write_wire_scope: net not found
2026-10-07 02:14:08.415 WARN   Wiring.write_wire_scope: net not found
2026-10-07 02:14:08.415 WARN   Wiring.write_wire_scope: net not found
2026-10-07 02:14:08.415 WARN   Wiring.write_wire_scope: net not found
2026-10-07 02:14:08.415 WARN   Wiring.write_wire_scope: net not found
2026-10-07 02:14:08.415 WARN   Wiring.write_wire_scope: net not found
2026-10-07 02:14:08.415 WARN   Wiring.write_wire_scope: net not found
2026-10-07 02:14:08.726 WARN   Wiring.write_wire_scope: net not found
2026-10-07 02:14:08.726 WARN   Wiring.write_wire_scope: net not found
2026-10-07 02:14:08.726 WARN   Wiring.write_wire_scope: net not found
2026-10-07 02:14:08.726 WARN   Wiring.write_wire_scope: net not found
2026-10-07 02:14:08.726 WARN   Wiring.write_wire_scope: net not found
2026-10-07 02:14:08.726 WARN   Wiring.write_wire_scope: net not found
2026-10-07 02:14:08.726 WARN   Wiring.write_wire_scope: net not found
2026-10-07 02:14:08.726 WARN   Wiring.write_wire_scope: net not found
2026-10-07 02:14:08.726 WARN   Wiring.write_wire_scope: net not found
2026-10-07 02:14:08.726 WARN   Wiring.write_wire_scope: net not found
2026-10-07 02:14:08.726 WARN   Wiring.write_wire_scope: net not found
2026-10-07 02:14:08.726 WARN   Wiring.write_wire_scope: net not found
2026-10-07 02:14:08.726 WARN   Wiring.write_wire_scope: net not found
2026-10-07 02:14:08.726 WARN   Wiring.write_wire_scope: net not found
2026-10-07 02:14:08.726 WARN   Wiring.write_wire_scope: net not found
2026-10-07 02:14:08.726 WARN   Wiring.write_wire_scope: net not found
2026-10-07 02:14:08.726 WARN   Wiring.write_wire_scope: net not found
2026-10-07 02:14:08.726 WARN   Wiring.write_wire_scope: net not found
2026-10-07 02:14:08.726 WARN   Wiring.write_wire_scope: net not found
2026-10-07 02:14:08.726 WARN   Wiring.write_wire_scope: net not found
2026-10-07 02:14:08.726 WARN   Wiring.write_wire_scope: net not found
2026-10-07 02:14:08.726 WARN   Wiring.write_wire_scope: net not found
2026-10-07 02:14:08.726 WARN   Wiring.write_wire_scope: net not found
2026-10-07 02:14:08.726 WARN   Wiring.write_wire_scope: net not found
2026-10-07 02:14:08.726 WARN   Wiring.write_wire_scope: net not found
2026-10-07 02:14:08.726 WARN   Wiring.write_wire_scope: net not found
2026-10-07 02:14:08.726 WARN   Wiring.write_wire_scope: net not found
2026-10-07 02:14:08.726 WARN   Wiring.write_wire_scope: net not found
2026-10-07 02:14:08.726 WARN   Wiring.write_wire_scope: net not found
2026-10-07 02:14:08.726 WARN   Wiring.write_wire_scope: net not found
2026-10-07 02:14:08.727 WARN   Wiring.write_wire_scope: net not found
2026-10-07 02:14:08.727 WARN   Wiring.write_wire_scope: net not found
2026-10-07 02:14:08.727 WARN   Wiring.write_wire_scope: net not found
2026-10-07 02:14:08.727 WARN   Wiring.write_wire_scope: net not found
2026-10-07 02:14:08.727 WARN   Wiring.write_wire_scope: net not found
2026-10-07 02:14:08.727 WARN   Wiring.write_wire_scope: net not found
2026-10-07 02:14:08.727 WARN   Wiring.write_wire_scope: net not found
2026-10-07 02:14:08.727 WARN   Wiring.write_wire_scope: net not found
2026-10-07 02:14:08.727 WARN   Wiring.write_wire_scope: net not found
2026-10-07 02:14:08.727 WARN   Wiring.write_wire_scope: net not found
2026-10-07 02:14:08.727 WARN   Wiring.write_wire_scope: net not found
2026-10-07 02:14:08.727 WARN   Wiring.write_wire_scope: net not found
2026-10-07 02:14:08.727 WARN   Wiring.write_wire_scope: net not found
2026-10-07 02:14:08.727 WARN   Wiring.write_wire_scope: net not found
2026-10-07 02:14:08.727 WARN   Wiring.write_wire_scope: net not found
2026-10-07 02:14:08.727 WARN   Wiring.write_wire_scope: net not found
2026-10-07 02:14:08.727 WARN   Wiring.write_wire_scope: net not found
2026-10-07 02:14:08.727 WARN   Wiring.write_wire_scope: net not found
2026-10-07 02:14:08.727 WARN   Wiring.write_wire_scope: net not found
2026-10-07 02:14:08.727 WARN   Wiring.write_wire_scope: net not found
2026-10-07 02:14:08.727 WARN   Wiring.write_wire_scope: net not found
2026-10-07 02:14:08.727 WARN   Wiring.write_wire_scope: net not found
2026-10-07 02:14:08.727 WARN   Wiring.write_wire_scope: net not found
2026-10-07 02:14:08.727 WARN   Wiring.write_wire_scope: net not found
2026-10-07 02:14:08.727 WARN   Wiring.write_wire_scope: net not found
2026-10-07 02:14:08.727 WARN   Wiring.write_wire_scope: net not found
2026-10-07 02:14:08.727 WARN   Wiring.write_wire_scope: net not found
2026-10-07 02:14:08.727 WARN   Wiring.write_wire_scope: net not found
2026-10-07 02:14:08.727 WARN   Wiring.write_wire_scope: net not found
2026-10-07 02:14:08.727 WARN   Wiring.write_wire_scope: net not found
2026-10-07 02:14:08.727 WARN   Wiring.write_wire_scope: net not found
2026-10-07 02:14:08.727 WARN   Wiring.write_wire_scope: net not found
2026-10-07 02:14:08.727 WARN   Wiring.write_wire_scope: net not found
2026-10-07 02:14:08.727 WARN   Wiring.write_wire_scope: net not found
2026-10-07 02:14:08.727 WARN   Wiring.write_wire_scope: net not found
2026-10-07 02:14:08.727 WARN   Wiring.write_wire_scope: net not found
2026-10-07 02:14:08.727 WARN   Wiring.write_wire_scope: net not found
2026-10-07 02:14:08.727 WARN   Wiring.write_wire_scope: net not found
2026-10-07 02:14:08.727 WARN   Wiring.write_wire_scope: net not found
2026-10-07 02:14:08.727 WARN   Wiring.write_wire_scope: net not found
2026-10-07 02:14:08.727 WARN   Wiring.write_wire_scope: net not found
2026-10-07 02:14:08.727 WARN   Wiring.write_wire_scope: net not found
2026-10-07 02:14:08.727 WARN   Wiring.write_wire_scope: net not found
2026-10-07 02:14:08.731 INFO   [639422\B129CE] Fanout pass #1 on board '394037abeaf7567377600fc5188aeca4' completed in 0.49 seconds with 5 SMD pins fanouted, 17 not routed, 0 insert errors, +0 extra vias (0 SMD pins still to check in pass, ripup costs=100).
2026-10-07 02:14:08.758 WARN   Wiring.write_wire_scope: net not found
2026-10-07 02:14:08.758 WARN   Wiring.write_wire_scope: net not found
2026-10-07 02:14:08.758 WARN   Wiring.write_wire_scope: net not found
2026-10-07 02:14:08.758 WARN   Wiring.write_wire_scope: net not found
2026-10-07 02:14:08.758 WARN   Wiring.write_wire_scope: net not found
2026-10-07 02:14:08.758 WARN   Wiring.write_wire_scope: net not found
2026-10-07 02:14:08.758 WARN   Wiring.write_wire_scope: net not found
2026-10-07 02:14:08.758 WARN   Wiring.write_wire_scope: net not found
2026-10-07 02:14:08.758 WARN   Wiring.write_wire_scope: net not found
2026-10-07 02:14:08.758 WARN   Wiring.write_wire_scope: net not found
2026-10-07 02:14:08.758 WARN   Wiring.write_wire_scope: net not found
2026-10-07 02:14:08.758 WARN   Wiring.write_wire_scope: net not found
2026-10-07 02:14:08.758 WARN   Wiring.write_wire_scope: net not found
2026-10-07 02:14:08.758 WARN   Wiring.write_wire_scope: net not found
2026-10-07 02:14:08.758 WARN   Wiring.write_wire_scope: net not found
2026-10-07 02:14:08.758 WARN   Wiring.write_wire_scope: net not found
2026-10-07 02:14:08.758 WARN   Wiring.write_wire_scope: net not found
2026-10-07 02:14:08.758 WARN   Wiring.write_wire_scope: net not found
2026-10-07 02:14:08.758 WARN   Wiring.write_wire_scope: net not found
2026-10-07 02:14:08.758 WARN   Wiring.write_wire_scope: net not found
2026-10-07 02:14:08.758 WARN   Wiring.write_wire_scope: net not found
2026-10-07 02:14:08.758 WARN   Wiring.write_wire_scope: net not found
2026-10-07 02:14:08.758 WARN   Wiring.write_wire_scope: net not found
2026-10-07 02:14:08.758 WARN   Wiring.write_wire_scope: net not found
2026-10-07 02:14:08.758 WARN   Wiring.write_wire_scope: net not found
2026-10-07 02:14:08.758 WARN   Wiring.write_wire_scope: net not found
2026-10-07 02:14:08.758 WARN   Wiring.write_wire_scope: net not found
2026-10-07 02:14:08.758 WARN   Wiring.write_wire_scope: net not found
2026-10-07 02:14:08.758 WARN   Wiring.write_wire_scope: net not found
2026-10-07 02:14:08.758 WARN   Wiring.write_wire_scope: net not found
2026-10-07 02:14:08.758 WARN   Wiring.write_wire_scope: net not found
2026-10-07 02:14:08.758 WARN   Wiring.write_wire_scope: net not found
2026-10-07 02:14:08.758 WARN   Wiring.write_wire_scope: net not found
2026-10-07 02:14:08.758 WARN   Wiring.write_wire_scope: net not found
2026-10-07 02:14:08.758 WARN   Wiring.write_wire_scope: net not found
2026-10-07 02:14:08.758 WARN   Wiring.write_wire_scope: net not found
2026-10-07 02:14:08.758 WARN   Wiring.write_wire_scope: net not found
2026-10-07 02:14:08.758 WARN   Wiring.write_wire_scope: net not found
2026-10-07 02:14:08.758 WARN   Wiring.write_wire_scope: net not found
2026-10-07 02:14:08.758 WARN   Wiring.write_wire_scope: net not found
2026-10-07 02:14:08.758 WARN   Wiring.write_wire_scope: net not found
2026-10-07 02:14:08.758 WARN   Wiring.write_wire_scope: net not found
2026-10-07 02:14:08.758 WARN   Wiring.write_wire_scope: net not found
2026-10-07 02:14:08.758 WARN   Wiring.write_wire_scope: net not found
2026-10-07 02:14:08.758 WARN   Wiring.write_wire_scope: net not found
2026-10-07 02:14:08.758 WARN   Wiring.write_wire_scope: net not found
2026-10-07 02:14:08.758 WARN   Wiring.write_wire_scope: net not found
2026-10-07 02:14:08.758 WARN   Wiring.write_wire_scope: net not found
2026-10-07 02:14:08.758 WARN   Wiring.write_wire_scope: net not found
2026-10-07 02:14:08.758 WARN   Wiring.write_wire_scope: net not found
2026-10-07 02:14:08.758 WARN   Wiring.write_wire_scope: net not found
2026-10-07 02:14:08.758 WARN   Wiring.write_wire_scope: net not found
2026-10-07 02:14:08.758 WARN   Wiring.write_wire_scope: net not found
2026-10-07 02:14:08.758 WARN   Wiring.write_wire_scope: net not found
2026-10-07 02:14:08.758 WARN   Wiring.write_wire_scope: net not found
2026-10-07 02:14:08.758 WARN   Wiring.write_wire_scope: net not found
2026-10-07 02:14:08.758 WARN   Wiring.write_wire_scope: net not found
2026-10-07 02:14:08.758 WARN   Wiring.write_wire_scope: net not found
2026-10-07 02:14:08.758 WARN   Wiring.write_wire_scope: net not found
2026-10-07 02:14:08.758 WARN   Wiring.write_wire_scope: net not found
2026-10-07 02:14:08.758 WARN   Wiring.write_wire_scope: net not found
2026-10-07 02:14:08.758 WARN   Wiring.write_wire_scope: net not found
2026-10-07 02:14:08.758 WARN   Wiring.write_wire_scope: net not found
2026-10-07 02:14:08.758 WARN   Wiring.write_wire_scope: net not found
2026-10-07 02:14:08.758 WARN   Wiring.write_wire_scope: net not found
2026-10-07 02:14:08.758 WARN   Wiring.write_wire_scope: net not found
2026-10-07 02:14:08.758 WARN   Wiring.write_wire_scope: net not found
2026-10-07 02:14:08.758 WARN   Wiring.write_wire_scope: net not found
2026-10-07 02:14:08.758 WARN   Wiring.write_wire_scope: net not found
2026-10-07 02:14:08.758 WARN   Wiring.write_wire_scope: net not found
2026-10-07 02:14:08.758 WARN   Wiring.write_wire_scope: net not found
2026-10-07 02:14:08.758 WARN   Wiring.write_wire_scope: net not found
2026-10-07 02:14:08.758 WARN   Wiring.write_wire_scope: net not found
2026-10-07 02:14:08.810 WARN   Wiring.write_wire_scope: net not found
2026-10-07 02:14:08.810 WARN   Wiring.write_wire_scope: net not found
2026-10-07 02:14:08.810 WARN   Wiring.write_wire_scope: net not found
2026-10-07 02:14:08.810 WARN   Wiring.write_wire_scope: net not found
2026-10-07 02:14:08.810 WARN   Wiring.write_wire_scope: net not found
2026-10-07 02:14:08.810 WARN   Wiring.write_wire_scope: net not found
2026-10-07 02:14:08.810 WARN   Wiring.write_wire_scope: net not found
2026-10-07 02:14:08.810 WARN   Wiring.write_wire_scope: net not found
2026-10-07 02:14:08.810 WARN   Wiring.write_wire_scope: net not found
2026-10-07 02:14:08.810 WARN   Wiring.write_wire_scope: net not found
2026-10-07 02:14:08.810 WARN   Wiring.write_wire_scope: net not found
2026-10-07 02:14:08.810 WARN   Wiring.write_wire_scope: net not found
2026-10-07 02:14:08.810 WARN   Wiring.write_wire_scope: net not found
2026-10-07 02:14:08.810 WARN   Wiring.write_wire_scope: net not found
2026-10-07 02:14:08.810 WARN   Wiring.write_wire_scope: net not found
2026-10-07 02:14:08.810 WARN   Wiring.write_wire_scope: net not found
2026-10-07 02:14:08.810 WARN   Wiring.write_wire_scope: net not found
2026-10-07 02:14:08.810 WARN   Wiring.write_wire_scope: net not found
2026-10-07 02:14:08.810 WARN   Wiring.write_wire_scope: net not found
2026-10-07 02:14:08.810 WARN   Wiring.write_wire_scope: net not found
2026-10-07 02:14:08.810 WARN   Wiring.write_wire_scope: net not found
2026-10-07 02:14:08.810 WARN   Wiring.write_wire_scope: net not found
2026-10-07 02:14:08.810 WARN   Wiring.write_wire_scope: net not found
2026-10-07 02:14:08.810 WARN   Wiring.write_wire_scope: net not found
2026-10-07 02:14:08.810 WARN   Wiring.write_wire_scope: net not found
2026-10-07 02:14:08.810 WARN   Wiring.write_wire_scope: net not found
2026-10-07 02:14:08.810 WARN   Wiring.write_wire_scope: net not found
2026-10-07 02:14:08.810 WARN   Wiring.write_wire_scope: net not found
2026-10-07 02:14:08.810 WARN   Wiring.write_wire_scope: net not found
2026-10-07 02:14:08.810 WARN   Wiring.write_wire_scope: net not found
2026-10-07 02:14:08.810 WARN   Wiring.write_wire_scope: net not found
2026-10-07 02:14:08.810 WARN   Wiring.write_wire_scope: net not found
2026-10-07 02:14:08.810 WARN   Wiring.write_wire_scope: net not found
2026-10-07 02:14:08.810 WARN   Wiring.write_wire_scope: net not found
2026-10-07 02:14:08.810 WARN   Wiring.write_wire_scope: net not found
2026-10-07 02:14:08.810 WARN   Wiring.write_wire_scope: net not found
2026-10-07 02:14:08.810 WARN   Wiring.write_wire_scope: net not found
2026-10-07 02:14:08.810 WARN   Wiring.write_wire_scope: net not found
2026-10-07 02:14:08.810 WARN   Wiring.write_wire_scope: net not found
2026-10-07 02:14:08.810 WARN   Wiring.write_wire_scope: net not found
2026-10-07 02:14:08.810 WARN   Wiring.write_wire_scope: net not found
2026-10-07 02:14:08.810 WARN   Wiring.write_wire_scope: net not found
2026-10-07 02:14:08.810 WARN   Wiring.write_wire_scope: net not found
2026-10-07 02:14:08.810 WARN   Wiring.write_wire_scope: net not found
2026-10-07 02:14:08.810 WARN   Wiring.write_wire_scope: net not found
2026-10-07 02:14:08.810 WARN   Wiring.write_wire_scope: net not found
2026-10-07 02:14:08.810 WARN   Wiring.write_wire_scope: net not found
2026-10-07 02:14:08.810 WARN   Wiring.write_wire_scope: net not found
2026-10-07 02:14:08.810 WARN   Wiring.write_wire_scope: net not found
2026-10-07 02:14:08.810 WARN   Wiring.write_wire_scope: net not found
2026-10-07 02:14:08.810 WARN   Wiring.write_wire_scope: net not found
2026-10-07 02:14:08.810 WARN   Wiring.write_wire_scope: net not found
2026-10-07 02:14:08.810 WARN   Wiring.write_wire_scope: net not found
2026-10-07 02:14:08.810 WARN   Wiring.write_wire_scope: net not found
2026-10-07 02:14:08.810 WARN   Wiring.write_wire_scope: net not found
2026-10-07 02:14:08.810 WARN   Wiring.write_wire_scope: net not found
2026-10-07 02:14:08.810 WARN   Wiring.write_wire_scope: net not found
2026-10-07 02:14:08.810 WARN   Wiring.write_wire_scope: net not found
2026-10-07 02:14:08.810 WARN   Wiring.write_wire_scope: net not found
2026-10-07 02:14:08.810 WARN   Wiring.write_wire_scope: net not found
2026-10-07 02:14:08.810 WARN   Wiring.write_wire_scope: net not found
2026-10-07 02:14:08.810 WARN   Wiring.write_wire_scope: net not found
2026-10-07 02:14:08.810 WARN   Wiring.write_wire_scope: net not found
2026-10-07 02:14:08.810 WARN   Wiring.write_wire_scope: net not found
2026-10-07 02:14:08.810 WARN   Wiring.write_wire_scope: net not found
2026-10-07 02:14:08.810 WARN   Wiring.write_wire_scope: net not found
2026-10-07 02:14:08.810 WARN   Wiring.write_wire_scope: net not found
2026-10-07 02:14:08.810 WARN   Wiring.write_wire_scope: net not found
2026-10-07 02:14:08.810 WARN   Wiring.write_wire_scope: net not found
2026-10-07 02:14:08.810 WARN   Wiring.write_wire_scope: net not found
2026-10-07 02:14:08.810 WARN   Wiring.write_wire_scope: net not found
2026-10-07 02:14:08.810 WARN   Wiring.write_wire_scope: net not found
2026-10-07 02:14:08.810 WARN   Wiring.write_wire_scope: net not found
2026-10-07 02:14:08.887 WARN   Wiring.write_wire_scope: net not found
2026-10-07 02:14:08.887 WARN   Wiring.write_wire_scope: net not found
2026-10-07 02:14:08.887 WARN   Wiring.write_wire_scope: net not found
2026-10-07 02:14:08.887 WARN   Wiring.write_wire_scope: net not found
2026-10-07 02:14:08.887 WARN   Wiring.write_wire_scope: net not found
2026-10-07 02:14:08.887 WARN   Wiring.write_wire_scope: net not found
2026-10-07 02:14:08.887 WARN   Wiring.write_wire_scope: net not found
2026-10-07 02:14:08.887 WARN   Wiring.write_wire_scope: net not found
2026-10-07 02:14:08.887 WARN   Wiring.write_wire_scope: net not found
2026-10-07 02:14:08.887 WARN   Wiring.write_wire_scope: net not found
2026-10-07 02:14:08.887 WARN   Wiring.write_wire_scope: net not found
2026-10-07 02:14:08.887 WARN   Wiring.write_wire_scope: net not found
2026-10-07 02:14:08.887 WARN   Wiring.write_wire_scope: net not found
2026-10-07 02:14:08.887 WARN   Wiring.write_wire_scope: net not found
2026-10-07 02:14:08.887 WARN   Wiring.write_wire_scope: net not found
2026-10-07 02:14:08.887 WARN   Wiring.write_wire_scope: net not found
2026-10-07 02:14:08.887 WARN   Wiring.write_wire_scope: net not found
2026-10-07 02:14:08.887 WARN   Wiring.write_wire_scope: net not found
2026-10-07 02:14:08.887 WARN   Wiring.write_wire_scope: net not found
2026-10-07 02:14:08.887 WARN   Wiring.write_wire_scope: net not found
2026-10-07 02:14:08.887 WARN   Wiring.write_wire_scope: net not found
2026-10-07 02:14:08.887 WARN   Wiring.write_wire_scope: net not found
2026-10-07 02:14:08.887 WARN   Wiring.write_wire_scope: net not found
2026-10-07 02:14:08.887 WARN   Wiring.write_wire_scope: net not found
2026-10-07 02:14:08.887 WARN   Wiring.write_wire_scope: net not found
2026-10-07 02:14:08.887 WARN   Wiring.write_wire_scope: net not found
2026-10-07 02:14:08.887 WARN   Wiring.write_wire_scope: net not found
2026-10-07 02:14:08.887 WARN   Wiring.write_wire_scope: net not found
2026-10-07 02:14:08.887 WARN   Wiring.write_wire_scope: net not found
2026-10-07 02:14:08.887 WARN   Wiring.write_wire_scope: net not found
2026-10-07 02:14:08.887 WARN   Wiring.write_wire_scope: net not found
2026-10-07 02:14:08.887 WARN   Wiring.write_wire_scope: net not found
2026-10-07 02:14:08.887 WARN   Wiring.write_wire_scope: net not found
2026-10-07 02:14:08.887 WARN   Wiring.write_wire_scope: net not found
2026-10-07 02:14:08.887 WARN   Wiring.write_wire_scope: net not found
2026-10-07 02:14:08.887 WARN   Wiring.write_wire_scope: net not found
2026-10-07 02:14:08.887 WARN   Wiring.write_wire_scope: net not found
2026-10-07 02:14:08.887 WARN   Wiring.write_wire_scope: net not found
2026-10-07 02:14:08.887 WARN   Wiring.write_wire_scope: net not found
2026-10-07 02:14:08.887 WARN   Wiring.write_wire_scope: net not found
2026-10-07 02:14:08.887 WARN   Wiring.write_wire_scope: net not found
2026-10-07 02:14:08.887 WARN   Wiring.write_wire_scope: net not found
2026-10-07 02:14:08.887 WARN   Wiring.write_wire_scope: net not found
2026-10-07 02:14:08.887 WARN   Wiring.write_wire_scope: net not found
2026-10-07 02:14:08.887 WARN   Wiring.write_wire_scope: net not found
2026-10-07 02:14:08.887 WARN   Wiring.write_wire_scope: net not found
2026-10-07 02:14:08.887 WARN   Wiring.write_wire_scope: net not found
2026-10-07 02:14:08.887 WARN   Wiring.write_wire_scope: net not found
2026-10-07 02:14:08.887 WARN   Wiring.write_wire_scope: net not found
2026-10-07 02:14:08.887 WARN   Wiring.write_wire_scope: net not found
2026-10-07 02:14:08.887 WARN   Wiring.write_wire_scope: net not found
2026-10-07 02:14:08.887 WARN   Wiring.write_wire_scope: net not found
2026-10-07 02:14:08.887 WARN   Wiring.write_wire_scope: net not found
2026-10-07 02:14:08.887 WARN   Wiring.write_wire_scope: net not found
2026-10-07 02:14:08.887 WARN   Wiring.write_wire_scope: net not found
2026-10-07 02:14:08.887 WARN   Wiring.write_wire_scope: net not found
2026-10-07 02:14:08.887 WARN   Wiring.write_wire_scope: net not found
2026-10-07 02:14:08.887 WARN   Wiring.write_wire_scope: net not found
2026-10-07 02:14:08.887 WARN   Wiring.write_wire_scope: net not found
2026-10-07 02:14:08.887 WARN   Wiring.write_wire_scope: net not found
2026-10-07 02:14:08.887 WARN   Wiring.write_wire_scope: net not found
2026-10-07 02:14:08.887 WARN   Wiring.write_wire_scope: net not found
2026-10-07 02:14:08.887 WARN   Wiring.write_wire_scope: net not found
2026-10-07 02:14:08.887 WARN   Wiring.write_wire_scope: net not found
2026-10-07 02:14:08.887 WARN   Wiring.write_wire_scope: net not found
2026-10-07 02:14:08.887 WARN   Wiring.write_wire_scope: net not found
2026-10-07 02:14:08.887 WARN   Wiring.write_wire_scope: net not found
2026-10-07 02:14:08.887 WARN   Wiring.write_wire_scope: net not found
2026-10-07 02:14:08.887 WARN   Wiring.write_wire_scope: net not found
2026-10-07 02:14:08.887 WARN   Wiring.write_wire_scope: net not found
2026-10-07 02:14:08.887 WARN   Wiring.write_wire_scope: net not found
2026-10-07 02:14:08.887 WARN   Wiring.write_wire_scope: net not found
2026-10-07 02:14:08.887 WARN   Wiring.write_wire_scope: net not found
2026-10-07 02:14:08.891 INFO   [639422\B129CE] Fanout pass #2 on board '394037abeaf7567377600fc5188aeca4' completed in 0.13 seconds with 0 SMD pins fanouted, 7 not routed, 0 insert errors, +0 extra vias (0 SMD pins still to check in pass, ripup costs=200).
2026-10-07 02:14:08.894 INFO   [639422\B129CE] Fanout stage completed: started with 22 total SMD pins, completed in 0.68 seconds, escaped pins: 10/22 (45.5%), using 0.68 total CPU seconds, 0.37 GB total allocated, and 276.0 MB peak heap usage.
2026-10-07 02:14:08.967 INFO   [639422\B129CE] Auto-routing stage started on board '394037abeaf7567377600fc5188aeca4' with baseline score 135.41 for 19 unrouted items.
2026-10-07 02:14:09.044 WARN   Wiring.write_wire_scope: net not found
2026-10-07 02:14:09.044 WARN   Wiring.write_wire_scope: net not found
2026-10-07 02:14:09.044 WARN   Wiring.write_wire_scope: net not found
2026-10-07 02:14:09.044 WARN   Wiring.write_wire_scope: net not found
2026-10-07 02:14:09.044 WARN   Wiring.write_wire_scope: net not found
2026-10-07 02:14:09.044 WARN   Wiring.write_wire_scope: net not found
2026-10-07 02:14:09.044 WARN   Wiring.write_wire_scope: net not found
2026-10-07 02:14:09.044 WARN   Wiring.write_wire_scope: net not found
2026-10-07 02:14:09.044 WARN   Wiring.write_wire_scope: net not found
2026-10-07 02:14:09.044 WARN   Wiring.write_wire_scope: net not found
2026-10-07 02:14:09.044 WARN   Wiring.write_wire_scope: net not found
2026-10-07 02:14:09.044 WARN   Wiring.write_wire_scope: net not found
2026-10-07 02:14:09.044 WARN   Wiring.write_wire_scope: net not found
2026-10-07 02:14:09.044 WARN   Wiring.write_wire_scope: net not found
2026-10-07 02:14:09.044 WARN   Wiring.write_wire_scope: net not found
2026-10-07 02:14:09.044 WARN   Wiring.write_wire_scope: net not found
2026-10-07 02:14:09.044 WARN   Wiring.write_wire_scope: net not found
2026-10-07 02:14:09.044 WARN   Wiring.write_wire_scope: net not found
2026-10-07 02:14:09.044 WARN   Wiring.write_wire_scope: net not found
2026-10-07 02:14:09.044 WARN   Wiring.write_wire_scope: net not found
2026-10-07 02:14:09.044 WARN   Wiring.write_wire_scope: net not found
2026-10-07 02:14:09.044 WARN   Wiring.write_wire_scope: net not found
2026-10-07 02:14:09.044 WARN   Wiring.write_wire_scope: net not found
2026-10-07 02:14:09.044 WARN   Wiring.write_wire_scope: net not found
2026-10-07 02:14:09.044 WARN   Wiring.write_wire_scope: net not found
2026-10-07 02:14:09.044 WARN   Wiring.write_wire_scope: net not found
2026-10-07 02:14:09.044 WARN   Wiring.write_wire_scope: net not found
2026-10-07 02:14:09.044 WARN   Wiring.write_wire_scope: net not found
2026-10-07 02:14:09.044 WARN   Wiring.write_wire_scope: net not found
2026-10-07 02:14:09.044 WARN   Wiring.write_wire_scope: net not found
2026-10-07 02:14:09.044 WARN   Wiring.write_wire_scope: net not found
2026-10-07 02:14:09.044 WARN   Wiring.write_wire_scope: net not found
2026-10-07 02:14:09.044 WARN   Wiring.write_wire_scope: net not found
2026-10-07 02:14:09.044 WARN   Wiring.write_wire_scope: net not found
2026-10-07 02:14:09.044 WARN   Wiring.write_wire_scope: net not found
2026-10-07 02:14:09.044 WARN   Wiring.write_wire_scope: net not found
2026-10-07 02:14:09.044 WARN   Wiring.write_wire_scope: net not found
2026-10-07 02:14:09.044 WARN   Wiring.write_wire_scope: net not found
2026-10-07 02:14:09.044 WARN   Wiring.write_wire_scope: net not found
2026-10-07 02:14:09.044 WARN   Wiring.write_wire_scope: net not found
2026-10-07 02:14:09.044 WARN   Wiring.write_wire_scope: net not found
2026-10-07 02:14:09.044 WARN   Wiring.write_wire_scope: net not found
2026-10-07 02:14:09.044 WARN   Wiring.write_wire_scope: net not found
2026-10-07 02:14:09.044 WARN   Wiring.write_wire_scope: net not found
2026-10-07 02:14:09.044 WARN   Wiring.write_wire_scope: net not found
2026-10-07 02:14:09.044 WARN   Wiring.write_wire_scope: net not found
2026-10-07 02:14:09.044 WARN   Wiring.write_wire_scope: net not found
2026-10-07 02:14:09.044 WARN   Wiring.write_wire_scope: net not found
2026-10-07 02:14:09.044 WARN   Wiring.write_wire_scope: net not found
2026-10-07 02:14:09.044 WARN   Wiring.write_wire_scope: net not found
2026-10-07 02:14:09.044 WARN   Wiring.write_wire_scope: net not found
2026-10-07 02:14:09.044 WARN   Wiring.write_wire_scope: net not found
2026-10-07 02:14:09.044 WARN   Wiring.write_wire_scope: net not found
2026-10-07 02:14:09.044 WARN   Wiring.write_wire_scope: net not found
2026-10-07 02:14:09.044 WARN   Wiring.write_wire_scope: net not found
2026-10-07 02:14:09.044 WARN   Wiring.write_wire_scope: net not found
2026-10-07 02:14:09.044 WARN   Wiring.write_wire_scope: net not found
2026-10-07 02:14:09.044 WARN   Wiring.write_wire_scope: net not found
2026-10-07 02:14:09.044 WARN   Wiring.write_wire_scope: net not found
2026-10-07 02:14:09.044 WARN   Wiring.write_wire_scope: net not found
2026-10-07 02:14:09.044 WARN   Wiring.write_wire_scope: net not found
2026-10-07 02:14:09.044 WARN   Wiring.write_wire_scope: net not found
2026-10-07 02:14:09.044 WARN   Wiring.write_wire_scope: net not found
2026-10-07 02:14:09.044 WARN   Wiring.write_wire_scope: net not found
2026-10-07 02:14:09.044 WARN   Wiring.write_wire_scope: net not found
2026-10-07 02:14:09.044 WARN   Wiring.write_wire_scope: net not found
2026-10-07 02:14:09.044 WARN   Wiring.write_wire_scope: net not found
2026-10-07 02:14:09.044 WARN   Wiring.write_wire_scope: net not found
2026-10-07 02:14:09.044 WARN   Wiring.write_wire_scope: net not found
2026-10-07 02:14:09.044 WARN   Wiring.write_wire_scope: net not found
2026-10-07 02:14:09.044 WARN   Wiring.write_wire_scope: net not found
2026-10-07 02:14:09.044 WARN   Wiring.write_wire_scope: net not found
2026-10-07 02:14:09.044 WARN   Wiring.write_wire_scope: net not found
2026-10-07 02:14:09.084 WARN   Wiring.write_wire_scope: net not found
2026-10-07 02:14:09.084 WARN   Wiring.write_wire_scope: net not found
2026-10-07 02:14:09.084 WARN   Wiring.write_wire_scope: net not found
2026-10-07 02:14:09.084 WARN   Wiring.write_wire_scope: net not found
2026-10-07 02:14:09.084 WARN   Wiring.write_wire_scope: net not found
2026-10-07 02:14:09.084 WARN   Wiring.write_wire_scope: net not found
2026-10-07 02:14:09.084 WARN   Wiring.write_wire_scope: net not found
2026-10-07 02:14:09.084 WARN   Wiring.write_wire_scope: net not found
2026-10-07 02:14:09.084 WARN   Wiring.write_wire_scope: net not found
2026-10-07 02:14:09.084 WARN   Wiring.write_wire_scope: net not found
2026-10-07 02:14:09.084 WARN   Wiring.write_wire_scope: net not found
2026-10-07 02:14:09.084 WARN   Wiring.write_wire_scope: net not found
2026-10-07 02:14:09.084 WARN   Wiring.write_wire_scope: net not found
2026-10-07 02:14:09.084 WARN   Wiring.write_wire_scope: net not found
2026-10-07 02:14:09.084 WARN   Wiring.write_wire_scope: net not found
2026-10-07 02:14:09.084 WARN   Wiring.write_wire_scope: net not found
2026-10-07 02:14:09.084 WARN   Wiring.write_wire_scope: net not found
2026-10-07 02:14:09.084 WARN   Wiring.write_wire_scope: net not found
2026-10-07 02:14:09.084 WARN   Wiring.write_wire_scope: net not found
2026-10-07 02:14:09.084 WARN   Wiring.write_wire_scope: net not found
2026-10-07 02:14:09.084 WARN   Wiring.write_wire_scope: net not found
2026-10-07 02:14:09.084 WARN   Wiring.write_wire_scope: net not found
2026-10-07 02:14:09.084 WARN   Wiring.write_wire_scope: net not found
2026-10-07 02:14:09.084 WARN   Wiring.write_wire_scope: net not found
2026-10-07 02:14:09.084 WARN   Wiring.write_wire_scope: net not found
2026-10-07 02:14:09.084 WARN   Wiring.write_wire_scope: net not found
2026-10-07 02:14:09.084 WARN   Wiring.write_wire_scope: net not found
2026-10-07 02:14:09.084 WARN   Wiring.write_wire_scope: net not found
2026-10-07 02:14:09.084 WARN   Wiring.write_wire_scope: net not found
2026-10-07 02:14:09.084 WARN   Wiring.write_wire_scope: net not found
2026-10-07 02:14:09.084 WARN   Wiring.write_wire_scope: net not found
2026-10-07 02:14:09.084 WARN   Wiring.write_wire_scope: net not found
2026-10-07 02:14:09.084 WARN   Wiring.write_wire_scope: net not found
2026-10-07 02:14:09.084 WARN   Wiring.write_wire_scope: net not found
2026-10-07 02:14:09.084 WARN   Wiring.write_wire_scope: net not found
2026-10-07 02:14:09.084 WARN   Wiring.write_wire_scope: net not found
2026-10-07 02:14:09.084 WARN   Wiring.write_wire_scope: net not found
2026-10-07 02:14:09.084 WARN   Wiring.write_wire_scope: net not found
2026-10-07 02:14:09.084 WARN   Wiring.write_wire_scope: net not found
2026-10-07 02:14:09.084 WARN   Wiring.write_wire_scope: net not found
2026-10-07 02:14:09.084 WARN   Wiring.write_wire_scope: net not found
2026-10-07 02:14:09.084 WARN   Wiring.write_wire_scope: net not found
2026-10-07 02:14:09.084 WARN   Wiring.write_wire_scope: net not found
2026-10-07 02:14:09.084 WARN   Wiring.write_wire_scope: net not found
2026-10-07 02:14:09.084 WARN   Wiring.write_wire_scope: net not found
2026-10-07 02:14:09.084 WARN   Wiring.write_wire_scope: net not found
2026-10-07 02:14:09.084 WARN   Wiring.write_wire_scope: net not found
2026-10-07 02:14:09.084 WARN   Wiring.write_wire_scope: net not found
2026-10-07 02:14:09.084 WARN   Wiring.write_wire_scope: net not found
2026-10-07 02:14:09.084 WARN   Wiring.write_wire_scope: net not found
2026-10-07 02:14:09.084 WARN   Wiring.write_wire_scope: net not found
2026-10-07 02:14:09.084 WARN   Wiring.write_wire_scope: net not found
2026-10-07 02:14:09.084 WARN   Wiring.write_wire_scope: net not found
2026-10-07 02:14:09.084 WARN   Wiring.write_wire_scope: net not found
2026-10-07 02:14:09.084 WARN   Wiring.write_wire_scope: net not found
2026-10-07 02:14:09.084 WARN   Wiring.write_wire_scope: net not found
2026-10-07 02:14:09.084 WARN   Wiring.write_wire_scope: net not found
2026-10-07 02:14:09.084 WARN   Wiring.write_wire_scope: net not found
2026-10-07 02:14:09.084 WARN   Wiring.write_wire_scope: net not found
2026-10-07 02:14:09.084 WARN   Wiring.write_wire_scope: net not found
2026-10-07 02:14:09.084 WARN   Wiring.write_wire_scope: net not found
2026-10-07 02:14:09.084 WARN   Wiring.write_wire_scope: net not found
2026-10-07 02:14:09.084 WARN   Wiring.write_wire_scope: net not found
2026-10-07 02:14:09.084 WARN   Wiring.write_wire_scope: net not found
2026-10-07 02:14:09.084 WARN   Wiring.write_wire_scope: net not found
2026-10-07 02:14:09.084 WARN   Wiring.write_wire_scope: net not found
2026-10-07 02:14:09.084 WARN   Wiring.write_wire_scope: net not found
2026-10-07 02:14:09.084 WARN   Wiring.write_wire_scope: net not found
2026-10-07 02:14:09.084 WARN   Wiring.write_wire_scope: net not found
2026-10-07 02:14:09.084 WARN   Wiring.write_wire_scope: net not found
2026-10-07 02:14:09.084 WARN   Wiring.write_wire_scope: net not found
2026-10-07 02:14:09.084 WARN   Wiring.write_wire_scope: net not found
2026-10-07 02:14:09.084 WARN   Wiring.write_wire_scope: net not found
2026-10-07 02:14:09.410 WARN   Wiring.write_wire_scope: net not found
2026-10-07 02:14:09.410 WARN   Wiring.write_wire_scope: net not found
2026-10-07 02:14:09.410 WARN   Wiring.write_wire_scope: net not found
2026-10-07 02:14:09.410 WARN   Wiring.write_wire_scope: net not found
2026-10-07 02:14:09.410 WARN   Wiring.write_wire_scope: net not found
2026-10-07 02:14:09.410 WARN   Wiring.write_wire_scope: net not found
2026-10-07 02:14:09.410 WARN   Wiring.write_wire_scope: net not found
2026-10-07 02:14:09.410 WARN   Wiring.write_wire_scope: net not found
2026-10-07 02:14:09.410 WARN   Wiring.write_wire_scope: net not found
2026-10-07 02:14:09.410 WARN   Wiring.write_wire_scope: net not found
2026-10-07 02:14:09.410 WARN   Wiring.write_wire_scope: net not found
2026-10-07 02:14:09.410 WARN   Wiring.write_wire_scope: net not found
2026-10-07 02:14:09.410 WARN   Wiring.write_wire_scope: net not found
2026-10-07 02:14:09.410 WARN   Wiring.write_wire_scope: net not found
2026-10-07 02:14:09.410 WARN   Wiring.write_wire_scope: net not found
2026-10-07 02:14:09.410 WARN   Wiring.write_wire_scope: net not found
2026-10-07 02:14:09.410 WARN   Wiring.write_wire_scope: net not found
2026-10-07 02:14:09.410 WARN   Wiring.write_wire_scope: net not found
2026-10-07 02:14:09.410 WARN   Wiring.write_wire_scope: net not found
2026-10-07 02:14:09.410 WARN   Wiring.write_wire_scope: net not found
2026-10-07 02:14:09.410 WARN   Wiring.write_wire_scope: net not found
2026-10-07 02:14:09.410 WARN   Wiring.write_wire_scope: net not found
2026-10-07 02:14:09.410 WARN   Wiring.write_wire_scope: net not found
2026-10-07 02:14:09.410 WARN   Wiring.write_wire_scope: net not found
2026-10-07 02:14:09.410 WARN   Wiring.write_wire_scope: net not found
2026-10-07 02:14:09.410 WARN   Wiring.write_wire_scope: net not found
2026-10-07 02:14:09.410 WARN   Wiring.write_wire_scope: net not found
2026-10-07 02:14:09.410 WARN   Wiring.write_wire_scope: net not found
2026-10-07 02:14:09.410 WARN   Wiring.write_wire_scope: net not found
2026-10-07 02:14:09.410 WARN   Wiring.write_wire_scope: net not found
2026-10-07 02:14:09.410 WARN   Wiring.write_wire_scope: net not found
2026-10-07 02:14:09.410 WARN   Wiring.write_wire_scope: net not found
2026-10-07 02:14:09.410 WARN   Wiring.write_wire_scope: net not found
2026-10-07 02:14:09.410 WARN   Wiring.write_wire_scope: net not found
2026-10-07 02:14:09.410 WARN   Wiring.write_wire_scope: net not found
2026-10-07 02:14:09.410 WARN   Wiring.write_wire_scope: net not found
2026-10-07 02:14:09.410 WARN   Wiring.write_wire_scope: net not found
2026-10-07 02:14:09.410 WARN   Wiring.write_wire_scope: net not found
2026-10-07 02:14:09.410 WARN   Wiring.write_wire_scope: net not found
2026-10-07 02:14:09.410 WARN   Wiring.write_wire_scope: net not found
2026-10-07 02:14:09.410 WARN   Wiring.write_wire_scope: net not found
2026-10-07 02:14:09.410 WARN   Wiring.write_wire_scope: net not found
2026-10-07 02:14:09.410 WARN   Wiring.write_wire_scope: net not found
2026-10-07 02:14:09.410 WARN   Wiring.write_wire_scope: net not found
2026-10-07 02:14:09.410 WARN   Wiring.write_wire_scope: net not found
2026-10-07 02:14:09.410 WARN   Wiring.write_wire_scope: net not found
2026-10-07 02:14:09.410 WARN   Wiring.write_wire_scope: net not found
2026-10-07 02:14:09.410 WARN   Wiring.write_wire_scope: net not found
2026-10-07 02:14:09.410 WARN   Wiring.write_wire_scope: net not found
2026-10-07 02:14:09.410 WARN   Wiring.write_wire_scope: net not found
2026-10-07 02:14:09.410 WARN   Wiring.write_wire_scope: net not found
2026-10-07 02:14:09.410 WARN   Wiring.write_wire_scope: net not found
2026-10-07 02:14:09.410 WARN   Wiring.write_wire_scope: net not found
2026-10-07 02:14:09.410 WARN   Wiring.write_wire_scope: net not found
2026-10-07 02:14:09.410 WARN   Wiring.write_wire_scope: net not found
2026-10-07 02:14:09.410 WARN   Wiring.write_wire_scope: net not found
2026-10-07 02:14:09.410 WARN   Wiring.write_wire_scope: net not found
2026-10-07 02:14:09.410 WARN   Wiring.write_wire_scope: net not found
2026-10-07 02:14:09.410 WARN   Wiring.write_wire_scope: net not found
2026-10-07 02:14:09.410 WARN   Wiring.write_wire_scope: net not found
2026-10-07 02:14:09.410 WARN   Wiring.write_wire_scope: net not found
2026-10-07 02:14:09.410 WARN   Wiring.write_wire_scope: net not found
2026-10-07 02:14:09.410 WARN   Wiring.write_wire_scope: net not found
2026-10-07 02:14:09.410 WARN   Wiring.write_wire_scope: net not found
2026-10-07 02:14:09.410 WARN   Wiring.write_wire_scope: net not found
2026-10-07 02:14:09.410 WARN   Wiring.write_wire_scope: net not found
2026-10-07 02:14:09.410 WARN   Wiring.write_wire_scope: net not found
2026-10-07 02:14:09.410 WARN   Wiring.write_wire_scope: net not found
2026-10-07 02:14:09.410 WARN   Wiring.write_wire_scope: net not found
2026-10-07 02:14:09.410 WARN   Wiring.write_wire_scope: net not found
2026-10-07 02:14:09.410 WARN   Wiring.write_wire_scope: net not found
2026-10-07 02:14:09.410 WARN   Wiring.write_wire_scope: net not found
2026-10-07 02:14:09.410 WARN   Wiring.write_wire_scope: net not found
2026-10-07 02:14:12.205 WARN   Wiring.write_wire_scope: net not found
2026-10-07 02:14:12.205 WARN   Wiring.write_wire_scope: net not found
2026-10-07 02:14:12.205 WARN   Wiring.write_wire_scope: net not found
2026-10-07 02:14:12.205 WARN   Wiring.write_wire_scope: net not found
2026-10-07 02:14:12.205 WARN   Wiring.write_wire_scope: net not found
2026-10-07 02:14:12.205 WARN   Wiring.write_wire_scope: net not found
2026-10-07 02:14:12.205 WARN   Wiring.write_wire_scope: net not found
2026-10-07 02:14:12.205 WARN   Wiring.write_wire_scope: net not found
2026-10-07 02:14:12.205 WARN   Wiring.write_wire_scope: net not found
2026-10-07 02:14:12.205 WARN   Wiring.write_wire_scope: net not found
2026-10-07 02:14:12.205 WARN   Wiring.write_wire_scope: net not found
2026-10-07 02:14:12.205 WARN   Wiring.write_wire_scope: net not found
2026-10-07 02:14:12.205 WARN   Wiring.write_wire_scope: net not found
2026-10-07 02:14:12.205 WARN   Wiring.write_wire_scope: net not found
2026-10-07 02:14:12.205 WARN   Wiring.write_wire_scope: net not found
2026-10-07 02:14:12.205 WARN   Wiring.write_wire_scope: net not found
2026-10-07 02:14:12.205 WARN   Wiring.write_wire_scope: net not found
2026-10-07 02:14:12.205 WARN   Wiring.write_wire_scope: net not found
2026-10-07 02:14:12.205 WARN   Wiring.write_wire_scope: net not found
2026-10-07 02:14:12.205 WARN   Wiring.write_wire_scope: net not found
2026-10-07 02:14:12.205 WARN   Wiring.write_wire_scope: net not found
2026-10-07 02:14:12.205 WARN   Wiring.write_wire_scope: net not found
2026-10-07 02:14:12.205 WARN   Wiring.write_wire_scope: net not found
2026-10-07 02:14:12.205 WARN   Wiring.write_wire_scope: net not found
2026-10-07 02:14:12.205 WARN   Wiring.write_wire_scope: net not found
2026-10-07 02:14:12.205 WARN   Wiring.write_wire_scope: net not found
2026-10-07 02:14:12.205 WARN   Wiring.write_wire_scope: net not found
2026-10-07 02:14:12.205 WARN   Wiring.write_wire_scope: net not found
2026-10-07 02:14:12.205 WARN   Wiring.write_wire_scope: net not found
2026-10-07 02:14:12.205 WARN   Wiring.write_wire_scope: net not found
2026-10-07 02:14:12.205 WARN   Wiring.write_wire_scope: net not found
2026-10-07 02:14:12.205 WARN   Wiring.write_wire_scope: net not found
2026-10-07 02:14:12.205 WARN   Wiring.write_wire_scope: net not found
2026-10-07 02:14:12.205 WARN   Wiring.write_wire_scope: net not found
2026-10-07 02:14:12.205 WARN   Wiring.write_wire_scope: net not found
2026-10-07 02:14:12.205 WARN   Wiring.write_wire_scope: net not found
2026-10-07 02:14:12.205 WARN   Wiring.write_wire_scope: net not found
2026-10-07 02:14:12.205 WARN   Wiring.write_wire_scope: net not found
2026-10-07 02:14:12.205 WARN   Wiring.write_wire_scope: net not found
2026-10-07 02:14:12.205 WARN   Wiring.write_wire_scope: net not found
2026-10-07 02:14:12.205 WARN   Wiring.write_wire_scope: net not found
2026-10-07 02:14:12.205 WARN   Wiring.write_wire_scope: net not found
2026-10-07 02:14:12.206 WARN   Wiring.write_wire_scope: net not found
2026-10-07 02:14:12.206 WARN   Wiring.write_wire_scope: net not found
2026-10-07 02:14:12.206 WARN   Wiring.write_wire_scope: net not found
2026-10-07 02:14:12.206 WARN   Wiring.write_wire_scope: net not found
2026-10-07 02:14:12.206 WARN   Wiring.write_wire_scope: net not found
2026-10-07 02:14:12.206 WARN   Wiring.write_wire_scope: net not found
2026-10-07 02:14:12.206 WARN   Wiring.write_wire_scope: net not found
2026-10-07 02:14:12.206 WARN   Wiring.write_wire_scope: net not found
2026-10-07 02:14:12.206 WARN   Wiring.write_wire_scope: net not found
2026-10-07 02:14:12.206 WARN   Wiring.write_wire_scope: net not found
2026-10-07 02:14:12.206 WARN   Wiring.write_wire_scope: net not found
2026-10-07 02:14:12.206 WARN   Wiring.write_wire_scope: net not found
2026-10-07 02:14:12.206 WARN   Wiring.write_wire_scope: net not found
2026-10-07 02:14:12.206 WARN   Wiring.write_wire_scope: net not found
2026-10-07 02:14:12.206 WARN   Wiring.write_wire_scope: net not found
2026-10-07 02:14:12.206 WARN   Wiring.write_wire_scope: net not found
2026-10-07 02:14:12.206 WARN   Wiring.write_wire_scope: net not found
2026-10-07 02:14:12.206 WARN   Wiring.write_wire_scope: net not found
2026-10-07 02:14:12.206 WARN   Wiring.write_wire_scope: net not found
2026-10-07 02:14:12.206 WARN   Wiring.write_wire_scope: net not found
2026-10-07 02:14:12.206 WARN   Wiring.write_wire_scope: net not found
2026-10-07 02:14:12.206 WARN   Wiring.write_wire_scope: net not found
2026-10-07 02:14:12.206 WARN   Wiring.write_wire_scope: net not found
2026-10-07 02:14:12.206 WARN   Wiring.write_wire_scope: net not found
2026-10-07 02:14:12.206 WARN   Wiring.write_wire_scope: net not found
2026-10-07 02:14:12.206 WARN   Wiring.write_wire_scope: net not found
2026-10-07 02:14:12.206 WARN   Wiring.write_wire_scope: net not found
2026-10-07 02:14:12.206 WARN   Wiring.write_wire_scope: net not found
2026-10-07 02:14:12.206 WARN   Wiring.write_wire_scope: net not found
2026-10-07 02:14:12.206 WARN   Wiring.write_wire_scope: net not found
2026-10-07 02:14:12.206 WARN   Wiring.write_wire_scope: net not found
2026-10-07 02:14:14.558 WARN   Wiring.write_wire_scope: net not found
2026-10-07 02:14:14.558 WARN   Wiring.write_wire_scope: net not found
2026-10-07 02:14:14.558 WARN   Wiring.write_wire_scope: net not found
2026-10-07 02:14:14.558 WARN   Wiring.write_wire_scope: net not found
2026-10-07 02:14:14.558 WARN   Wiring.write_wire_scope: net not found
2026-10-07 02:14:14.559 WARN   Wiring.write_wire_scope: net not found
2026-10-07 02:14:14.559 WARN   Wiring.write_wire_scope: net not found
2026-10-07 02:14:14.559 WARN   Wiring.write_wire_scope: net not found
2026-10-07 02:14:14.559 WARN   Wiring.write_wire_scope: net not found
2026-10-07 02:14:14.559 WARN   Wiring.write_wire_scope: net not found
2026-10-07 02:14:14.559 WARN   Wiring.write_wire_scope: net not found
2026-10-07 02:14:14.559 WARN   Wiring.write_wire_scope: net not found
2026-10-07 02:14:14.559 WARN   Wiring.write_wire_scope: net not found
2026-10-07 02:14:14.559 WARN   Wiring.write_wire_scope: net not found
2026-10-07 02:14:14.559 WARN   Wiring.write_wire_scope: net not found
2026-10-07 02:14:14.559 WARN   Wiring.write_wire_scope: net not found
2026-10-07 02:14:14.559 WARN   Wiring.write_wire_scope: net not found
2026-10-07 02:14:14.559 WARN   Wiring.write_wire_scope: net not found
2026-10-07 02:14:14.559 WARN   Wiring.write_wire_scope: net not found
2026-10-07 02:14:14.559 WARN   Wiring.write_wire_scope: net not found
2026-10-07 02:14:14.559 WARN   Wiring.write_wire_scope: net not found
2026-10-07 02:14:14.559 WARN   Wiring.write_wire_scope: net not found
2026-10-07 02:14:14.559 WARN   Wiring.write_wire_scope: net not found
2026-10-07 02:14:14.559 WARN   Wiring.write_wire_scope: net not found
2026-10-07 02:14:14.559 WARN   Wiring.write_wire_scope: net not found
2026-10-07 02:14:14.559 WARN   Wiring.write_wire_scope: net not found
2026-10-07 02:14:14.559 WARN   Wiring.write_wire_scope: net not found
2026-10-07 02:14:14.559 WARN   Wiring.write_wire_scope: net not found
2026-10-07 02:14:14.559 WARN   Wiring.write_wire_scope: net not found
2026-10-07 02:14:14.559 WARN   Wiring.write_wire_scope: net not found
2026-10-07 02:14:14.559 WARN   Wiring.write_wire_scope: net not found
2026-10-07 02:14:14.559 WARN   Wiring.write_wire_scope: net not found
2026-10-07 02:14:14.559 WARN   Wiring.write_wire_scope: net not found
2026-10-07 02:14:14.559 WARN   Wiring.write_wire_scope: net not found
2026-10-07 02:14:14.559 WARN   Wiring.write_wire_scope: net not found
2026-10-07 02:14:14.559 WARN   Wiring.write_wire_scope: net not found
2026-10-07 02:14:14.559 WARN   Wiring.write_wire_scope: net not found
2026-10-07 02:14:14.559 WARN   Wiring.write_wire_scope: net not found
2026-10-07 02:14:14.559 WARN   Wiring.write_wire_scope: net not found
2026-10-07 02:14:14.559 WARN   Wiring.write_wire_scope: net not found
2026-10-07 02:14:14.559 WARN   Wiring.write_wire_scope: net not found
2026-10-07 02:14:14.559 WARN   Wiring.write_wire_scope: net not found
2026-10-07 02:14:14.559 WARN   Wiring.write_wire_scope: net not found
2026-10-07 02:14:14.559 WARN   Wiring.write_wire_scope: net not found
2026-10-07 02:14:14.559 WARN   Wiring.write_wire_scope: net not found
2026-10-07 02:14:14.559 WARN   Wiring.write_wire_scope: net not found
2026-10-07 02:14:14.559 WARN   Wiring.write_wire_scope: net not found
2026-10-07 02:14:14.559 WARN   Wiring.write_wire_scope: net not found
2026-10-07 02:14:14.559 WARN   Wiring.write_wire_scope: net not found
2026-10-07 02:14:14.559 WARN   Wiring.write_wire_scope: net not found
2026-10-07 02:14:14.559 WARN   Wiring.write_wire_scope: net not found
2026-10-07 02:14:14.559 WARN   Wiring.write_wire_scope: net not found
2026-10-07 02:14:14.559 WARN   Wiring.write_wire_scope: net not found
2026-10-07 02:14:14.559 WARN   Wiring.write_wire_scope: net not found
2026-10-07 02:14:14.559 WARN   Wiring.write_wire_scope: net not found
2026-10-07 02:14:14.559 WARN   Wiring.write_wire_scope: net not found
2026-10-07 02:14:14.559 WARN   Wiring.write_wire_scope: net not found
2026-10-07 02:14:14.559 WARN   Wiring.write_wire_scope: net not found
2026-10-07 02:14:14.559 WARN   Wiring.write_wire_scope: net not found
2026-10-07 02:14:14.559 WARN   Wiring.write_wire_scope: net not found
2026-10-07 02:14:14.559 WARN   Wiring.write_wire_scope: net not found
2026-10-07 02:14:14.559 WARN   Wiring.write_wire_scope: net not found
2026-10-07 02:14:14.559 WARN   Wiring.write_wire_scope: net not found
2026-10-07 02:14:14.559 WARN   Wiring.write_wire_scope: net not found
2026-10-07 02:14:14.559 WARN   Wiring.write_wire_scope: net not found
2026-10-07 02:14:14.559 WARN   Wiring.write_wire_scope: net not found
2026-10-07 02:14:14.559 WARN   Wiring.write_wire_scope: net not found
2026-10-07 02:14:14.559 WARN   Wiring.write_wire_scope: net not found
2026-10-07 02:14:14.559 WARN   Wiring.write_wire_scope: net not found
2026-10-07 02:14:14.559 WARN   Wiring.write_wire_scope: net not found
2026-10-07 02:14:14.559 WARN   Wiring.write_wire_scope: net not found
2026-10-07 02:14:14.559 WARN   Wiring.write_wire_scope: net not found
2026-10-07 02:14:14.559 WARN   Wiring.write_wire_scope: net not found
2026-10-07 02:14:14.624 WARN   Wiring.write_wire_scope: net not found
2026-10-07 02:14:14.624 WARN   Wiring.write_wire_scope: net not found
2026-10-07 02:14:14.624 WARN   Wiring.write_wire_scope: net not found
2026-10-07 02:14:14.624 WARN   Wiring.write_wire_scope: net not found
2026-10-07 02:14:14.624 WARN   Wiring.write_wire_scope: net not found
2026-10-07 02:14:14.624 WARN   Wiring.write_wire_scope: net not found
2026-10-07 02:14:14.624 WARN   Wiring.write_wire_scope: net not found
2026-10-07 02:14:14.624 WARN   Wiring.write_wire_scope: net not found
2026-10-07 02:14:14.624 WARN   Wiring.write_wire_scope: net not found
2026-10-07 02:14:14.624 WARN   Wiring.write_wire_scope: net not found
2026-10-07 02:14:14.624 WARN   Wiring.write_wire_scope: net not found
2026-10-07 02:14:14.624 WARN   Wiring.write_wire_scope: net not found
2026-10-07 02:14:14.624 WARN   Wiring.write_wire_scope: net not found
2026-10-07 02:14:14.624 WARN   Wiring.write_wire_scope: net not found
2026-10-07 02:14:14.624 WARN   Wiring.write_wire_scope: net not found
2026-10-07 02:14:14.624 WARN   Wiring.write_wire_scope: net not found
2026-10-07 02:14:14.624 WARN   Wiring.write_wire_scope: net not found
2026-10-07 02:14:14.624 WARN   Wiring.write_wire_scope: net not found
2026-10-07 02:14:14.624 WARN   Wiring.write_wire_scope: net not found
2026-10-07 02:14:14.624 WARN   Wiring.write_wire_scope: net not found
2026-10-07 02:14:14.624 WARN   Wiring.write_wire_scope: net not found
2026-10-07 02:14:14.624 WARN   Wiring.write_wire_scope: net not found
2026-10-07 02:14:14.624 WARN   Wiring.write_wire_scope: net not found
2026-10-07 02:14:14.624 WARN   Wiring.write_wire_scope: net not found
2026-10-07 02:14:14.624 WARN   Wiring.write_wire_scope: net not found
2026-10-07 02:14:14.624 WARN   Wiring.write_wire_scope: net not found
2026-10-07 02:14:14.624 WARN   Wiring.write_wire_scope: net not found
2026-10-07 02:14:14.624 WARN   Wiring.write_wire_scope: net not found
2026-10-07 02:14:14.624 WARN   Wiring.write_wire_scope: net not found
2026-10-07 02:14:14.624 WARN   Wiring.write_wire_scope: net not found
2026-10-07 02:14:14.624 WARN   Wiring.write_wire_scope: net not found
2026-10-07 02:14:14.624 WARN   Wiring.write_wire_scope: net not found
2026-10-07 02:14:14.624 WARN   Wiring.write_wire_scope: net not found
2026-10-07 02:14:14.624 WARN   Wiring.write_wire_scope: net not found
2026-10-07 02:14:14.624 WARN   Wiring.write_wire_scope: net not found
2026-10-07 02:14:14.624 WARN   Wiring.write_wire_scope: net not found
2026-10-07 02:14:14.624 WARN   Wiring.write_wire_scope: net not found
2026-10-07 02:14:14.624 WARN   Wiring.write_wire_scope: net not found
2026-10-07 02:14:14.624 WARN   Wiring.write_wire_scope: net not found
2026-10-07 02:14:14.624 WARN   Wiring.write_wire_scope: net not found
2026-10-07 02:14:14.624 WARN   Wiring.write_wire_scope: net not found
2026-10-07 02:14:14.624 WARN   Wiring.write_wire_scope: net not found
2026-10-07 02:14:14.624 WARN   Wiring.write_wire_scope: net not found
2026-10-07 02:14:14.624 WARN   Wiring.write_wire_scope: net not found
2026-10-07 02:14:14.624 WARN   Wiring.write_wire_scope: net not found
2026-10-07 02:14:14.624 WARN   Wiring.write_wire_scope: net not found
2026-10-07 02:14:14.624 WARN   Wiring.write_wire_scope: net not found
2026-10-07 02:14:14.624 WARN   Wiring.write_wire_scope: net not found
2026-10-07 02:14:14.624 WARN   Wiring.write_wire_scope: net not found
2026-10-07 02:14:14.624 WARN   Wiring.write_wire_scope: net not found
2026-10-07 02:14:14.624 WARN   Wiring.write_wire_scope: net not found
2026-10-07 02:14:14.624 WARN   Wiring.write_wire_scope: net not found
2026-10-07 02:14:14.624 WARN   Wiring.write_wire_scope: net not found
2026-10-07 02:14:14.624 WARN   Wiring.write_wire_scope: net not found
2026-10-07 02:14:14.624 WARN   Wiring.write_wire_scope: net not found
2026-10-07 02:14:14.624 WARN   Wiring.write_wire_scope: net not found
2026-10-07 02:14:14.624 WARN   Wiring.write_wire_scope: net not found
2026-10-07 02:14:14.624 WARN   Wiring.write_wire_scope: net not found
2026-10-07 02:14:14.624 WARN   Wiring.write_wire_scope: net not found
2026-10-07 02:14:14.624 WARN   Wiring.write_wire_scope: net not found
2026-10-07 02:14:14.624 WARN   Wiring.write_wire_scope: net not found
2026-10-07 02:14:14.624 WARN   Wiring.write_wire_scope: net not found
2026-10-07 02:14:14.624 WARN   Wiring.write_wire_scope: net not found
2026-10-07 02:14:14.624 WARN   Wiring.write_wire_scope: net not found
2026-10-07 02:14:14.624 WARN   Wiring.write_wire_scope: net not found
2026-10-07 02:14:14.624 WARN   Wiring.write_wire_scope: net not found
2026-10-07 02:14:14.625 WARN   Wiring.write_wire_scope: net not found
2026-10-07 02:14:14.625 WARN   Wiring.write_wire_scope: net not found
2026-10-07 02:14:14.625 WARN   Wiring.write_wire_scope: net not found
2026-10-07 02:14:14.625 WARN   Wiring.write_wire_scope: net not found
2026-10-07 02:14:14.625 WARN   Wiring.write_wire_scope: net not found
2026-10-07 02:14:14.625 WARN   Wiring.write_wire_scope: net not found
2026-10-07 02:14:14.625 WARN   Wiring.write_wire_scope: net not found
2026-10-07 02:14:14.650 INFO   [639422\B129CE] Auto-routing pass #1 on board '394037abeaf7567377600fc5188aeca4' was completed in 5.64 seconds with score 385.41 (11 unrouted and 149 violations), using 5.80 CPU seconds and the job allocated 7.24 GB of memory so far.
2026-10-07 02:14:14.736 INFO   [639422\B129CE] Auto-routing stage completed: started with 24 unrouted nets, completed in 6.56 seconds, final score: 385.41 (11 unrouted and 149 violations), using 5.80 total CPU seconds, 7.24 GB total allocated, and 320.7 MB peak heap usage.
2026-10-07 02:14:14.764 INFO   [639422\B129CE] Skipping optimization stage: the board has 11 unrouted connection(s) (optimizer only runs on completely routed boards).
2026-10-07 02:14:14.787 WARN   Wiring.write_wire_scope: net not found
2026-10-07 02:14:14.788 WARN   Wiring.write_wire_scope: net not found
2026-10-07 02:14:14.788 WARN   Wiring.write_wire_scope: net not found
2026-10-07 02:14:14.788 WARN   Wiring.write_wire_scope: net not found
2026-10-07 02:14:14.788 WARN   Wiring.write_wire_scope: net not found
2026-10-07 02:14:14.788 WARN   Wiring.write_wire_scope: net not found
2026-10-07 02:14:14.788 WARN   Wiring.write_wire_scope: net not found
2026-10-07 02:14:14.788 WARN   Wiring.write_wire_scope: net not found
2026-10-07 02:14:14.788 WARN   Wiring.write_wire_scope: net not found
2026-10-07 02:14:14.788 WARN   Wiring.write_wire_scope: net not found
2026-10-07 02:14:14.788 WARN   Wiring.write_wire_scope: net not found
2026-10-07 02:14:14.788 WARN   Wiring.write_wire_scope: net not found
2026-10-07 02:14:14.788 WARN   Wiring.write_wire_scope: net not found
2026-10-07 02:14:14.788 WARN   Wiring.write_wire_scope: net not found
2026-10-07 02:14:14.788 WARN   Wiring.write_wire_scope: net not found
2026-10-07 02:14:14.788 WARN   Wiring.write_wire_scope: net not found
2026-10-07 02:14:14.788 WARN   Wiring.write_wire_scope: net not found
2026-10-07 02:14:14.788 WARN   Wiring.write_wire_scope: net not found
2026-10-07 02:14:14.788 WARN   Wiring.write_wire_scope: net not found
2026-10-07 02:14:14.788 WARN   Wiring.write_wire_scope: net not found
2026-10-07 02:14:14.788 WARN   Wiring.write_wire_scope: net not found
2026-10-07 02:14:14.788 WARN   Wiring.write_wire_scope: net not found
2026-10-07 02:14:14.788 WARN   Wiring.write_wire_scope: net not found
2026-10-07 02:14:14.788 WARN   Wiring.write_wire_scope: net not found
2026-10-07 02:14:14.788 WARN   Wiring.write_wire_scope: net not found
2026-10-07 02:14:14.788 WARN   Wiring.write_wire_scope: net not found
2026-10-07 02:14:14.788 WARN   Wiring.write_wire_scope: net not found
2026-10-07 02:14:14.788 WARN   Wiring.write_wire_scope: net not found
2026-10-07 02:14:14.788 WARN   Wiring.write_wire_scope: net not found
2026-10-07 02:14:14.788 WARN   Wiring.write_wire_scope: net not found
2026-10-07 02:14:14.788 WARN   Wiring.write_wire_scope: net not found
2026-10-07 02:14:14.788 WARN   Wiring.write_wire_scope: net not found
2026-10-07 02:14:14.788 WARN   Wiring.write_wire_scope: net not found
2026-10-07 02:14:14.788 WARN   Wiring.write_wire_scope: net not found
2026-10-07 02:14:14.788 WARN   Wiring.write_wire_scope: net not found
2026-10-07 02:14:14.788 WARN   Wiring.write_wire_scope: net not found
2026-10-07 02:14:14.788 WARN   Wiring.write_wire_scope: net not found
2026-10-07 02:14:14.788 WARN   Wiring.write_wire_scope: net not found
2026-10-07 02:14:14.788 WARN   Wiring.write_wire_scope: net not found
2026-10-07 02:14:14.788 WARN   Wiring.write_wire_scope: net not found
2026-10-07 02:14:14.788 WARN   Wiring.write_wire_scope: net not found
2026-10-07 02:14:14.788 WARN   Wiring.write_wire_scope: net not found
2026-10-07 02:14:14.788 WARN   Wiring.write_wire_scope: net not found
2026-10-07 02:14:14.788 WARN   Wiring.write_wire_scope: net not found
2026-10-07 02:14:14.788 WARN   Wiring.write_wire_scope: net not found
2026-10-07 02:14:14.788 WARN   Wiring.write_wire_scope: net not found
2026-10-07 02:14:14.788 WARN   Wiring.write_wire_scope: net not found
2026-10-07 02:14:14.788 WARN   Wiring.write_wire_scope: net not found
2026-10-07 02:14:14.788 WARN   Wiring.write_wire_scope: net not found
2026-10-07 02:14:14.788 WARN   Wiring.write_wire_scope: net not found
2026-10-07 02:14:14.788 WARN   Wiring.write_wire_scope: net not found
2026-10-07 02:14:14.788 WARN   Wiring.write_wire_scope: net not found
2026-10-07 02:14:14.788 WARN   Wiring.write_wire_scope: net not found
2026-10-07 02:14:14.788 WARN   Wiring.write_wire_scope: net not found
2026-10-07 02:14:14.788 WARN   Wiring.write_wire_scope: net not found
2026-10-07 02:14:14.788 WARN   Wiring.write_wire_scope: net not found
2026-10-07 02:14:14.788 WARN   Wiring.write_wire_scope: net not found
2026-10-07 02:14:14.788 WARN   Wiring.write_wire_scope: net not found
2026-10-07 02:14:14.788 WARN   Wiring.write_wire_scope: net not found
2026-10-07 02:14:14.788 WARN   Wiring.write_wire_scope: net not found
2026-10-07 02:14:14.788 WARN   Wiring.write_wire_scope: net not found
2026-10-07 02:14:14.788 WARN   Wiring.write_wire_scope: net not found
2026-10-07 02:14:14.788 WARN   Wiring.write_wire_scope: net not found
2026-10-07 02:14:14.788 WARN   Wiring.write_wire_scope: net not found
2026-10-07 02:14:14.788 WARN   Wiring.write_wire_scope: net not found
2026-10-07 02:14:14.788 WARN   Wiring.write_wire_scope: net not found
2026-10-07 02:14:14.788 WARN   Wiring.write_wire_scope: net not found
2026-10-07 02:14:14.788 WARN   Wiring.write_wire_scope: net not found
2026-10-07 02:14:14.788 WARN   Wiring.write_wire_scope: net not found
2026-10-07 02:14:14.788 WARN   Wiring.write_wire_scope: net not found
2026-10-07 02:14:14.788 WARN   Wiring.write_wire_scope: net not found
2026-10-07 02:14:14.788 WARN   Wiring.write_wire_scope: net not found
2026-10-07 02:14:14.788 WARN   Wiring.write_wire_scope: net not found
2026-10-07 02:14:14.789 INFO   [639422\B129CE] Job '639422\B129CE' finished with state: COMPLETED (elapsed: 6.79 seconds, finished at UTC: 2026-10-06T15:14:14.788992442Z).
2026-10-07 02:14:14.814 INFO   Saving output file '/home/chithi/Desktop/DesktopSpeaker/ai-files/pcb/work-p1/C3-c3.ses' (SES)...
2026-10-07 02:14:14.815 INFO   Successfully saved output file '/home/chithi/Desktop/DesktopSpeaker/ai-files/pcb/work-p1/C3-c3.ses' (26806 bytes).
