2026-10-07 02:13:36.706 INFO   Freerouting v2.5.0 (build-date: 2026-10-05)
2026-10-07 02:13:36.975 INFO   Hardware: 24 CPU cores, 572 CPU score, 16056 MB RAM
2026-10-07 02:13:36.975 WARN   Deprecated settings path '-mp / --router.max_passes'; use '--router.autorouter.max_passes' instead. The old path will be removed in a future release.
2026-10-07 02:13:36.976 WARN   Couldn't get screen resolution. If you are running in a headless environment, disable the GUI by setting gui.enabled to false.
2026-10-07 02:13:38.001 WARN   Deprecated settings path 'router.max_passes'; use 'router.autorouter.max_passes' instead. The old path will be removed in a future release.
2026-10-07 02:13:38.261 INFO   [87443B\D515CD] Loading board file 'C3-c1.dsn'...
2026-10-07 02:13:38.443 INFO   [87443B\D515CD] Job '87443B\D515CD' started at 2026-10-06T15:13:38.443347064Z.
2026-10-07 02:13:38.546 WARN   Design Warning: Board has 11 pre-existing clearance violation(s) in the loaded design (before routing):
  - 11 unfixable violation(s) (cannot be resolved by Freerouting):
      * 11 pin-to-pin clearance violations (first 5 shown):
          - Q103.9 <-> Q103.8
          - Q103.9 <-> Q103.7
          - Q103.9 <-> Q103.6
          - Q103.9 <-> Q103.5
          - U25.21 <-> U25.20
          ... and 6 more
  - 0 potentially fixable violations
Notice: Freerouting does not modify component placement, board outlines, or fixed items.
Resolving these 11 unfixable violation(s) is the responsibility of the board author in their EDA tool (e.g. KiCad).
2026-10-07 02:13:38.578 INFO   [87443B\D515CD] Pipeline thread limits: autorouter pass is single-threaded, optimizer.max_threads=23.
2026-10-07 02:13:38.632 INFO   [87443B\D515CD] Fanout stage started on board 'dd19e0957c17e9b531c9350e8790166b' with 18 of 1066 SMD pins needing fanout (0 already connected, 1048 netless).
2026-10-07 02:13:39.016 INFO   [87443B\D515CD] Fanout pass #1 on board '88d8a045720cbbbe33746ae1f956a677' completed in 0.34 seconds with 7 SMD pins fanouted, 6 not routed, 0 insert errors, +0 extra vias (0 SMD pins still to check in pass, ripup costs=100).
2026-10-07 02:13:39.099 INFO   [87443B\D515CD] Fanout pass #2 on board '88d8a045720cbbbe33746ae1f956a677' completed in 0.06 seconds with 0 SMD pins fanouted, 1 not routed, 0 insert errors, +0 extra vias (0 SMD pins still to check in pass, ripup costs=200).
2026-10-07 02:13:39.101 INFO   [87443B\D515CD] Fanout stage completed: started with 18 total SMD pins, completed in 0.46 seconds, escaped pins: 13/18 (72.2%), using 0.47 total CPU seconds, 0.24 GB total allocated, and 150.9 MB peak heap usage.
2026-10-07 02:13:39.162 INFO   [87443B\D515CD] Auto-routing stage started on board '88d8a045720cbbbe33746ae1f956a677' with baseline score 259.14 for 11 unrouted items.
2026-10-07 02:13:46.283 INFO   [87443B\D515CD] Auto-routing pass #1 on board '88d8a045720cbbbe33746ae1f956a677' was completed in 7.08 seconds with score 296.17 (10 unrouted and 11 violations), using 6.80 CPU seconds and the job allocated 8.60 GB of memory so far.
2026-10-07 02:13:46.347 INFO   [87443B\D515CD] Auto-routing stage completed: started with 18 unrouted nets, completed in 7.75 seconds, final score: 296.17 (10 unrouted and 11 violations), using 6.80 total CPU seconds, 8.60 GB total allocated, and 515.9 MB peak heap usage.
2026-10-07 02:13:46.374 INFO   [87443B\D515CD] Skipping optimization stage: the board has 10 unrouted connection(s) (optimizer only runs on completely routed boards).
2026-10-07 02:13:46.397 INFO   [87443B\D515CD] Job '87443B\D515CD' finished with state: COMPLETED (elapsed: 7.95 seconds, finished at UTC: 2026-10-06T15:13:46.396978296Z).
2026-10-07 02:13:46.407 INFO   Saving output file '/home/chithi/Desktop/DesktopSpeaker/ai-files/pcb/work-p1/C3-c1.ses' (SES)...
2026-10-07 02:13:46.409 INFO   Successfully saved output file '/home/chithi/Desktop/DesktopSpeaker/ai-files/pcb/work-p1/C3-c1.ses' (21360 bytes).
