2026-10-07 02:13:52.281 INFO   Freerouting v2.5.0 (build-date: 2026-10-05)
2026-10-07 02:13:52.549 INFO   Hardware: 24 CPU cores, 583 CPU score, 16056 MB RAM
2026-10-07 02:13:52.550 WARN   Deprecated settings path '-mp / --router.max_passes'; use '--router.autorouter.max_passes' instead. The old path will be removed in a future release.
2026-10-07 02:13:52.550 WARN   Couldn't get screen resolution. If you are running in a headless environment, disable the GUI by setting gui.enabled to false.
2026-10-07 02:13:53.575 WARN   Deprecated settings path 'router.max_passes'; use 'router.autorouter.max_passes' instead. The old path will be removed in a future release.
2026-10-07 02:13:53.835 INFO   [76CBC8\F0E894] Loading board file 'C3-c2.dsn'...
2026-10-07 02:13:53.954 WARN   Wiring: via net 'Net-(U25-FSW)' not found at 'Net-(U25-FSW)'
2026-10-07 02:13:53.955 WARN   Wiring: via net 'Net-(U25-FSW)' not found at 'Net-(U25-FSW)'
2026-10-07 02:13:53.957 WARN   DSN file 'C3-c2.dsn' was loaded with 2 warning(s).
2026-10-07 02:13:54.036 INFO   [76CBC8\F0E894] Job '76CBC8\F0E894' started at 2026-10-06T15:13:54.036283691Z.
2026-10-07 02:13:54.080 WARN   Wiring.write_wire_scope: net not found
2026-10-07 02:13:54.081 WARN   Wiring.write_wire_scope: net not found
2026-10-07 02:13:54.081 WARN   Wiring.write_wire_scope: net not found
2026-10-07 02:13:54.081 WARN   Wiring.write_wire_scope: net not found
2026-10-07 02:13:54.081 WARN   Wiring.write_wire_scope: net not found
2026-10-07 02:13:54.081 WARN   Wiring.write_wire_scope: net not found
2026-10-07 02:13:54.081 WARN   Wiring.write_wire_scope: net not found
2026-10-07 02:13:54.081 WARN   Wiring.write_wire_scope: net not found
2026-10-07 02:13:54.081 WARN   Wiring.write_wire_scope: net not found
2026-10-07 02:13:54.081 WARN   Wiring.write_wire_scope: net not found
2026-10-07 02:13:54.081 WARN   Wiring.write_wire_scope: net not found
2026-10-07 02:13:54.081 WARN   Wiring.write_wire_scope: net not found
2026-10-07 02:13:54.081 WARN   Wiring.write_wire_scope: net not found
2026-10-07 02:13:54.082 WARN   Wiring.write_wire_scope: net not found
2026-10-07 02:13:54.082 WARN   Wiring.write_wire_scope: net not found
2026-10-07 02:13:54.082 WARN   Wiring.write_wire_scope: net not found
2026-10-07 02:13:54.082 WARN   Wiring.write_wire_scope: net not found
2026-10-07 02:13:54.082 WARN   Wiring.write_wire_scope: net not found
2026-10-07 02:13:54.082 WARN   Wiring.write_wire_scope: net not found
2026-10-07 02:13:54.082 WARN   Wiring.write_wire_scope: net not found
2026-10-07 02:13:54.136 WARN   Design Warning: Board has 54 pre-existing clearance violation(s) in the loaded design (before routing):
  - 54 unfixable violation(s) (cannot be resolved by Freerouting):
      * 10 pin-to-pin clearance violations (first 5 shown):
          - Q103.9 <-> Q103.8
          - Q103.9 <-> Q103.7
          - Q103.9 <-> Q103.6
          - Q103.9 <-> Q103.5
          - U25.21 <-> U25.20
          ... and 5 more
      * 44 fixed trace/via clearance violations (first 5 shown):
          - FixedVia#2974 <-> FixedTrace#2967
          - FixedVia#2974 <-> FixedTrace#2964
          - FixedVia#2974 <-> FixedTrace#2968 [net /SYS_RAW]
          - FixedVia#2973 <-> FixedTrace#2966
          - FixedVia#2973 <-> FixedTrace#2969 [net /SYS_RAW]
          ... and 39 more
  - 0 potentially fixable violations
Notice: Freerouting does not modify component placement, board outlines, or fixed items.
Resolving these 54 unfixable violation(s) is the responsibility of the board author in their EDA tool (e.g. KiCad).
2026-10-07 02:13:54.172 INFO   [76CBC8\F0E894] Pipeline thread limits: autorouter pass is single-threaded, optimizer.max_threads=23.
2026-10-07 02:13:54.227 INFO   [76CBC8\F0E894] Fanout stage started on board 'ccb6eecd84ecc9131e8656f1b94c9c22' with 24 of 1066 SMD pins needing fanout (0 already connected, 1042 netless).
2026-10-07 02:13:54.284 WARN   Wiring.write_wire_scope: net not found
2026-10-07 02:13:54.285 WARN   Wiring.write_wire_scope: net not found
2026-10-07 02:13:54.285 WARN   Wiring.write_wire_scope: net not found
2026-10-07 02:13:54.285 WARN   Wiring.write_wire_scope: net not found
2026-10-07 02:13:54.285 WARN   Wiring.write_wire_scope: net not found
2026-10-07 02:13:54.285 WARN   Wiring.write_wire_scope: net not found
2026-10-07 02:13:54.285 WARN   Wiring.write_wire_scope: net not found
2026-10-07 02:13:54.285 WARN   Wiring.write_wire_scope: net not found
2026-10-07 02:13:54.285 WARN   Wiring.write_wire_scope: net not found
2026-10-07 02:13:54.285 WARN   Wiring.write_wire_scope: net not found
2026-10-07 02:13:54.285 WARN   Wiring.write_wire_scope: net not found
2026-10-07 02:13:54.285 WARN   Wiring.write_wire_scope: net not found
2026-10-07 02:13:54.285 WARN   Wiring.write_wire_scope: net not found
2026-10-07 02:13:54.285 WARN   Wiring.write_wire_scope: net not found
2026-10-07 02:13:54.285 WARN   Wiring.write_wire_scope: net not found
2026-10-07 02:13:54.285 WARN   Wiring.write_wire_scope: net not found
2026-10-07 02:13:54.285 WARN   Wiring.write_wire_scope: net not found
2026-10-07 02:13:54.285 WARN   Wiring.write_wire_scope: net not found
2026-10-07 02:13:54.286 WARN   Wiring.write_wire_scope: net not found
2026-10-07 02:13:54.286 WARN   Wiring.write_wire_scope: net not found
2026-10-07 02:13:54.426 WARN   Wiring.write_wire_scope: net not found
2026-10-07 02:13:54.426 WARN   Wiring.write_wire_scope: net not found
2026-10-07 02:13:54.426 WARN   Wiring.write_wire_scope: net not found
2026-10-07 02:13:54.426 WARN   Wiring.write_wire_scope: net not found
2026-10-07 02:13:54.426 WARN   Wiring.write_wire_scope: net not found
2026-10-07 02:13:54.426 WARN   Wiring.write_wire_scope: net not found
2026-10-07 02:13:54.426 WARN   Wiring.write_wire_scope: net not found
2026-10-07 02:13:54.426 WARN   Wiring.write_wire_scope: net not found
2026-10-07 02:13:54.426 WARN   Wiring.write_wire_scope: net not found
2026-10-07 02:13:54.426 WARN   Wiring.write_wire_scope: net not found
2026-10-07 02:13:54.426 WARN   Wiring.write_wire_scope: net not found
2026-10-07 02:13:54.426 WARN   Wiring.write_wire_scope: net not found
2026-10-07 02:13:54.427 WARN   Wiring.write_wire_scope: net not found
2026-10-07 02:13:54.427 WARN   Wiring.write_wire_scope: net not found
2026-10-07 02:13:54.427 WARN   Wiring.write_wire_scope: net not found
2026-10-07 02:13:54.427 WARN   Wiring.write_wire_scope: net not found
2026-10-07 02:13:54.427 WARN   Wiring.write_wire_scope: net not found
2026-10-07 02:13:54.427 WARN   Wiring.write_wire_scope: net not found
2026-10-07 02:13:54.427 WARN   Wiring.write_wire_scope: net not found
2026-10-07 02:13:54.427 WARN   Wiring.write_wire_scope: net not found
2026-10-07 02:13:54.682 WARN   Wiring.write_wire_scope: net not found
2026-10-07 02:13:54.682 WARN   Wiring.write_wire_scope: net not found
2026-10-07 02:13:54.682 WARN   Wiring.write_wire_scope: net not found
2026-10-07 02:13:54.682 WARN   Wiring.write_wire_scope: net not found
2026-10-07 02:13:54.682 WARN   Wiring.write_wire_scope: net not found
2026-10-07 02:13:54.682 WARN   Wiring.write_wire_scope: net not found
2026-10-07 02:13:54.682 WARN   Wiring.write_wire_scope: net not found
2026-10-07 02:13:54.682 WARN   Wiring.write_wire_scope: net not found
2026-10-07 02:13:54.682 WARN   Wiring.write_wire_scope: net not found
2026-10-07 02:13:54.682 WARN   Wiring.write_wire_scope: net not found
2026-10-07 02:13:54.682 WARN   Wiring.write_wire_scope: net not found
2026-10-07 02:13:54.682 WARN   Wiring.write_wire_scope: net not found
2026-10-07 02:13:54.682 WARN   Wiring.write_wire_scope: net not found
2026-10-07 02:13:54.682 WARN   Wiring.write_wire_scope: net not found
2026-10-07 02:13:54.682 WARN   Wiring.write_wire_scope: net not found
2026-10-07 02:13:54.682 WARN   Wiring.write_wire_scope: net not found
2026-10-07 02:13:54.682 WARN   Wiring.write_wire_scope: net not found
2026-10-07 02:13:54.682 WARN   Wiring.write_wire_scope: net not found
2026-10-07 02:13:54.682 WARN   Wiring.write_wire_scope: net not found
2026-10-07 02:13:54.682 WARN   Wiring.write_wire_scope: net not found
2026-10-07 02:13:54.686 INFO   [76CBC8\F0E894] Fanout pass #1 on board 'a34d43fe14d9b2cd82f9dd498d290b38' completed in 0.42 seconds with 8 SMD pins fanouted, 15 not routed, 0 insert errors, +0 extra vias (0 SMD pins still to check in pass, ripup costs=100).
2026-10-07 02:13:54.712 WARN   Wiring.write_wire_scope: net not found
2026-10-07 02:13:54.712 WARN   Wiring.write_wire_scope: net not found
2026-10-07 02:13:54.712 WARN   Wiring.write_wire_scope: net not found
2026-10-07 02:13:54.712 WARN   Wiring.write_wire_scope: net not found
2026-10-07 02:13:54.712 WARN   Wiring.write_wire_scope: net not found
2026-10-07 02:13:54.712 WARN   Wiring.write_wire_scope: net not found
2026-10-07 02:13:54.712 WARN   Wiring.write_wire_scope: net not found
2026-10-07 02:13:54.712 WARN   Wiring.write_wire_scope: net not found
2026-10-07 02:13:54.712 WARN   Wiring.write_wire_scope: net not found
2026-10-07 02:13:54.712 WARN   Wiring.write_wire_scope: net not found
2026-10-07 02:13:54.712 WARN   Wiring.write_wire_scope: net not found
2026-10-07 02:13:54.712 WARN   Wiring.write_wire_scope: net not found
2026-10-07 02:13:54.712 WARN   Wiring.write_wire_scope: net not found
2026-10-07 02:13:54.712 WARN   Wiring.write_wire_scope: net not found
2026-10-07 02:13:54.712 WARN   Wiring.write_wire_scope: net not found
2026-10-07 02:13:54.712 WARN   Wiring.write_wire_scope: net not found
2026-10-07 02:13:54.712 WARN   Wiring.write_wire_scope: net not found
2026-10-07 02:13:54.712 WARN   Wiring.write_wire_scope: net not found
2026-10-07 02:13:54.712 WARN   Wiring.write_wire_scope: net not found
2026-10-07 02:13:54.712 WARN   Wiring.write_wire_scope: net not found
2026-10-07 02:13:54.750 WARN   Wiring.write_wire_scope: net not found
2026-10-07 02:13:54.750 WARN   Wiring.write_wire_scope: net not found
2026-10-07 02:13:54.750 WARN   Wiring.write_wire_scope: net not found
2026-10-07 02:13:54.750 WARN   Wiring.write_wire_scope: net not found
2026-10-07 02:13:54.750 WARN   Wiring.write_wire_scope: net not found
2026-10-07 02:13:54.750 WARN   Wiring.write_wire_scope: net not found
2026-10-07 02:13:54.750 WARN   Wiring.write_wire_scope: net not found
2026-10-07 02:13:54.750 WARN   Wiring.write_wire_scope: net not found
2026-10-07 02:13:54.750 WARN   Wiring.write_wire_scope: net not found
2026-10-07 02:13:54.750 WARN   Wiring.write_wire_scope: net not found
2026-10-07 02:13:54.750 WARN   Wiring.write_wire_scope: net not found
2026-10-07 02:13:54.750 WARN   Wiring.write_wire_scope: net not found
2026-10-07 02:13:54.751 WARN   Wiring.write_wire_scope: net not found
2026-10-07 02:13:54.751 WARN   Wiring.write_wire_scope: net not found
2026-10-07 02:13:54.751 WARN   Wiring.write_wire_scope: net not found
2026-10-07 02:13:54.751 WARN   Wiring.write_wire_scope: net not found
2026-10-07 02:13:54.751 WARN   Wiring.write_wire_scope: net not found
2026-10-07 02:13:54.751 WARN   Wiring.write_wire_scope: net not found
2026-10-07 02:13:54.751 WARN   Wiring.write_wire_scope: net not found
2026-10-07 02:13:54.751 WARN   Wiring.write_wire_scope: net not found
2026-10-07 02:13:54.916 WARN   Wiring.write_wire_scope: net not found
2026-10-07 02:13:54.916 WARN   Wiring.write_wire_scope: net not found
2026-10-07 02:13:54.916 WARN   Wiring.write_wire_scope: net not found
2026-10-07 02:13:54.916 WARN   Wiring.write_wire_scope: net not found
2026-10-07 02:13:54.916 WARN   Wiring.write_wire_scope: net not found
2026-10-07 02:13:54.916 WARN   Wiring.write_wire_scope: net not found
2026-10-07 02:13:54.916 WARN   Wiring.write_wire_scope: net not found
2026-10-07 02:13:54.916 WARN   Wiring.write_wire_scope: net not found
2026-10-07 02:13:54.917 WARN   Wiring.write_wire_scope: net not found
2026-10-07 02:13:54.917 WARN   Wiring.write_wire_scope: net not found
2026-10-07 02:13:54.917 WARN   Wiring.write_wire_scope: net not found
2026-10-07 02:13:54.917 WARN   Wiring.write_wire_scope: net not found
2026-10-07 02:13:54.917 WARN   Wiring.write_wire_scope: net not found
2026-10-07 02:13:54.917 WARN   Wiring.write_wire_scope: net not found
2026-10-07 02:13:54.917 WARN   Wiring.write_wire_scope: net not found
2026-10-07 02:13:54.917 WARN   Wiring.write_wire_scope: net not found
2026-10-07 02:13:54.917 WARN   Wiring.write_wire_scope: net not found
2026-10-07 02:13:54.917 WARN   Wiring.write_wire_scope: net not found
2026-10-07 02:13:54.917 WARN   Wiring.write_wire_scope: net not found
2026-10-07 02:13:54.917 WARN   Wiring.write_wire_scope: net not found
2026-10-07 02:13:54.921 INFO   [76CBC8\F0E894] Fanout pass #2 on board 'de8a39d780d71c6305e89e80e17f3daf' completed in 0.21 seconds with 1 SMD pin fanouted, 10 not routed, 0 insert errors, +1 extra via (0 SMD pins still to check in pass, ripup costs=200).
2026-10-07 02:13:54.947 WARN   Wiring.write_wire_scope: net not found
2026-10-07 02:13:54.947 WARN   Wiring.write_wire_scope: net not found
2026-10-07 02:13:54.947 WARN   Wiring.write_wire_scope: net not found
2026-10-07 02:13:54.947 WARN   Wiring.write_wire_scope: net not found
2026-10-07 02:13:54.947 WARN   Wiring.write_wire_scope: net not found
2026-10-07 02:13:54.947 WARN   Wiring.write_wire_scope: net not found
2026-10-07 02:13:54.947 WARN   Wiring.write_wire_scope: net not found
2026-10-07 02:13:54.947 WARN   Wiring.write_wire_scope: net not found
2026-10-07 02:13:54.947 WARN   Wiring.write_wire_scope: net not found
2026-10-07 02:13:54.947 WARN   Wiring.write_wire_scope: net not found
2026-10-07 02:13:54.947 WARN   Wiring.write_wire_scope: net not found
2026-10-07 02:13:54.947 WARN   Wiring.write_wire_scope: net not found
2026-10-07 02:13:54.947 WARN   Wiring.write_wire_scope: net not found
2026-10-07 02:13:54.947 WARN   Wiring.write_wire_scope: net not found
2026-10-07 02:13:54.947 WARN   Wiring.write_wire_scope: net not found
2026-10-07 02:13:54.947 WARN   Wiring.write_wire_scope: net not found
2026-10-07 02:13:54.947 WARN   Wiring.write_wire_scope: net not found
2026-10-07 02:13:54.947 WARN   Wiring.write_wire_scope: net not found
2026-10-07 02:13:54.947 WARN   Wiring.write_wire_scope: net not found
2026-10-07 02:13:54.947 WARN   Wiring.write_wire_scope: net not found
2026-10-07 02:13:54.981 WARN   Wiring.write_wire_scope: net not found
2026-10-07 02:13:54.981 WARN   Wiring.write_wire_scope: net not found
2026-10-07 02:13:54.981 WARN   Wiring.write_wire_scope: net not found
2026-10-07 02:13:54.981 WARN   Wiring.write_wire_scope: net not found
2026-10-07 02:13:54.981 WARN   Wiring.write_wire_scope: net not found
2026-10-07 02:13:54.981 WARN   Wiring.write_wire_scope: net not found
2026-10-07 02:13:54.981 WARN   Wiring.write_wire_scope: net not found
2026-10-07 02:13:54.981 WARN   Wiring.write_wire_scope: net not found
2026-10-07 02:13:54.981 WARN   Wiring.write_wire_scope: net not found
2026-10-07 02:13:54.981 WARN   Wiring.write_wire_scope: net not found
2026-10-07 02:13:54.981 WARN   Wiring.write_wire_scope: net not found
2026-10-07 02:13:54.981 WARN   Wiring.write_wire_scope: net not found
2026-10-07 02:13:54.981 WARN   Wiring.write_wire_scope: net not found
2026-10-07 02:13:54.981 WARN   Wiring.write_wire_scope: net not found
2026-10-07 02:13:54.981 WARN   Wiring.write_wire_scope: net not found
2026-10-07 02:13:54.981 WARN   Wiring.write_wire_scope: net not found
2026-10-07 02:13:54.981 WARN   Wiring.write_wire_scope: net not found
2026-10-07 02:13:54.981 WARN   Wiring.write_wire_scope: net not found
2026-10-07 02:13:54.981 WARN   Wiring.write_wire_scope: net not found
2026-10-07 02:13:54.981 WARN   Wiring.write_wire_scope: net not found
2026-10-07 02:13:55.006 WARN   Wiring.write_wire_scope: net not found
2026-10-07 02:13:55.006 WARN   Wiring.write_wire_scope: net not found
2026-10-07 02:13:55.006 WARN   Wiring.write_wire_scope: net not found
2026-10-07 02:13:55.006 WARN   Wiring.write_wire_scope: net not found
2026-10-07 02:13:55.006 WARN   Wiring.write_wire_scope: net not found
2026-10-07 02:13:55.006 WARN   Wiring.write_wire_scope: net not found
2026-10-07 02:13:55.006 WARN   Wiring.write_wire_scope: net not found
2026-10-07 02:13:55.006 WARN   Wiring.write_wire_scope: net not found
2026-10-07 02:13:55.006 WARN   Wiring.write_wire_scope: net not found
2026-10-07 02:13:55.006 WARN   Wiring.write_wire_scope: net not found
2026-10-07 02:13:55.006 WARN   Wiring.write_wire_scope: net not found
2026-10-07 02:13:55.006 WARN   Wiring.write_wire_scope: net not found
2026-10-07 02:13:55.006 WARN   Wiring.write_wire_scope: net not found
2026-10-07 02:13:55.006 WARN   Wiring.write_wire_scope: net not found
2026-10-07 02:13:55.006 WARN   Wiring.write_wire_scope: net not found
2026-10-07 02:13:55.006 WARN   Wiring.write_wire_scope: net not found
2026-10-07 02:13:55.006 WARN   Wiring.write_wire_scope: net not found
2026-10-07 02:13:55.006 WARN   Wiring.write_wire_scope: net not found
2026-10-07 02:13:55.006 WARN   Wiring.write_wire_scope: net not found
2026-10-07 02:13:55.006 WARN   Wiring.write_wire_scope: net not found
2026-10-07 02:13:55.010 INFO   [76CBC8\F0E894] Fanout pass #3 on board 'de8a39d780d71c6305e89e80e17f3daf' completed in 0.06 seconds with 0 SMD pins fanouted, 1 not routed, 0 insert errors, +0 extra vias (0 SMD pins still to check in pass, ripup costs=300).
2026-10-07 02:13:55.012 INFO   [76CBC8\F0E894] Fanout stage completed: started with 24 total SMD pins, completed in 0.78 seconds, escaped pins: 13/24 (54.2%), using 0.78 total CPU seconds, 0.48 GB total allocated, and 236.9 MB peak heap usage.
2026-10-07 02:13:55.075 INFO   [76CBC8\F0E894] Auto-routing stage started on board 'de8a39d780d71c6305e89e80e17f3daf' with baseline score 212.18 for 17 unrouted items.
2026-10-07 02:13:55.149 WARN   Wiring.write_wire_scope: net not found
2026-10-07 02:13:55.149 WARN   Wiring.write_wire_scope: net not found
2026-10-07 02:13:55.149 WARN   Wiring.write_wire_scope: net not found
2026-10-07 02:13:55.149 WARN   Wiring.write_wire_scope: net not found
2026-10-07 02:13:55.149 WARN   Wiring.write_wire_scope: net not found
2026-10-07 02:13:55.149 WARN   Wiring.write_wire_scope: net not found
2026-10-07 02:13:55.149 WARN   Wiring.write_wire_scope: net not found
2026-10-07 02:13:55.149 WARN   Wiring.write_wire_scope: net not found
2026-10-07 02:13:55.149 WARN   Wiring.write_wire_scope: net not found
2026-10-07 02:13:55.149 WARN   Wiring.write_wire_scope: net not found
2026-10-07 02:13:55.149 WARN   Wiring.write_wire_scope: net not found
2026-10-07 02:13:55.149 WARN   Wiring.write_wire_scope: net not found
2026-10-07 02:13:55.149 WARN   Wiring.write_wire_scope: net not found
2026-10-07 02:13:55.149 WARN   Wiring.write_wire_scope: net not found
2026-10-07 02:13:55.149 WARN   Wiring.write_wire_scope: net not found
2026-10-07 02:13:55.149 WARN   Wiring.write_wire_scope: net not found
2026-10-07 02:13:55.149 WARN   Wiring.write_wire_scope: net not found
2026-10-07 02:13:55.149 WARN   Wiring.write_wire_scope: net not found
2026-10-07 02:13:55.149 WARN   Wiring.write_wire_scope: net not found
2026-10-07 02:13:55.149 WARN   Wiring.write_wire_scope: net not found
2026-10-07 02:13:55.199 WARN   Wiring.write_wire_scope: net not found
2026-10-07 02:13:55.199 WARN   Wiring.write_wire_scope: net not found
2026-10-07 02:13:55.199 WARN   Wiring.write_wire_scope: net not found
2026-10-07 02:13:55.199 WARN   Wiring.write_wire_scope: net not found
2026-10-07 02:13:55.199 WARN   Wiring.write_wire_scope: net not found
2026-10-07 02:13:55.199 WARN   Wiring.write_wire_scope: net not found
2026-10-07 02:13:55.199 WARN   Wiring.write_wire_scope: net not found
2026-10-07 02:13:55.199 WARN   Wiring.write_wire_scope: net not found
2026-10-07 02:13:55.199 WARN   Wiring.write_wire_scope: net not found
2026-10-07 02:13:55.199 WARN   Wiring.write_wire_scope: net not found
2026-10-07 02:13:55.199 WARN   Wiring.write_wire_scope: net not found
2026-10-07 02:13:55.199 WARN   Wiring.write_wire_scope: net not found
2026-10-07 02:13:55.199 WARN   Wiring.write_wire_scope: net not found
2026-10-07 02:13:55.199 WARN   Wiring.write_wire_scope: net not found
2026-10-07 02:13:55.199 WARN   Wiring.write_wire_scope: net not found
2026-10-07 02:13:55.199 WARN   Wiring.write_wire_scope: net not found
2026-10-07 02:13:55.199 WARN   Wiring.write_wire_scope: net not found
2026-10-07 02:13:55.199 WARN   Wiring.write_wire_scope: net not found
2026-10-07 02:13:55.199 WARN   Wiring.write_wire_scope: net not found
2026-10-07 02:13:55.199 WARN   Wiring.write_wire_scope: net not found
2026-10-07 02:13:57.746 WARN   Wiring.write_wire_scope: net not found
2026-10-07 02:13:57.746 WARN   Wiring.write_wire_scope: net not found
2026-10-07 02:13:57.746 WARN   Wiring.write_wire_scope: net not found
2026-10-07 02:13:57.746 WARN   Wiring.write_wire_scope: net not found
2026-10-07 02:13:57.746 WARN   Wiring.write_wire_scope: net not found
2026-10-07 02:13:57.746 WARN   Wiring.write_wire_scope: net not found
2026-10-07 02:13:57.746 WARN   Wiring.write_wire_scope: net not found
2026-10-07 02:13:57.746 WARN   Wiring.write_wire_scope: net not found
2026-10-07 02:13:57.746 WARN   Wiring.write_wire_scope: net not found
2026-10-07 02:13:57.746 WARN   Wiring.write_wire_scope: net not found
2026-10-07 02:13:57.746 WARN   Wiring.write_wire_scope: net not found
2026-10-07 02:13:57.746 WARN   Wiring.write_wire_scope: net not found
2026-10-07 02:13:57.746 WARN   Wiring.write_wire_scope: net not found
2026-10-07 02:13:57.746 WARN   Wiring.write_wire_scope: net not found
2026-10-07 02:13:57.746 WARN   Wiring.write_wire_scope: net not found
2026-10-07 02:13:57.746 WARN   Wiring.write_wire_scope: net not found
2026-10-07 02:13:57.746 WARN   Wiring.write_wire_scope: net not found
2026-10-07 02:13:57.746 WARN   Wiring.write_wire_scope: net not found
2026-10-07 02:13:57.746 WARN   Wiring.write_wire_scope: net not found
2026-10-07 02:13:57.746 WARN   Wiring.write_wire_scope: net not found
2026-10-07 02:14:00.226 WARN   Wiring.write_wire_scope: net not found
2026-10-07 02:14:00.226 WARN   Wiring.write_wire_scope: net not found
2026-10-07 02:14:00.226 WARN   Wiring.write_wire_scope: net not found
2026-10-07 02:14:00.226 WARN   Wiring.write_wire_scope: net not found
2026-10-07 02:14:00.226 WARN   Wiring.write_wire_scope: net not found
2026-10-07 02:14:00.226 WARN   Wiring.write_wire_scope: net not found
2026-10-07 02:14:00.226 WARN   Wiring.write_wire_scope: net not found
2026-10-07 02:14:00.226 WARN   Wiring.write_wire_scope: net not found
2026-10-07 02:14:00.226 WARN   Wiring.write_wire_scope: net not found
2026-10-07 02:14:00.226 WARN   Wiring.write_wire_scope: net not found
2026-10-07 02:14:00.226 WARN   Wiring.write_wire_scope: net not found
2026-10-07 02:14:00.226 WARN   Wiring.write_wire_scope: net not found
2026-10-07 02:14:00.226 WARN   Wiring.write_wire_scope: net not found
2026-10-07 02:14:00.226 WARN   Wiring.write_wire_scope: net not found
2026-10-07 02:14:00.226 WARN   Wiring.write_wire_scope: net not found
2026-10-07 02:14:00.226 WARN   Wiring.write_wire_scope: net not found
2026-10-07 02:14:00.226 WARN   Wiring.write_wire_scope: net not found
2026-10-07 02:14:00.226 WARN   Wiring.write_wire_scope: net not found
2026-10-07 02:14:00.226 WARN   Wiring.write_wire_scope: net not found
2026-10-07 02:14:00.226 WARN   Wiring.write_wire_scope: net not found
2026-10-07 02:14:00.277 WARN   Wiring.write_wire_scope: net not found
2026-10-07 02:14:00.277 WARN   Wiring.write_wire_scope: net not found
2026-10-07 02:14:00.277 WARN   Wiring.write_wire_scope: net not found
2026-10-07 02:14:00.277 WARN   Wiring.write_wire_scope: net not found
2026-10-07 02:14:00.277 WARN   Wiring.write_wire_scope: net not found
2026-10-07 02:14:00.277 WARN   Wiring.write_wire_scope: net not found
2026-10-07 02:14:00.277 WARN   Wiring.write_wire_scope: net not found
2026-10-07 02:14:00.277 WARN   Wiring.write_wire_scope: net not found
2026-10-07 02:14:00.277 WARN   Wiring.write_wire_scope: net not found
2026-10-07 02:14:00.277 WARN   Wiring.write_wire_scope: net not found
2026-10-07 02:14:00.277 WARN   Wiring.write_wire_scope: net not found
2026-10-07 02:14:00.277 WARN   Wiring.write_wire_scope: net not found
2026-10-07 02:14:00.277 WARN   Wiring.write_wire_scope: net not found
2026-10-07 02:14:00.277 WARN   Wiring.write_wire_scope: net not found
2026-10-07 02:14:00.277 WARN   Wiring.write_wire_scope: net not found
2026-10-07 02:14:00.277 WARN   Wiring.write_wire_scope: net not found
2026-10-07 02:14:00.277 WARN   Wiring.write_wire_scope: net not found
2026-10-07 02:14:00.277 WARN   Wiring.write_wire_scope: net not found
2026-10-07 02:14:00.277 WARN   Wiring.write_wire_scope: net not found
2026-10-07 02:14:00.277 WARN   Wiring.write_wire_scope: net not found
2026-10-07 02:14:00.298 INFO   [76CBC8\F0E894] Auto-routing pass #1 on board 'de8a39d780d71c6305e89e80e17f3daf' was completed in 5.18 seconds with score 465.51 (10 unrouted and 54 violations), using 5.81 CPU seconds and the job allocated 7.33 GB of memory so far.
2026-10-07 02:14:00.371 INFO   [76CBC8\F0E894] Auto-routing stage completed: started with 25 unrouted nets, completed in 6.18 seconds, final score: 465.51 (10 unrouted and 54 violations), using 5.81 total CPU seconds, 7.33 GB total allocated, and 442.9 MB peak heap usage.
2026-10-07 02:14:00.401 INFO   [76CBC8\F0E894] Skipping optimization stage: the board has 10 unrouted connection(s) (optimizer only runs on completely routed boards).
2026-10-07 02:14:00.423 WARN   Wiring.write_wire_scope: net not found
2026-10-07 02:14:00.423 WARN   Wiring.write_wire_scope: net not found
2026-10-07 02:14:00.423 WARN   Wiring.write_wire_scope: net not found
2026-10-07 02:14:00.423 WARN   Wiring.write_wire_scope: net not found
2026-10-07 02:14:00.423 WARN   Wiring.write_wire_scope: net not found
2026-10-07 02:14:00.423 WARN   Wiring.write_wire_scope: net not found
2026-10-07 02:14:00.423 WARN   Wiring.write_wire_scope: net not found
2026-10-07 02:14:00.423 WARN   Wiring.write_wire_scope: net not found
2026-10-07 02:14:00.423 WARN   Wiring.write_wire_scope: net not found
2026-10-07 02:14:00.423 WARN   Wiring.write_wire_scope: net not found
2026-10-07 02:14:00.423 WARN   Wiring.write_wire_scope: net not found
2026-10-07 02:14:00.423 WARN   Wiring.write_wire_scope: net not found
2026-10-07 02:14:00.423 WARN   Wiring.write_wire_scope: net not found
2026-10-07 02:14:00.423 WARN   Wiring.write_wire_scope: net not found
2026-10-07 02:14:00.423 WARN   Wiring.write_wire_scope: net not found
2026-10-07 02:14:00.423 WARN   Wiring.write_wire_scope: net not found
2026-10-07 02:14:00.423 WARN   Wiring.write_wire_scope: net not found
2026-10-07 02:14:00.423 WARN   Wiring.write_wire_scope: net not found
2026-10-07 02:14:00.423 WARN   Wiring.write_wire_scope: net not found
2026-10-07 02:14:00.423 WARN   Wiring.write_wire_scope: net not found
2026-10-07 02:14:00.425 INFO   [76CBC8\F0E894] Job '76CBC8\F0E894' finished with state: COMPLETED (elapsed: 6.39 seconds, finished at UTC: 2026-10-06T15:14:00.424257081Z).
2026-10-07 02:14:00.438 INFO   Saving output file '/home/chithi/Desktop/DesktopSpeaker/ai-files/pcb/work-p1/C3-c2.ses' (SES)...
2026-10-07 02:14:00.440 INFO   Successfully saved output file '/home/chithi/Desktop/DesktopSpeaker/ai-files/pcb/work-p1/C3-c2.ses' (25572 bytes).
