2026-10-07 02:14:22.566 INFO   Freerouting v2.5.0 (build-date: 2026-10-05)
2026-10-07 02:14:22.844 INFO   Hardware: 24 CPU cores, 557 CPU score, 16056 MB RAM
2026-10-07 02:14:22.844 WARN   Deprecated settings path '-mp / --router.max_passes'; use '--router.autorouter.max_passes' instead. The old path will be removed in a future release.
2026-10-07 02:14:22.844 WARN   Couldn't get screen resolution. If you are running in a headless environment, disable the GUI by setting gui.enabled to false.
2026-10-07 02:14:23.878 WARN   Deprecated settings path 'router.max_passes'; use 'router.autorouter.max_passes' instead. The old path will be removed in a future release.
2026-10-07 02:14:24.142 INFO   [F0C5DD\6C16EF] Loading board file 'K1-c2.dsn'...
2026-10-07 02:14:24.410 INFO   [F0C5DD\6C16EF] Job 'F0C5DD\6C16EF' started at 2026-10-06T15:14:24.410450517Z.
2026-10-07 02:14:24.477 WARN   Wiring.write_wire_scope: net not found
2026-10-07 02:14:24.477 WARN   Wiring.write_wire_scope: net not found
2026-10-07 02:14:24.477 WARN   Wiring.write_wire_scope: net not found
2026-10-07 02:14:24.477 WARN   Wiring.write_wire_scope: net not found
2026-10-07 02:14:24.477 WARN   Wiring.write_wire_scope: net not found
2026-10-07 02:14:24.477 WARN   Wiring.write_wire_scope: net not found
2026-10-07 02:14:24.477 WARN   Wiring.write_wire_scope: net not found
2026-10-07 02:14:24.478 WARN   Wiring.write_wire_scope: net not found
2026-10-07 02:14:24.478 WARN   Wiring.write_wire_scope: net not found
2026-10-07 02:14:24.478 WARN   Wiring.write_wire_scope: net not found
2026-10-07 02:14:24.478 WARN   Wiring.write_wire_scope: net not found
2026-10-07 02:14:24.478 WARN   Wiring.write_wire_scope: net not found
2026-10-07 02:14:24.478 WARN   Wiring.write_wire_scope: net not found
2026-10-07 02:14:24.478 WARN   Wiring.write_wire_scope: net not found
2026-10-07 02:14:24.478 WARN   Wiring.write_wire_scope: net not found
2026-10-07 02:14:24.478 WARN   Wiring.write_wire_scope: net not found
2026-10-07 02:14:24.478 WARN   Wiring.write_wire_scope: net not found
2026-10-07 02:14:24.478 WARN   Wiring.write_wire_scope: net not found
2026-10-07 02:14:24.478 WARN   Wiring.write_wire_scope: net not found
2026-10-07 02:14:24.478 WARN   Wiring.write_wire_scope: net not found
2026-10-07 02:14:24.478 WARN   Wiring.write_wire_scope: net not found
2026-10-07 02:14:24.478 WARN   Wiring.write_wire_scope: net not found
2026-10-07 02:14:24.479 WARN   Wiring.write_wire_scope: net not found
2026-10-07 02:14:24.479 WARN   Wiring.write_wire_scope: net not found
2026-10-07 02:14:24.479 WARN   Wiring.write_wire_scope: net not found
2026-10-07 02:14:24.479 WARN   Wiring.write_wire_scope: net not found
2026-10-07 02:14:24.479 WARN   Wiring.write_wire_scope: net not found
2026-10-07 02:14:24.479 WARN   Wiring.write_wire_scope: net not found
2026-10-07 02:14:24.479 WARN   Wiring.write_wire_scope: net not found
2026-10-07 02:14:24.479 WARN   Wiring.write_wire_scope: net not found
2026-10-07 02:14:24.479 WARN   Wiring.write_wire_scope: net not found
2026-10-07 02:14:24.479 WARN   Wiring.write_wire_scope: net not found
2026-10-07 02:14:24.533 WARN   Design Warning: Board has 72 pre-existing clearance violation(s) in the loaded design (before routing):
  - 72 unfixable violation(s) (cannot be resolved by Freerouting):
      * 10 pin-to-pin clearance violations (first 5 shown):
          - Q103.9 <-> Q103.8
          - Q103.9 <-> Q103.7
          - Q103.9 <-> Q103.6
          - Q103.9 <-> Q103.5
          - U25.21 <-> U25.20
          ... and 5 more
      * 62 fixed trace/via clearance violations (first 5 shown):
          - FixedTrace#2982 <-> R205.2
          - FixedTrace#2982 <-> FixedTrace#2981
          - FixedTrace#2982 <-> C211.1
          - FixedTrace#2981 <-> FixedTrace#2980
          - FixedTrace#2981 <-> U24.30
          ... and 57 more
  - 0 potentially fixable violations
Notice: Freerouting does not modify component placement, board outlines, or fixed items.
Resolving these 72 unfixable violation(s) is the responsibility of the board author in their EDA tool (e.g. KiCad).
2026-10-07 02:14:24.579 INFO   [F0C5DD\6C16EF] Pipeline thread limits: autorouter pass is single-threaded, optimizer.max_threads=23.
2026-10-07 02:14:24.659 INFO   [F0C5DD\6C16EF] Fanout stage started on board 'd5945f1c12b0c95fed8ae98671fe4662' with 25 of 1066 SMD pins needing fanout (0 already connected, 1041 netless).
2026-10-07 02:14:24.729 WARN   Wiring.write_wire_scope: net not found
2026-10-07 02:14:24.730 WARN   Wiring.write_wire_scope: net not found
2026-10-07 02:14:24.730 WARN   Wiring.write_wire_scope: net not found
2026-10-07 02:14:24.730 WARN   Wiring.write_wire_scope: net not found
2026-10-07 02:14:24.730 WARN   Wiring.write_wire_scope: net not found
2026-10-07 02:14:24.730 WARN   Wiring.write_wire_scope: net not found
2026-10-07 02:14:24.730 WARN   Wiring.write_wire_scope: net not found
2026-10-07 02:14:24.730 WARN   Wiring.write_wire_scope: net not found
2026-10-07 02:14:24.730 WARN   Wiring.write_wire_scope: net not found
2026-10-07 02:14:24.730 WARN   Wiring.write_wire_scope: net not found
2026-10-07 02:14:24.730 WARN   Wiring.write_wire_scope: net not found
2026-10-07 02:14:24.730 WARN   Wiring.write_wire_scope: net not found
2026-10-07 02:14:24.730 WARN   Wiring.write_wire_scope: net not found
2026-10-07 02:14:24.730 WARN   Wiring.write_wire_scope: net not found
2026-10-07 02:14:24.731 WARN   Wiring.write_wire_scope: net not found
2026-10-07 02:14:24.731 WARN   Wiring.write_wire_scope: net not found
2026-10-07 02:14:24.731 WARN   Wiring.write_wire_scope: net not found
2026-10-07 02:14:24.731 WARN   Wiring.write_wire_scope: net not found
2026-10-07 02:14:24.731 WARN   Wiring.write_wire_scope: net not found
2026-10-07 02:14:24.731 WARN   Wiring.write_wire_scope: net not found
2026-10-07 02:14:24.731 WARN   Wiring.write_wire_scope: net not found
2026-10-07 02:14:24.731 WARN   Wiring.write_wire_scope: net not found
2026-10-07 02:14:24.731 WARN   Wiring.write_wire_scope: net not found
2026-10-07 02:14:24.731 WARN   Wiring.write_wire_scope: net not found
2026-10-07 02:14:24.731 WARN   Wiring.write_wire_scope: net not found
2026-10-07 02:14:24.731 WARN   Wiring.write_wire_scope: net not found
2026-10-07 02:14:24.731 WARN   Wiring.write_wire_scope: net not found
2026-10-07 02:14:24.731 WARN   Wiring.write_wire_scope: net not found
2026-10-07 02:14:24.731 WARN   Wiring.write_wire_scope: net not found
2026-10-07 02:14:24.731 WARN   Wiring.write_wire_scope: net not found
2026-10-07 02:14:24.731 WARN   Wiring.write_wire_scope: net not found
2026-10-07 02:14:24.731 WARN   Wiring.write_wire_scope: net not found
2026-10-07 02:14:24.946 WARN   Wiring.write_wire_scope: net not found
2026-10-07 02:14:24.946 WARN   Wiring.write_wire_scope: net not found
2026-10-07 02:14:24.946 WARN   Wiring.write_wire_scope: net not found
2026-10-07 02:14:24.946 WARN   Wiring.write_wire_scope: net not found
2026-10-07 02:14:24.946 WARN   Wiring.write_wire_scope: net not found
2026-10-07 02:14:24.946 WARN   Wiring.write_wire_scope: net not found
2026-10-07 02:14:24.946 WARN   Wiring.write_wire_scope: net not found
2026-10-07 02:14:24.946 WARN   Wiring.write_wire_scope: net not found
2026-10-07 02:14:24.946 WARN   Wiring.write_wire_scope: net not found
2026-10-07 02:14:24.946 WARN   Wiring.write_wire_scope: net not found
2026-10-07 02:14:24.946 WARN   Wiring.write_wire_scope: net not found
2026-10-07 02:14:24.946 WARN   Wiring.write_wire_scope: net not found
2026-10-07 02:14:24.946 WARN   Wiring.write_wire_scope: net not found
2026-10-07 02:14:24.946 WARN   Wiring.write_wire_scope: net not found
2026-10-07 02:14:24.946 WARN   Wiring.write_wire_scope: net not found
2026-10-07 02:14:24.946 WARN   Wiring.write_wire_scope: net not found
2026-10-07 02:14:24.946 WARN   Wiring.write_wire_scope: net not found
2026-10-07 02:14:24.946 WARN   Wiring.write_wire_scope: net not found
2026-10-07 02:14:24.946 WARN   Wiring.write_wire_scope: net not found
2026-10-07 02:14:24.946 WARN   Wiring.write_wire_scope: net not found
2026-10-07 02:14:24.947 WARN   Wiring.write_wire_scope: net not found
2026-10-07 02:14:24.947 WARN   Wiring.write_wire_scope: net not found
2026-10-07 02:14:24.947 WARN   Wiring.write_wire_scope: net not found
2026-10-07 02:14:24.947 WARN   Wiring.write_wire_scope: net not found
2026-10-07 02:14:24.947 WARN   Wiring.write_wire_scope: net not found
2026-10-07 02:14:24.947 WARN   Wiring.write_wire_scope: net not found
2026-10-07 02:14:24.947 WARN   Wiring.write_wire_scope: net not found
2026-10-07 02:14:24.947 WARN   Wiring.write_wire_scope: net not found
2026-10-07 02:14:24.947 WARN   Wiring.write_wire_scope: net not found
2026-10-07 02:14:24.947 WARN   Wiring.write_wire_scope: net not found
2026-10-07 02:14:24.947 WARN   Wiring.write_wire_scope: net not found
2026-10-07 02:14:24.947 WARN   Wiring.write_wire_scope: net not found
2026-10-07 02:14:25.284 WARN   Wiring.write_wire_scope: net not found
2026-10-07 02:14:25.285 WARN   Wiring.write_wire_scope: net not found
2026-10-07 02:14:25.285 WARN   Wiring.write_wire_scope: net not found
2026-10-07 02:14:25.285 WARN   Wiring.write_wire_scope: net not found
2026-10-07 02:14:25.285 WARN   Wiring.write_wire_scope: net not found
2026-10-07 02:14:25.285 WARN   Wiring.write_wire_scope: net not found
2026-10-07 02:14:25.285 WARN   Wiring.write_wire_scope: net not found
2026-10-07 02:14:25.285 WARN   Wiring.write_wire_scope: net not found
2026-10-07 02:14:25.285 WARN   Wiring.write_wire_scope: net not found
2026-10-07 02:14:25.285 WARN   Wiring.write_wire_scope: net not found
2026-10-07 02:14:25.285 WARN   Wiring.write_wire_scope: net not found
2026-10-07 02:14:25.285 WARN   Wiring.write_wire_scope: net not found
2026-10-07 02:14:25.285 WARN   Wiring.write_wire_scope: net not found
2026-10-07 02:14:25.285 WARN   Wiring.write_wire_scope: net not found
2026-10-07 02:14:25.285 WARN   Wiring.write_wire_scope: net not found
2026-10-07 02:14:25.285 WARN   Wiring.write_wire_scope: net not found
2026-10-07 02:14:25.285 WARN   Wiring.write_wire_scope: net not found
2026-10-07 02:14:25.285 WARN   Wiring.write_wire_scope: net not found
2026-10-07 02:14:25.285 WARN   Wiring.write_wire_scope: net not found
2026-10-07 02:14:25.285 WARN   Wiring.write_wire_scope: net not found
2026-10-07 02:14:25.285 WARN   Wiring.write_wire_scope: net not found
2026-10-07 02:14:25.285 WARN   Wiring.write_wire_scope: net not found
2026-10-07 02:14:25.285 WARN   Wiring.write_wire_scope: net not found
2026-10-07 02:14:25.285 WARN   Wiring.write_wire_scope: net not found
2026-10-07 02:14:25.285 WARN   Wiring.write_wire_scope: net not found
2026-10-07 02:14:25.285 WARN   Wiring.write_wire_scope: net not found
2026-10-07 02:14:25.286 WARN   Wiring.write_wire_scope: net not found
2026-10-07 02:14:25.286 WARN   Wiring.write_wire_scope: net not found
2026-10-07 02:14:25.286 WARN   Wiring.write_wire_scope: net not found
2026-10-07 02:14:25.286 WARN   Wiring.write_wire_scope: net not found
2026-10-07 02:14:25.286 WARN   Wiring.write_wire_scope: net not found
2026-10-07 02:14:25.286 WARN   Wiring.write_wire_scope: net not found
2026-10-07 02:14:25.290 INFO   [F0C5DD\6C16EF] Fanout pass #1 on board '63eb3653a5596d9bcd2cecf570eace9e' completed in 0.58 seconds with 11 SMD pins fanouted, 12 not routed, 0 insert errors, +0 extra vias (0 SMD pins still to check in pass, ripup costs=100).
2026-10-07 02:14:25.324 WARN   Wiring.write_wire_scope: net not found
2026-10-07 02:14:25.324 WARN   Wiring.write_wire_scope: net not found
2026-10-07 02:14:25.324 WARN   Wiring.write_wire_scope: net not found
2026-10-07 02:14:25.324 WARN   Wiring.write_wire_scope: net not found
2026-10-07 02:14:25.324 WARN   Wiring.write_wire_scope: net not found
2026-10-07 02:14:25.324 WARN   Wiring.write_wire_scope: net not found
2026-10-07 02:14:25.324 WARN   Wiring.write_wire_scope: net not found
2026-10-07 02:14:25.324 WARN   Wiring.write_wire_scope: net not found
2026-10-07 02:14:25.324 WARN   Wiring.write_wire_scope: net not found
2026-10-07 02:14:25.324 WARN   Wiring.write_wire_scope: net not found
2026-10-07 02:14:25.324 WARN   Wiring.write_wire_scope: net not found
2026-10-07 02:14:25.324 WARN   Wiring.write_wire_scope: net not found
2026-10-07 02:14:25.324 WARN   Wiring.write_wire_scope: net not found
2026-10-07 02:14:25.324 WARN   Wiring.write_wire_scope: net not found
2026-10-07 02:14:25.324 WARN   Wiring.write_wire_scope: net not found
2026-10-07 02:14:25.324 WARN   Wiring.write_wire_scope: net not found
2026-10-07 02:14:25.324 WARN   Wiring.write_wire_scope: net not found
2026-10-07 02:14:25.324 WARN   Wiring.write_wire_scope: net not found
2026-10-07 02:14:25.324 WARN   Wiring.write_wire_scope: net not found
2026-10-07 02:14:25.324 WARN   Wiring.write_wire_scope: net not found
2026-10-07 02:14:25.324 WARN   Wiring.write_wire_scope: net not found
2026-10-07 02:14:25.324 WARN   Wiring.write_wire_scope: net not found
2026-10-07 02:14:25.324 WARN   Wiring.write_wire_scope: net not found
2026-10-07 02:14:25.324 WARN   Wiring.write_wire_scope: net not found
2026-10-07 02:14:25.324 WARN   Wiring.write_wire_scope: net not found
2026-10-07 02:14:25.324 WARN   Wiring.write_wire_scope: net not found
2026-10-07 02:14:25.324 WARN   Wiring.write_wire_scope: net not found
2026-10-07 02:14:25.324 WARN   Wiring.write_wire_scope: net not found
2026-10-07 02:14:25.324 WARN   Wiring.write_wire_scope: net not found
2026-10-07 02:14:25.324 WARN   Wiring.write_wire_scope: net not found
2026-10-07 02:14:25.324 WARN   Wiring.write_wire_scope: net not found
2026-10-07 02:14:25.324 WARN   Wiring.write_wire_scope: net not found
2026-10-07 02:14:25.368 WARN   Wiring.write_wire_scope: net not found
2026-10-07 02:14:25.368 WARN   Wiring.write_wire_scope: net not found
2026-10-07 02:14:25.368 WARN   Wiring.write_wire_scope: net not found
2026-10-07 02:14:25.368 WARN   Wiring.write_wire_scope: net not found
2026-10-07 02:14:25.368 WARN   Wiring.write_wire_scope: net not found
2026-10-07 02:14:25.368 WARN   Wiring.write_wire_scope: net not found
2026-10-07 02:14:25.368 WARN   Wiring.write_wire_scope: net not found
2026-10-07 02:14:25.368 WARN   Wiring.write_wire_scope: net not found
2026-10-07 02:14:25.368 WARN   Wiring.write_wire_scope: net not found
2026-10-07 02:14:25.368 WARN   Wiring.write_wire_scope: net not found
2026-10-07 02:14:25.368 WARN   Wiring.write_wire_scope: net not found
2026-10-07 02:14:25.368 WARN   Wiring.write_wire_scope: net not found
2026-10-07 02:14:25.368 WARN   Wiring.write_wire_scope: net not found
2026-10-07 02:14:25.368 WARN   Wiring.write_wire_scope: net not found
2026-10-07 02:14:25.368 WARN   Wiring.write_wire_scope: net not found
2026-10-07 02:14:25.368 WARN   Wiring.write_wire_scope: net not found
2026-10-07 02:14:25.368 WARN   Wiring.write_wire_scope: net not found
2026-10-07 02:14:25.368 WARN   Wiring.write_wire_scope: net not found
2026-10-07 02:14:25.369 WARN   Wiring.write_wire_scope: net not found
2026-10-07 02:14:25.369 WARN   Wiring.write_wire_scope: net not found
2026-10-07 02:14:25.369 WARN   Wiring.write_wire_scope: net not found
2026-10-07 02:14:25.369 WARN   Wiring.write_wire_scope: net not found
2026-10-07 02:14:25.369 WARN   Wiring.write_wire_scope: net not found
2026-10-07 02:14:25.369 WARN   Wiring.write_wire_scope: net not found
2026-10-07 02:14:25.369 WARN   Wiring.write_wire_scope: net not found
2026-10-07 02:14:25.369 WARN   Wiring.write_wire_scope: net not found
2026-10-07 02:14:25.369 WARN   Wiring.write_wire_scope: net not found
2026-10-07 02:14:25.369 WARN   Wiring.write_wire_scope: net not found
2026-10-07 02:14:25.369 WARN   Wiring.write_wire_scope: net not found
2026-10-07 02:14:25.369 WARN   Wiring.write_wire_scope: net not found
2026-10-07 02:14:25.369 WARN   Wiring.write_wire_scope: net not found
2026-10-07 02:14:25.369 WARN   Wiring.write_wire_scope: net not found
2026-10-07 02:14:25.458 WARN   Wiring.write_wire_scope: net not found
2026-10-07 02:14:25.458 WARN   Wiring.write_wire_scope: net not found
2026-10-07 02:14:25.458 WARN   Wiring.write_wire_scope: net not found
2026-10-07 02:14:25.458 WARN   Wiring.write_wire_scope: net not found
2026-10-07 02:14:25.458 WARN   Wiring.write_wire_scope: net not found
2026-10-07 02:14:25.458 WARN   Wiring.write_wire_scope: net not found
2026-10-07 02:14:25.458 WARN   Wiring.write_wire_scope: net not found
2026-10-07 02:14:25.458 WARN   Wiring.write_wire_scope: net not found
2026-10-07 02:14:25.458 WARN   Wiring.write_wire_scope: net not found
2026-10-07 02:14:25.458 WARN   Wiring.write_wire_scope: net not found
2026-10-07 02:14:25.458 WARN   Wiring.write_wire_scope: net not found
2026-10-07 02:14:25.458 WARN   Wiring.write_wire_scope: net not found
2026-10-07 02:14:25.458 WARN   Wiring.write_wire_scope: net not found
2026-10-07 02:14:25.459 WARN   Wiring.write_wire_scope: net not found
2026-10-07 02:14:25.459 WARN   Wiring.write_wire_scope: net not found
2026-10-07 02:14:25.459 WARN   Wiring.write_wire_scope: net not found
2026-10-07 02:14:25.459 WARN   Wiring.write_wire_scope: net not found
2026-10-07 02:14:25.459 WARN   Wiring.write_wire_scope: net not found
2026-10-07 02:14:25.459 WARN   Wiring.write_wire_scope: net not found
2026-10-07 02:14:25.459 WARN   Wiring.write_wire_scope: net not found
2026-10-07 02:14:25.459 WARN   Wiring.write_wire_scope: net not found
2026-10-07 02:14:25.459 WARN   Wiring.write_wire_scope: net not found
2026-10-07 02:14:25.459 WARN   Wiring.write_wire_scope: net not found
2026-10-07 02:14:25.459 WARN   Wiring.write_wire_scope: net not found
2026-10-07 02:14:25.459 WARN   Wiring.write_wire_scope: net not found
2026-10-07 02:14:25.459 WARN   Wiring.write_wire_scope: net not found
2026-10-07 02:14:25.459 WARN   Wiring.write_wire_scope: net not found
2026-10-07 02:14:25.459 WARN   Wiring.write_wire_scope: net not found
2026-10-07 02:14:25.459 WARN   Wiring.write_wire_scope: net not found
2026-10-07 02:14:25.459 WARN   Wiring.write_wire_scope: net not found
2026-10-07 02:14:25.459 WARN   Wiring.write_wire_scope: net not found
2026-10-07 02:14:25.459 WARN   Wiring.write_wire_scope: net not found
2026-10-07 02:14:25.463 INFO   [F0C5DD\6C16EF] Fanout pass #2 on board '63eb3653a5596d9bcd2cecf570eace9e' completed in 0.14 seconds with 0 SMD pins fanouted, 6 not routed, 0 insert errors, +0 extra vias (0 SMD pins still to check in pass, ripup costs=200).
2026-10-07 02:14:25.467 INFO   [F0C5DD\6C16EF] Fanout stage completed: started with 25 total SMD pins, completed in 0.80 seconds, escaped pins: 15/25 (60.0%), using 0.80 total CPU seconds, 0.32 GB total allocated, and 277.2 MB peak heap usage.
2026-10-07 02:14:25.545 INFO   [F0C5DD\6C16EF] Auto-routing stage started on board '63eb3653a5596d9bcd2cecf570eace9e' with baseline score 269.96 for 16 unrouted items.
2026-10-07 02:14:25.654 WARN   Wiring.write_wire_scope: net not found
2026-10-07 02:14:25.654 WARN   Wiring.write_wire_scope: net not found
2026-10-07 02:14:25.654 WARN   Wiring.write_wire_scope: net not found
2026-10-07 02:14:25.654 WARN   Wiring.write_wire_scope: net not found
2026-10-07 02:14:25.654 WARN   Wiring.write_wire_scope: net not found
2026-10-07 02:14:25.654 WARN   Wiring.write_wire_scope: net not found
2026-10-07 02:14:25.654 WARN   Wiring.write_wire_scope: net not found
2026-10-07 02:14:25.654 WARN   Wiring.write_wire_scope: net not found
2026-10-07 02:14:25.654 WARN   Wiring.write_wire_scope: net not found
2026-10-07 02:14:25.654 WARN   Wiring.write_wire_scope: net not found
2026-10-07 02:14:25.654 WARN   Wiring.write_wire_scope: net not found
2026-10-07 02:14:25.654 WARN   Wiring.write_wire_scope: net not found
2026-10-07 02:14:25.654 WARN   Wiring.write_wire_scope: net not found
2026-10-07 02:14:25.654 WARN   Wiring.write_wire_scope: net not found
2026-10-07 02:14:25.654 WARN   Wiring.write_wire_scope: net not found
2026-10-07 02:14:25.654 WARN   Wiring.write_wire_scope: net not found
2026-10-07 02:14:25.654 WARN   Wiring.write_wire_scope: net not found
2026-10-07 02:14:25.654 WARN   Wiring.write_wire_scope: net not found
2026-10-07 02:14:25.654 WARN   Wiring.write_wire_scope: net not found
2026-10-07 02:14:25.654 WARN   Wiring.write_wire_scope: net not found
2026-10-07 02:14:25.654 WARN   Wiring.write_wire_scope: net not found
2026-10-07 02:14:25.654 WARN   Wiring.write_wire_scope: net not found
2026-10-07 02:14:25.654 WARN   Wiring.write_wire_scope: net not found
2026-10-07 02:14:25.654 WARN   Wiring.write_wire_scope: net not found
2026-10-07 02:14:25.654 WARN   Wiring.write_wire_scope: net not found
2026-10-07 02:14:25.654 WARN   Wiring.write_wire_scope: net not found
2026-10-07 02:14:25.654 WARN   Wiring.write_wire_scope: net not found
2026-10-07 02:14:25.654 WARN   Wiring.write_wire_scope: net not found
2026-10-07 02:14:25.654 WARN   Wiring.write_wire_scope: net not found
2026-10-07 02:14:25.654 WARN   Wiring.write_wire_scope: net not found
2026-10-07 02:14:25.654 WARN   Wiring.write_wire_scope: net not found
2026-10-07 02:14:25.654 WARN   Wiring.write_wire_scope: net not found
2026-10-07 02:14:25.695 WARN   Wiring.write_wire_scope: net not found
2026-10-07 02:14:25.696 WARN   Wiring.write_wire_scope: net not found
2026-10-07 02:14:25.696 WARN   Wiring.write_wire_scope: net not found
2026-10-07 02:14:25.696 WARN   Wiring.write_wire_scope: net not found
2026-10-07 02:14:25.696 WARN   Wiring.write_wire_scope: net not found
2026-10-07 02:14:25.696 WARN   Wiring.write_wire_scope: net not found
2026-10-07 02:14:25.696 WARN   Wiring.write_wire_scope: net not found
2026-10-07 02:14:25.696 WARN   Wiring.write_wire_scope: net not found
2026-10-07 02:14:25.696 WARN   Wiring.write_wire_scope: net not found
2026-10-07 02:14:25.696 WARN   Wiring.write_wire_scope: net not found
2026-10-07 02:14:25.696 WARN   Wiring.write_wire_scope: net not found
2026-10-07 02:14:25.696 WARN   Wiring.write_wire_scope: net not found
2026-10-07 02:14:25.696 WARN   Wiring.write_wire_scope: net not found
2026-10-07 02:14:25.696 WARN   Wiring.write_wire_scope: net not found
2026-10-07 02:14:25.696 WARN   Wiring.write_wire_scope: net not found
2026-10-07 02:14:25.696 WARN   Wiring.write_wire_scope: net not found
2026-10-07 02:14:25.696 WARN   Wiring.write_wire_scope: net not found
2026-10-07 02:14:25.696 WARN   Wiring.write_wire_scope: net not found
2026-10-07 02:14:25.696 WARN   Wiring.write_wire_scope: net not found
2026-10-07 02:14:25.696 WARN   Wiring.write_wire_scope: net not found
2026-10-07 02:14:25.696 WARN   Wiring.write_wire_scope: net not found
2026-10-07 02:14:25.696 WARN   Wiring.write_wire_scope: net not found
2026-10-07 02:14:25.696 WARN   Wiring.write_wire_scope: net not found
2026-10-07 02:14:25.696 WARN   Wiring.write_wire_scope: net not found
2026-10-07 02:14:25.696 WARN   Wiring.write_wire_scope: net not found
2026-10-07 02:14:25.696 WARN   Wiring.write_wire_scope: net not found
2026-10-07 02:14:25.696 WARN   Wiring.write_wire_scope: net not found
2026-10-07 02:14:25.696 WARN   Wiring.write_wire_scope: net not found
2026-10-07 02:14:25.696 WARN   Wiring.write_wire_scope: net not found
2026-10-07 02:14:25.696 WARN   Wiring.write_wire_scope: net not found
2026-10-07 02:14:25.696 WARN   Wiring.write_wire_scope: net not found
2026-10-07 02:14:25.696 WARN   Wiring.write_wire_scope: net not found
2026-10-07 02:14:25.997 WARN   Wiring.write_wire_scope: net not found
2026-10-07 02:14:25.997 WARN   Wiring.write_wire_scope: net not found
2026-10-07 02:14:25.997 WARN   Wiring.write_wire_scope: net not found
2026-10-07 02:14:25.997 WARN   Wiring.write_wire_scope: net not found
2026-10-07 02:14:25.997 WARN   Wiring.write_wire_scope: net not found
2026-10-07 02:14:25.997 WARN   Wiring.write_wire_scope: net not found
2026-10-07 02:14:25.997 WARN   Wiring.write_wire_scope: net not found
2026-10-07 02:14:25.997 WARN   Wiring.write_wire_scope: net not found
2026-10-07 02:14:25.997 WARN   Wiring.write_wire_scope: net not found
2026-10-07 02:14:25.997 WARN   Wiring.write_wire_scope: net not found
2026-10-07 02:14:25.997 WARN   Wiring.write_wire_scope: net not found
2026-10-07 02:14:25.997 WARN   Wiring.write_wire_scope: net not found
2026-10-07 02:14:25.997 WARN   Wiring.write_wire_scope: net not found
2026-10-07 02:14:25.997 WARN   Wiring.write_wire_scope: net not found
2026-10-07 02:14:25.997 WARN   Wiring.write_wire_scope: net not found
2026-10-07 02:14:25.997 WARN   Wiring.write_wire_scope: net not found
2026-10-07 02:14:25.997 WARN   Wiring.write_wire_scope: net not found
2026-10-07 02:14:25.997 WARN   Wiring.write_wire_scope: net not found
2026-10-07 02:14:25.997 WARN   Wiring.write_wire_scope: net not found
2026-10-07 02:14:25.997 WARN   Wiring.write_wire_scope: net not found
2026-10-07 02:14:25.997 WARN   Wiring.write_wire_scope: net not found
2026-10-07 02:14:25.997 WARN   Wiring.write_wire_scope: net not found
2026-10-07 02:14:25.997 WARN   Wiring.write_wire_scope: net not found
2026-10-07 02:14:25.997 WARN   Wiring.write_wire_scope: net not found
2026-10-07 02:14:25.997 WARN   Wiring.write_wire_scope: net not found
2026-10-07 02:14:25.997 WARN   Wiring.write_wire_scope: net not found
2026-10-07 02:14:25.997 WARN   Wiring.write_wire_scope: net not found
2026-10-07 02:14:25.997 WARN   Wiring.write_wire_scope: net not found
2026-10-07 02:14:25.997 WARN   Wiring.write_wire_scope: net not found
2026-10-07 02:14:25.997 WARN   Wiring.write_wire_scope: net not found
2026-10-07 02:14:25.997 WARN   Wiring.write_wire_scope: net not found
2026-10-07 02:14:25.997 WARN   Wiring.write_wire_scope: net not found
2026-10-07 02:14:26.109 WARN   Wiring.write_wire_scope: net not found
2026-10-07 02:14:26.109 WARN   Wiring.write_wire_scope: net not found
2026-10-07 02:14:26.109 WARN   Wiring.write_wire_scope: net not found
2026-10-07 02:14:26.109 WARN   Wiring.write_wire_scope: net not found
2026-10-07 02:14:26.109 WARN   Wiring.write_wire_scope: net not found
2026-10-07 02:14:26.109 WARN   Wiring.write_wire_scope: net not found
2026-10-07 02:14:26.109 WARN   Wiring.write_wire_scope: net not found
2026-10-07 02:14:26.109 WARN   Wiring.write_wire_scope: net not found
2026-10-07 02:14:26.109 WARN   Wiring.write_wire_scope: net not found
2026-10-07 02:14:26.109 WARN   Wiring.write_wire_scope: net not found
2026-10-07 02:14:26.109 WARN   Wiring.write_wire_scope: net not found
2026-10-07 02:14:26.109 WARN   Wiring.write_wire_scope: net not found
2026-10-07 02:14:26.109 WARN   Wiring.write_wire_scope: net not found
2026-10-07 02:14:26.109 WARN   Wiring.write_wire_scope: net not found
2026-10-07 02:14:26.109 WARN   Wiring.write_wire_scope: net not found
2026-10-07 02:14:26.109 WARN   Wiring.write_wire_scope: net not found
2026-10-07 02:14:26.109 WARN   Wiring.write_wire_scope: net not found
2026-10-07 02:14:26.109 WARN   Wiring.write_wire_scope: net not found
2026-10-07 02:14:26.109 WARN   Wiring.write_wire_scope: net not found
2026-10-07 02:14:26.109 WARN   Wiring.write_wire_scope: net not found
2026-10-07 02:14:26.109 WARN   Wiring.write_wire_scope: net not found
2026-10-07 02:14:26.109 WARN   Wiring.write_wire_scope: net not found
2026-10-07 02:14:26.109 WARN   Wiring.write_wire_scope: net not found
2026-10-07 02:14:26.109 WARN   Wiring.write_wire_scope: net not found
2026-10-07 02:14:26.109 WARN   Wiring.write_wire_scope: net not found
2026-10-07 02:14:26.109 WARN   Wiring.write_wire_scope: net not found
2026-10-07 02:14:26.109 WARN   Wiring.write_wire_scope: net not found
2026-10-07 02:14:26.109 WARN   Wiring.write_wire_scope: net not found
2026-10-07 02:14:26.109 WARN   Wiring.write_wire_scope: net not found
2026-10-07 02:14:26.109 WARN   Wiring.write_wire_scope: net not found
2026-10-07 02:14:26.109 WARN   Wiring.write_wire_scope: net not found
2026-10-07 02:14:26.109 WARN   Wiring.write_wire_scope: net not found
2026-10-07 02:14:26.139 INFO   [F0C5DD\6C16EF] Auto-routing pass #1 on board '63eb3653a5596d9bcd2cecf570eace9e' was completed in 0.53 seconds with score 603.30 (8 unrouted and 72 violations), using 0.86 CPU seconds and the job allocated 0.30 GB of memory so far.
2026-10-07 02:14:26.213 INFO   [F0C5DD\6C16EF] Auto-routing stage completed: started with 27 unrouted nets, completed in 1.61 seconds, final score: 603.30 (8 unrouted and 72 violations), using 0.86 total CPU seconds, 0.30 GB total allocated, and 245.2 MB peak heap usage.
2026-10-07 02:14:26.250 INFO   [F0C5DD\6C16EF] Skipping optimization stage: the board has 8 unrouted connection(s) (optimizer only runs on completely routed boards).
2026-10-07 02:14:26.273 WARN   Wiring.write_wire_scope: net not found
2026-10-07 02:14:26.273 WARN   Wiring.write_wire_scope: net not found
2026-10-07 02:14:26.273 WARN   Wiring.write_wire_scope: net not found
2026-10-07 02:14:26.273 WARN   Wiring.write_wire_scope: net not found
2026-10-07 02:14:26.273 WARN   Wiring.write_wire_scope: net not found
2026-10-07 02:14:26.273 WARN   Wiring.write_wire_scope: net not found
2026-10-07 02:14:26.273 WARN   Wiring.write_wire_scope: net not found
2026-10-07 02:14:26.273 WARN   Wiring.write_wire_scope: net not found
2026-10-07 02:14:26.273 WARN   Wiring.write_wire_scope: net not found
2026-10-07 02:14:26.273 WARN   Wiring.write_wire_scope: net not found
2026-10-07 02:14:26.273 WARN   Wiring.write_wire_scope: net not found
2026-10-07 02:14:26.273 WARN   Wiring.write_wire_scope: net not found
2026-10-07 02:14:26.273 WARN   Wiring.write_wire_scope: net not found
2026-10-07 02:14:26.273 WARN   Wiring.write_wire_scope: net not found
2026-10-07 02:14:26.273 WARN   Wiring.write_wire_scope: net not found
2026-10-07 02:14:26.273 WARN   Wiring.write_wire_scope: net not found
2026-10-07 02:14:26.273 WARN   Wiring.write_wire_scope: net not found
2026-10-07 02:14:26.273 WARN   Wiring.write_wire_scope: net not found
2026-10-07 02:14:26.273 WARN   Wiring.write_wire_scope: net not found
2026-10-07 02:14:26.273 WARN   Wiring.write_wire_scope: net not found
2026-10-07 02:14:26.273 WARN   Wiring.write_wire_scope: net not found
2026-10-07 02:14:26.273 WARN   Wiring.write_wire_scope: net not found
2026-10-07 02:14:26.273 WARN   Wiring.write_wire_scope: net not found
2026-10-07 02:14:26.273 WARN   Wiring.write_wire_scope: net not found
2026-10-07 02:14:26.273 WARN   Wiring.write_wire_scope: net not found
2026-10-07 02:14:26.273 WARN   Wiring.write_wire_scope: net not found
2026-10-07 02:14:26.273 WARN   Wiring.write_wire_scope: net not found
2026-10-07 02:14:26.273 WARN   Wiring.write_wire_scope: net not found
2026-10-07 02:14:26.273 WARN   Wiring.write_wire_scope: net not found
2026-10-07 02:14:26.273 WARN   Wiring.write_wire_scope: net not found
2026-10-07 02:14:26.273 WARN   Wiring.write_wire_scope: net not found
2026-10-07 02:14:26.273 WARN   Wiring.write_wire_scope: net not found
2026-10-07 02:14:26.275 INFO   [F0C5DD\6C16EF] Job 'F0C5DD\6C16EF' finished with state: COMPLETED (elapsed: 1.86 seconds, finished at UTC: 2026-10-06T15:14:26.274857352Z).
2026-10-07 02:14:26.306 INFO   Saving output file '/home/chithi/Desktop/DesktopSpeaker/ai-files/pcb/work-p1/K1-c2.ses' (SES)...
2026-10-07 02:14:26.308 INFO   Successfully saved output file '/home/chithi/Desktop/DesktopSpeaker/ai-files/pcb/work-p1/K1-c2.ses' (25090 bytes).
