2026-10-07 02:14:15.080 INFO   Freerouting v2.5.0 (build-date: 2026-10-05)
2026-10-07 02:14:15.350 INFO   Hardware: 24 CPU cores, 579 CPU score, 16056 MB RAM
2026-10-07 02:14:15.351 WARN   Deprecated settings path '-mp / --router.max_passes'; use '--router.autorouter.max_passes' instead. The old path will be removed in a future release.
2026-10-07 02:14:15.351 WARN   Couldn't get screen resolution. If you are running in a headless environment, disable the GUI by setting gui.enabled to false.
2026-10-07 02:14:16.374 WARN   Deprecated settings path 'router.max_passes'; use 'router.autorouter.max_passes' instead. The old path will be removed in a future release.
2026-10-07 02:14:16.633 INFO   [0CFFBD\5460B5] Loading board file 'K1-c1.dsn'...
2026-10-07 02:14:16.831 INFO   [0CFFBD\5460B5] Job '0CFFBD\5460B5' started at 2026-10-06T15:14:16.831714114Z.
2026-10-07 02:14:16.921 WARN   Design Warning: Board has 10 pre-existing clearance violation(s) in the loaded design (before routing):
  - 10 unfixable violation(s) (cannot be resolved by Freerouting):
      * 10 pin-to-pin clearance violations (first 5 shown):
          - Q103.9 <-> Q103.8
          - Q103.9 <-> Q103.7
          - Q103.9 <-> Q103.6
          - Q103.9 <-> Q103.5
          - U25.21 <-> U25.20
          ... and 5 more
  - 0 potentially fixable violations
Notice: Freerouting does not modify component placement, board outlines, or fixed items.
Resolving these 10 unfixable violation(s) is the responsibility of the board author in their EDA tool (e.g. KiCad).
2026-10-07 02:14:16.960 INFO   [0CFFBD\5460B5] Pipeline thread limits: autorouter pass is single-threaded, optimizer.max_threads=23.
2026-10-07 02:14:17.013 INFO   [0CFFBD\5460B5] Fanout stage started on board 'e27da91c92789f98b60a3856edd48ea5' with 23 of 1066 SMD pins needing fanout (0 already connected, 1043 netless).
2026-10-07 02:14:17.381 INFO   [0CFFBD\5460B5] Fanout pass #1 on board 'e94dffd2f2c2e413bf69d0e9e8f9d5ef' completed in 0.33 seconds with 13 SMD pins fanouted, 0 not routed, 0 insert errors, +0 extra vias (0 SMD pins still to check in pass, ripup costs=100).
2026-10-07 02:14:17.458 INFO   [0CFFBD\5460B5] Fanout pass #2 on board 'e94dffd2f2c2e413bf69d0e9e8f9d5ef' completed in 0.05 seconds with 0 SMD pins fanouted, 0 not routed, 0 insert errors, +0 extra vias (0 SMD pins still to check in pass, ripup costs=200).
2026-10-07 02:14:17.461 INFO   [0CFFBD\5460B5] Fanout stage completed: started with 23 total SMD pins, completed in 0.44 seconds, escaped pins: 23/23 (100.0%), using 0.45 total CPU seconds, 0.24 GB total allocated, and 213.2 MB peak heap usage.
2026-10-07 02:14:17.519 INFO   [0CFFBD\5460B5] Auto-routing stage started on board 'e94dffd2f2c2e413bf69d0e9e8f9d5ef' with baseline score 491.95 for 8 unrouted items.
2026-10-07 02:14:17.584 INFO   [0CFFBD\5460B5] Auto-routing pass #1 on board 'e94dffd2f2c2e413bf69d0e9e8f9d5ef' was completed in 0.02 seconds with score 491.95 (8 unrouted and 10 violations).
2026-10-07 02:14:17.652 INFO   [0CFFBD\5460B5] Auto-routing stage completed: started with 21 unrouted nets, completed in 0.67 seconds, final score: 491.95 (8 unrouted and 10 violations), using 0.00 total CPU seconds, 0.00 GB total allocated, and 0.0 MB peak heap usage.
2026-10-07 02:14:17.682 INFO   [0CFFBD\5460B5] Skipping optimization stage: the board has 8 unrouted connection(s) (optimizer only runs on completely routed boards).
2026-10-07 02:14:17.707 INFO   [0CFFBD\5460B5] Job '0CFFBD\5460B5' finished with state: COMPLETED (elapsed: 0.87 seconds, finished at UTC: 2026-10-06T15:14:17.706408960Z).
2026-10-07 02:14:17.716 INFO   Saving output file '/home/chithi/Desktop/DesktopSpeaker/ai-files/pcb/work-p1/K1-c1.ses' (SES)...
2026-10-07 02:14:17.718 INFO   Successfully saved output file '/home/chithi/Desktop/DesktopSpeaker/ai-files/pcb/work-p1/K1-c1.ses' (22256 bytes).
