2026-10-07 12:35:11.537 INFO   Freerouting v2.5.0 (build-date: 2026-10-05)
2026-10-07 12:35:11.806 INFO   Hardware: 24 CPU cores, 590 CPU score, 16056 MB RAM
2026-10-07 12:35:11.806 WARN   Deprecated settings path '-mp / --router.max_passes'; use '--router.autorouter.max_passes' instead. The old path will be removed in a future release.
2026-10-07 12:35:11.807 WARN   Couldn't get screen resolution. If you are running in a headless environment, disable the GUI by setting gui.enabled to false.
2026-10-07 12:35:12.830 WARN   Deprecated settings path 'router.max_passes'; use 'router.autorouter.max_passes' instead. The old path will be removed in a future release.
2026-10-07 12:35:13.090 INFO   [34F29A\296D52] Loading board file 'K3-c2.dsn'...
2026-10-07 12:35:13.288 INFO   [34F29A\296D52] Job '34F29A\296D52' started at 2026-10-07T01:35:13.288519053Z.
2026-10-07 12:35:13.330 WARN   Wiring.write_wire_scope: net not found
2026-10-07 12:35:13.331 WARN   Wiring.write_wire_scope: net not found
2026-10-07 12:35:13.331 WARN   Wiring.write_wire_scope: net not found
2026-10-07 12:35:13.331 WARN   Wiring.write_wire_scope: net not found
2026-10-07 12:35:13.331 WARN   Wiring.write_wire_scope: net not found
2026-10-07 12:35:13.331 WARN   Wiring.write_wire_scope: net not found
2026-10-07 12:35:13.331 WARN   Wiring.write_wire_scope: net not found
2026-10-07 12:35:13.331 WARN   Wiring.write_wire_scope: net not found
2026-10-07 12:35:13.331 WARN   Wiring.write_wire_scope: net not found
2026-10-07 12:35:13.331 WARN   Wiring.write_wire_scope: net not found
2026-10-07 12:35:13.331 WARN   Wiring.write_wire_scope: net not found
2026-10-07 12:35:13.331 WARN   Wiring.write_wire_scope: net not found
2026-10-07 12:35:13.331 WARN   Wiring.write_wire_scope: net not found
2026-10-07 12:35:13.331 WARN   Wiring.write_wire_scope: net not found
2026-10-07 12:35:13.331 WARN   Wiring.write_wire_scope: net not found
2026-10-07 12:35:13.331 WARN   Wiring.write_wire_scope: net not found
2026-10-07 12:35:13.331 WARN   Wiring.write_wire_scope: net not found
2026-10-07 12:35:13.332 WARN   Wiring.write_wire_scope: net not found
2026-10-07 12:35:13.332 WARN   Wiring.write_wire_scope: net not found
2026-10-07 12:35:13.332 WARN   Wiring.write_wire_scope: net not found
2026-10-07 12:35:13.332 WARN   Wiring.write_wire_scope: net not found
2026-10-07 12:35:13.332 WARN   Wiring.write_wire_scope: net not found
2026-10-07 12:35:13.332 WARN   Wiring.write_wire_scope: net not found
2026-10-07 12:35:13.332 WARN   Wiring.write_wire_scope: net not found
2026-10-07 12:35:13.332 WARN   Wiring.write_wire_scope: net not found
2026-10-07 12:35:13.332 WARN   Wiring.write_wire_scope: net not found
2026-10-07 12:35:13.332 WARN   Wiring.write_wire_scope: net not found
2026-10-07 12:35:13.332 WARN   Wiring.write_wire_scope: net not found
2026-10-07 12:35:13.377 WARN   Design Warning: Board has 60 pre-existing clearance violation(s) in the loaded design (before routing):
  - 60 unfixable violation(s) (cannot be resolved by Freerouting):
      * 15 pin-to-pin clearance violations (first 5 shown):
          - Q103.9 <-> Q103.8
          - Q103.9 <-> Q103.7
          - Q103.9 <-> Q103.6
          - Q103.9 <-> Q103.5
          - U25.21 <-> U25.20
          ... and 10 more
      * 45 fixed trace/via clearance violations (first 5 shown):
          - FixedTrace#2978 <-> R226.2
          - FixedTrace#2978 <-> U8.9
          - FixedTrace#2977 <-> FixedTrace#2973
          - FixedTrace#2977 <-> FixedTrace#2971
          - FixedTrace#2976 <-> FixedTrace#2975
          ... and 40 more
  - 0 potentially fixable violations
Notice: Freerouting does not modify component placement, board outlines, or fixed items.
Resolving these 60 unfixable violation(s) is the responsibility of the board author in their EDA tool (e.g. KiCad).
2026-10-07 12:35:13.412 INFO   [34F29A\296D52] Pipeline thread limits: autorouter pass is single-threaded, optimizer.max_threads=23.
2026-10-07 12:35:13.468 INFO   [34F29A\296D52] Fanout stage started on board 'd70f592ccce44a60f6b8f9ecff515814' with 22 of 1066 SMD pins needing fanout (0 already connected, 1044 netless).
2026-10-07 12:35:13.517 WARN   Wiring.write_wire_scope: net not found
2026-10-07 12:35:13.517 WARN   Wiring.write_wire_scope: net not found
2026-10-07 12:35:13.517 WARN   Wiring.write_wire_scope: net not found
2026-10-07 12:35:13.517 WARN   Wiring.write_wire_scope: net not found
2026-10-07 12:35:13.517 WARN   Wiring.write_wire_scope: net not found
2026-10-07 12:35:13.517 WARN   Wiring.write_wire_scope: net not found
2026-10-07 12:35:13.517 WARN   Wiring.write_wire_scope: net not found
2026-10-07 12:35:13.517 WARN   Wiring.write_wire_scope: net not found
2026-10-07 12:35:13.517 WARN   Wiring.write_wire_scope: net not found
2026-10-07 12:35:13.517 WARN   Wiring.write_wire_scope: net not found
2026-10-07 12:35:13.518 WARN   Wiring.write_wire_scope: net not found
2026-10-07 12:35:13.518 WARN   Wiring.write_wire_scope: net not found
2026-10-07 12:35:13.518 WARN   Wiring.write_wire_scope: net not found
2026-10-07 12:35:13.518 WARN   Wiring.write_wire_scope: net not found
2026-10-07 12:35:13.518 WARN   Wiring.write_wire_scope: net not found
2026-10-07 12:35:13.518 WARN   Wiring.write_wire_scope: net not found
2026-10-07 12:35:13.518 WARN   Wiring.write_wire_scope: net not found
2026-10-07 12:35:13.518 WARN   Wiring.write_wire_scope: net not found
2026-10-07 12:35:13.518 WARN   Wiring.write_wire_scope: net not found
2026-10-07 12:35:13.518 WARN   Wiring.write_wire_scope: net not found
2026-10-07 12:35:13.518 WARN   Wiring.write_wire_scope: net not found
2026-10-07 12:35:13.518 WARN   Wiring.write_wire_scope: net not found
2026-10-07 12:35:13.518 WARN   Wiring.write_wire_scope: net not found
2026-10-07 12:35:13.518 WARN   Wiring.write_wire_scope: net not found
2026-10-07 12:35:13.518 WARN   Wiring.write_wire_scope: net not found
2026-10-07 12:35:13.518 WARN   Wiring.write_wire_scope: net not found
2026-10-07 12:35:13.518 WARN   Wiring.write_wire_scope: net not found
2026-10-07 12:35:13.518 WARN   Wiring.write_wire_scope: net not found
2026-10-07 12:35:13.648 WARN   Wiring.write_wire_scope: net not found
2026-10-07 12:35:13.648 WARN   Wiring.write_wire_scope: net not found
2026-10-07 12:35:13.648 WARN   Wiring.write_wire_scope: net not found
2026-10-07 12:35:13.648 WARN   Wiring.write_wire_scope: net not found
2026-10-07 12:35:13.648 WARN   Wiring.write_wire_scope: net not found
2026-10-07 12:35:13.648 WARN   Wiring.write_wire_scope: net not found
2026-10-07 12:35:13.648 WARN   Wiring.write_wire_scope: net not found
2026-10-07 12:35:13.648 WARN   Wiring.write_wire_scope: net not found
2026-10-07 12:35:13.648 WARN   Wiring.write_wire_scope: net not found
2026-10-07 12:35:13.648 WARN   Wiring.write_wire_scope: net not found
2026-10-07 12:35:13.648 WARN   Wiring.write_wire_scope: net not found
2026-10-07 12:35:13.648 WARN   Wiring.write_wire_scope: net not found
2026-10-07 12:35:13.648 WARN   Wiring.write_wire_scope: net not found
2026-10-07 12:35:13.648 WARN   Wiring.write_wire_scope: net not found
2026-10-07 12:35:13.648 WARN   Wiring.write_wire_scope: net not found
2026-10-07 12:35:13.648 WARN   Wiring.write_wire_scope: net not found
2026-10-07 12:35:13.649 WARN   Wiring.write_wire_scope: net not found
2026-10-07 12:35:13.649 WARN   Wiring.write_wire_scope: net not found
2026-10-07 12:35:13.649 WARN   Wiring.write_wire_scope: net not found
2026-10-07 12:35:13.649 WARN   Wiring.write_wire_scope: net not found
2026-10-07 12:35:13.649 WARN   Wiring.write_wire_scope: net not found
2026-10-07 12:35:13.649 WARN   Wiring.write_wire_scope: net not found
2026-10-07 12:35:13.649 WARN   Wiring.write_wire_scope: net not found
2026-10-07 12:35:13.649 WARN   Wiring.write_wire_scope: net not found
2026-10-07 12:35:13.649 WARN   Wiring.write_wire_scope: net not found
2026-10-07 12:35:13.649 WARN   Wiring.write_wire_scope: net not found
2026-10-07 12:35:13.649 WARN   Wiring.write_wire_scope: net not found
2026-10-07 12:35:13.649 WARN   Wiring.write_wire_scope: net not found
2026-10-07 12:35:13.836 WARN   Wiring.write_wire_scope: net not found
2026-10-07 12:35:13.837 WARN   Wiring.write_wire_scope: net not found
2026-10-07 12:35:13.837 WARN   Wiring.write_wire_scope: net not found
2026-10-07 12:35:13.837 WARN   Wiring.write_wire_scope: net not found
2026-10-07 12:35:13.837 WARN   Wiring.write_wire_scope: net not found
2026-10-07 12:35:13.837 WARN   Wiring.write_wire_scope: net not found
2026-10-07 12:35:13.837 WARN   Wiring.write_wire_scope: net not found
2026-10-07 12:35:13.837 WARN   Wiring.write_wire_scope: net not found
2026-10-07 12:35:13.837 WARN   Wiring.write_wire_scope: net not found
2026-10-07 12:35:13.837 WARN   Wiring.write_wire_scope: net not found
2026-10-07 12:35:13.837 WARN   Wiring.write_wire_scope: net not found
2026-10-07 12:35:13.837 WARN   Wiring.write_wire_scope: net not found
2026-10-07 12:35:13.837 WARN   Wiring.write_wire_scope: net not found
2026-10-07 12:35:13.837 WARN   Wiring.write_wire_scope: net not found
2026-10-07 12:35:13.837 WARN   Wiring.write_wire_scope: net not found
2026-10-07 12:35:13.837 WARN   Wiring.write_wire_scope: net not found
2026-10-07 12:35:13.837 WARN   Wiring.write_wire_scope: net not found
2026-10-07 12:35:13.837 WARN   Wiring.write_wire_scope: net not found
2026-10-07 12:35:13.837 WARN   Wiring.write_wire_scope: net not found
2026-10-07 12:35:13.837 WARN   Wiring.write_wire_scope: net not found
2026-10-07 12:35:13.837 WARN   Wiring.write_wire_scope: net not found
2026-10-07 12:35:13.837 WARN   Wiring.write_wire_scope: net not found
2026-10-07 12:35:13.837 WARN   Wiring.write_wire_scope: net not found
2026-10-07 12:35:13.837 WARN   Wiring.write_wire_scope: net not found
2026-10-07 12:35:13.837 WARN   Wiring.write_wire_scope: net not found
2026-10-07 12:35:13.837 WARN   Wiring.write_wire_scope: net not found
2026-10-07 12:35:13.838 WARN   Wiring.write_wire_scope: net not found
2026-10-07 12:35:13.838 WARN   Wiring.write_wire_scope: net not found
2026-10-07 12:35:13.842 INFO   [34F29A\296D52] Fanout pass #1 on board '030523bf7ae482d42f8f5b91a123a8ee' completed in 0.33 seconds with 11 SMD pins fanouted, 2 not routed, 0 insert errors, +0 extra vias (0 SMD pins still to check in pass, ripup costs=100).
2026-10-07 12:35:13.871 WARN   Wiring.write_wire_scope: net not found
2026-10-07 12:35:13.871 WARN   Wiring.write_wire_scope: net not found
2026-10-07 12:35:13.871 WARN   Wiring.write_wire_scope: net not found
2026-10-07 12:35:13.871 WARN   Wiring.write_wire_scope: net not found
2026-10-07 12:35:13.871 WARN   Wiring.write_wire_scope: net not found
2026-10-07 12:35:13.871 WARN   Wiring.write_wire_scope: net not found
2026-10-07 12:35:13.871 WARN   Wiring.write_wire_scope: net not found
2026-10-07 12:35:13.871 WARN   Wiring.write_wire_scope: net not found
2026-10-07 12:35:13.871 WARN   Wiring.write_wire_scope: net not found
2026-10-07 12:35:13.871 WARN   Wiring.write_wire_scope: net not found
2026-10-07 12:35:13.871 WARN   Wiring.write_wire_scope: net not found
2026-10-07 12:35:13.871 WARN   Wiring.write_wire_scope: net not found
2026-10-07 12:35:13.871 WARN   Wiring.write_wire_scope: net not found
2026-10-07 12:35:13.871 WARN   Wiring.write_wire_scope: net not found
2026-10-07 12:35:13.871 WARN   Wiring.write_wire_scope: net not found
2026-10-07 12:35:13.871 WARN   Wiring.write_wire_scope: net not found
2026-10-07 12:35:13.871 WARN   Wiring.write_wire_scope: net not found
2026-10-07 12:35:13.871 WARN   Wiring.write_wire_scope: net not found
2026-10-07 12:35:13.871 WARN   Wiring.write_wire_scope: net not found
2026-10-07 12:35:13.871 WARN   Wiring.write_wire_scope: net not found
2026-10-07 12:35:13.871 WARN   Wiring.write_wire_scope: net not found
2026-10-07 12:35:13.871 WARN   Wiring.write_wire_scope: net not found
2026-10-07 12:35:13.871 WARN   Wiring.write_wire_scope: net not found
2026-10-07 12:35:13.871 WARN   Wiring.write_wire_scope: net not found
2026-10-07 12:35:13.871 WARN   Wiring.write_wire_scope: net not found
2026-10-07 12:35:13.871 WARN   Wiring.write_wire_scope: net not found
2026-10-07 12:35:13.871 WARN   Wiring.write_wire_scope: net not found
2026-10-07 12:35:13.871 WARN   Wiring.write_wire_scope: net not found
2026-10-07 12:35:13.892 WARN   Wiring.write_wire_scope: net not found
2026-10-07 12:35:13.892 WARN   Wiring.write_wire_scope: net not found
2026-10-07 12:35:13.892 WARN   Wiring.write_wire_scope: net not found
2026-10-07 12:35:13.892 WARN   Wiring.write_wire_scope: net not found
2026-10-07 12:35:13.892 WARN   Wiring.write_wire_scope: net not found
2026-10-07 12:35:13.892 WARN   Wiring.write_wire_scope: net not found
2026-10-07 12:35:13.892 WARN   Wiring.write_wire_scope: net not found
2026-10-07 12:35:13.892 WARN   Wiring.write_wire_scope: net not found
2026-10-07 12:35:13.892 WARN   Wiring.write_wire_scope: net not found
2026-10-07 12:35:13.892 WARN   Wiring.write_wire_scope: net not found
2026-10-07 12:35:13.892 WARN   Wiring.write_wire_scope: net not found
2026-10-07 12:35:13.892 WARN   Wiring.write_wire_scope: net not found
2026-10-07 12:35:13.892 WARN   Wiring.write_wire_scope: net not found
2026-10-07 12:35:13.892 WARN   Wiring.write_wire_scope: net not found
2026-10-07 12:35:13.892 WARN   Wiring.write_wire_scope: net not found
2026-10-07 12:35:13.892 WARN   Wiring.write_wire_scope: net not found
2026-10-07 12:35:13.892 WARN   Wiring.write_wire_scope: net not found
2026-10-07 12:35:13.892 WARN   Wiring.write_wire_scope: net not found
2026-10-07 12:35:13.892 WARN   Wiring.write_wire_scope: net not found
2026-10-07 12:35:13.892 WARN   Wiring.write_wire_scope: net not found
2026-10-07 12:35:13.892 WARN   Wiring.write_wire_scope: net not found
2026-10-07 12:35:13.892 WARN   Wiring.write_wire_scope: net not found
2026-10-07 12:35:13.892 WARN   Wiring.write_wire_scope: net not found
2026-10-07 12:35:13.892 WARN   Wiring.write_wire_scope: net not found
2026-10-07 12:35:13.892 WARN   Wiring.write_wire_scope: net not found
2026-10-07 12:35:13.892 WARN   Wiring.write_wire_scope: net not found
2026-10-07 12:35:13.893 WARN   Wiring.write_wire_scope: net not found
2026-10-07 12:35:13.893 WARN   Wiring.write_wire_scope: net not found
2026-10-07 12:35:13.930 WARN   Wiring.write_wire_scope: net not found
2026-10-07 12:35:13.930 WARN   Wiring.write_wire_scope: net not found
2026-10-07 12:35:13.930 WARN   Wiring.write_wire_scope: net not found
2026-10-07 12:35:13.930 WARN   Wiring.write_wire_scope: net not found
2026-10-07 12:35:13.930 WARN   Wiring.write_wire_scope: net not found
2026-10-07 12:35:13.930 WARN   Wiring.write_wire_scope: net not found
2026-10-07 12:35:13.930 WARN   Wiring.write_wire_scope: net not found
2026-10-07 12:35:13.930 WARN   Wiring.write_wire_scope: net not found
2026-10-07 12:35:13.930 WARN   Wiring.write_wire_scope: net not found
2026-10-07 12:35:13.930 WARN   Wiring.write_wire_scope: net not found
2026-10-07 12:35:13.930 WARN   Wiring.write_wire_scope: net not found
2026-10-07 12:35:13.930 WARN   Wiring.write_wire_scope: net not found
2026-10-07 12:35:13.930 WARN   Wiring.write_wire_scope: net not found
2026-10-07 12:35:13.930 WARN   Wiring.write_wire_scope: net not found
2026-10-07 12:35:13.930 WARN   Wiring.write_wire_scope: net not found
2026-10-07 12:35:13.930 WARN   Wiring.write_wire_scope: net not found
2026-10-07 12:35:13.930 WARN   Wiring.write_wire_scope: net not found
2026-10-07 12:35:13.930 WARN   Wiring.write_wire_scope: net not found
2026-10-07 12:35:13.930 WARN   Wiring.write_wire_scope: net not found
2026-10-07 12:35:13.930 WARN   Wiring.write_wire_scope: net not found
2026-10-07 12:35:13.930 WARN   Wiring.write_wire_scope: net not found
2026-10-07 12:35:13.930 WARN   Wiring.write_wire_scope: net not found
2026-10-07 12:35:13.930 WARN   Wiring.write_wire_scope: net not found
2026-10-07 12:35:13.930 WARN   Wiring.write_wire_scope: net not found
2026-10-07 12:35:13.930 WARN   Wiring.write_wire_scope: net not found
2026-10-07 12:35:13.930 WARN   Wiring.write_wire_scope: net not found
2026-10-07 12:35:13.930 WARN   Wiring.write_wire_scope: net not found
2026-10-07 12:35:13.930 WARN   Wiring.write_wire_scope: net not found
2026-10-07 12:35:13.934 INFO   [34F29A\296D52] Fanout pass #2 on board '030523bf7ae482d42f8f5b91a123a8ee' completed in 0.06 seconds with 0 SMD pins fanouted, 1 not routed, 0 insert errors, +0 extra vias (0 SMD pins still to check in pass, ripup costs=200).
2026-10-07 12:35:13.937 INFO   [34F29A\296D52] Fanout stage completed: started with 22 total SMD pins, completed in 0.46 seconds, escaped pins: 20/22 (90.9%), using 0.46 total CPU seconds, 0.25 GB total allocated, and 153.8 MB peak heap usage.
2026-10-07 12:35:13.997 INFO   [34F29A\296D52] Auto-routing stage started on board '030523bf7ae482d42f8f5b91a123a8ee' with baseline score 398.72 for 9 unrouted items.
2026-10-07 12:35:14.065 WARN   Wiring.write_wire_scope: net not found
2026-10-07 12:35:14.065 WARN   Wiring.write_wire_scope: net not found
2026-10-07 12:35:14.065 WARN   Wiring.write_wire_scope: net not found
2026-10-07 12:35:14.065 WARN   Wiring.write_wire_scope: net not found
2026-10-07 12:35:14.065 WARN   Wiring.write_wire_scope: net not found
2026-10-07 12:35:14.065 WARN   Wiring.write_wire_scope: net not found
2026-10-07 12:35:14.065 WARN   Wiring.write_wire_scope: net not found
2026-10-07 12:35:14.065 WARN   Wiring.write_wire_scope: net not found
2026-10-07 12:35:14.065 WARN   Wiring.write_wire_scope: net not found
2026-10-07 12:35:14.065 WARN   Wiring.write_wire_scope: net not found
2026-10-07 12:35:14.065 WARN   Wiring.write_wire_scope: net not found
2026-10-07 12:35:14.065 WARN   Wiring.write_wire_scope: net not found
2026-10-07 12:35:14.065 WARN   Wiring.write_wire_scope: net not found
2026-10-07 12:35:14.065 WARN   Wiring.write_wire_scope: net not found
2026-10-07 12:35:14.065 WARN   Wiring.write_wire_scope: net not found
2026-10-07 12:35:14.065 WARN   Wiring.write_wire_scope: net not found
2026-10-07 12:35:14.065 WARN   Wiring.write_wire_scope: net not found
2026-10-07 12:35:14.065 WARN   Wiring.write_wire_scope: net not found
2026-10-07 12:35:14.065 WARN   Wiring.write_wire_scope: net not found
2026-10-07 12:35:14.065 WARN   Wiring.write_wire_scope: net not found
2026-10-07 12:35:14.065 WARN   Wiring.write_wire_scope: net not found
2026-10-07 12:35:14.065 WARN   Wiring.write_wire_scope: net not found
2026-10-07 12:35:14.065 WARN   Wiring.write_wire_scope: net not found
2026-10-07 12:35:14.065 WARN   Wiring.write_wire_scope: net not found
2026-10-07 12:35:14.065 WARN   Wiring.write_wire_scope: net not found
2026-10-07 12:35:14.065 WARN   Wiring.write_wire_scope: net not found
2026-10-07 12:35:14.065 WARN   Wiring.write_wire_scope: net not found
2026-10-07 12:35:14.065 WARN   Wiring.write_wire_scope: net not found
2026-10-07 12:35:14.121 WARN   Wiring.write_wire_scope: net not found
2026-10-07 12:35:14.122 WARN   Wiring.write_wire_scope: net not found
2026-10-07 12:35:14.122 WARN   Wiring.write_wire_scope: net not found
2026-10-07 12:35:14.122 WARN   Wiring.write_wire_scope: net not found
2026-10-07 12:35:14.122 WARN   Wiring.write_wire_scope: net not found
2026-10-07 12:35:14.122 WARN   Wiring.write_wire_scope: net not found
2026-10-07 12:35:14.122 WARN   Wiring.write_wire_scope: net not found
2026-10-07 12:35:14.122 WARN   Wiring.write_wire_scope: net not found
2026-10-07 12:35:14.122 WARN   Wiring.write_wire_scope: net not found
2026-10-07 12:35:14.122 WARN   Wiring.write_wire_scope: net not found
2026-10-07 12:35:14.122 WARN   Wiring.write_wire_scope: net not found
2026-10-07 12:35:14.122 WARN   Wiring.write_wire_scope: net not found
2026-10-07 12:35:14.122 WARN   Wiring.write_wire_scope: net not found
2026-10-07 12:35:14.122 WARN   Wiring.write_wire_scope: net not found
2026-10-07 12:35:14.122 WARN   Wiring.write_wire_scope: net not found
2026-10-07 12:35:14.122 WARN   Wiring.write_wire_scope: net not found
2026-10-07 12:35:14.122 WARN   Wiring.write_wire_scope: net not found
2026-10-07 12:35:14.122 WARN   Wiring.write_wire_scope: net not found
2026-10-07 12:35:14.122 WARN   Wiring.write_wire_scope: net not found
2026-10-07 12:35:14.122 WARN   Wiring.write_wire_scope: net not found
2026-10-07 12:35:14.122 WARN   Wiring.write_wire_scope: net not found
2026-10-07 12:35:14.122 WARN   Wiring.write_wire_scope: net not found
2026-10-07 12:35:14.122 WARN   Wiring.write_wire_scope: net not found
2026-10-07 12:35:14.122 WARN   Wiring.write_wire_scope: net not found
2026-10-07 12:35:14.122 WARN   Wiring.write_wire_scope: net not found
2026-10-07 12:35:14.122 WARN   Wiring.write_wire_scope: net not found
2026-10-07 12:35:14.122 WARN   Wiring.write_wire_scope: net not found
2026-10-07 12:35:14.122 WARN   Wiring.write_wire_scope: net not found
2026-10-07 12:35:14.162 WARN   Wiring.write_wire_scope: net not found
2026-10-07 12:35:14.162 WARN   Wiring.write_wire_scope: net not found
2026-10-07 12:35:14.163 WARN   Wiring.write_wire_scope: net not found
2026-10-07 12:35:14.163 WARN   Wiring.write_wire_scope: net not found
2026-10-07 12:35:14.163 WARN   Wiring.write_wire_scope: net not found
2026-10-07 12:35:14.163 WARN   Wiring.write_wire_scope: net not found
2026-10-07 12:35:14.163 WARN   Wiring.write_wire_scope: net not found
2026-10-07 12:35:14.163 WARN   Wiring.write_wire_scope: net not found
2026-10-07 12:35:14.163 WARN   Wiring.write_wire_scope: net not found
2026-10-07 12:35:14.163 WARN   Wiring.write_wire_scope: net not found
2026-10-07 12:35:14.163 WARN   Wiring.write_wire_scope: net not found
2026-10-07 12:35:14.163 WARN   Wiring.write_wire_scope: net not found
2026-10-07 12:35:14.163 WARN   Wiring.write_wire_scope: net not found
2026-10-07 12:35:14.163 WARN   Wiring.write_wire_scope: net not found
2026-10-07 12:35:14.163 WARN   Wiring.write_wire_scope: net not found
2026-10-07 12:35:14.163 WARN   Wiring.write_wire_scope: net not found
2026-10-07 12:35:14.163 WARN   Wiring.write_wire_scope: net not found
2026-10-07 12:35:14.163 WARN   Wiring.write_wire_scope: net not found
2026-10-07 12:35:14.163 WARN   Wiring.write_wire_scope: net not found
2026-10-07 12:35:14.163 WARN   Wiring.write_wire_scope: net not found
2026-10-07 12:35:14.163 WARN   Wiring.write_wire_scope: net not found
2026-10-07 12:35:14.163 WARN   Wiring.write_wire_scope: net not found
2026-10-07 12:35:14.163 WARN   Wiring.write_wire_scope: net not found
2026-10-07 12:35:14.163 WARN   Wiring.write_wire_scope: net not found
2026-10-07 12:35:14.163 WARN   Wiring.write_wire_scope: net not found
2026-10-07 12:35:14.163 WARN   Wiring.write_wire_scope: net not found
2026-10-07 12:35:14.163 WARN   Wiring.write_wire_scope: net not found
2026-10-07 12:35:14.163 WARN   Wiring.write_wire_scope: net not found
2026-10-07 12:35:14.181 INFO   [34F29A\296D52] Auto-routing pass #1 on board '030523bf7ae482d42f8f5b91a123a8ee' was completed in 0.14 seconds with score 465.39 (8 unrouted and 60 violations).
2026-10-07 12:35:14.249 INFO   [34F29A\296D52] Auto-routing stage completed: started with 20 unrouted nets, completed in 0.82 seconds, final score: 465.39 (8 unrouted and 60 violations), using 0.00 total CPU seconds, 0.00 GB total allocated, and 0.0 MB peak heap usage.
2026-10-07 12:35:14.277 INFO   [34F29A\296D52] Skipping optimization stage: the board has 8 unrouted connection(s) (optimizer only runs on completely routed boards).
2026-10-07 12:35:14.303 WARN   Wiring.write_wire_scope: net not found
2026-10-07 12:35:14.303 WARN   Wiring.write_wire_scope: net not found
2026-10-07 12:35:14.303 WARN   Wiring.write_wire_scope: net not found
2026-10-07 12:35:14.303 WARN   Wiring.write_wire_scope: net not found
2026-10-07 12:35:14.303 WARN   Wiring.write_wire_scope: net not found
2026-10-07 12:35:14.303 WARN   Wiring.write_wire_scope: net not found
2026-10-07 12:35:14.303 WARN   Wiring.write_wire_scope: net not found
2026-10-07 12:35:14.303 WARN   Wiring.write_wire_scope: net not found
2026-10-07 12:35:14.303 WARN   Wiring.write_wire_scope: net not found
2026-10-07 12:35:14.303 WARN   Wiring.write_wire_scope: net not found
2026-10-07 12:35:14.303 WARN   Wiring.write_wire_scope: net not found
2026-10-07 12:35:14.303 WARN   Wiring.write_wire_scope: net not found
2026-10-07 12:35:14.303 WARN   Wiring.write_wire_scope: net not found
2026-10-07 12:35:14.303 WARN   Wiring.write_wire_scope: net not found
2026-10-07 12:35:14.303 WARN   Wiring.write_wire_scope: net not found
2026-10-07 12:35:14.303 WARN   Wiring.write_wire_scope: net not found
2026-10-07 12:35:14.303 WARN   Wiring.write_wire_scope: net not found
2026-10-07 12:35:14.303 WARN   Wiring.write_wire_scope: net not found
2026-10-07 12:35:14.303 WARN   Wiring.write_wire_scope: net not found
2026-10-07 12:35:14.303 WARN   Wiring.write_wire_scope: net not found
2026-10-07 12:35:14.303 WARN   Wiring.write_wire_scope: net not found
2026-10-07 12:35:14.303 WARN   Wiring.write_wire_scope: net not found
2026-10-07 12:35:14.303 WARN   Wiring.write_wire_scope: net not found
2026-10-07 12:35:14.303 WARN   Wiring.write_wire_scope: net not found
2026-10-07 12:35:14.303 WARN   Wiring.write_wire_scope: net not found
2026-10-07 12:35:14.303 WARN   Wiring.write_wire_scope: net not found
2026-10-07 12:35:14.303 WARN   Wiring.write_wire_scope: net not found
2026-10-07 12:35:14.303 WARN   Wiring.write_wire_scope: net not found
2026-10-07 12:35:14.304 INFO   [34F29A\296D52] Job '34F29A\296D52' finished with state: COMPLETED (elapsed: 1.01 seconds, finished at UTC: 2026-10-07T01:35:14.303747991Z).
2026-10-07 12:35:14.321 INFO   Saving output file '/home/chithi/Desktop/DesktopSpeaker/ai-files/pcb/work-p1/K3-c2.ses' (SES)...
2026-10-07 12:35:14.322 INFO   Successfully saved output file '/home/chithi/Desktop/DesktopSpeaker/ai-files/pcb/work-p1/K3-c2.ses' (22596 bytes).
