2026-10-07 12:35:18.059 INFO   Freerouting v2.5.0 (build-date: 2026-10-05)
2026-10-07 12:35:18.326 INFO   Hardware: 24 CPU cores, 590 CPU score, 16056 MB RAM
2026-10-07 12:35:18.327 WARN   Deprecated settings path '-mp / --router.max_passes'; use '--router.autorouter.max_passes' instead. The old path will be removed in a future release.
2026-10-07 12:35:18.327 WARN   Couldn't get screen resolution. If you are running in a headless environment, disable the GUI by setting gui.enabled to false.
2026-10-07 12:35:19.351 WARN   Deprecated settings path 'router.max_passes'; use 'router.autorouter.max_passes' instead. The old path will be removed in a future release.
2026-10-07 12:35:19.611 INFO   [98BE09\FDF2F3] Loading board file 'K3-c3.dsn'...
2026-10-07 12:35:19.805 INFO   [98BE09\FDF2F3] Job '98BE09\FDF2F3' started at 2026-10-07T01:35:19.805438876Z.
2026-10-07 12:35:19.862 WARN   Wiring.write_wire_scope: net not found
2026-10-07 12:35:19.863 WARN   Wiring.write_wire_scope: net not found
2026-10-07 12:35:19.863 WARN   Wiring.write_wire_scope: net not found
2026-10-07 12:35:19.863 WARN   Wiring.write_wire_scope: net not found
2026-10-07 12:35:19.863 WARN   Wiring.write_wire_scope: net not found
2026-10-07 12:35:19.863 WARN   Wiring.write_wire_scope: net not found
2026-10-07 12:35:19.863 WARN   Wiring.write_wire_scope: net not found
2026-10-07 12:35:19.863 WARN   Wiring.write_wire_scope: net not found
2026-10-07 12:35:19.863 WARN   Wiring.write_wire_scope: net not found
2026-10-07 12:35:19.863 WARN   Wiring.write_wire_scope: net not found
2026-10-07 12:35:19.863 WARN   Wiring.write_wire_scope: net not found
2026-10-07 12:35:19.863 WARN   Wiring.write_wire_scope: net not found
2026-10-07 12:35:19.863 WARN   Wiring.write_wire_scope: net not found
2026-10-07 12:35:19.863 WARN   Wiring.write_wire_scope: net not found
2026-10-07 12:35:19.863 WARN   Wiring.write_wire_scope: net not found
2026-10-07 12:35:19.863 WARN   Wiring.write_wire_scope: net not found
2026-10-07 12:35:19.863 WARN   Wiring.write_wire_scope: net not found
2026-10-07 12:35:19.863 WARN   Wiring.write_wire_scope: net not found
2026-10-07 12:35:19.863 WARN   Wiring.write_wire_scope: net not found
2026-10-07 12:35:19.863 WARN   Wiring.write_wire_scope: net not found
2026-10-07 12:35:19.863 WARN   Wiring.write_wire_scope: net not found
2026-10-07 12:35:19.863 WARN   Wiring.write_wire_scope: net not found
2026-10-07 12:35:19.863 WARN   Wiring.write_wire_scope: net not found
2026-10-07 12:35:19.863 WARN   Wiring.write_wire_scope: net not found
2026-10-07 12:35:19.863 WARN   Wiring.write_wire_scope: net not found
2026-10-07 12:35:19.864 WARN   Wiring.write_wire_scope: net not found
2026-10-07 12:35:19.864 WARN   Wiring.write_wire_scope: net not found
2026-10-07 12:35:19.864 WARN   Wiring.write_wire_scope: net not found
2026-10-07 12:35:19.864 WARN   Wiring.write_wire_scope: net not found
2026-10-07 12:35:19.864 WARN   Wiring.write_wire_scope: net not found
2026-10-07 12:35:19.864 WARN   Wiring.write_wire_scope: net not found
2026-10-07 12:35:19.864 WARN   Wiring.write_wire_scope: net not found
2026-10-07 12:35:19.864 WARN   Wiring.write_wire_scope: net not found
2026-10-07 12:35:19.864 WARN   Wiring.write_wire_scope: net not found
2026-10-07 12:35:19.864 WARN   Wiring.write_wire_scope: net not found
2026-10-07 12:35:19.864 WARN   Wiring.write_wire_scope: net not found
2026-10-07 12:35:19.864 WARN   Wiring.write_wire_scope: net not found
2026-10-07 12:35:19.864 WARN   Wiring.write_wire_scope: net not found
2026-10-07 12:35:19.864 WARN   Wiring.write_wire_scope: net not found
2026-10-07 12:35:19.864 WARN   Wiring.write_wire_scope: net not found
2026-10-07 12:35:19.864 WARN   Wiring.write_wire_scope: net not found
2026-10-07 12:35:19.864 WARN   Wiring.write_wire_scope: net not found
2026-10-07 12:35:19.864 WARN   Wiring.write_wire_scope: net not found
2026-10-07 12:35:19.865 WARN   Wiring.write_wire_scope: net not found
2026-10-07 12:35:19.865 WARN   Wiring.write_wire_scope: net not found
2026-10-07 12:35:19.865 WARN   Wiring.write_wire_scope: net not found
2026-10-07 12:35:19.865 WARN   Wiring.write_wire_scope: net not found
2026-10-07 12:35:19.865 WARN   Wiring.write_wire_scope: net not found
2026-10-07 12:35:19.865 WARN   Wiring.write_wire_scope: net not found
2026-10-07 12:35:19.865 WARN   Wiring.write_wire_scope: net not found
2026-10-07 12:35:19.865 WARN   Wiring.write_wire_scope: net not found
2026-10-07 12:35:19.865 WARN   Wiring.write_wire_scope: net not found
2026-10-07 12:35:19.865 WARN   Wiring.write_wire_scope: net not found
2026-10-07 12:35:19.865 WARN   Wiring.write_wire_scope: net not found
2026-10-07 12:35:19.865 WARN   Wiring.write_wire_scope: net not found
2026-10-07 12:35:19.865 WARN   Wiring.write_wire_scope: net not found
2026-10-07 12:35:19.865 WARN   Wiring.write_wire_scope: net not found
2026-10-07 12:35:19.865 WARN   Wiring.write_wire_scope: net not found
2026-10-07 12:35:19.865 WARN   Wiring.write_wire_scope: net not found
2026-10-07 12:35:19.865 WARN   Wiring.write_wire_scope: net not found
2026-10-07 12:35:19.865 WARN   Wiring.write_wire_scope: net not found
2026-10-07 12:35:19.865 WARN   Wiring.write_wire_scope: net not found
2026-10-07 12:35:19.865 WARN   Wiring.write_wire_scope: net not found
2026-10-07 12:35:19.865 WARN   Wiring.write_wire_scope: net not found
2026-10-07 12:35:19.865 WARN   Wiring.write_wire_scope: net not found
2026-10-07 12:35:19.865 WARN   Wiring.write_wire_scope: net not found
2026-10-07 12:35:19.865 WARN   Wiring.write_wire_scope: net not found
2026-10-07 12:35:19.914 WARN   Design Warning: Board has 132 pre-existing clearance violation(s) in the loaded design (before routing):
  - 132 unfixable violation(s) (cannot be resolved by Freerouting):
      * 16 pin-to-pin clearance violations (first 5 shown):
          - Q103.9 <-> Q103.8
          - Q103.9 <-> Q103.7
          - Q103.9 <-> Q103.6
          - Q103.9 <-> Q103.5
          - U25.21 <-> U25.20
          ... and 11 more
      * 116 fixed trace/via clearance violations (first 5 shown):
          - FixedTrace#3017 <-> R226.2
          - FixedTrace#3017 <-> U8.9
          - FixedTrace#3016 <-> FixedTrace#3012
          - FixedTrace#3016 <-> FixedTrace#3010
          - FixedTrace#3015 <-> FixedTrace#3014
          ... and 111 more
  - 0 potentially fixable violations
Notice: Freerouting does not modify component placement, board outlines, or fixed items.
Resolving these 132 unfixable violation(s) is the responsibility of the board author in their EDA tool (e.g. KiCad).
2026-10-07 12:35:19.946 INFO   [98BE09\FDF2F3] Pipeline thread limits: autorouter pass is single-threaded, optimizer.max_threads=23.
2026-10-07 12:35:19.996 INFO   [98BE09\FDF2F3] Fanout stage started on board 'f547ff1b038a64cff26e4985e25d330a' with 26 of 1066 SMD pins needing fanout (0 already connected, 1040 netless).
2026-10-07 12:35:20.053 WARN   Wiring.write_wire_scope: net not found
2026-10-07 12:35:20.054 WARN   Wiring.write_wire_scope: net not found
2026-10-07 12:35:20.054 WARN   Wiring.write_wire_scope: net not found
2026-10-07 12:35:20.054 WARN   Wiring.write_wire_scope: net not found
2026-10-07 12:35:20.054 WARN   Wiring.write_wire_scope: net not found
2026-10-07 12:35:20.054 WARN   Wiring.write_wire_scope: net not found
2026-10-07 12:35:20.054 WARN   Wiring.write_wire_scope: net not found
2026-10-07 12:35:20.054 WARN   Wiring.write_wire_scope: net not found
2026-10-07 12:35:20.054 WARN   Wiring.write_wire_scope: net not found
2026-10-07 12:35:20.054 WARN   Wiring.write_wire_scope: net not found
2026-10-07 12:35:20.054 WARN   Wiring.write_wire_scope: net not found
2026-10-07 12:35:20.054 WARN   Wiring.write_wire_scope: net not found
2026-10-07 12:35:20.054 WARN   Wiring.write_wire_scope: net not found
2026-10-07 12:35:20.054 WARN   Wiring.write_wire_scope: net not found
2026-10-07 12:35:20.054 WARN   Wiring.write_wire_scope: net not found
2026-10-07 12:35:20.054 WARN   Wiring.write_wire_scope: net not found
2026-10-07 12:35:20.054 WARN   Wiring.write_wire_scope: net not found
2026-10-07 12:35:20.054 WARN   Wiring.write_wire_scope: net not found
2026-10-07 12:35:20.054 WARN   Wiring.write_wire_scope: net not found
2026-10-07 12:35:20.054 WARN   Wiring.write_wire_scope: net not found
2026-10-07 12:35:20.054 WARN   Wiring.write_wire_scope: net not found
2026-10-07 12:35:20.054 WARN   Wiring.write_wire_scope: net not found
2026-10-07 12:35:20.054 WARN   Wiring.write_wire_scope: net not found
2026-10-07 12:35:20.054 WARN   Wiring.write_wire_scope: net not found
2026-10-07 12:35:20.054 WARN   Wiring.write_wire_scope: net not found
2026-10-07 12:35:20.054 WARN   Wiring.write_wire_scope: net not found
2026-10-07 12:35:20.054 WARN   Wiring.write_wire_scope: net not found
2026-10-07 12:35:20.054 WARN   Wiring.write_wire_scope: net not found
2026-10-07 12:35:20.054 WARN   Wiring.write_wire_scope: net not found
2026-10-07 12:35:20.054 WARN   Wiring.write_wire_scope: net not found
2026-10-07 12:35:20.055 WARN   Wiring.write_wire_scope: net not found
2026-10-07 12:35:20.055 WARN   Wiring.write_wire_scope: net not found
2026-10-07 12:35:20.055 WARN   Wiring.write_wire_scope: net not found
2026-10-07 12:35:20.055 WARN   Wiring.write_wire_scope: net not found
2026-10-07 12:35:20.055 WARN   Wiring.write_wire_scope: net not found
2026-10-07 12:35:20.055 WARN   Wiring.write_wire_scope: net not found
2026-10-07 12:35:20.055 WARN   Wiring.write_wire_scope: net not found
2026-10-07 12:35:20.055 WARN   Wiring.write_wire_scope: net not found
2026-10-07 12:35:20.055 WARN   Wiring.write_wire_scope: net not found
2026-10-07 12:35:20.055 WARN   Wiring.write_wire_scope: net not found
2026-10-07 12:35:20.055 WARN   Wiring.write_wire_scope: net not found
2026-10-07 12:35:20.055 WARN   Wiring.write_wire_scope: net not found
2026-10-07 12:35:20.055 WARN   Wiring.write_wire_scope: net not found
2026-10-07 12:35:20.055 WARN   Wiring.write_wire_scope: net not found
2026-10-07 12:35:20.055 WARN   Wiring.write_wire_scope: net not found
2026-10-07 12:35:20.055 WARN   Wiring.write_wire_scope: net not found
2026-10-07 12:35:20.055 WARN   Wiring.write_wire_scope: net not found
2026-10-07 12:35:20.055 WARN   Wiring.write_wire_scope: net not found
2026-10-07 12:35:20.055 WARN   Wiring.write_wire_scope: net not found
2026-10-07 12:35:20.055 WARN   Wiring.write_wire_scope: net not found
2026-10-07 12:35:20.055 WARN   Wiring.write_wire_scope: net not found
2026-10-07 12:35:20.056 WARN   Wiring.write_wire_scope: net not found
2026-10-07 12:35:20.056 WARN   Wiring.write_wire_scope: net not found
2026-10-07 12:35:20.056 WARN   Wiring.write_wire_scope: net not found
2026-10-07 12:35:20.056 WARN   Wiring.write_wire_scope: net not found
2026-10-07 12:35:20.056 WARN   Wiring.write_wire_scope: net not found
2026-10-07 12:35:20.056 WARN   Wiring.write_wire_scope: net not found
2026-10-07 12:35:20.056 WARN   Wiring.write_wire_scope: net not found
2026-10-07 12:35:20.056 WARN   Wiring.write_wire_scope: net not found
2026-10-07 12:35:20.056 WARN   Wiring.write_wire_scope: net not found
2026-10-07 12:35:20.056 WARN   Wiring.write_wire_scope: net not found
2026-10-07 12:35:20.056 WARN   Wiring.write_wire_scope: net not found
2026-10-07 12:35:20.056 WARN   Wiring.write_wire_scope: net not found
2026-10-07 12:35:20.056 WARN   Wiring.write_wire_scope: net not found
2026-10-07 12:35:20.056 WARN   Wiring.write_wire_scope: net not found
2026-10-07 12:35:20.056 WARN   Wiring.write_wire_scope: net not found
2026-10-07 12:35:20.056 WARN   Wiring.write_wire_scope: net not found
2026-10-07 12:35:20.184 WARN   Wiring.write_wire_scope: net not found
2026-10-07 12:35:20.184 WARN   Wiring.write_wire_scope: net not found
2026-10-07 12:35:20.184 WARN   Wiring.write_wire_scope: net not found
2026-10-07 12:35:20.184 WARN   Wiring.write_wire_scope: net not found
2026-10-07 12:35:20.184 WARN   Wiring.write_wire_scope: net not found
2026-10-07 12:35:20.184 WARN   Wiring.write_wire_scope: net not found
2026-10-07 12:35:20.184 WARN   Wiring.write_wire_scope: net not found
2026-10-07 12:35:20.184 WARN   Wiring.write_wire_scope: net not found
2026-10-07 12:35:20.184 WARN   Wiring.write_wire_scope: net not found
2026-10-07 12:35:20.184 WARN   Wiring.write_wire_scope: net not found
2026-10-07 12:35:20.184 WARN   Wiring.write_wire_scope: net not found
2026-10-07 12:35:20.184 WARN   Wiring.write_wire_scope: net not found
2026-10-07 12:35:20.184 WARN   Wiring.write_wire_scope: net not found
2026-10-07 12:35:20.185 WARN   Wiring.write_wire_scope: net not found
2026-10-07 12:35:20.185 WARN   Wiring.write_wire_scope: net not found
2026-10-07 12:35:20.185 WARN   Wiring.write_wire_scope: net not found
2026-10-07 12:35:20.185 WARN   Wiring.write_wire_scope: net not found
2026-10-07 12:35:20.185 WARN   Wiring.write_wire_scope: net not found
2026-10-07 12:35:20.185 WARN   Wiring.write_wire_scope: net not found
2026-10-07 12:35:20.185 WARN   Wiring.write_wire_scope: net not found
2026-10-07 12:35:20.185 WARN   Wiring.write_wire_scope: net not found
2026-10-07 12:35:20.185 WARN   Wiring.write_wire_scope: net not found
2026-10-07 12:35:20.185 WARN   Wiring.write_wire_scope: net not found
2026-10-07 12:35:20.185 WARN   Wiring.write_wire_scope: net not found
2026-10-07 12:35:20.185 WARN   Wiring.write_wire_scope: net not found
2026-10-07 12:35:20.185 WARN   Wiring.write_wire_scope: net not found
2026-10-07 12:35:20.185 WARN   Wiring.write_wire_scope: net not found
2026-10-07 12:35:20.185 WARN   Wiring.write_wire_scope: net not found
2026-10-07 12:35:20.185 WARN   Wiring.write_wire_scope: net not found
2026-10-07 12:35:20.185 WARN   Wiring.write_wire_scope: net not found
2026-10-07 12:35:20.185 WARN   Wiring.write_wire_scope: net not found
2026-10-07 12:35:20.185 WARN   Wiring.write_wire_scope: net not found
2026-10-07 12:35:20.185 WARN   Wiring.write_wire_scope: net not found
2026-10-07 12:35:20.185 WARN   Wiring.write_wire_scope: net not found
2026-10-07 12:35:20.185 WARN   Wiring.write_wire_scope: net not found
2026-10-07 12:35:20.185 WARN   Wiring.write_wire_scope: net not found
2026-10-07 12:35:20.185 WARN   Wiring.write_wire_scope: net not found
2026-10-07 12:35:20.185 WARN   Wiring.write_wire_scope: net not found
2026-10-07 12:35:20.185 WARN   Wiring.write_wire_scope: net not found
2026-10-07 12:35:20.185 WARN   Wiring.write_wire_scope: net not found
2026-10-07 12:35:20.185 WARN   Wiring.write_wire_scope: net not found
2026-10-07 12:35:20.185 WARN   Wiring.write_wire_scope: net not found
2026-10-07 12:35:20.185 WARN   Wiring.write_wire_scope: net not found
2026-10-07 12:35:20.185 WARN   Wiring.write_wire_scope: net not found
2026-10-07 12:35:20.185 WARN   Wiring.write_wire_scope: net not found
2026-10-07 12:35:20.185 WARN   Wiring.write_wire_scope: net not found
2026-10-07 12:35:20.185 WARN   Wiring.write_wire_scope: net not found
2026-10-07 12:35:20.185 WARN   Wiring.write_wire_scope: net not found
2026-10-07 12:35:20.185 WARN   Wiring.write_wire_scope: net not found
2026-10-07 12:35:20.185 WARN   Wiring.write_wire_scope: net not found
2026-10-07 12:35:20.185 WARN   Wiring.write_wire_scope: net not found
2026-10-07 12:35:20.185 WARN   Wiring.write_wire_scope: net not found
2026-10-07 12:35:20.185 WARN   Wiring.write_wire_scope: net not found
2026-10-07 12:35:20.185 WARN   Wiring.write_wire_scope: net not found
2026-10-07 12:35:20.185 WARN   Wiring.write_wire_scope: net not found
2026-10-07 12:35:20.185 WARN   Wiring.write_wire_scope: net not found
2026-10-07 12:35:20.185 WARN   Wiring.write_wire_scope: net not found
2026-10-07 12:35:20.185 WARN   Wiring.write_wire_scope: net not found
2026-10-07 12:35:20.185 WARN   Wiring.write_wire_scope: net not found
2026-10-07 12:35:20.185 WARN   Wiring.write_wire_scope: net not found
2026-10-07 12:35:20.185 WARN   Wiring.write_wire_scope: net not found
2026-10-07 12:35:20.185 WARN   Wiring.write_wire_scope: net not found
2026-10-07 12:35:20.185 WARN   Wiring.write_wire_scope: net not found
2026-10-07 12:35:20.185 WARN   Wiring.write_wire_scope: net not found
2026-10-07 12:35:20.185 WARN   Wiring.write_wire_scope: net not found
2026-10-07 12:35:20.186 WARN   Wiring.write_wire_scope: net not found
2026-10-07 12:35:20.186 WARN   Wiring.write_wire_scope: net not found
2026-10-07 12:35:20.434 WARN   Wiring.write_wire_scope: net not found
2026-10-07 12:35:20.434 WARN   Wiring.write_wire_scope: net not found
2026-10-07 12:35:20.434 WARN   Wiring.write_wire_scope: net not found
2026-10-07 12:35:20.434 WARN   Wiring.write_wire_scope: net not found
2026-10-07 12:35:20.434 WARN   Wiring.write_wire_scope: net not found
2026-10-07 12:35:20.434 WARN   Wiring.write_wire_scope: net not found
2026-10-07 12:35:20.434 WARN   Wiring.write_wire_scope: net not found
2026-10-07 12:35:20.434 WARN   Wiring.write_wire_scope: net not found
2026-10-07 12:35:20.434 WARN   Wiring.write_wire_scope: net not found
2026-10-07 12:35:20.434 WARN   Wiring.write_wire_scope: net not found
2026-10-07 12:35:20.434 WARN   Wiring.write_wire_scope: net not found
2026-10-07 12:35:20.434 WARN   Wiring.write_wire_scope: net not found
2026-10-07 12:35:20.434 WARN   Wiring.write_wire_scope: net not found
2026-10-07 12:35:20.434 WARN   Wiring.write_wire_scope: net not found
2026-10-07 12:35:20.434 WARN   Wiring.write_wire_scope: net not found
2026-10-07 12:35:20.434 WARN   Wiring.write_wire_scope: net not found
2026-10-07 12:35:20.434 WARN   Wiring.write_wire_scope: net not found
2026-10-07 12:35:20.434 WARN   Wiring.write_wire_scope: net not found
2026-10-07 12:35:20.434 WARN   Wiring.write_wire_scope: net not found
2026-10-07 12:35:20.434 WARN   Wiring.write_wire_scope: net not found
2026-10-07 12:35:20.434 WARN   Wiring.write_wire_scope: net not found
2026-10-07 12:35:20.434 WARN   Wiring.write_wire_scope: net not found
2026-10-07 12:35:20.434 WARN   Wiring.write_wire_scope: net not found
2026-10-07 12:35:20.435 WARN   Wiring.write_wire_scope: net not found
2026-10-07 12:35:20.435 WARN   Wiring.write_wire_scope: net not found
2026-10-07 12:35:20.435 WARN   Wiring.write_wire_scope: net not found
2026-10-07 12:35:20.435 WARN   Wiring.write_wire_scope: net not found
2026-10-07 12:35:20.435 WARN   Wiring.write_wire_scope: net not found
2026-10-07 12:35:20.435 WARN   Wiring.write_wire_scope: net not found
2026-10-07 12:35:20.435 WARN   Wiring.write_wire_scope: net not found
2026-10-07 12:35:20.435 WARN   Wiring.write_wire_scope: net not found
2026-10-07 12:35:20.435 WARN   Wiring.write_wire_scope: net not found
2026-10-07 12:35:20.435 WARN   Wiring.write_wire_scope: net not found
2026-10-07 12:35:20.435 WARN   Wiring.write_wire_scope: net not found
2026-10-07 12:35:20.435 WARN   Wiring.write_wire_scope: net not found
2026-10-07 12:35:20.435 WARN   Wiring.write_wire_scope: net not found
2026-10-07 12:35:20.435 WARN   Wiring.write_wire_scope: net not found
2026-10-07 12:35:20.435 WARN   Wiring.write_wire_scope: net not found
2026-10-07 12:35:20.435 WARN   Wiring.write_wire_scope: net not found
2026-10-07 12:35:20.435 WARN   Wiring.write_wire_scope: net not found
2026-10-07 12:35:20.435 WARN   Wiring.write_wire_scope: net not found
2026-10-07 12:35:20.435 WARN   Wiring.write_wire_scope: net not found
2026-10-07 12:35:20.435 WARN   Wiring.write_wire_scope: net not found
2026-10-07 12:35:20.435 WARN   Wiring.write_wire_scope: net not found
2026-10-07 12:35:20.435 WARN   Wiring.write_wire_scope: net not found
2026-10-07 12:35:20.435 WARN   Wiring.write_wire_scope: net not found
2026-10-07 12:35:20.435 WARN   Wiring.write_wire_scope: net not found
2026-10-07 12:35:20.435 WARN   Wiring.write_wire_scope: net not found
2026-10-07 12:35:20.435 WARN   Wiring.write_wire_scope: net not found
2026-10-07 12:35:20.435 WARN   Wiring.write_wire_scope: net not found
2026-10-07 12:35:20.435 WARN   Wiring.write_wire_scope: net not found
2026-10-07 12:35:20.435 WARN   Wiring.write_wire_scope: net not found
2026-10-07 12:35:20.435 WARN   Wiring.write_wire_scope: net not found
2026-10-07 12:35:20.435 WARN   Wiring.write_wire_scope: net not found
2026-10-07 12:35:20.435 WARN   Wiring.write_wire_scope: net not found
2026-10-07 12:35:20.435 WARN   Wiring.write_wire_scope: net not found
2026-10-07 12:35:20.435 WARN   Wiring.write_wire_scope: net not found
2026-10-07 12:35:20.435 WARN   Wiring.write_wire_scope: net not found
2026-10-07 12:35:20.435 WARN   Wiring.write_wire_scope: net not found
2026-10-07 12:35:20.435 WARN   Wiring.write_wire_scope: net not found
2026-10-07 12:35:20.435 WARN   Wiring.write_wire_scope: net not found
2026-10-07 12:35:20.435 WARN   Wiring.write_wire_scope: net not found
2026-10-07 12:35:20.435 WARN   Wiring.write_wire_scope: net not found
2026-10-07 12:35:20.435 WARN   Wiring.write_wire_scope: net not found
2026-10-07 12:35:20.435 WARN   Wiring.write_wire_scope: net not found
2026-10-07 12:35:20.435 WARN   Wiring.write_wire_scope: net not found
2026-10-07 12:35:20.435 WARN   Wiring.write_wire_scope: net not found
2026-10-07 12:35:20.440 INFO   [98BE09\FDF2F3] Fanout pass #1 on board 'b51bc3c5a67e2bdcb0e54d39a7486dd7' completed in 0.40 seconds with 13 SMD pins fanouted, 8 not routed, 0 insert errors, +0 extra vias (0 SMD pins still to check in pass, ripup costs=100).
2026-10-07 12:35:20.463 WARN   Wiring.write_wire_scope: net not found
2026-10-07 12:35:20.463 WARN   Wiring.write_wire_scope: net not found
2026-10-07 12:35:20.463 WARN   Wiring.write_wire_scope: net not found
2026-10-07 12:35:20.463 WARN   Wiring.write_wire_scope: net not found
2026-10-07 12:35:20.463 WARN   Wiring.write_wire_scope: net not found
2026-10-07 12:35:20.463 WARN   Wiring.write_wire_scope: net not found
2026-10-07 12:35:20.463 WARN   Wiring.write_wire_scope: net not found
2026-10-07 12:35:20.463 WARN   Wiring.write_wire_scope: net not found
2026-10-07 12:35:20.463 WARN   Wiring.write_wire_scope: net not found
2026-10-07 12:35:20.463 WARN   Wiring.write_wire_scope: net not found
2026-10-07 12:35:20.463 WARN   Wiring.write_wire_scope: net not found
2026-10-07 12:35:20.463 WARN   Wiring.write_wire_scope: net not found
2026-10-07 12:35:20.463 WARN   Wiring.write_wire_scope: net not found
2026-10-07 12:35:20.463 WARN   Wiring.write_wire_scope: net not found
2026-10-07 12:35:20.463 WARN   Wiring.write_wire_scope: net not found
2026-10-07 12:35:20.463 WARN   Wiring.write_wire_scope: net not found
2026-10-07 12:35:20.463 WARN   Wiring.write_wire_scope: net not found
2026-10-07 12:35:20.463 WARN   Wiring.write_wire_scope: net not found
2026-10-07 12:35:20.463 WARN   Wiring.write_wire_scope: net not found
2026-10-07 12:35:20.463 WARN   Wiring.write_wire_scope: net not found
2026-10-07 12:35:20.463 WARN   Wiring.write_wire_scope: net not found
2026-10-07 12:35:20.464 WARN   Wiring.write_wire_scope: net not found
2026-10-07 12:35:20.464 WARN   Wiring.write_wire_scope: net not found
2026-10-07 12:35:20.464 WARN   Wiring.write_wire_scope: net not found
2026-10-07 12:35:20.464 WARN   Wiring.write_wire_scope: net not found
2026-10-07 12:35:20.464 WARN   Wiring.write_wire_scope: net not found
2026-10-07 12:35:20.464 WARN   Wiring.write_wire_scope: net not found
2026-10-07 12:35:20.464 WARN   Wiring.write_wire_scope: net not found
2026-10-07 12:35:20.464 WARN   Wiring.write_wire_scope: net not found
2026-10-07 12:35:20.464 WARN   Wiring.write_wire_scope: net not found
2026-10-07 12:35:20.464 WARN   Wiring.write_wire_scope: net not found
2026-10-07 12:35:20.464 WARN   Wiring.write_wire_scope: net not found
2026-10-07 12:35:20.464 WARN   Wiring.write_wire_scope: net not found
2026-10-07 12:35:20.464 WARN   Wiring.write_wire_scope: net not found
2026-10-07 12:35:20.464 WARN   Wiring.write_wire_scope: net not found
2026-10-07 12:35:20.464 WARN   Wiring.write_wire_scope: net not found
2026-10-07 12:35:20.464 WARN   Wiring.write_wire_scope: net not found
2026-10-07 12:35:20.464 WARN   Wiring.write_wire_scope: net not found
2026-10-07 12:35:20.464 WARN   Wiring.write_wire_scope: net not found
2026-10-07 12:35:20.464 WARN   Wiring.write_wire_scope: net not found
2026-10-07 12:35:20.464 WARN   Wiring.write_wire_scope: net not found
2026-10-07 12:35:20.464 WARN   Wiring.write_wire_scope: net not found
2026-10-07 12:35:20.464 WARN   Wiring.write_wire_scope: net not found
2026-10-07 12:35:20.464 WARN   Wiring.write_wire_scope: net not found
2026-10-07 12:35:20.464 WARN   Wiring.write_wire_scope: net not found
2026-10-07 12:35:20.464 WARN   Wiring.write_wire_scope: net not found
2026-10-07 12:35:20.464 WARN   Wiring.write_wire_scope: net not found
2026-10-07 12:35:20.464 WARN   Wiring.write_wire_scope: net not found
2026-10-07 12:35:20.464 WARN   Wiring.write_wire_scope: net not found
2026-10-07 12:35:20.464 WARN   Wiring.write_wire_scope: net not found
2026-10-07 12:35:20.464 WARN   Wiring.write_wire_scope: net not found
2026-10-07 12:35:20.464 WARN   Wiring.write_wire_scope: net not found
2026-10-07 12:35:20.464 WARN   Wiring.write_wire_scope: net not found
2026-10-07 12:35:20.464 WARN   Wiring.write_wire_scope: net not found
2026-10-07 12:35:20.464 WARN   Wiring.write_wire_scope: net not found
2026-10-07 12:35:20.464 WARN   Wiring.write_wire_scope: net not found
2026-10-07 12:35:20.464 WARN   Wiring.write_wire_scope: net not found
2026-10-07 12:35:20.464 WARN   Wiring.write_wire_scope: net not found
2026-10-07 12:35:20.464 WARN   Wiring.write_wire_scope: net not found
2026-10-07 12:35:20.464 WARN   Wiring.write_wire_scope: net not found
2026-10-07 12:35:20.464 WARN   Wiring.write_wire_scope: net not found
2026-10-07 12:35:20.464 WARN   Wiring.write_wire_scope: net not found
2026-10-07 12:35:20.464 WARN   Wiring.write_wire_scope: net not found
2026-10-07 12:35:20.464 WARN   Wiring.write_wire_scope: net not found
2026-10-07 12:35:20.464 WARN   Wiring.write_wire_scope: net not found
2026-10-07 12:35:20.464 WARN   Wiring.write_wire_scope: net not found
2026-10-07 12:35:20.464 WARN   Wiring.write_wire_scope: net not found
2026-10-07 12:35:20.494 WARN   Wiring.write_wire_scope: net not found
2026-10-07 12:35:20.494 WARN   Wiring.write_wire_scope: net not found
2026-10-07 12:35:20.494 WARN   Wiring.write_wire_scope: net not found
2026-10-07 12:35:20.494 WARN   Wiring.write_wire_scope: net not found
2026-10-07 12:35:20.494 WARN   Wiring.write_wire_scope: net not found
2026-10-07 12:35:20.494 WARN   Wiring.write_wire_scope: net not found
2026-10-07 12:35:20.494 WARN   Wiring.write_wire_scope: net not found
2026-10-07 12:35:20.494 WARN   Wiring.write_wire_scope: net not found
2026-10-07 12:35:20.494 WARN   Wiring.write_wire_scope: net not found
2026-10-07 12:35:20.494 WARN   Wiring.write_wire_scope: net not found
2026-10-07 12:35:20.494 WARN   Wiring.write_wire_scope: net not found
2026-10-07 12:35:20.494 WARN   Wiring.write_wire_scope: net not found
2026-10-07 12:35:20.494 WARN   Wiring.write_wire_scope: net not found
2026-10-07 12:35:20.494 WARN   Wiring.write_wire_scope: net not found
2026-10-07 12:35:20.494 WARN   Wiring.write_wire_scope: net not found
2026-10-07 12:35:20.494 WARN   Wiring.write_wire_scope: net not found
2026-10-07 12:35:20.494 WARN   Wiring.write_wire_scope: net not found
2026-10-07 12:35:20.494 WARN   Wiring.write_wire_scope: net not found
2026-10-07 12:35:20.494 WARN   Wiring.write_wire_scope: net not found
2026-10-07 12:35:20.494 WARN   Wiring.write_wire_scope: net not found
2026-10-07 12:35:20.494 WARN   Wiring.write_wire_scope: net not found
2026-10-07 12:35:20.494 WARN   Wiring.write_wire_scope: net not found
2026-10-07 12:35:20.494 WARN   Wiring.write_wire_scope: net not found
2026-10-07 12:35:20.494 WARN   Wiring.write_wire_scope: net not found
2026-10-07 12:35:20.494 WARN   Wiring.write_wire_scope: net not found
2026-10-07 12:35:20.494 WARN   Wiring.write_wire_scope: net not found
2026-10-07 12:35:20.494 WARN   Wiring.write_wire_scope: net not found
2026-10-07 12:35:20.494 WARN   Wiring.write_wire_scope: net not found
2026-10-07 12:35:20.494 WARN   Wiring.write_wire_scope: net not found
2026-10-07 12:35:20.494 WARN   Wiring.write_wire_scope: net not found
2026-10-07 12:35:20.494 WARN   Wiring.write_wire_scope: net not found
2026-10-07 12:35:20.494 WARN   Wiring.write_wire_scope: net not found
2026-10-07 12:35:20.494 WARN   Wiring.write_wire_scope: net not found
2026-10-07 12:35:20.494 WARN   Wiring.write_wire_scope: net not found
2026-10-07 12:35:20.494 WARN   Wiring.write_wire_scope: net not found
2026-10-07 12:35:20.494 WARN   Wiring.write_wire_scope: net not found
2026-10-07 12:35:20.494 WARN   Wiring.write_wire_scope: net not found
2026-10-07 12:35:20.494 WARN   Wiring.write_wire_scope: net not found
2026-10-07 12:35:20.494 WARN   Wiring.write_wire_scope: net not found
2026-10-07 12:35:20.494 WARN   Wiring.write_wire_scope: net not found
2026-10-07 12:35:20.494 WARN   Wiring.write_wire_scope: net not found
2026-10-07 12:35:20.494 WARN   Wiring.write_wire_scope: net not found
2026-10-07 12:35:20.494 WARN   Wiring.write_wire_scope: net not found
2026-10-07 12:35:20.494 WARN   Wiring.write_wire_scope: net not found
2026-10-07 12:35:20.494 WARN   Wiring.write_wire_scope: net not found
2026-10-07 12:35:20.494 WARN   Wiring.write_wire_scope: net not found
2026-10-07 12:35:20.494 WARN   Wiring.write_wire_scope: net not found
2026-10-07 12:35:20.494 WARN   Wiring.write_wire_scope: net not found
2026-10-07 12:35:20.494 WARN   Wiring.write_wire_scope: net not found
2026-10-07 12:35:20.494 WARN   Wiring.write_wire_scope: net not found
2026-10-07 12:35:20.494 WARN   Wiring.write_wire_scope: net not found
2026-10-07 12:35:20.494 WARN   Wiring.write_wire_scope: net not found
2026-10-07 12:35:20.494 WARN   Wiring.write_wire_scope: net not found
2026-10-07 12:35:20.494 WARN   Wiring.write_wire_scope: net not found
2026-10-07 12:35:20.494 WARN   Wiring.write_wire_scope: net not found
2026-10-07 12:35:20.494 WARN   Wiring.write_wire_scope: net not found
2026-10-07 12:35:20.494 WARN   Wiring.write_wire_scope: net not found
2026-10-07 12:35:20.494 WARN   Wiring.write_wire_scope: net not found
2026-10-07 12:35:20.494 WARN   Wiring.write_wire_scope: net not found
2026-10-07 12:35:20.494 WARN   Wiring.write_wire_scope: net not found
2026-10-07 12:35:20.494 WARN   Wiring.write_wire_scope: net not found
2026-10-07 12:35:20.494 WARN   Wiring.write_wire_scope: net not found
2026-10-07 12:35:20.494 WARN   Wiring.write_wire_scope: net not found
2026-10-07 12:35:20.494 WARN   Wiring.write_wire_scope: net not found
2026-10-07 12:35:20.494 WARN   Wiring.write_wire_scope: net not found
2026-10-07 12:35:20.494 WARN   Wiring.write_wire_scope: net not found
2026-10-07 12:35:20.494 WARN   Wiring.write_wire_scope: net not found
2026-10-07 12:35:20.591 WARN   Wiring.write_wire_scope: net not found
2026-10-07 12:35:20.591 WARN   Wiring.write_wire_scope: net not found
2026-10-07 12:35:20.591 WARN   Wiring.write_wire_scope: net not found
2026-10-07 12:35:20.591 WARN   Wiring.write_wire_scope: net not found
2026-10-07 12:35:20.591 WARN   Wiring.write_wire_scope: net not found
2026-10-07 12:35:20.591 WARN   Wiring.write_wire_scope: net not found
2026-10-07 12:35:20.591 WARN   Wiring.write_wire_scope: net not found
2026-10-07 12:35:20.591 WARN   Wiring.write_wire_scope: net not found
2026-10-07 12:35:20.591 WARN   Wiring.write_wire_scope: net not found
2026-10-07 12:35:20.591 WARN   Wiring.write_wire_scope: net not found
2026-10-07 12:35:20.591 WARN   Wiring.write_wire_scope: net not found
2026-10-07 12:35:20.591 WARN   Wiring.write_wire_scope: net not found
2026-10-07 12:35:20.591 WARN   Wiring.write_wire_scope: net not found
2026-10-07 12:35:20.591 WARN   Wiring.write_wire_scope: net not found
2026-10-07 12:35:20.591 WARN   Wiring.write_wire_scope: net not found
2026-10-07 12:35:20.591 WARN   Wiring.write_wire_scope: net not found
2026-10-07 12:35:20.591 WARN   Wiring.write_wire_scope: net not found
2026-10-07 12:35:20.591 WARN   Wiring.write_wire_scope: net not found
2026-10-07 12:35:20.591 WARN   Wiring.write_wire_scope: net not found
2026-10-07 12:35:20.591 WARN   Wiring.write_wire_scope: net not found
2026-10-07 12:35:20.591 WARN   Wiring.write_wire_scope: net not found
2026-10-07 12:35:20.591 WARN   Wiring.write_wire_scope: net not found
2026-10-07 12:35:20.591 WARN   Wiring.write_wire_scope: net not found
2026-10-07 12:35:20.591 WARN   Wiring.write_wire_scope: net not found
2026-10-07 12:35:20.591 WARN   Wiring.write_wire_scope: net not found
2026-10-07 12:35:20.591 WARN   Wiring.write_wire_scope: net not found
2026-10-07 12:35:20.591 WARN   Wiring.write_wire_scope: net not found
2026-10-07 12:35:20.591 WARN   Wiring.write_wire_scope: net not found
2026-10-07 12:35:20.591 WARN   Wiring.write_wire_scope: net not found
2026-10-07 12:35:20.591 WARN   Wiring.write_wire_scope: net not found
2026-10-07 12:35:20.591 WARN   Wiring.write_wire_scope: net not found
2026-10-07 12:35:20.591 WARN   Wiring.write_wire_scope: net not found
2026-10-07 12:35:20.591 WARN   Wiring.write_wire_scope: net not found
2026-10-07 12:35:20.591 WARN   Wiring.write_wire_scope: net not found
2026-10-07 12:35:20.591 WARN   Wiring.write_wire_scope: net not found
2026-10-07 12:35:20.591 WARN   Wiring.write_wire_scope: net not found
2026-10-07 12:35:20.591 WARN   Wiring.write_wire_scope: net not found
2026-10-07 12:35:20.591 WARN   Wiring.write_wire_scope: net not found
2026-10-07 12:35:20.591 WARN   Wiring.write_wire_scope: net not found
2026-10-07 12:35:20.591 WARN   Wiring.write_wire_scope: net not found
2026-10-07 12:35:20.591 WARN   Wiring.write_wire_scope: net not found
2026-10-07 12:35:20.591 WARN   Wiring.write_wire_scope: net not found
2026-10-07 12:35:20.591 WARN   Wiring.write_wire_scope: net not found
2026-10-07 12:35:20.591 WARN   Wiring.write_wire_scope: net not found
2026-10-07 12:35:20.591 WARN   Wiring.write_wire_scope: net not found
2026-10-07 12:35:20.591 WARN   Wiring.write_wire_scope: net not found
2026-10-07 12:35:20.591 WARN   Wiring.write_wire_scope: net not found
2026-10-07 12:35:20.591 WARN   Wiring.write_wire_scope: net not found
2026-10-07 12:35:20.591 WARN   Wiring.write_wire_scope: net not found
2026-10-07 12:35:20.591 WARN   Wiring.write_wire_scope: net not found
2026-10-07 12:35:20.591 WARN   Wiring.write_wire_scope: net not found
2026-10-07 12:35:20.591 WARN   Wiring.write_wire_scope: net not found
2026-10-07 12:35:20.591 WARN   Wiring.write_wire_scope: net not found
2026-10-07 12:35:20.591 WARN   Wiring.write_wire_scope: net not found
2026-10-07 12:35:20.591 WARN   Wiring.write_wire_scope: net not found
2026-10-07 12:35:20.591 WARN   Wiring.write_wire_scope: net not found
2026-10-07 12:35:20.591 WARN   Wiring.write_wire_scope: net not found
2026-10-07 12:35:20.591 WARN   Wiring.write_wire_scope: net not found
2026-10-07 12:35:20.591 WARN   Wiring.write_wire_scope: net not found
2026-10-07 12:35:20.591 WARN   Wiring.write_wire_scope: net not found
2026-10-07 12:35:20.591 WARN   Wiring.write_wire_scope: net not found
2026-10-07 12:35:20.591 WARN   Wiring.write_wire_scope: net not found
2026-10-07 12:35:20.591 WARN   Wiring.write_wire_scope: net not found
2026-10-07 12:35:20.591 WARN   Wiring.write_wire_scope: net not found
2026-10-07 12:35:20.591 WARN   Wiring.write_wire_scope: net not found
2026-10-07 12:35:20.591 WARN   Wiring.write_wire_scope: net not found
2026-10-07 12:35:20.591 WARN   Wiring.write_wire_scope: net not found
2026-10-07 12:35:20.594 INFO   [98BE09\FDF2F3] Fanout pass #2 on board 'b51bc3c5a67e2bdcb0e54d39a7486dd7' completed in 0.13 seconds with 0 SMD pins fanouted, 4 not routed, 0 insert errors, +0 extra vias (0 SMD pins still to check in pass, ripup costs=200).
2026-10-07 12:35:20.597 INFO   [98BE09\FDF2F3] Fanout stage completed: started with 26 total SMD pins, completed in 0.59 seconds, escaped pins: 20/26 (76.9%), using 0.59 total CPU seconds, 0.34 GB total allocated, and 161.7 MB peak heap usage.
2026-10-07 12:35:20.671 INFO   [98BE09\FDF2F3] Auto-routing stage started on board 'b51bc3c5a67e2bdcb0e54d39a7486dd7' with baseline score 356.92 for 12 unrouted items.
2026-10-07 12:35:20.742 WARN   Wiring.write_wire_scope: net not found
2026-10-07 12:35:20.742 WARN   Wiring.write_wire_scope: net not found
2026-10-07 12:35:20.742 WARN   Wiring.write_wire_scope: net not found
2026-10-07 12:35:20.742 WARN   Wiring.write_wire_scope: net not found
2026-10-07 12:35:20.742 WARN   Wiring.write_wire_scope: net not found
2026-10-07 12:35:20.742 WARN   Wiring.write_wire_scope: net not found
2026-10-07 12:35:20.742 WARN   Wiring.write_wire_scope: net not found
2026-10-07 12:35:20.742 WARN   Wiring.write_wire_scope: net not found
2026-10-07 12:35:20.742 WARN   Wiring.write_wire_scope: net not found
2026-10-07 12:35:20.742 WARN   Wiring.write_wire_scope: net not found
2026-10-07 12:35:20.742 WARN   Wiring.write_wire_scope: net not found
2026-10-07 12:35:20.742 WARN   Wiring.write_wire_scope: net not found
2026-10-07 12:35:20.742 WARN   Wiring.write_wire_scope: net not found
2026-10-07 12:35:20.742 WARN   Wiring.write_wire_scope: net not found
2026-10-07 12:35:20.742 WARN   Wiring.write_wire_scope: net not found
2026-10-07 12:35:20.742 WARN   Wiring.write_wire_scope: net not found
2026-10-07 12:35:20.742 WARN   Wiring.write_wire_scope: net not found
2026-10-07 12:35:20.742 WARN   Wiring.write_wire_scope: net not found
2026-10-07 12:35:20.742 WARN   Wiring.write_wire_scope: net not found
2026-10-07 12:35:20.742 WARN   Wiring.write_wire_scope: net not found
2026-10-07 12:35:20.742 WARN   Wiring.write_wire_scope: net not found
2026-10-07 12:35:20.742 WARN   Wiring.write_wire_scope: net not found
2026-10-07 12:35:20.742 WARN   Wiring.write_wire_scope: net not found
2026-10-07 12:35:20.742 WARN   Wiring.write_wire_scope: net not found
2026-10-07 12:35:20.742 WARN   Wiring.write_wire_scope: net not found
2026-10-07 12:35:20.742 WARN   Wiring.write_wire_scope: net not found
2026-10-07 12:35:20.742 WARN   Wiring.write_wire_scope: net not found
2026-10-07 12:35:20.742 WARN   Wiring.write_wire_scope: net not found
2026-10-07 12:35:20.742 WARN   Wiring.write_wire_scope: net not found
2026-10-07 12:35:20.742 WARN   Wiring.write_wire_scope: net not found
2026-10-07 12:35:20.742 WARN   Wiring.write_wire_scope: net not found
2026-10-07 12:35:20.742 WARN   Wiring.write_wire_scope: net not found
2026-10-07 12:35:20.742 WARN   Wiring.write_wire_scope: net not found
2026-10-07 12:35:20.742 WARN   Wiring.write_wire_scope: net not found
2026-10-07 12:35:20.742 WARN   Wiring.write_wire_scope: net not found
2026-10-07 12:35:20.742 WARN   Wiring.write_wire_scope: net not found
2026-10-07 12:35:20.742 WARN   Wiring.write_wire_scope: net not found
2026-10-07 12:35:20.742 WARN   Wiring.write_wire_scope: net not found
2026-10-07 12:35:20.742 WARN   Wiring.write_wire_scope: net not found
2026-10-07 12:35:20.742 WARN   Wiring.write_wire_scope: net not found
2026-10-07 12:35:20.742 WARN   Wiring.write_wire_scope: net not found
2026-10-07 12:35:20.742 WARN   Wiring.write_wire_scope: net not found
2026-10-07 12:35:20.742 WARN   Wiring.write_wire_scope: net not found
2026-10-07 12:35:20.742 WARN   Wiring.write_wire_scope: net not found
2026-10-07 12:35:20.742 WARN   Wiring.write_wire_scope: net not found
2026-10-07 12:35:20.742 WARN   Wiring.write_wire_scope: net not found
2026-10-07 12:35:20.742 WARN   Wiring.write_wire_scope: net not found
2026-10-07 12:35:20.742 WARN   Wiring.write_wire_scope: net not found
2026-10-07 12:35:20.742 WARN   Wiring.write_wire_scope: net not found
2026-10-07 12:35:20.742 WARN   Wiring.write_wire_scope: net not found
2026-10-07 12:35:20.742 WARN   Wiring.write_wire_scope: net not found
2026-10-07 12:35:20.742 WARN   Wiring.write_wire_scope: net not found
2026-10-07 12:35:20.742 WARN   Wiring.write_wire_scope: net not found
2026-10-07 12:35:20.742 WARN   Wiring.write_wire_scope: net not found
2026-10-07 12:35:20.742 WARN   Wiring.write_wire_scope: net not found
2026-10-07 12:35:20.742 WARN   Wiring.write_wire_scope: net not found
2026-10-07 12:35:20.742 WARN   Wiring.write_wire_scope: net not found
2026-10-07 12:35:20.742 WARN   Wiring.write_wire_scope: net not found
2026-10-07 12:35:20.742 WARN   Wiring.write_wire_scope: net not found
2026-10-07 12:35:20.742 WARN   Wiring.write_wire_scope: net not found
2026-10-07 12:35:20.742 WARN   Wiring.write_wire_scope: net not found
2026-10-07 12:35:20.742 WARN   Wiring.write_wire_scope: net not found
2026-10-07 12:35:20.742 WARN   Wiring.write_wire_scope: net not found
2026-10-07 12:35:20.742 WARN   Wiring.write_wire_scope: net not found
2026-10-07 12:35:20.742 WARN   Wiring.write_wire_scope: net not found
2026-10-07 12:35:20.742 WARN   Wiring.write_wire_scope: net not found
2026-10-07 12:35:20.742 WARN   Wiring.write_wire_scope: net not found
2026-10-07 12:35:20.789 WARN   Wiring.write_wire_scope: net not found
2026-10-07 12:35:20.789 WARN   Wiring.write_wire_scope: net not found
2026-10-07 12:35:20.789 WARN   Wiring.write_wire_scope: net not found
2026-10-07 12:35:20.789 WARN   Wiring.write_wire_scope: net not found
2026-10-07 12:35:20.789 WARN   Wiring.write_wire_scope: net not found
2026-10-07 12:35:20.789 WARN   Wiring.write_wire_scope: net not found
2026-10-07 12:35:20.789 WARN   Wiring.write_wire_scope: net not found
2026-10-07 12:35:20.789 WARN   Wiring.write_wire_scope: net not found
2026-10-07 12:35:20.789 WARN   Wiring.write_wire_scope: net not found
2026-10-07 12:35:20.789 WARN   Wiring.write_wire_scope: net not found
2026-10-07 12:35:20.789 WARN   Wiring.write_wire_scope: net not found
2026-10-07 12:35:20.789 WARN   Wiring.write_wire_scope: net not found
2026-10-07 12:35:20.789 WARN   Wiring.write_wire_scope: net not found
2026-10-07 12:35:20.789 WARN   Wiring.write_wire_scope: net not found
2026-10-07 12:35:20.789 WARN   Wiring.write_wire_scope: net not found
2026-10-07 12:35:20.789 WARN   Wiring.write_wire_scope: net not found
2026-10-07 12:35:20.789 WARN   Wiring.write_wire_scope: net not found
2026-10-07 12:35:20.789 WARN   Wiring.write_wire_scope: net not found
2026-10-07 12:35:20.789 WARN   Wiring.write_wire_scope: net not found
2026-10-07 12:35:20.789 WARN   Wiring.write_wire_scope: net not found
2026-10-07 12:35:20.789 WARN   Wiring.write_wire_scope: net not found
2026-10-07 12:35:20.789 WARN   Wiring.write_wire_scope: net not found
2026-10-07 12:35:20.789 WARN   Wiring.write_wire_scope: net not found
2026-10-07 12:35:20.789 WARN   Wiring.write_wire_scope: net not found
2026-10-07 12:35:20.789 WARN   Wiring.write_wire_scope: net not found
2026-10-07 12:35:20.789 WARN   Wiring.write_wire_scope: net not found
2026-10-07 12:35:20.789 WARN   Wiring.write_wire_scope: net not found
2026-10-07 12:35:20.789 WARN   Wiring.write_wire_scope: net not found
2026-10-07 12:35:20.789 WARN   Wiring.write_wire_scope: net not found
2026-10-07 12:35:20.789 WARN   Wiring.write_wire_scope: net not found
2026-10-07 12:35:20.789 WARN   Wiring.write_wire_scope: net not found
2026-10-07 12:35:20.789 WARN   Wiring.write_wire_scope: net not found
2026-10-07 12:35:20.789 WARN   Wiring.write_wire_scope: net not found
2026-10-07 12:35:20.789 WARN   Wiring.write_wire_scope: net not found
2026-10-07 12:35:20.789 WARN   Wiring.write_wire_scope: net not found
2026-10-07 12:35:20.789 WARN   Wiring.write_wire_scope: net not found
2026-10-07 12:35:20.789 WARN   Wiring.write_wire_scope: net not found
2026-10-07 12:35:20.789 WARN   Wiring.write_wire_scope: net not found
2026-10-07 12:35:20.789 WARN   Wiring.write_wire_scope: net not found
2026-10-07 12:35:20.789 WARN   Wiring.write_wire_scope: net not found
2026-10-07 12:35:20.789 WARN   Wiring.write_wire_scope: net not found
2026-10-07 12:35:20.789 WARN   Wiring.write_wire_scope: net not found
2026-10-07 12:35:20.789 WARN   Wiring.write_wire_scope: net not found
2026-10-07 12:35:20.789 WARN   Wiring.write_wire_scope: net not found
2026-10-07 12:35:20.789 WARN   Wiring.write_wire_scope: net not found
2026-10-07 12:35:20.789 WARN   Wiring.write_wire_scope: net not found
2026-10-07 12:35:20.789 WARN   Wiring.write_wire_scope: net not found
2026-10-07 12:35:20.789 WARN   Wiring.write_wire_scope: net not found
2026-10-07 12:35:20.789 WARN   Wiring.write_wire_scope: net not found
2026-10-07 12:35:20.789 WARN   Wiring.write_wire_scope: net not found
2026-10-07 12:35:20.789 WARN   Wiring.write_wire_scope: net not found
2026-10-07 12:35:20.789 WARN   Wiring.write_wire_scope: net not found
2026-10-07 12:35:20.789 WARN   Wiring.write_wire_scope: net not found
2026-10-07 12:35:20.789 WARN   Wiring.write_wire_scope: net not found
2026-10-07 12:35:20.789 WARN   Wiring.write_wire_scope: net not found
2026-10-07 12:35:20.789 WARN   Wiring.write_wire_scope: net not found
2026-10-07 12:35:20.789 WARN   Wiring.write_wire_scope: net not found
2026-10-07 12:35:20.789 WARN   Wiring.write_wire_scope: net not found
2026-10-07 12:35:20.789 WARN   Wiring.write_wire_scope: net not found
2026-10-07 12:35:20.789 WARN   Wiring.write_wire_scope: net not found
2026-10-07 12:35:20.789 WARN   Wiring.write_wire_scope: net not found
2026-10-07 12:35:20.789 WARN   Wiring.write_wire_scope: net not found
2026-10-07 12:35:20.789 WARN   Wiring.write_wire_scope: net not found
2026-10-07 12:35:20.789 WARN   Wiring.write_wire_scope: net not found
2026-10-07 12:35:20.789 WARN   Wiring.write_wire_scope: net not found
2026-10-07 12:35:20.789 WARN   Wiring.write_wire_scope: net not found
2026-10-07 12:35:20.789 WARN   Wiring.write_wire_scope: net not found
2026-10-07 12:35:21.421 WARN   Wiring.write_wire_scope: net not found
2026-10-07 12:35:21.421 WARN   Wiring.write_wire_scope: net not found
2026-10-07 12:35:21.421 WARN   Wiring.write_wire_scope: net not found
2026-10-07 12:35:21.421 WARN   Wiring.write_wire_scope: net not found
2026-10-07 12:35:21.421 WARN   Wiring.write_wire_scope: net not found
2026-10-07 12:35:21.421 WARN   Wiring.write_wire_scope: net not found
2026-10-07 12:35:21.421 WARN   Wiring.write_wire_scope: net not found
2026-10-07 12:35:21.421 WARN   Wiring.write_wire_scope: net not found
2026-10-07 12:35:21.421 WARN   Wiring.write_wire_scope: net not found
2026-10-07 12:35:21.421 WARN   Wiring.write_wire_scope: net not found
2026-10-07 12:35:21.421 WARN   Wiring.write_wire_scope: net not found
2026-10-07 12:35:21.421 WARN   Wiring.write_wire_scope: net not found
2026-10-07 12:35:21.421 WARN   Wiring.write_wire_scope: net not found
2026-10-07 12:35:21.421 WARN   Wiring.write_wire_scope: net not found
2026-10-07 12:35:21.421 WARN   Wiring.write_wire_scope: net not found
2026-10-07 12:35:21.421 WARN   Wiring.write_wire_scope: net not found
2026-10-07 12:35:21.421 WARN   Wiring.write_wire_scope: net not found
2026-10-07 12:35:21.421 WARN   Wiring.write_wire_scope: net not found
2026-10-07 12:35:21.421 WARN   Wiring.write_wire_scope: net not found
2026-10-07 12:35:21.421 WARN   Wiring.write_wire_scope: net not found
2026-10-07 12:35:21.421 WARN   Wiring.write_wire_scope: net not found
2026-10-07 12:35:21.421 WARN   Wiring.write_wire_scope: net not found
2026-10-07 12:35:21.421 WARN   Wiring.write_wire_scope: net not found
2026-10-07 12:35:21.421 WARN   Wiring.write_wire_scope: net not found
2026-10-07 12:35:21.421 WARN   Wiring.write_wire_scope: net not found
2026-10-07 12:35:21.421 WARN   Wiring.write_wire_scope: net not found
2026-10-07 12:35:21.421 WARN   Wiring.write_wire_scope: net not found
2026-10-07 12:35:21.421 WARN   Wiring.write_wire_scope: net not found
2026-10-07 12:35:21.421 WARN   Wiring.write_wire_scope: net not found
2026-10-07 12:35:21.421 WARN   Wiring.write_wire_scope: net not found
2026-10-07 12:35:21.421 WARN   Wiring.write_wire_scope: net not found
2026-10-07 12:35:21.421 WARN   Wiring.write_wire_scope: net not found
2026-10-07 12:35:21.421 WARN   Wiring.write_wire_scope: net not found
2026-10-07 12:35:21.421 WARN   Wiring.write_wire_scope: net not found
2026-10-07 12:35:21.421 WARN   Wiring.write_wire_scope: net not found
2026-10-07 12:35:21.421 WARN   Wiring.write_wire_scope: net not found
2026-10-07 12:35:21.421 WARN   Wiring.write_wire_scope: net not found
2026-10-07 12:35:21.421 WARN   Wiring.write_wire_scope: net not found
2026-10-07 12:35:21.421 WARN   Wiring.write_wire_scope: net not found
2026-10-07 12:35:21.421 WARN   Wiring.write_wire_scope: net not found
2026-10-07 12:35:21.421 WARN   Wiring.write_wire_scope: net not found
2026-10-07 12:35:21.421 WARN   Wiring.write_wire_scope: net not found
2026-10-07 12:35:21.421 WARN   Wiring.write_wire_scope: net not found
2026-10-07 12:35:21.421 WARN   Wiring.write_wire_scope: net not found
2026-10-07 12:35:21.421 WARN   Wiring.write_wire_scope: net not found
2026-10-07 12:35:21.421 WARN   Wiring.write_wire_scope: net not found
2026-10-07 12:35:21.421 WARN   Wiring.write_wire_scope: net not found
2026-10-07 12:35:21.421 WARN   Wiring.write_wire_scope: net not found
2026-10-07 12:35:21.421 WARN   Wiring.write_wire_scope: net not found
2026-10-07 12:35:21.421 WARN   Wiring.write_wire_scope: net not found
2026-10-07 12:35:21.421 WARN   Wiring.write_wire_scope: net not found
2026-10-07 12:35:21.421 WARN   Wiring.write_wire_scope: net not found
2026-10-07 12:35:21.421 WARN   Wiring.write_wire_scope: net not found
2026-10-07 12:35:21.421 WARN   Wiring.write_wire_scope: net not found
2026-10-07 12:35:21.421 WARN   Wiring.write_wire_scope: net not found
2026-10-07 12:35:21.421 WARN   Wiring.write_wire_scope: net not found
2026-10-07 12:35:21.421 WARN   Wiring.write_wire_scope: net not found
2026-10-07 12:35:21.421 WARN   Wiring.write_wire_scope: net not found
2026-10-07 12:35:21.421 WARN   Wiring.write_wire_scope: net not found
2026-10-07 12:35:21.421 WARN   Wiring.write_wire_scope: net not found
2026-10-07 12:35:21.421 WARN   Wiring.write_wire_scope: net not found
2026-10-07 12:35:21.421 WARN   Wiring.write_wire_scope: net not found
2026-10-07 12:35:21.421 WARN   Wiring.write_wire_scope: net not found
2026-10-07 12:35:21.421 WARN   Wiring.write_wire_scope: net not found
2026-10-07 12:35:21.421 WARN   Wiring.write_wire_scope: net not found
2026-10-07 12:35:21.421 WARN   Wiring.write_wire_scope: net not found
2026-10-07 12:35:21.421 WARN   Wiring.write_wire_scope: net not found
2026-10-07 12:35:21.599 WARN   Wiring.write_wire_scope: net not found
2026-10-07 12:35:21.599 WARN   Wiring.write_wire_scope: net not found
2026-10-07 12:35:21.599 WARN   Wiring.write_wire_scope: net not found
2026-10-07 12:35:21.599 WARN   Wiring.write_wire_scope: net not found
2026-10-07 12:35:21.599 WARN   Wiring.write_wire_scope: net not found
2026-10-07 12:35:21.599 WARN   Wiring.write_wire_scope: net not found
2026-10-07 12:35:21.599 WARN   Wiring.write_wire_scope: net not found
2026-10-07 12:35:21.599 WARN   Wiring.write_wire_scope: net not found
2026-10-07 12:35:21.599 WARN   Wiring.write_wire_scope: net not found
2026-10-07 12:35:21.599 WARN   Wiring.write_wire_scope: net not found
2026-10-07 12:35:21.599 WARN   Wiring.write_wire_scope: net not found
2026-10-07 12:35:21.599 WARN   Wiring.write_wire_scope: net not found
2026-10-07 12:35:21.599 WARN   Wiring.write_wire_scope: net not found
2026-10-07 12:35:21.599 WARN   Wiring.write_wire_scope: net not found
2026-10-07 12:35:21.599 WARN   Wiring.write_wire_scope: net not found
2026-10-07 12:35:21.599 WARN   Wiring.write_wire_scope: net not found
2026-10-07 12:35:21.599 WARN   Wiring.write_wire_scope: net not found
2026-10-07 12:35:21.599 WARN   Wiring.write_wire_scope: net not found
2026-10-07 12:35:21.599 WARN   Wiring.write_wire_scope: net not found
2026-10-07 12:35:21.599 WARN   Wiring.write_wire_scope: net not found
2026-10-07 12:35:21.599 WARN   Wiring.write_wire_scope: net not found
2026-10-07 12:35:21.599 WARN   Wiring.write_wire_scope: net not found
2026-10-07 12:35:21.599 WARN   Wiring.write_wire_scope: net not found
2026-10-07 12:35:21.599 WARN   Wiring.write_wire_scope: net not found
2026-10-07 12:35:21.599 WARN   Wiring.write_wire_scope: net not found
2026-10-07 12:35:21.599 WARN   Wiring.write_wire_scope: net not found
2026-10-07 12:35:21.599 WARN   Wiring.write_wire_scope: net not found
2026-10-07 12:35:21.599 WARN   Wiring.write_wire_scope: net not found
2026-10-07 12:35:21.599 WARN   Wiring.write_wire_scope: net not found
2026-10-07 12:35:21.599 WARN   Wiring.write_wire_scope: net not found
2026-10-07 12:35:21.599 WARN   Wiring.write_wire_scope: net not found
2026-10-07 12:35:21.599 WARN   Wiring.write_wire_scope: net not found
2026-10-07 12:35:21.599 WARN   Wiring.write_wire_scope: net not found
2026-10-07 12:35:21.599 WARN   Wiring.write_wire_scope: net not found
2026-10-07 12:35:21.599 WARN   Wiring.write_wire_scope: net not found
2026-10-07 12:35:21.599 WARN   Wiring.write_wire_scope: net not found
2026-10-07 12:35:21.599 WARN   Wiring.write_wire_scope: net not found
2026-10-07 12:35:21.599 WARN   Wiring.write_wire_scope: net not found
2026-10-07 12:35:21.599 WARN   Wiring.write_wire_scope: net not found
2026-10-07 12:35:21.599 WARN   Wiring.write_wire_scope: net not found
2026-10-07 12:35:21.599 WARN   Wiring.write_wire_scope: net not found
2026-10-07 12:35:21.599 WARN   Wiring.write_wire_scope: net not found
2026-10-07 12:35:21.599 WARN   Wiring.write_wire_scope: net not found
2026-10-07 12:35:21.599 WARN   Wiring.write_wire_scope: net not found
2026-10-07 12:35:21.599 WARN   Wiring.write_wire_scope: net not found
2026-10-07 12:35:21.599 WARN   Wiring.write_wire_scope: net not found
2026-10-07 12:35:21.599 WARN   Wiring.write_wire_scope: net not found
2026-10-07 12:35:21.599 WARN   Wiring.write_wire_scope: net not found
2026-10-07 12:35:21.599 WARN   Wiring.write_wire_scope: net not found
2026-10-07 12:35:21.599 WARN   Wiring.write_wire_scope: net not found
2026-10-07 12:35:21.599 WARN   Wiring.write_wire_scope: net not found
2026-10-07 12:35:21.599 WARN   Wiring.write_wire_scope: net not found
2026-10-07 12:35:21.599 WARN   Wiring.write_wire_scope: net not found
2026-10-07 12:35:21.599 WARN   Wiring.write_wire_scope: net not found
2026-10-07 12:35:21.599 WARN   Wiring.write_wire_scope: net not found
2026-10-07 12:35:21.599 WARN   Wiring.write_wire_scope: net not found
2026-10-07 12:35:21.599 WARN   Wiring.write_wire_scope: net not found
2026-10-07 12:35:21.599 WARN   Wiring.write_wire_scope: net not found
2026-10-07 12:35:21.599 WARN   Wiring.write_wire_scope: net not found
2026-10-07 12:35:21.599 WARN   Wiring.write_wire_scope: net not found
2026-10-07 12:35:21.599 WARN   Wiring.write_wire_scope: net not found
2026-10-07 12:35:21.599 WARN   Wiring.write_wire_scope: net not found
2026-10-07 12:35:21.599 WARN   Wiring.write_wire_scope: net not found
2026-10-07 12:35:21.599 WARN   Wiring.write_wire_scope: net not found
2026-10-07 12:35:21.599 WARN   Wiring.write_wire_scope: net not found
2026-10-07 12:35:21.599 WARN   Wiring.write_wire_scope: net not found
2026-10-07 12:35:21.599 WARN   Wiring.write_wire_scope: net not found
2026-10-07 12:35:21.622 INFO   [98BE09\FDF2F3] Auto-routing pass #1 on board 'b51bc3c5a67e2bdcb0e54d39a7486dd7' was completed in 0.91 seconds with score 356.92 (12 unrouted and 132 violations), using 0.87 CPU seconds and the job allocated 0.54 GB of memory so far.
2026-10-07 12:35:21.703 INFO   [98BE09\FDF2F3] Auto-routing stage completed: started with 25 unrouted nets, completed in 1.74 seconds, final score: 356.92 (12 unrouted and 132 violations), using 0.87 total CPU seconds, 0.54 GB total allocated, and 118.4 MB peak heap usage.
2026-10-07 12:35:21.733 INFO   [98BE09\FDF2F3] Skipping optimization stage: the board has 12 unrouted connection(s) (optimizer only runs on completely routed boards).
2026-10-07 12:35:21.754 WARN   Wiring.write_wire_scope: net not found
2026-10-07 12:35:21.754 WARN   Wiring.write_wire_scope: net not found
2026-10-07 12:35:21.754 WARN   Wiring.write_wire_scope: net not found
2026-10-07 12:35:21.754 WARN   Wiring.write_wire_scope: net not found
2026-10-07 12:35:21.754 WARN   Wiring.write_wire_scope: net not found
2026-10-07 12:35:21.754 WARN   Wiring.write_wire_scope: net not found
2026-10-07 12:35:21.754 WARN   Wiring.write_wire_scope: net not found
2026-10-07 12:35:21.754 WARN   Wiring.write_wire_scope: net not found
2026-10-07 12:35:21.754 WARN   Wiring.write_wire_scope: net not found
2026-10-07 12:35:21.754 WARN   Wiring.write_wire_scope: net not found
2026-10-07 12:35:21.754 WARN   Wiring.write_wire_scope: net not found
2026-10-07 12:35:21.754 WARN   Wiring.write_wire_scope: net not found
2026-10-07 12:35:21.754 WARN   Wiring.write_wire_scope: net not found
2026-10-07 12:35:21.754 WARN   Wiring.write_wire_scope: net not found
2026-10-07 12:35:21.754 WARN   Wiring.write_wire_scope: net not found
2026-10-07 12:35:21.754 WARN   Wiring.write_wire_scope: net not found
2026-10-07 12:35:21.754 WARN   Wiring.write_wire_scope: net not found
2026-10-07 12:35:21.754 WARN   Wiring.write_wire_scope: net not found
2026-10-07 12:35:21.754 WARN   Wiring.write_wire_scope: net not found
2026-10-07 12:35:21.754 WARN   Wiring.write_wire_scope: net not found
2026-10-07 12:35:21.754 WARN   Wiring.write_wire_scope: net not found
2026-10-07 12:35:21.754 WARN   Wiring.write_wire_scope: net not found
2026-10-07 12:35:21.754 WARN   Wiring.write_wire_scope: net not found
2026-10-07 12:35:21.754 WARN   Wiring.write_wire_scope: net not found
2026-10-07 12:35:21.754 WARN   Wiring.write_wire_scope: net not found
2026-10-07 12:35:21.754 WARN   Wiring.write_wire_scope: net not found
2026-10-07 12:35:21.754 WARN   Wiring.write_wire_scope: net not found
2026-10-07 12:35:21.754 WARN   Wiring.write_wire_scope: net not found
2026-10-07 12:35:21.754 WARN   Wiring.write_wire_scope: net not found
2026-10-07 12:35:21.754 WARN   Wiring.write_wire_scope: net not found
2026-10-07 12:35:21.754 WARN   Wiring.write_wire_scope: net not found
2026-10-07 12:35:21.754 WARN   Wiring.write_wire_scope: net not found
2026-10-07 12:35:21.754 WARN   Wiring.write_wire_scope: net not found
2026-10-07 12:35:21.755 WARN   Wiring.write_wire_scope: net not found
2026-10-07 12:35:21.755 WARN   Wiring.write_wire_scope: net not found
2026-10-07 12:35:21.755 WARN   Wiring.write_wire_scope: net not found
2026-10-07 12:35:21.755 WARN   Wiring.write_wire_scope: net not found
2026-10-07 12:35:21.755 WARN   Wiring.write_wire_scope: net not found
2026-10-07 12:35:21.755 WARN   Wiring.write_wire_scope: net not found
2026-10-07 12:35:21.755 WARN   Wiring.write_wire_scope: net not found
2026-10-07 12:35:21.755 WARN   Wiring.write_wire_scope: net not found
2026-10-07 12:35:21.755 WARN   Wiring.write_wire_scope: net not found
2026-10-07 12:35:21.755 WARN   Wiring.write_wire_scope: net not found
2026-10-07 12:35:21.755 WARN   Wiring.write_wire_scope: net not found
2026-10-07 12:35:21.755 WARN   Wiring.write_wire_scope: net not found
2026-10-07 12:35:21.755 WARN   Wiring.write_wire_scope: net not found
2026-10-07 12:35:21.755 WARN   Wiring.write_wire_scope: net not found
2026-10-07 12:35:21.755 WARN   Wiring.write_wire_scope: net not found
2026-10-07 12:35:21.755 WARN   Wiring.write_wire_scope: net not found
2026-10-07 12:35:21.755 WARN   Wiring.write_wire_scope: net not found
2026-10-07 12:35:21.755 WARN   Wiring.write_wire_scope: net not found
2026-10-07 12:35:21.755 WARN   Wiring.write_wire_scope: net not found
2026-10-07 12:35:21.755 WARN   Wiring.write_wire_scope: net not found
2026-10-07 12:35:21.755 WARN   Wiring.write_wire_scope: net not found
2026-10-07 12:35:21.755 WARN   Wiring.write_wire_scope: net not found
2026-10-07 12:35:21.755 WARN   Wiring.write_wire_scope: net not found
2026-10-07 12:35:21.755 WARN   Wiring.write_wire_scope: net not found
2026-10-07 12:35:21.755 WARN   Wiring.write_wire_scope: net not found
2026-10-07 12:35:21.755 WARN   Wiring.write_wire_scope: net not found
2026-10-07 12:35:21.755 WARN   Wiring.write_wire_scope: net not found
2026-10-07 12:35:21.755 WARN   Wiring.write_wire_scope: net not found
2026-10-07 12:35:21.755 WARN   Wiring.write_wire_scope: net not found
2026-10-07 12:35:21.755 WARN   Wiring.write_wire_scope: net not found
2026-10-07 12:35:21.755 WARN   Wiring.write_wire_scope: net not found
2026-10-07 12:35:21.755 WARN   Wiring.write_wire_scope: net not found
2026-10-07 12:35:21.755 WARN   Wiring.write_wire_scope: net not found
2026-10-07 12:35:21.755 WARN   Wiring.write_wire_scope: net not found
2026-10-07 12:35:21.756 INFO   [98BE09\FDF2F3] Job '98BE09\FDF2F3' finished with state: COMPLETED (elapsed: 1.95 seconds, finished at UTC: 2026-10-07T01:35:21.755621077Z).
2026-10-07 12:35:21.794 INFO   Saving output file '/home/chithi/Desktop/DesktopSpeaker/ai-files/pcb/work-p1/K3-c3.ses' (SES)...
2026-10-07 12:35:21.796 INFO   Successfully saved output file '/home/chithi/Desktop/DesktopSpeaker/ai-files/pcb/work-p1/K3-c3.ses' (22713 bytes).
