2026-10-07 12:35:05.199 INFO   Freerouting v2.5.0 (build-date: 2026-10-05)
2026-10-07 12:35:05.465 INFO   Hardware: 24 CPU cores, 591 CPU score, 16056 MB RAM
2026-10-07 12:35:05.466 WARN   Deprecated settings path '-mp / --router.max_passes'; use '--router.autorouter.max_passes' instead. The old path will be removed in a future release.
2026-10-07 12:35:05.466 WARN   Couldn't get screen resolution. If you are running in a headless environment, disable the GUI by setting gui.enabled to false.
2026-10-07 12:35:06.490 WARN   Deprecated settings path 'router.max_passes'; use 'router.autorouter.max_passes' instead. The old path will be removed in a future release.
2026-10-07 12:35:06.749 INFO   [8D06F1\49107A] Loading board file 'K3-c1.dsn'...
2026-10-07 12:35:06.936 INFO   [8D06F1\49107A] Job '8D06F1\49107A' started at 2026-10-07T01:35:06.936618201Z.
2026-10-07 12:35:07.037 WARN   Design Warning: Board has 10 pre-existing clearance violation(s) in the loaded design (before routing):
  - 10 unfixable violation(s) (cannot be resolved by Freerouting):
      * 10 pin-to-pin clearance violations (first 5 shown):
          - Q103.9 <-> Q103.8
          - Q103.9 <-> Q103.7
          - Q103.9 <-> Q103.6
          - Q103.9 <-> Q103.5
          - U25.21 <-> U25.20
          ... and 5 more
  - 0 potentially fixable violations
Notice: Freerouting does not modify component placement, board outlines, or fixed items.
Resolving these 10 unfixable violation(s) is the responsibility of the board author in their EDA tool (e.g. KiCad).
2026-10-07 12:35:07.073 INFO   [8D06F1\49107A] Pipeline thread limits: autorouter pass is single-threaded, optimizer.max_threads=23.
2026-10-07 12:35:07.121 INFO   [8D06F1\49107A] Fanout stage started on board 'd25979a7c23eceaa59483f20064fcb1a' with 20 of 1066 SMD pins needing fanout (0 already connected, 1046 netless).
2026-10-07 12:35:07.412 INFO   [8D06F1\49107A] Fanout pass #1 on board 'f2a95233bf3393da43f0cc955d097c6f' completed in 0.25 seconds with 10 SMD pins fanouted, 0 not routed, 0 insert errors, +0 extra vias (0 SMD pins still to check in pass, ripup costs=100).
2026-10-07 12:35:07.481 INFO   [8D06F1\49107A] Fanout pass #2 on board 'f2a95233bf3393da43f0cc955d097c6f' completed in 0.05 seconds with 0 SMD pins fanouted, 0 not routed, 0 insert errors, +0 extra vias (0 SMD pins still to check in pass, ripup costs=200).
2026-10-07 12:35:07.484 INFO   [8D06F1\49107A] Fanout stage completed: started with 20 total SMD pins, completed in 0.36 seconds, escaped pins: 20/20 (100.0%), using 0.36 total CPU seconds, 0.22 GB total allocated, and 154.7 MB peak heap usage.
2026-10-07 12:35:07.544 INFO   [8D06F1\49107A] Auto-routing stage started on board 'f2a95233bf3393da43f0cc955d097c6f' with baseline score 407.30 for 8 unrouted items.
2026-10-07 12:35:07.600 INFO   [8D06F1\49107A] Auto-routing pass #1 on board 'f2a95233bf3393da43f0cc955d097c6f' was completed in 0.02 seconds with score 407.30 (8 unrouted and 10 violations).
2026-10-07 12:35:07.657 INFO   [8D06F1\49107A] Auto-routing stage completed: started with 18 unrouted nets, completed in 0.57 seconds, final score: 407.30 (8 unrouted and 10 violations), using 0.00 total CPU seconds, 0.00 GB total allocated, and 0.0 MB peak heap usage.
2026-10-07 12:35:07.684 INFO   [8D06F1\49107A] Skipping optimization stage: the board has 8 unrouted connection(s) (optimizer only runs on completely routed boards).
2026-10-07 12:35:07.706 INFO   [8D06F1\49107A] Job '8D06F1\49107A' finished with state: COMPLETED (elapsed: 0.77 seconds, finished at UTC: 2026-10-07T01:35:07.705936708Z).
2026-10-07 12:35:07.742 INFO   Saving output file '/home/chithi/Desktop/DesktopSpeaker/ai-files/pcb/work-p1/K3-c1.ses' (SES)...
2026-10-07 12:35:07.743 INFO   Successfully saved output file '/home/chithi/Desktop/DesktopSpeaker/ai-files/pcb/work-p1/K3-c1.ses' (21773 bytes).
