2026-10-07 01:53:49.237 INFO   Freerouting v2.5.0 (build-date: 2026-10-05)
2026-10-07 01:53:49.499 INFO   Hardware: 24 CPU cores, 603 CPU score, 16056 MB RAM
2026-10-07 01:53:49.499 WARN   Deprecated settings path '-mp / --router.max_passes'; use '--router.autorouter.max_passes' instead. The old path will be removed in a future release.
2026-10-07 01:53:49.500 WARN   Couldn't get screen resolution. If you are running in a headless environment, disable the GUI by setting gui.enabled to false.
2026-10-07 01:53:50.522 WARN   Deprecated settings path 'router.max_passes'; use 'router.autorouter.max_passes' instead. The old path will be removed in a future release.
2026-10-07 01:53:50.781 INFO   [091466\47F38A] Loading board file 'T1.dsn'...
2026-10-07 01:53:50.968 INFO   [091466\47F38A] Job '091466\47F38A' started at 2026-10-06T14:53:50.968065797Z.
2026-10-07 01:53:51.044 WARN   Design Warning: Board has 10 pre-existing clearance violation(s) in the loaded design (before routing):
  - 10 unfixable violation(s) (cannot be resolved by Freerouting):
      * 10 pin-to-pin clearance violations (first 5 shown):
          - Q103.9 <-> Q103.8
          - Q103.9 <-> Q103.7
          - Q103.9 <-> Q103.6
          - Q103.9 <-> Q103.5
          - U25.21 <-> U25.20
          ... and 5 more
  - 0 potentially fixable violations
Notice: Freerouting does not modify component placement, board outlines, or fixed items.
Resolving these 10 unfixable violation(s) is the responsibility of the board author in their EDA tool (e.g. KiCad).
2026-10-07 01:53:51.079 INFO   [091466\47F38A] Pipeline thread limits: autorouter pass is single-threaded, optimizer.max_threads=23.
2026-10-07 01:53:51.134 INFO   [091466\47F38A] Fanout stage started on board '14468919e29098e5094da61afaf855d8' with 6 of 1066 SMD pins needing fanout (0 already connected, 1060 netless).
2026-10-07 01:53:51.403 INFO   [091466\47F38A] Fanout pass #1 on board '3166059bfc6bd59a7bdb1466ff4f4891' completed in 0.23 seconds with 0 SMD pins fanouted, 6 not routed, 0 insert errors, +0 extra vias (0 SMD pins still to check in pass, ripup costs=100).
2026-10-07 01:53:51.405 INFO   [091466\47F38A] Fanout stage completed: started with 6 total SMD pins, completed in 0.27 seconds, escaped pins: 1/6 (16.7%), using 0.28 total CPU seconds, 0.14 GB total allocated, and 93.4 MB peak heap usage.
2026-10-07 01:53:51.458 INFO   [091466\47F38A] Auto-routing stage started on board '3166059bfc6bd59a7bdb1466ff4f4891' with baseline score 0.00 for 3 unrouted items.
2026-10-07 01:53:55.305 INFO   [091466\47F38A] Auto-routing pass #1 on board '3166059bfc6bd59a7bdb1466ff4f4891' was completed in 3.81 seconds with score 0.00 (3 unrouted and 10 violations), using 3.86 CPU seconds and the job allocated 5.18 GB of memory so far.
2026-10-07 01:53:55.363 INFO   [091466\47F38A] Auto-routing stage completed: started with 3 unrouted nets, completed in 4.27 seconds, final score: 0.00 (3 unrouted and 10 violations), using 3.86 total CPU seconds, 5.18 GB total allocated, and 285.4 MB peak heap usage.
2026-10-07 01:53:55.386 INFO   [091466\47F38A] Skipping optimization stage: the board has 3 unrouted connection(s) (optimizer only runs on completely routed boards).
2026-10-07 01:53:55.406 INFO   [091466\47F38A] Job '091466\47F38A' finished with state: COMPLETED (elapsed: 4.44 seconds, finished at UTC: 2026-10-06T14:53:55.406356854Z).
2026-10-07 01:53:55.418 INFO   Saving output file '/home/chithi/Desktop/DesktopSpeaker/ai-files/pcb/work-p1/T1.ses' (SES)...
2026-10-07 01:53:55.419 INFO   Successfully saved output file '/home/chithi/Desktop/DesktopSpeaker/ai-files/pcb/work-p1/T1.ses' (19177 bytes).
