2026-10-07 01:54:52.491 INFO   Freerouting v2.5.0 (build-date: 2026-10-05)
2026-10-07 01:54:52.759 INFO   Hardware: 24 CPU cores, 585 CPU score, 16056 MB RAM
2026-10-07 01:54:52.760 WARN   Deprecated settings path '-mp / --router.max_passes'; use '--router.autorouter.max_passes' instead. The old path will be removed in a future release.
2026-10-07 01:54:52.760 WARN   Couldn't get screen resolution. If you are running in a headless environment, disable the GUI by setting gui.enabled to false.
2026-10-07 01:54:53.783 WARN   Deprecated settings path 'router.max_passes'; use 'router.autorouter.max_passes' instead. The old path will be removed in a future release.
2026-10-07 01:54:54.045 INFO   [6651BA\53539A] Loading board file 'T2.dsn'...
2026-10-07 01:54:54.280 INFO   [6651BA\53539A] Job '6651BA\53539A' started at 2026-10-06T14:54:54.279843570Z.
2026-10-07 01:54:54.417 WARN   Design Warning: Board has 10 pre-existing clearance violation(s) in the loaded design (before routing):
  - 10 unfixable violation(s) (cannot be resolved by Freerouting):
      * 10 pin-to-pin clearance violations (first 5 shown):
          - Q103.9 <-> Q103.8
          - Q103.9 <-> Q103.7
          - Q103.9 <-> Q103.6
          - Q103.9 <-> Q103.5
          - U25.21 <-> U25.20
          ... and 5 more
  - 0 potentially fixable violations
Notice: Freerouting does not modify component placement, board outlines, or fixed items.
Resolving these 10 unfixable violation(s) is the responsibility of the board author in their EDA tool (e.g. KiCad).
2026-10-07 01:54:54.478 INFO   [6651BA\53539A] Pipeline thread limits: autorouter pass is single-threaded, optimizer.max_threads=23.
2026-10-07 01:54:54.571 INFO   [6651BA\53539A] Fanout stage started on board '14468919e29098e5094da61afaf855d8' with 6 of 1066 SMD pins needing fanout (0 already connected, 1060 netless).
2026-10-07 01:54:54.977 INFO   [6651BA\53539A] Fanout pass #1 on board 'd4fe15f13c9fa628a317070143afbc39' completed in 0.36 seconds with 2 SMD pins fanouted, 2 not routed, 0 insert errors, +0 extra vias (0 SMD pins still to check in pass, ripup costs=100).
2026-10-07 01:54:55.051 INFO   [6651BA\53539A] Fanout pass #2 on board 'd4fe15f13c9fa628a317070143afbc39' completed in 0.05 seconds with 0 SMD pins fanouted, 0 not routed, 0 insert errors, +0 extra vias (0 SMD pins still to check in pass, ripup costs=200).
2026-10-07 01:54:55.054 INFO   [6651BA\53539A] Fanout stage completed: started with 6 total SMD pins, completed in 0.47 seconds, escaped pins: 4/6 (66.7%), using 0.45 total CPU seconds, 0.20 GB total allocated, and 165.5 MB peak heap usage.
2026-10-07 01:54:55.120 INFO   [6651BA\53539A] Auto-routing stage started on board 'd4fe15f13c9fa628a317070143afbc39' with baseline score 555.43 for 1 unrouted item.
2026-10-07 01:54:58.539 INFO   [6651BA\53539A] Auto-routing pass #1 on board 'd4fe15f13c9fa628a317070143afbc39' was completed in 3.37 seconds with score 555.43 (1 unrouted and 10 violations), using 3.73 CPU seconds and the job allocated 3.57 GB of memory so far.
2026-10-07 01:54:58.597 INFO   [6651BA\53539A] Auto-routing stage completed: started with 3 unrouted nets, completed in 4.10 seconds, final score: 555.43 (1 unrouted and 10 violations), using 3.73 total CPU seconds, 3.57 GB total allocated, and 333.6 MB peak heap usage.
2026-10-07 01:54:58.624 INFO   [6651BA\53539A] Skipping optimization stage: the board has 1 unrouted connection(s) (optimizer only runs on completely routed boards).
2026-10-07 01:54:58.646 INFO   [6651BA\53539A] Job '6651BA\53539A' finished with state: COMPLETED (elapsed: 4.37 seconds, finished at UTC: 2026-10-06T14:54:58.645345158Z).
2026-10-07 01:54:58.688 INFO   Saving output file '/home/chithi/Desktop/DesktopSpeaker/ai-files/pcb/work-p1/T2.ses' (SES)...
2026-10-07 01:54:58.690 INFO   Successfully saved output file '/home/chithi/Desktop/DesktopSpeaker/ai-files/pcb/work-p1/T2.ses' (19422 bytes).
