2026-10-07 01:54:52.485 INFO   Freerouting v2.5.0 (build-date: 2026-10-05)
2026-10-07 01:54:52.752 INFO   Hardware: 24 CPU cores, 585 CPU score, 16056 MB RAM
2026-10-07 01:54:52.753 WARN   Deprecated settings path '-mp / --router.max_passes'; use '--router.autorouter.max_passes' instead. The old path will be removed in a future release.
2026-10-07 01:54:52.753 WARN   Couldn't get screen resolution. If you are running in a headless environment, disable the GUI by setting gui.enabled to false.
2026-10-07 01:54:53.778 WARN   Deprecated settings path 'router.max_passes'; use 'router.autorouter.max_passes' instead. The old path will be removed in a future release.
2026-10-07 01:54:54.037 INFO   [DC7D33\090A62] Loading board file 'T3.dsn'...
2026-10-07 01:54:54.283 INFO   [DC7D33\090A62] Job 'DC7D33\090A62' started at 2026-10-06T14:54:54.283262742Z.
2026-10-07 01:54:54.416 WARN   Design Warning: Board has 10 pre-existing clearance violation(s) in the loaded design (before routing):
  - 10 unfixable violation(s) (cannot be resolved by Freerouting):
      * 10 pin-to-pin clearance violations (first 5 shown):
          - Q103.9 <-> Q103.8
          - Q103.9 <-> Q103.7
          - Q103.9 <-> Q103.6
          - Q103.9 <-> Q103.5
          - U25.21 <-> U25.20
          ... and 5 more
  - 0 potentially fixable violations
Notice: Freerouting does not modify component placement, board outlines, or fixed items.
Resolving these 10 unfixable violation(s) is the responsibility of the board author in their EDA tool (e.g. KiCad).
2026-10-07 01:54:54.481 INFO   [DC7D33\090A62] Pipeline thread limits: autorouter pass is single-threaded, optimizer.max_threads=23.
2026-10-07 01:54:54.571 INFO   [DC7D33\090A62] Fanout stage started on board '14468919e29098e5094da61afaf855d8' with 6 of 1066 SMD pins needing fanout (0 already connected, 1060 netless).
2026-10-07 01:54:54.933 INFO   [DC7D33\090A62] Fanout pass #1 on board 'c4853b1825a7b0258ff8fc478a75761b' completed in 0.32 seconds with 2 SMD pins fanouted, 2 not routed, 0 insert errors, +0 extra vias (0 SMD pins still to check in pass, ripup costs=100).
2026-10-07 01:54:55.011 INFO   [DC7D33\090A62] Fanout pass #2 on board 'c4853b1825a7b0258ff8fc478a75761b' completed in 0.05 seconds with 0 SMD pins fanouted, 0 not routed, 0 insert errors, +0 extra vias (0 SMD pins still to check in pass, ripup costs=200).
2026-10-07 01:54:55.014 INFO   [DC7D33\090A62] Fanout stage completed: started with 6 total SMD pins, completed in 0.44 seconds, escaped pins: 4/6 (66.7%), using 0.44 total CPU seconds, 0.20 GB total allocated, and 173.9 MB peak heap usage.
2026-10-07 01:54:55.071 INFO   [DC7D33\090A62] Auto-routing stage started on board 'c4853b1825a7b0258ff8fc478a75761b' with baseline score 555.43 for 1 unrouted item.
2026-10-07 01:54:58.727 INFO   [DC7D33\090A62] Auto-routing pass #1 on board 'c4853b1825a7b0258ff8fc478a75761b' was completed in 3.61 seconds with score 555.43 (1 unrouted and 10 violations), using 3.75 CPU seconds and the job allocated 3.66 GB of memory so far.
2026-10-07 01:54:58.785 INFO   [DC7D33\090A62] Auto-routing stage completed: started with 3 unrouted nets, completed in 4.28 seconds, final score: 555.43 (1 unrouted and 10 violations), using 3.75 total CPU seconds, 3.66 GB total allocated, and 432.9 MB peak heap usage.
2026-10-07 01:54:58.813 INFO   [DC7D33\090A62] Skipping optimization stage: the board has 1 unrouted connection(s) (optimizer only runs on completely routed boards).
2026-10-07 01:54:58.834 INFO   [DC7D33\090A62] Job 'DC7D33\090A62' finished with state: COMPLETED (elapsed: 4.55 seconds, finished at UTC: 2026-10-06T14:54:58.834172384Z).
2026-10-07 01:54:58.853 INFO   Saving output file '/home/chithi/Desktop/DesktopSpeaker/ai-files/pcb/work-p1/T3.ses' (SES)...
2026-10-07 01:54:58.854 INFO   Successfully saved output file '/home/chithi/Desktop/DesktopSpeaker/ai-files/pcb/work-p1/T3.ses' (19451 bytes).
