2026-10-07 01:55:41.306 INFO   Freerouting v2.5.0 (build-date: 2026-10-05)
2026-10-07 01:55:41.574 INFO   Hardware: 24 CPU cores, 584 CPU score, 16056 MB RAM
2026-10-07 01:55:41.575 WARN   Deprecated settings path '-mp / --router.max_passes'; use '--router.autorouter.max_passes' instead. The old path will be removed in a future release.
2026-10-07 01:55:41.575 WARN   Couldn't get screen resolution. If you are running in a headless environment, disable the GUI by setting gui.enabled to false.
2026-10-07 01:55:42.599 WARN   Deprecated settings path 'router.max_passes'; use 'router.autorouter.max_passes' instead. The old path will be removed in a future release.
2026-10-07 01:55:42.858 INFO   [84BE77\4C1FE1] Loading board file 'T6.dsn'...
2026-10-07 01:55:43.101 INFO   [84BE77\4C1FE1] Job '84BE77\4C1FE1' started at 2026-10-06T14:55:43.101657472Z.
2026-10-07 01:55:43.246 WARN   Design Warning: Board has 10 pre-existing clearance violation(s) in the loaded design (before routing):
  - 10 unfixable violation(s) (cannot be resolved by Freerouting):
      * 10 pin-to-pin clearance violations (first 5 shown):
          - Q103.9 <-> Q103.8
          - Q103.9 <-> Q103.7
          - Q103.9 <-> Q103.6
          - Q103.9 <-> Q103.5
          - U25.21 <-> U25.20
          ... and 5 more
  - 0 potentially fixable violations
Notice: Freerouting does not modify component placement, board outlines, or fixed items.
Resolving these 10 unfixable violation(s) is the responsibility of the board author in their EDA tool (e.g. KiCad).
2026-10-07 01:55:43.302 INFO   [84BE77\4C1FE1] Pipeline thread limits: autorouter pass is single-threaded, optimizer.max_threads=23.
2026-10-07 01:55:43.381 INFO   [84BE77\4C1FE1] Fanout stage started on board '14468919e29098e5094da61afaf855d8' with 6 of 1066 SMD pins needing fanout (0 already connected, 1060 netless).
2026-10-07 01:55:43.815 INFO   [84BE77\4C1FE1] Fanout pass #1 on board 'dbb781bc1a890363db22eea9010ba3f7' completed in 0.39 seconds with 1 SMD pin fanouted, 5 not routed, 0 insert errors, +0 extra vias (0 SMD pins still to check in pass, ripup costs=100).
2026-10-07 01:55:43.893 INFO   [84BE77\4C1FE1] Fanout pass #2 on board 'dbb781bc1a890363db22eea9010ba3f7' completed in 0.05 seconds with 0 SMD pins fanouted, 0 not routed, 0 insert errors, +0 extra vias (0 SMD pins still to check in pass, ripup costs=200).
2026-10-07 01:55:43.896 INFO   [84BE77\4C1FE1] Fanout stage completed: started with 6 total SMD pins, completed in 0.51 seconds, escaped pins: 2/6 (33.3%), using 0.49 total CPU seconds, 0.22 GB total allocated, and 197.7 MB peak heap usage.
2026-10-07 01:55:43.963 INFO   [84BE77\4C1FE1] Auto-routing stage started on board 'dbb781bc1a890363db22eea9010ba3f7' with baseline score 222.10 for 2 unrouted items.
2026-10-07 01:55:47.285 INFO   [84BE77\4C1FE1] Auto-routing pass #1 on board 'dbb781bc1a890363db22eea9010ba3f7' was completed in 3.28 seconds with score 555.43 (1 unrouted and 10 violations), using 3.73 CPU seconds and the job allocated 3.70 GB of memory so far.
2026-10-07 01:55:47.341 INFO   [84BE77\4C1FE1] Auto-routing stage completed: started with 3 unrouted nets, completed in 4.02 seconds, final score: 555.43 (1 unrouted and 10 violations), using 3.73 total CPU seconds, 3.70 GB total allocated, and 467.3 MB peak heap usage.
2026-10-07 01:55:47.369 INFO   [84BE77\4C1FE1] Skipping optimization stage: the board has 1 unrouted connection(s) (optimizer only runs on completely routed boards).
2026-10-07 01:55:47.390 INFO   [84BE77\4C1FE1] Job '84BE77\4C1FE1' finished with state: COMPLETED (elapsed: 4.29 seconds, finished at UTC: 2026-10-06T14:55:47.390044095Z).
2026-10-07 01:55:47.414 INFO   Saving output file '/home/chithi/Desktop/DesktopSpeaker/ai-files/pcb/work-p1/T6.ses' (SES)...
2026-10-07 01:55:47.415 INFO   Successfully saved output file '/home/chithi/Desktop/DesktopSpeaker/ai-files/pcb/work-p1/T6.ses' (20491 bytes).
