2026-10-07 01:01:41.461 INFO   Freerouting v2.5.0 (build-date: 2026-10-05)
2026-10-07 01:01:41.737 INFO   Hardware: 24 CPU cores, 557 CPU score, 16056 MB RAM
2026-10-07 01:01:41.738 WARN   Deprecated settings path '-mp / --router.max_passes'; use '--router.autorouter.max_passes' instead. The old path will be removed in a future release.
2026-10-07 01:01:41.738 WARN   Couldn't get screen resolution. If you are running in a headless environment, disable the GUI by setting gui.enabled to false.
2026-10-07 01:01:42.768 WARN   Deprecated settings path 'router.max_passes'; use 'router.autorouter.max_passes' instead. The old path will be removed in a future release.
2026-10-07 01:01:43.029 INFO   [D96442\18F864] Loading board file 'V0.dsn'...
2026-10-07 01:01:43.459 INFO   [D96442\18F864] Job 'D96442\18F864' started at 2026-10-06T14:01:43.459718638Z.
2026-10-07 01:01:43.766 WARN   Design Warning: Board has 275 pre-existing clearance violation(s) in the loaded design (before routing):
  - 275 unfixable violation(s) (cannot be resolved by Freerouting):
      * 13 pin-to-pin clearance violations (first 5 shown):
          - U19.2 <-> U19.1 [net /Fuel_Gauge_Power/USB_AUX_5V]
          - Q103.9 <-> Q103.8
          - Q103.9 <-> Q103.7
          - Q103.9 <-> Q103.6
          - Q103.9 <-> Q103.5
          ... and 8 more
      * 262 fixed trace/via clearance violations (first 5 shown):
          - FixedVia#3390 [net GND] <-> U7.33
          - FixedVia#3382 [net GND] <-> U6.33
          - FixedVia#3375 [net GND] <-> ObstacleArea#18
          - FixedVia#3375 [net GND] <-> ObstacleArea#8
          - FixedVia#3369 [net GND] <-> U6.33
          ... and 257 more
  - 0 potentially fixable violations
Notice: Freerouting does not modify component placement, board outlines, or fixed items.
Resolving these 275 unfixable violation(s) is the responsibility of the board author in their EDA tool (e.g. KiCad).
2026-10-07 01:01:43.856 INFO   [D96442\18F864] Pipeline thread limits: autorouter pass is single-threaded, optimizer.max_threads=23.
2026-10-07 01:01:44.139 INFO   [D96442\18F864] Fanout stage started on board '91fb0b9a7e0f13fe773167b0a91bea31' with 468 of 1066 SMD pins needing fanout (0 already connected, 598 netless).
2026-10-07 01:01:49.115 INFO   [D96442\18F864] Fanout pass #1 on board '5a357d7bb19ab17443f8016901e02953' completed in 4.84 seconds with 172 SMD pins fanouted, 252 not routed, 0 insert errors, +11 extra vias (0 SMD pins still to check in pass, ripup costs=100).
2026-10-07 01:01:50.422 INFO   [D96442\18F864] Fanout pass #2 on board '252b9aff71da2f708504ce3dc605d896' completed in 1.26 seconds with 21 SMD pins fanouted, 154 not routed, 0 insert errors, +1 extra via (0 SMD pins still to check in pass, ripup costs=200).
2026-10-07 01:01:51.060 INFO   [D96442\18F864] Fanout pass #3 on board 'cb9eb1447869870d743917317162fb2b' completed in 0.59 seconds with 15 SMD pins fanouted, 54 not routed, 0 insert errors, +0 extra vias (0 SMD pins still to check in pass, ripup costs=300).
2026-10-07 01:01:51.453 INFO   [D96442\18F864] Fanout pass #4 on board '151192c8780ae432ba1b2cc2bf96e40b' completed in 0.35 seconds with 14 SMD pins fanouted, 9 not routed, 0 insert errors, +0 extra vias (0 SMD pins still to check in pass, ripup costs=400).
2026-10-07 01:01:51.851 INFO   [D96442\18F864] Fanout pass #5 on board 'a0f9aed4bd1ff56f51ec0cc72d6c7f9e' completed in 0.35 seconds with 14 SMD pins fanouted, 9 not routed, 0 insert errors, +0 extra vias (0 SMD pins still to check in pass, ripup costs=500).
2026-10-07 01:01:52.215 INFO   [D96442\18F864] Fanout pass #6 on board '3129433941096d3e5567d91954c6a21a' completed in 0.32 seconds with 14 SMD pins fanouted, 9 not routed, 0 insert errors, +0 extra vias (0 SMD pins still to check in pass, ripup costs=600).
2026-10-07 01:01:52.588 INFO   [D96442\18F864] Fanout pass #7 on board 'dc9a5d3361abb6075242b9c60a0104da' completed in 0.33 seconds with 14 SMD pins fanouted, 9 not routed, 0 insert errors, +0 extra vias (0 SMD pins still to check in pass, ripup costs=700).
2026-10-07 01:01:52.588 INFO   Fanout stopped after 7 passes: no progress for 3 consecutive passes.
2026-10-07 01:01:52.614 INFO   [D96442\18F864] Fanout stage completed: started with 468 total SMD pins, completed in 8.40 seconds, escaped pins: 266/468 (56.8%), using 8.02 total CPU seconds, 5.29 GB total allocated, and 414.2 MB peak heap usage.
2026-10-07 01:01:52.824 INFO   [D96442\18F864] Auto-routing stage started on board 'dc9a5d3361abb6075242b9c60a0104da' with baseline score 323.04 for 184 unrouted items.
2026-10-07 01:04:28.991 INFO   [D96442\18F864] Auto-routing pass #1 on board 'dc9a5d3361abb6075242b9c60a0104da' was completed in 156.07 seconds with score 594.10 (109 unrouted and 275 violations), using 162.95 CPU seconds and the job allocated 183.61 GB of memory so far.
2026-10-07 01:06:58.946 INFO   [D96442\18F864] Auto-routing pass #2 on board '883e4d5c7500e79e58c7201644c1c466' was completed in 149.85 seconds with score 410.95 (159 unrouted and 275 violations), using 311.79 CPU seconds and the job allocated 352.26 GB of memory so far.
