2026-10-07 01:01:41.475 INFO   Freerouting v2.5.0 (build-date: 2026-10-05)
2026-10-07 01:01:41.751 INFO   Hardware: 24 CPU cores, 554 CPU score, 16056 MB RAM
2026-10-07 01:01:41.752 WARN   Deprecated settings path '-mp / --router.max_passes'; use '--router.autorouter.max_passes' instead. The old path will be removed in a future release.
2026-10-07 01:01:41.752 WARN   Couldn't get screen resolution. If you are running in a headless environment, disable the GUI by setting gui.enabled to false.
2026-10-07 01:01:42.783 WARN   Deprecated settings path 'router.max_passes'; use 'router.autorouter.max_passes' instead. The old path will be removed in a future release.
2026-10-07 01:01:43.044 INFO   [9E36F4\3C34AD] Loading board file 'V2.dsn'...
2026-10-07 01:01:43.549 INFO   [9E36F4\3C34AD] Job '9E36F4\3C34AD' started at 2026-10-06T14:01:43.549205683Z.
2026-10-07 01:01:43.815 WARN   Design Warning: Board has 241 pre-existing clearance violation(s) in the loaded design (before routing):
  - 241 unfixable violation(s) (cannot be resolved by Freerouting):
      * 13 pin-to-pin clearance violations (first 5 shown):
          - U19.2 <-> U19.1 [net /Fuel_Gauge_Power/USB_AUX_5V]
          - Q103.9 <-> Q103.8
          - Q103.9 <-> Q103.7
          - Q103.9 <-> Q103.6
          - Q103.9 <-> Q103.5
          ... and 8 more
      * 228 fixed trace/via clearance violations (first 5 shown):
          - FixedVia#3353 [net GND] <-> U7.33
          - FixedVia#3345 [net GND] <-> U6.33
          - FixedVia#3332 [net GND] <-> U6.33
          - FixedVia#3331 [net GND] <-> U25.21
          - FixedVia#3324 [net GND] <-> U7.33
          ... and 223 more
  - 0 potentially fixable violations
Notice: Freerouting does not modify component placement, board outlines, or fixed items.
Resolving these 241 unfixable violation(s) is the responsibility of the board author in their EDA tool (e.g. KiCad).
2026-10-07 01:01:43.916 INFO   [9E36F4\3C34AD] Pipeline thread limits: autorouter pass is single-threaded, optimizer.max_threads=23.
2026-10-07 01:01:44.107 INFO   [9E36F4\3C34AD] Fanout stage started on board 'cd775b4e7806de39d2e1f5fe8c2ab7f8' with 468 of 1066 SMD pins needing fanout (0 already connected, 598 netless).
2026-10-07 01:01:48.836 INFO   [9E36F4\3C34AD] Fanout pass #1 on board 'dce261fe1f25f6e1ab42377c5c0cbb1a' completed in 4.57 seconds with 173 SMD pins fanouted, 251 not routed, 0 insert errors, +11 extra vias (0 SMD pins still to check in pass, ripup costs=100).
2026-10-07 01:01:50.213 INFO   [9E36F4\3C34AD] Fanout pass #2 on board '2e76beda6e592615fbf59baa39a7cd3d' completed in 1.33 seconds with 18 SMD pins fanouted, 156 not routed, 0 insert errors, +1 extra via (0 SMD pins still to check in pass, ripup costs=200).
2026-10-07 01:01:50.836 INFO   [9E36F4\3C34AD] Fanout pass #3 on board '28fb79544f611b93ac81cd2d192c9047' completed in 0.58 seconds with 14 SMD pins fanouted, 53 not routed, 0 insert errors, +0 extra vias (0 SMD pins still to check in pass, ripup costs=300).
2026-10-07 01:01:51.246 INFO   [9E36F4\3C34AD] Fanout pass #4 on board '2cba3b1c70c831c0d25477d0f878c398' completed in 0.36 seconds with 14 SMD pins fanouted, 15 not routed, 0 insert errors, +0 extra vias (0 SMD pins still to check in pass, ripup costs=400).
2026-10-07 01:01:51.675 INFO   [9E36F4\3C34AD] Fanout pass #5 on board '7e5722c5c8be83d40d94cfe805d4e300' completed in 0.38 seconds with 14 SMD pins fanouted, 15 not routed, 0 insert errors, +0 extra vias (0 SMD pins still to check in pass, ripup costs=500).
2026-10-07 01:01:52.068 INFO   [9E36F4\3C34AD] Fanout pass #6 on board 'e2391b333538fbd94f66d1bbac30c53d' completed in 0.35 seconds with 14 SMD pins fanouted, 15 not routed, 0 insert errors, +0 extra vias (0 SMD pins still to check in pass, ripup costs=600).
2026-10-07 01:01:52.068 INFO   Fanout stopped after 6 passes: no progress for 3 consecutive passes.
2026-10-07 01:01:52.094 INFO   [9E36F4\3C34AD] Fanout stage completed: started with 468 total SMD pins, completed in 7.91 seconds, escaped pins: 267/468 (57.1%), using 7.61 total CPU seconds, 5.13 GB total allocated, and 413.2 MB peak heap usage.
2026-10-07 01:01:52.259 INFO   [9E36F4\3C34AD] Auto-routing stage started on board 'e2391b333538fbd94f66d1bbac30c53d' with baseline score 314.25 for 183 unrouted items.
2026-10-07 01:04:45.467 INFO   [9E36F4\3C34AD] Auto-routing pass #1 on board 'e2391b333538fbd94f66d1bbac30c53d' was completed in 173.12 seconds with score 581.30 (109 unrouted and 241 violations), using 179.00 CPU seconds and the job allocated 201.35 GB of memory so far.
