2026-10-07 01:39:33.909 INFO   Freerouting v2.5.0 (build-date: 2026-10-05)
2026-10-07 01:39:34.176 INFO   Hardware: 24 CPU cores, 588 CPU score, 16056 MB RAM
2026-10-07 01:39:34.176 WARN   Deprecated settings path '-mp / --router.max_passes'; use '--router.autorouter.max_passes' instead. The old path will be removed in a future release.
2026-10-07 01:39:34.176 WARN   Couldn't get screen resolution. If you are running in a headless environment, disable the GUI by setting gui.enabled to false.
2026-10-07 01:39:35.203 WARN   Deprecated settings path 'router.max_passes'; use 'router.autorouter.max_passes' instead. The old path will be removed in a future release.
2026-10-07 01:39:35.465 INFO   [7132C9\A8C25B] Loading board file 'V4.dsn'...
2026-10-07 01:39:35.675 INFO   [7132C9\A8C25B] Job '7132C9\A8C25B' started at 2026-10-06T14:39:35.675439457Z.
2026-10-07 01:39:35.835 WARN   Design Warning: Board has 13 pre-existing clearance violation(s) in the loaded design (before routing):
  - 13 unfixable violation(s) (cannot be resolved by Freerouting):
      * 13 pin-to-pin clearance violations (first 5 shown):
          - U19.2 <-> U19.1 [net /Fuel_Gauge_Power/USB_AUX_5V]
          - Q103.9 <-> Q103.8
          - Q103.9 <-> Q103.7
          - Q103.9 <-> Q103.6
          - Q103.9 <-> Q103.5
          ... and 8 more
  - 0 potentially fixable violations
Notice: Freerouting does not modify component placement, board outlines, or fixed items.
Resolving these 13 unfixable violation(s) is the responsibility of the board author in their EDA tool (e.g. KiCad).
2026-10-07 01:39:35.874 INFO   [7132C9\A8C25B] Pipeline thread limits: autorouter pass is single-threaded, optimizer.max_threads=23.
2026-10-07 01:39:35.967 INFO   [7132C9\A8C25B] Fanout stage started on board '637fc958777679df88ef6e092a3c9b78' with 468 of 1066 SMD pins needing fanout (0 already connected, 598 netless).
2026-10-07 01:39:38.785 INFO   [7132C9\A8C25B] Fanout pass #1 on board '219b514973b19e12b6b388968e30b90e' completed in 2.72 seconds with 187 SMD pins fanouted, 244 not routed, 0 insert errors, +10 extra vias (0 SMD pins still to check in pass, ripup costs=100).
2026-10-07 01:39:40.146 INFO   [7132C9\A8C25B] Fanout pass #2 on board '6b49a79013b31d9c0df29a99b26e4a8e' completed in 1.33 seconds with 12 SMD pins fanouted, 185 not routed, 0 insert errors, +1 extra via (0 SMD pins still to check in pass, ripup costs=200).
2026-10-07 01:39:40.565 INFO   [7132C9\A8C25B] Fanout pass #3 on board '6b49a79013b31d9c0df29a99b26e4a8e' completed in 0.38 seconds with 0 SMD pins fanouted, 48 not routed, 0 insert errors, +0 extra vias (0 SMD pins still to check in pass, ripup costs=300).
2026-10-07 01:39:40.588 INFO   [7132C9\A8C25B] Fanout stage completed: started with 468 total SMD pins, completed in 4.56 seconds, escaped pins: 295/468 (63.0%), using 4.58 total CPU seconds, 4.22 GB total allocated, and 347.6 MB peak heap usage.
2026-10-07 01:39:40.714 INFO   [7132C9\A8C25B] Auto-routing stage started on board '6b49a79013b31d9c0df29a99b26e4a8e' with baseline score 386.26 for 156 unrouted items.
2026-10-07 01:41:38.130 INFO   [7132C9\A8C25B] Auto-routing pass #1 on board '6b49a79013b31d9c0df29a99b26e4a8e' was completed in 117.35 seconds with score 708.78 (74 unrouted and 13 violations), using 120.98 CPU seconds and the job allocated 152.55 GB of memory so far.
2026-10-07 01:41:38.320 INFO   [7132C9\A8C25B] Auto-routing stage completed: started with 339 unrouted nets, completed in 122.39 seconds, final score: 708.78 (74 unrouted and 13 violations), using 120.98 total CPU seconds, 152.55 GB total allocated, and 616.4 MB peak heap usage.
2026-10-07 01:41:38.379 INFO   [7132C9\A8C25B] Skipping optimization stage: the board has 74 unrouted connection(s) (optimizer only runs on completely routed boards).
2026-10-07 01:41:38.415 INFO   [7132C9\A8C25B] Job '7132C9\A8C25B' finished with state: COMPLETED (elapsed: 2 minutes 2.74 seconds, finished at UTC: 2026-10-06T14:41:38.414840959Z).
2026-10-07 01:41:38.441 INFO   Saving output file '/home/chithi/Desktop/DesktopSpeaker/ai-files/pcb/work-p1/V4.ses' (SES)...
2026-10-07 01:41:38.442 INFO   Successfully saved output file '/home/chithi/Desktop/DesktopSpeaker/ai-files/pcb/work-p1/V4.ses' (119621 bytes).
