2026-10-07 01:39:33.914 INFO   Freerouting v2.5.0 (build-date: 2026-10-05)
2026-10-07 01:39:34.182 INFO   Hardware: 24 CPU cores, 587 CPU score, 16056 MB RAM
2026-10-07 01:39:34.182 WARN   Deprecated settings path '-mp / --router.max_passes'; use '--router.autorouter.max_passes' instead. The old path will be removed in a future release.
2026-10-07 01:39:34.182 WARN   Couldn't get screen resolution. If you are running in a headless environment, disable the GUI by setting gui.enabled to false.
2026-10-07 01:39:35.208 WARN   Deprecated settings path 'router.max_passes'; use 'router.autorouter.max_passes' instead. The old path will be removed in a future release.
2026-10-07 01:39:35.468 INFO   [1C2DC9\B7BB0E] Loading board file 'V6.dsn'...
2026-10-07 01:39:35.672 INFO   [1C2DC9\B7BB0E] Job '1C2DC9\B7BB0E' started at 2026-10-06T14:39:35.672235836Z.
2026-10-07 01:39:35.832 WARN   Design Warning: Board has 13 pre-existing clearance violation(s) in the loaded design (before routing):
  - 13 unfixable violation(s) (cannot be resolved by Freerouting):
      * 13 pin-to-pin clearance violations (first 5 shown):
          - U19.2 <-> U19.1 [net /Fuel_Gauge_Power/USB_AUX_5V]
          - Q103.9 <-> Q103.8
          - Q103.9 <-> Q103.7
          - Q103.9 <-> Q103.6
          - Q103.9 <-> Q103.5
          ... and 8 more
  - 0 potentially fixable violations
Notice: Freerouting does not modify component placement, board outlines, or fixed items.
Resolving these 13 unfixable violation(s) is the responsibility of the board author in their EDA tool (e.g. KiCad).
2026-10-07 01:39:35.869 INFO   [1C2DC9\B7BB0E] Pipeline thread limits: autorouter pass is single-threaded, optimizer.max_threads=23.
2026-10-07 01:39:35.960 INFO   [1C2DC9\B7BB0E] Fanout stage started on board '637fc958777679df88ef6e092a3c9b78' with 468 of 1066 SMD pins needing fanout (0 already connected, 598 netless).
2026-10-07 01:39:38.844 INFO   [1C2DC9\B7BB0E] Fanout pass #1 on board 'd061de50eb47b9538f7c80c15a837e7b' completed in 2.78 seconds with 193 SMD pins fanouted, 237 not routed, 0 insert errors, +10 extra vias (0 SMD pins still to check in pass, ripup costs=100).
2026-10-07 01:39:40.229 INFO   [1C2DC9\B7BB0E] Fanout pass #2 on board '436b8fcc64e6fd7b479adc44270b4b68' completed in 1.35 seconds with 10 SMD pins fanouted, 190 not routed, 0 insert errors, +0 extra vias (0 SMD pins still to check in pass, ripup costs=200).
2026-10-07 01:39:40.465 INFO   [1C2DC9\B7BB0E] Fanout pass #3 on board '436b8fcc64e6fd7b479adc44270b4b68' completed in 0.20 seconds with 0 SMD pins fanouted, 12 not routed, 0 insert errors, +0 extra vias (0 SMD pins still to check in pass, ripup costs=300).
2026-10-07 01:39:40.488 INFO   [1C2DC9\B7BB0E] Fanout stage completed: started with 468 total SMD pins, completed in 4.47 seconds, escaped pins: 298/468 (63.7%), using 4.49 total CPU seconds, 4.13 GB total allocated, and 314.6 MB peak heap usage.
2026-10-07 01:39:40.614 INFO   [1C2DC9\B7BB0E] Auto-routing stage started on board '436b8fcc64e6fd7b479adc44270b4b68' with baseline score 398.06 for 153 unrouted items.
2026-10-07 01:41:27.132 INFO   [1C2DC9\B7BB0E] Auto-routing pass #1 on board '436b8fcc64e6fd7b479adc44270b4b68' was completed in 106.45 seconds with score 716.65 (72 unrouted and 13 violations), using 110.12 CPU seconds and the job allocated 142.49 GB of memory so far.
2026-10-07 01:41:27.313 INFO   [1C2DC9\B7BB0E] Auto-routing stage completed: started with 339 unrouted nets, completed in 111.39 seconds, final score: 716.65 (72 unrouted and 13 violations), using 110.12 total CPU seconds, 142.49 GB total allocated, and 743.0 MB peak heap usage.
2026-10-07 01:41:27.374 INFO   [1C2DC9\B7BB0E] Skipping optimization stage: the board has 72 unrouted connection(s) (optimizer only runs on completely routed boards).
2026-10-07 01:41:27.413 INFO   [1C2DC9\B7BB0E] Job '1C2DC9\B7BB0E' finished with state: COMPLETED (elapsed: 1 minute 51.74 seconds, finished at UTC: 2026-10-06T14:41:27.412792353Z).
2026-10-07 01:41:27.425 INFO   Saving output file '/home/chithi/Desktop/DesktopSpeaker/ai-files/pcb/work-p1/V6.ses' (SES)...
2026-10-07 01:41:27.427 INFO   Successfully saved output file '/home/chithi/Desktop/DesktopSpeaker/ai-files/pcb/work-p1/V6.ses' (119272 bytes).
