2026-10-07 01:56:22.884 INFO   Freerouting v2.5.0 (build-date: 2026-10-05)
2026-10-07 01:56:23.156 INFO   Hardware: 24 CPU cores, 585 CPU score, 16056 MB RAM
2026-10-07 01:56:23.156 WARN   Deprecated settings path '-mp / --router.max_passes'; use '--router.autorouter.max_passes' instead. The old path will be removed in a future release.
2026-10-07 01:56:23.157 WARN   Couldn't get screen resolution. If you are running in a headless environment, disable the GUI by setting gui.enabled to false.
2026-10-07 01:56:24.180 WARN   Deprecated settings path 'router.max_passes'; use 'router.autorouter.max_passes' instead. The old path will be removed in a future release.
2026-10-07 01:56:24.447 INFO   [065D4B\860F64] Loading board file 'W2.dsn'...
2026-10-07 01:56:24.716 INFO   [065D4B\860F64] Job '065D4B\860F64' started at 2026-10-06T14:56:24.716093404Z.
2026-10-07 01:56:24.865 WARN   Design Warning: Board has 13 pre-existing clearance violation(s) in the loaded design (before routing):
  - 13 unfixable violation(s) (cannot be resolved by Freerouting):
      * 13 pin-to-pin clearance violations (first 5 shown):
          - U19.2 <-> U19.1 [net /Fuel_Gauge_Power/USB_AUX_5V]
          - Q103.9 <-> Q103.8
          - Q103.9 <-> Q103.7
          - Q103.9 <-> Q103.6
          - Q103.9 <-> Q103.5
          ... and 8 more
  - 0 potentially fixable violations
Notice: Freerouting does not modify component placement, board outlines, or fixed items.
Resolving these 13 unfixable violation(s) is the responsibility of the board author in their EDA tool (e.g. KiCad).
2026-10-07 01:56:24.919 INFO   [065D4B\860F64] Pipeline thread limits: autorouter pass is single-threaded, optimizer.max_threads=23.
2026-10-07 01:56:25.035 INFO   [065D4B\860F64] Fanout stage started on board '1edec3dcfa3c1b8cf105100edd2fa0f1' with 396 of 1066 SMD pins needing fanout (0 already connected, 670 netless).
2026-10-07 01:56:28.080 INFO   [065D4B\860F64] Fanout pass #1 on board '01d55c2eb22cc0bb91609c003833b06d' completed in 2.94 seconds with 162 SMD pins fanouted, 206 not routed, 0 insert errors, +5 extra vias (0 SMD pins still to check in pass, ripup costs=100).
2026-10-07 01:56:29.553 INFO   [065D4B\860F64] Fanout pass #2 on board '39f7eec75bad21d530989bf02c07d234' completed in 1.44 seconds with 10 SMD pins fanouted, 186 not routed, 0 insert errors, +1 extra via (0 SMD pins still to check in pass, ripup costs=200).
2026-10-07 01:56:30.014 INFO   [065D4B\860F64] Fanout pass #3 on board '39f7eec75bad21d530989bf02c07d234' completed in 0.43 seconds with 0 SMD pins fanouted, 55 not routed, 0 insert errors, +0 extra vias (0 SMD pins still to check in pass, ripup costs=300).
2026-10-07 01:56:30.032 INFO   [065D4B\860F64] Fanout stage completed: started with 396 total SMD pins, completed in 4.94 seconds, escaped pins: 246/396 (62.1%), using 4.92 total CPU seconds, 4.27 GB total allocated, and 339.6 MB peak heap usage.
2026-10-07 01:56:30.143 INFO   [065D4B\860F64] Auto-routing stage started on board '39f7eec75bad21d530989bf02c07d234' with baseline score 339.51 for 156 unrouted items.
2026-10-07 01:58:00.263 INFO   [065D4B\860F64] Auto-routing pass #1 on board '39f7eec75bad21d530989bf02c07d234' was completed in 90.06 seconds with score 614.65 (91 unrouted and 13 violations), using 94.12 CPU seconds and the job allocated 123.46 GB of memory so far.
2026-10-07 01:58:00.426 INFO   [065D4B\860F64] Auto-routing stage completed: started with 315 unrouted nets, completed in 95.46 seconds, final score: 614.65 (91 unrouted and 13 violations), using 94.12 total CPU seconds, 123.46 GB total allocated, and 750.5 MB peak heap usage.
2026-10-07 01:58:00.482 INFO   [065D4B\860F64] Skipping optimization stage: the board has 91 unrouted connection(s) (optimizer only runs on completely routed boards).
2026-10-07 01:58:00.521 INFO   [065D4B\860F64] Job '065D4B\860F64' finished with state: COMPLETED (elapsed: 1 minute 35.80 seconds, finished at UTC: 2026-10-06T14:58:00.520372159Z).
2026-10-07 01:58:00.547 INFO   Saving output file '/home/chithi/Desktop/DesktopSpeaker/ai-files/pcb/work-p1/W2.ses' (SES)...
2026-10-07 01:58:00.548 INFO   Successfully saved output file '/home/chithi/Desktop/DesktopSpeaker/ai-files/pcb/work-p1/W2.ses' (103101 bytes).
