2026-10-07 01:56:22.885 INFO   Freerouting v2.5.0 (build-date: 2026-10-05)
2026-10-07 01:56:23.157 INFO   Hardware: 24 CPU cores, 585 CPU score, 16056 MB RAM
2026-10-07 01:56:23.158 WARN   Deprecated settings path '-mp / --router.max_passes'; use '--router.autorouter.max_passes' instead. The old path will be removed in a future release.
2026-10-07 01:56:23.158 WARN   Couldn't get screen resolution. If you are running in a headless environment, disable the GUI by setting gui.enabled to false.
2026-10-07 01:56:24.183 WARN   Deprecated settings path 'router.max_passes'; use 'router.autorouter.max_passes' instead. The old path will be removed in a future release.
2026-10-07 01:56:24.443 INFO   [7E57D6\F186FC] Loading board file 'W3.dsn'...
2026-10-07 01:56:24.721 INFO   [7E57D6\F186FC] Job '7E57D6\F186FC' started at 2026-10-06T14:56:24.721332664Z.
2026-10-07 01:56:24.900 WARN   Design Warning: Board has 13 pre-existing clearance violation(s) in the loaded design (before routing):
  - 13 unfixable violation(s) (cannot be resolved by Freerouting):
      * 13 pin-to-pin clearance violations (first 5 shown):
          - U19.2 <-> U19.1 [net /Fuel_Gauge_Power/USB_AUX_5V]
          - Q103.9 <-> Q103.8
          - Q103.9 <-> Q103.7
          - Q103.9 <-> Q103.6
          - Q103.9 <-> Q103.5
          ... and 8 more
  - 0 potentially fixable violations
Notice: Freerouting does not modify component placement, board outlines, or fixed items.
Resolving these 13 unfixable violation(s) is the responsibility of the board author in their EDA tool (e.g. KiCad).
2026-10-07 01:56:24.953 INFO   [7E57D6\F186FC] Pipeline thread limits: autorouter pass is single-threaded, optimizer.max_threads=23.
2026-10-07 01:56:25.056 INFO   [7E57D6\F186FC] Fanout stage started on board 'd3ab619999f654923e4e361c5ab622a4' with 396 of 1066 SMD pins needing fanout (0 already connected, 670 netless).
2026-10-07 01:56:28.160 INFO   [7E57D6\F186FC] Fanout pass #1 on board '3c6278ec282a409adf3ceef486014317' completed in 3.01 seconds with 172 SMD pins fanouted, 193 not routed, 0 insert errors, +5 extra vias (0 SMD pins still to check in pass, ripup costs=100).
2026-10-07 01:56:29.701 INFO   [7E57D6\F186FC] Fanout pass #2 on board '645181dbf0dd69f0f091dcf8032ebdaa' completed in 1.51 seconds with 9 SMD pins fanouted, 186 not routed, 0 insert errors, +1 extra via (0 SMD pins still to check in pass, ripup costs=200).
2026-10-07 01:56:30.206 INFO   [7E57D6\F186FC] Fanout pass #3 on board '1601e23bbbf7839ed894ae1dcb065e15' completed in 0.47 seconds with 2 SMD pins fanouted, 55 not routed, 0 insert errors, +0 extra vias (0 SMD pins still to check in pass, ripup costs=300).
2026-10-07 01:56:30.427 INFO   [7E57D6\F186FC] Fanout pass #4 on board '290c141b64f61926e71d595082fb29e8' completed in 0.17 seconds with 1 SMD pin fanouted, 8 not routed, 0 insert errors, +0 extra vias (0 SMD pins still to check in pass, ripup costs=400).
2026-10-07 01:56:30.610 INFO   [7E57D6\F186FC] Fanout pass #5 on board '3146247bca30939fb9d70ab563d34c2a' completed in 0.15 seconds with 1 SMD pin fanouted, 6 not routed, 0 insert errors, +0 extra vias (0 SMD pins still to check in pass, ripup costs=500).
2026-10-07 01:56:30.768 INFO   [7E57D6\F186FC] Fanout pass #6 on board '3146247bca30939fb9d70ab563d34c2a' completed in 0.12 seconds with 0 SMD pins fanouted, 3 not routed, 0 insert errors, +0 extra vias (0 SMD pins still to check in pass, ripup costs=600).
2026-10-07 01:56:30.788 INFO   [7E57D6\F186FC] Fanout stage completed: started with 396 total SMD pins, completed in 5.68 seconds, escaped pins: 260/396 (65.7%), using 5.65 total CPU seconds, 4.92 GB total allocated, and 379.2 MB peak heap usage.
2026-10-07 01:56:30.912 INFO   [7E57D6\F186FC] Auto-routing stage started on board '3146247bca30939fb9d70ab563d34c2a' with baseline score 398.95 for 137 unrouted items.
2026-10-07 01:57:55.507 INFO   [7E57D6\F186FC] Auto-routing pass #1 on board '3146247bca30939fb9d70ab563d34c2a' was completed in 84.53 seconds with score 675.27 (74 unrouted and 13 violations), using 89.09 CPU seconds and the job allocated 112.94 GB of memory so far.
2026-10-07 01:57:55.674 INFO   [7E57D6\F186FC] Auto-routing stage completed: started with 304 unrouted nets, completed in 90.67 seconds, final score: 675.27 (74 unrouted and 13 violations), using 89.09 total CPU seconds, 112.94 GB total allocated, and 621.3 MB peak heap usage.
2026-10-07 01:57:55.730 INFO   [7E57D6\F186FC] Skipping optimization stage: the board has 74 unrouted connection(s) (optimizer only runs on completely routed boards).
2026-10-07 01:57:55.766 INFO   [7E57D6\F186FC] Job '7E57D6\F186FC' finished with state: COMPLETED (elapsed: 1 minute 31.04 seconds, finished at UTC: 2026-10-06T14:57:55.765992241Z).
2026-10-07 01:57:55.769 INFO   Saving output file '/home/chithi/Desktop/DesktopSpeaker/ai-files/pcb/work-p1/W3.ses' (SES)...
2026-10-07 01:57:55.770 INFO   Successfully saved output file '/home/chithi/Desktop/DesktopSpeaker/ai-files/pcb/work-p1/W3.ses' (105095 bytes).
