2026-10-07 02:07:52.038 INFO   Freerouting v2.5.0 (build-date: 2026-10-05)
2026-10-07 02:07:52.309 INFO   Hardware: 24 CPU cores, 579 CPU score, 16056 MB RAM
2026-10-07 02:07:52.310 WARN   Deprecated settings path '-mp / --router.max_passes'; use '--router.autorouter.max_passes' instead. The old path will be removed in a future release.
2026-10-07 02:07:52.310 WARN   Couldn't get screen resolution. If you are running in a headless environment, disable the GUI by setting gui.enabled to false.
2026-10-07 02:07:53.346 WARN   Deprecated settings path 'router.max_passes'; use 'router.autorouter.max_passes' instead. The old path will be removed in a future release.
2026-10-07 02:07:53.608 INFO   [D8A6B4\34C279] Loading board file 'X1.dsn'...
2026-10-07 02:07:53.927 INFO   [D8A6B4\34C279] Job 'D8A6B4\34C279' started at 2026-10-06T15:07:53.927445356Z.
2026-10-07 02:07:54.205 WARN   Design Warning: Board has 11 pre-existing clearance violation(s) in the loaded design (before routing):
  - 11 unfixable violation(s) (cannot be resolved by Freerouting):
      * 11 pin-to-pin clearance violations (first 5 shown):
          - Q103.9 <-> Q103.8
          - Q103.9 <-> Q103.7
          - Q103.9 <-> Q103.6
          - Q103.9 <-> Q103.5
          - U25.21 <-> U25.20
          ... and 6 more
  - 0 potentially fixable violations
Notice: Freerouting does not modify component placement, board outlines, or fixed items.
Resolving these 11 unfixable violation(s) is the responsibility of the board author in their EDA tool (e.g. KiCad).
2026-10-07 02:07:54.275 INFO   [D8A6B4\34C279] Pipeline thread limits: autorouter pass is single-threaded, optimizer.max_threads=23.
2026-10-07 02:07:54.395 INFO   [D8A6B4\34C279] Fanout stage started on board '93933f33d9eb6616a963452ea7d9014f' with 73 of 1066 SMD pins needing fanout (0 already connected, 993 netless).
2026-10-07 02:07:56.291 INFO   [D8A6B4\34C279] Fanout pass #1 on board '25be81e40d8cb3dffccd3f3429396609' completed in 1.82 seconds with 19 SMD pins fanouted, 53 not routed, 0 insert errors, +0 extra vias (0 SMD pins still to check in pass, ripup costs=100).
2026-10-07 02:07:56.705 INFO   [D8A6B4\34C279] Fanout pass #2 on board 'aa3f6e9124c70f94c765620a42242ed7' completed in 0.38 seconds with 2 SMD pins fanouted, 26 not routed, 0 insert errors, +1 extra via (0 SMD pins still to check in pass, ripup costs=200).
2026-10-07 02:07:56.893 INFO   [D8A6B4\34C279] Fanout pass #3 on board 'aa3f6e9124c70f94c765620a42242ed7' completed in 0.15 seconds with 0 SMD pins fanouted, 7 not routed, 0 insert errors, +0 extra vias (0 SMD pins still to check in pass, ripup costs=300).
2026-10-07 02:07:56.900 INFO   [D8A6B4\34C279] Fanout stage completed: started with 73 total SMD pins, completed in 2.48 seconds, escaped pins: 36/73 (49.3%), using 2.20 total CPU seconds, 1.07 GB total allocated, and 341.5 MB peak heap usage.
2026-10-07 02:07:56.995 INFO   [D8A6B4\34C279] Auto-routing stage started on board 'aa3f6e9124c70f94c765620a42242ed7' with baseline score 208.21 for 44 unrouted items.
2026-10-07 02:08:27.605 INFO   [D8A6B4\34C279] Auto-routing pass #1 on board 'aa3f6e9124c70f94c765620a42242ed7' was completed in 30.54 seconds with score 499.88 (24 unrouted and 11 violations), using 32.06 CPU seconds and the job allocated 39.21 GB of memory so far.
2026-10-07 02:08:27.684 INFO   [D8A6B4\34C279] Auto-routing stage completed: started with 64 unrouted nets, completed in 33.38 seconds, final score: 499.88 (24 unrouted and 11 violations), using 32.06 total CPU seconds, 39.21 GB total allocated, and 743.6 MB peak heap usage.
2026-10-07 02:08:27.712 INFO   [D8A6B4\34C279] Skipping optimization stage: the board has 24 unrouted connection(s) (optimizer only runs on completely routed boards).
2026-10-07 02:08:27.736 INFO   [D8A6B4\34C279] Job 'D8A6B4\34C279' finished with state: COMPLETED (elapsed: 33.81 seconds, finished at UTC: 2026-10-06T15:08:27.735975158Z).
2026-10-07 02:08:27.750 INFO   Saving output file '/home/chithi/Desktop/DesktopSpeaker/ai-files/pcb/work-p1/X1.ses' (SES)...
2026-10-07 02:08:27.751 INFO   Successfully saved output file '/home/chithi/Desktop/DesktopSpeaker/ai-files/pcb/work-p1/X1.ses' (38977 bytes).
