2026-10-07 02:07:52.042 INFO   Freerouting v2.5.0 (build-date: 2026-10-05)
2026-10-07 02:07:52.316 INFO   Hardware: 24 CPU cores, 575 CPU score, 16056 MB RAM
2026-10-07 02:07:52.317 WARN   Deprecated settings path '-mp / --router.max_passes'; use '--router.autorouter.max_passes' instead. The old path will be removed in a future release.
2026-10-07 02:07:52.317 WARN   Couldn't get screen resolution. If you are running in a headless environment, disable the GUI by setting gui.enabled to false.
2026-10-07 02:07:53.347 WARN   Deprecated settings path 'router.max_passes'; use 'router.autorouter.max_passes' instead. The old path will be removed in a future release.
2026-10-07 02:07:53.610 INFO   [893A50\2D9E96] Loading board file 'X2.dsn'...
2026-10-07 02:07:53.943 INFO   [893A50\2D9E96] Job '893A50\2D9E96' started at 2026-10-06T15:07:53.943457711Z.
2026-10-07 02:07:54.153 WARN   Design Warning: Board has 11 pre-existing clearance violation(s) in the loaded design (before routing):
  - 11 unfixable violation(s) (cannot be resolved by Freerouting):
      * 11 pin-to-pin clearance violations (first 5 shown):
          - Q103.9 <-> Q103.8
          - Q103.9 <-> Q103.7
          - Q103.9 <-> Q103.6
          - Q103.9 <-> Q103.5
          - U25.21 <-> U25.20
          ... and 6 more
  - 0 potentially fixable violations
Notice: Freerouting does not modify component placement, board outlines, or fixed items.
Resolving these 11 unfixable violation(s) is the responsibility of the board author in their EDA tool (e.g. KiCad).
2026-10-07 02:07:54.220 INFO   [893A50\2D9E96] Pipeline thread limits: autorouter pass is single-threaded, optimizer.max_threads=23.
2026-10-07 02:07:54.363 INFO   [893A50\2D9E96] Fanout stage started on board '93933f33d9eb6616a963452ea7d9014f' with 73 of 1066 SMD pins needing fanout (0 already connected, 993 netless).
2026-10-07 02:07:56.280 INFO   [893A50\2D9E96] Fanout pass #1 on board '6e83eb8433b4fd6c1e741c0e4407d08e' completed in 1.83 seconds with 20 SMD pins fanouted, 51 not routed, 0 insert errors, +0 extra vias (0 SMD pins still to check in pass, ripup costs=100).
2026-10-07 02:07:56.799 INFO   [893A50\2D9E96] Fanout pass #2 on board 'e0c88902d05a2dd08f8a23ebaf78ab16' completed in 0.48 seconds with 1 SMD pin fanouted, 33 not routed, 0 insert errors, +1 extra via (0 SMD pins still to check in pass, ripup costs=200).
2026-10-07 02:07:56.958 INFO   [893A50\2D9E96] Fanout pass #3 on board 'e0c88902d05a2dd08f8a23ebaf78ab16' completed in 0.13 seconds with 0 SMD pins fanouted, 7 not routed, 0 insert errors, +0 extra vias (0 SMD pins still to check in pass, ripup costs=300).
2026-10-07 02:07:56.963 INFO   [893A50\2D9E96] Fanout stage completed: started with 73 total SMD pins, completed in 2.58 seconds, escaped pins: 36/73 (49.3%), using 2.26 total CPU seconds, 1.14 GB total allocated, and 337.4 MB peak heap usage.
2026-10-07 02:07:57.050 INFO   [893A50\2D9E96] Auto-routing stage started on board 'e0c88902d05a2dd08f8a23ebaf78ab16' with baseline score 208.21 for 44 unrouted items.
2026-10-07 02:08:21.483 INFO   [893A50\2D9E96] Auto-routing pass #1 on board 'e0c88902d05a2dd08f8a23ebaf78ab16' was completed in 24.38 seconds with score 499.88 (24 unrouted and 11 violations), using 26.16 CPU seconds and the job allocated 29.92 GB of memory so far.
2026-10-07 02:08:21.565 INFO   [893A50\2D9E96] Auto-routing stage completed: started with 64 unrouted nets, completed in 27.32 seconds, final score: 499.88 (24 unrouted and 11 violations), using 26.16 total CPU seconds, 29.92 GB total allocated, and 686.6 MB peak heap usage.
2026-10-07 02:08:21.597 INFO   [893A50\2D9E96] Skipping optimization stage: the board has 24 unrouted connection(s) (optimizer only runs on completely routed boards).
2026-10-07 02:08:21.625 INFO   [893A50\2D9E96] Job '893A50\2D9E96' finished with state: COMPLETED (elapsed: 27.68 seconds, finished at UTC: 2026-10-06T15:08:21.624558633Z).
2026-10-07 02:08:21.654 INFO   Saving output file '/home/chithi/Desktop/DesktopSpeaker/ai-files/pcb/work-p1/X2.ses' (SES)...
2026-10-07 02:08:21.656 INFO   Successfully saved output file '/home/chithi/Desktop/DesktopSpeaker/ai-files/pcb/work-p1/X2.ses' (40046 bytes).
