2026-10-07 02:07:52.021 INFO   Freerouting v2.5.0 (build-date: 2026-10-05)
2026-10-07 02:07:52.296 INFO   Hardware: 24 CPU cores, 576 CPU score, 16056 MB RAM
2026-10-07 02:07:52.296 WARN   Deprecated settings path '-mp / --router.max_passes'; use '--router.autorouter.max_passes' instead. The old path will be removed in a future release.
2026-10-07 02:07:52.297 WARN   Couldn't get screen resolution. If you are running in a headless environment, disable the GUI by setting gui.enabled to false.
2026-10-07 02:07:53.322 WARN   Deprecated settings path 'router.max_passes'; use 'router.autorouter.max_passes' instead. The old path will be removed in a future release.
2026-10-07 02:07:53.583 INFO   [D7AF18\4F7381] Loading board file 'X3.dsn'...
2026-10-07 02:07:53.906 INFO   [D7AF18\4F7381] Job 'D7AF18\4F7381' started at 2026-10-06T15:07:53.906781195Z.
2026-10-07 02:07:54.114 WARN   Design Warning: Board has 11 pre-existing clearance violation(s) in the loaded design (before routing):
  - 11 unfixable violation(s) (cannot be resolved by Freerouting):
      * 11 pin-to-pin clearance violations (first 5 shown):
          - Q103.9 <-> Q103.8
          - Q103.9 <-> Q103.7
          - Q103.9 <-> Q103.6
          - Q103.9 <-> Q103.5
          - U25.21 <-> U25.20
          ... and 6 more
  - 0 potentially fixable violations
Notice: Freerouting does not modify component placement, board outlines, or fixed items.
Resolving these 11 unfixable violation(s) is the responsibility of the board author in their EDA tool (e.g. KiCad).
2026-10-07 02:07:54.194 INFO   [D7AF18\4F7381] Pipeline thread limits: autorouter pass is single-threaded, optimizer.max_threads=23.
2026-10-07 02:07:54.346 INFO   [D7AF18\4F7381] Fanout stage started on board '93933f33d9eb6616a963452ea7d9014f' with 73 of 1066 SMD pins needing fanout (0 already connected, 993 netless).
2026-10-07 02:07:56.321 INFO   [D7AF18\4F7381] Fanout pass #1 on board 'c237484737aa5ab366f04ad700e04ab3' completed in 1.90 seconds with 20 SMD pins fanouted, 51 not routed, 0 insert errors, +0 extra vias (0 SMD pins still to check in pass, ripup costs=100).
2026-10-07 02:07:56.783 INFO   [D7AF18\4F7381] Fanout pass #2 on board 'ef56f154a99ed614dc1fd6c4ea26b5c8' completed in 0.43 seconds with 1 SMD pin fanouted, 33 not routed, 0 insert errors, +1 extra via (0 SMD pins still to check in pass, ripup costs=200).
2026-10-07 02:07:56.944 INFO   [D7AF18\4F7381] Fanout pass #3 on board 'ef56f154a99ed614dc1fd6c4ea26b5c8' completed in 0.13 seconds with 0 SMD pins fanouted, 7 not routed, 0 insert errors, +0 extra vias (0 SMD pins still to check in pass, ripup costs=300).
2026-10-07 02:07:56.952 INFO   [D7AF18\4F7381] Fanout stage completed: started with 73 total SMD pins, completed in 2.57 seconds, escaped pins: 36/73 (49.3%), using 2.29 total CPU seconds, 1.16 GB total allocated, and 320.8 MB peak heap usage.
2026-10-07 02:07:57.034 INFO   [D7AF18\4F7381] Auto-routing stage started on board 'ef56f154a99ed614dc1fd6c4ea26b5c8' with baseline score 208.21 for 44 unrouted items.
2026-10-07 02:08:19.752 INFO   [D7AF18\4F7381] Auto-routing pass #1 on board 'ef56f154a99ed614dc1fd6c4ea26b5c8' was completed in 22.65 seconds with score 499.88 (24 unrouted and 11 violations), using 24.17 CPU seconds and the job allocated 28.18 GB of memory so far.
2026-10-07 02:08:19.834 INFO   [D7AF18\4F7381] Auto-routing stage completed: started with 64 unrouted nets, completed in 25.61 seconds, final score: 499.88 (24 unrouted and 11 violations), using 24.17 total CPU seconds, 28.18 GB total allocated, and 676.7 MB peak heap usage.
2026-10-07 02:08:19.867 INFO   [D7AF18\4F7381] Skipping optimization stage: the board has 24 unrouted connection(s) (optimizer only runs on completely routed boards).
2026-10-07 02:08:19.892 INFO   [D7AF18\4F7381] Job 'D7AF18\4F7381' finished with state: COMPLETED (elapsed: 25.98 seconds, finished at UTC: 2026-10-06T15:08:19.892108208Z).
2026-10-07 02:08:19.919 INFO   Saving output file '/home/chithi/Desktop/DesktopSpeaker/ai-files/pcb/work-p1/X3.ses' (SES)...
2026-10-07 02:08:19.921 INFO   Successfully saved output file '/home/chithi/Desktop/DesktopSpeaker/ai-files/pcb/work-p1/X3.ses' (38072 bytes).
