2026-10-07 02:09:37.271 INFO   Freerouting v2.5.0 (build-date: 2026-10-05)
2026-10-07 02:09:37.545 INFO   Hardware: 24 CPU cores, 568 CPU score, 16056 MB RAM
2026-10-07 02:09:37.545 WARN   Deprecated settings path '-mp / --router.max_passes'; use '--router.autorouter.max_passes' instead. The old path will be removed in a future release.
2026-10-07 02:09:37.546 WARN   Couldn't get screen resolution. If you are running in a headless environment, disable the GUI by setting gui.enabled to false.
2026-10-07 02:09:38.573 WARN   Deprecated settings path 'router.max_passes'; use 'router.autorouter.max_passes' instead. The old path will be removed in a future release.
2026-10-07 02:09:38.833 INFO   [6AAE88\318F7B] Loading board file 'Y2.dsn'...
2026-10-07 02:09:39.060 INFO   [6AAE88\318F7B] Job '6AAE88\318F7B' started at 2026-10-06T15:09:39.060843379Z.
2026-10-07 02:09:39.203 WARN   Design Warning: Board has 60 pre-existing clearance violation(s) in the loaded design (before routing):
  - 60 unfixable violation(s) (cannot be resolved by Freerouting):
      * 60 pin-to-pin clearance violations (first 5 shown):
          - U1.9 <-> U1.8 [net Net-(U1-AOHPL)]
          - U1.8 [net Net-(U1-AOHPL)] <-> U1.7
          - U1.7 <-> U1.6 [net Net-(U1-AOHPR)]
          - U1.6 [net Net-(U1-AOHPR)] <-> U1.5
          - Q103.9 <-> Q103.8
          ... and 55 more
  - 0 potentially fixable violations
Notice: Freerouting does not modify component placement, board outlines, or fixed items.
Resolving these 60 unfixable violation(s) is the responsibility of the board author in their EDA tool (e.g. KiCad).
2026-10-07 02:09:39.242 INFO   [6AAE88\318F7B] Pipeline thread limits: autorouter pass is single-threaded, optimizer.max_threads=23.
2026-10-07 02:09:39.322 INFO   [6AAE88\318F7B] Fanout stage started on board '382359b39366986a1b3cbd052b42b792' with 126 of 1066 SMD pins needing fanout (0 already connected, 940 netless).
2026-10-07 02:09:40.496 INFO   [6AAE88\318F7B] Fanout pass #1 on board '1f3b7c9ab250188969215a3db02f2df1' completed in 1.11 seconds with 47 SMD pins fanouted, 70 not routed, 0 insert errors, +0 extra vias (0 SMD pins still to check in pass, ripup costs=100).
2026-10-07 02:09:40.853 INFO   [6AAE88\318F7B] Fanout pass #2 on board 'aa63cc39a9e5711337ead04fd23e6bda' completed in 0.33 seconds with 3 SMD pins fanouted, 36 not routed, 0 insert errors, +0 extra vias (0 SMD pins still to check in pass, ripup costs=200).
2026-10-07 02:09:40.964 INFO   [6AAE88\318F7B] Fanout pass #3 on board 'aa63cc39a9e5711337ead04fd23e6bda' completed in 0.08 seconds with 0 SMD pins fanouted, 2 not routed, 0 insert errors, +0 extra vias (0 SMD pins still to check in pass, ripup costs=300).
2026-10-07 02:09:40.971 INFO   [6AAE88\318F7B] Fanout stage completed: started with 126 total SMD pins, completed in 1.63 seconds, escaped pins: 73/126 (57.9%), using 1.64 total CPU seconds, 0.84 GB total allocated, and 260.0 MB peak heap usage.
2026-10-07 02:09:41.050 INFO   [6AAE88\318F7B] Auto-routing stage started on board 'aa63cc39a9e5711337ead04fd23e6bda' with baseline score 328.53 for 47 unrouted items.
2026-10-07 02:09:50.438 INFO   [6AAE88\318F7B] Auto-routing pass #1 on board 'aa63cc39a9e5711337ead04fd23e6bda' was completed in 9.33 seconds with score 353.62 (45 unrouted and 60 violations), using 10.76 CPU seconds and the job allocated 10.13 GB of memory so far.
2026-10-07 02:09:50.524 INFO   [6AAE88\318F7B] Auto-routing stage completed: started with 93 unrouted nets, completed in 11.25 seconds, final score: 353.62 (45 unrouted and 60 violations), using 10.76 total CPU seconds, 10.13 GB total allocated, and 387.1 MB peak heap usage.
2026-10-07 02:09:50.558 INFO   [6AAE88\318F7B] Skipping optimization stage: the board has 45 unrouted connection(s) (optimizer only runs on completely routed boards).
2026-10-07 02:09:50.586 INFO   [6AAE88\318F7B] Job '6AAE88\318F7B' finished with state: COMPLETED (elapsed: 11.52 seconds, finished at UTC: 2026-10-06T15:09:50.585058037Z).
2026-10-07 02:09:50.594 INFO   Saving output file '/home/chithi/Desktop/DesktopSpeaker/ai-files/pcb/work-p1/Y2.ses' (SES)...
2026-10-07 02:09:50.596 INFO   Successfully saved output file '/home/chithi/Desktop/DesktopSpeaker/ai-files/pcb/work-p1/Y2.ses' (30006 bytes).
