2026-10-07 02:10:45.642 INFO   Freerouting v2.5.0 (build-date: 2026-10-05)
2026-10-07 02:10:45.916 INFO   Hardware: 24 CPU cores, 576 CPU score, 16056 MB RAM
2026-10-07 02:10:45.917 WARN   Deprecated settings path '-mp / --router.max_passes'; use '--router.autorouter.max_passes' instead. The old path will be removed in a future release.
2026-10-07 02:10:45.917 WARN   Couldn't get screen resolution. If you are running in a headless environment, disable the GUI by setting gui.enabled to false.
2026-10-07 02:10:46.945 WARN   Deprecated settings path 'router.max_passes'; use 'router.autorouter.max_passes' instead. The old path will be removed in a future release.
2026-10-07 02:10:47.205 INFO   [685658\0C88F7] Loading board file 'Y4.dsn'...
2026-10-07 02:10:47.496 INFO   [685658\0C88F7] Job '685658\0C88F7' started at 2026-10-06T15:10:47.496424851Z.
2026-10-07 02:10:47.644 WARN   Design Warning: Board has 10 pre-existing clearance violation(s) in the loaded design (before routing):
  - 10 unfixable violation(s) (cannot be resolved by Freerouting):
      * 10 pin-to-pin clearance violations (first 5 shown):
          - Q103.9 <-> Q103.8
          - Q103.9 <-> Q103.7
          - Q103.9 <-> Q103.6
          - Q103.9 <-> Q103.5
          - U25.21 <-> U25.20
          ... and 5 more
  - 0 potentially fixable violations
Notice: Freerouting does not modify component placement, board outlines, or fixed items.
Resolving these 10 unfixable violation(s) is the responsibility of the board author in their EDA tool (e.g. KiCad).
2026-10-07 02:10:47.718 INFO   [685658\0C88F7] Pipeline thread limits: autorouter pass is single-threaded, optimizer.max_threads=23.
2026-10-07 02:10:47.849 INFO   [685658\0C88F7] Fanout stage started on board '422b530631ac0c98a845e108dcb6237a' with 126 of 1066 SMD pins needing fanout (0 already connected, 940 netless).
2026-10-07 02:10:49.556 INFO   [685658\0C88F7] Fanout pass #1 on board 'b348910ac0f6d7f9f851fbb19d6fc695' completed in 1.62 seconds with 64 SMD pins fanouted, 39 not routed, 0 insert errors, +3 extra vias (0 SMD pins still to check in pass, ripup costs=100).
2026-10-07 02:10:50.030 INFO   [685658\0C88F7] Fanout pass #2 on board '3c42505d1f976d23880f2df426fad53d' completed in 0.43 seconds with 1 SMD pin fanouted, 29 not routed, 0 insert errors, +1 extra via (0 SMD pins still to check in pass, ripup costs=200).
2026-10-07 02:10:50.160 INFO   [685658\0C88F7] Fanout pass #3 on board '3c42505d1f976d23880f2df426fad53d' completed in 0.09 seconds with 0 SMD pins fanouted, 0 not routed, 0 insert errors, +0 extra vias (0 SMD pins still to check in pass, ripup costs=300).
2026-10-07 02:10:50.168 INFO   [685658\0C88F7] Fanout stage completed: started with 126 total SMD pins, completed in 2.29 seconds, escaped pins: 98/126 (77.8%), using 2.22 total CPU seconds, 0.98 GB total allocated, and 348.7 MB peak heap usage.
2026-10-07 02:10:50.280 INFO   [685658\0C88F7] Auto-routing stage started on board '3c42505d1f976d23880f2df426fad53d' with baseline score 512.43 for 34 unrouted items.
2026-10-07 02:10:54.914 INFO   [685658\0C88F7] Auto-routing pass #1 on board '3c42505d1f976d23880f2df426fad53d' was completed in 4.58 seconds with score 856.52 (10 unrouted and 10 violations), using 6.60 CPU seconds and the job allocated 4.33 GB of memory so far.
2026-10-07 02:10:55.004 INFO   [685658\0C88F7] Auto-routing stage completed: started with 93 unrouted nets, completed in 7.26 seconds, final score: 856.52 (10 unrouted and 10 violations), using 6.60 total CPU seconds, 4.33 GB total allocated, and 415.7 MB peak heap usage.
2026-10-07 02:10:55.039 INFO   [685658\0C88F7] Skipping optimization stage: the board has 10 unrouted connection(s) (optimizer only runs on completely routed boards).
2026-10-07 02:10:55.065 INFO   [685658\0C88F7] Job '685658\0C88F7' finished with state: COMPLETED (elapsed: 7.57 seconds, finished at UTC: 2026-10-06T15:10:55.065249038Z).
2026-10-07 02:10:55.097 INFO   Saving output file '/home/chithi/Desktop/DesktopSpeaker/ai-files/pcb/work-p1/Y4.ses' (SES)...
2026-10-07 02:10:55.098 INFO   Successfully saved output file '/home/chithi/Desktop/DesktopSpeaker/ai-files/pcb/work-p1/Y4.ses' (47304 bytes).
