2026-10-07 02:10:45.663 INFO   Freerouting v2.5.0 (build-date: 2026-10-05)
2026-10-07 02:10:45.934 INFO   Hardware: 24 CPU cores, 577 CPU score, 16056 MB RAM
2026-10-07 02:10:45.935 WARN   Deprecated settings path '-mp / --router.max_passes'; use '--router.autorouter.max_passes' instead. The old path will be removed in a future release.
2026-10-07 02:10:45.935 WARN   Couldn't get screen resolution. If you are running in a headless environment, disable the GUI by setting gui.enabled to false.
2026-10-07 02:10:46.963 WARN   Deprecated settings path 'router.max_passes'; use 'router.autorouter.max_passes' instead. The old path will be removed in a future release.
2026-10-07 02:10:47.224 INFO   [C36CB8\6BF70A] Loading board file 'Y5.dsn'...
2026-10-07 02:10:47.508 INFO   [C36CB8\6BF70A] Job 'C36CB8\6BF70A' started at 2026-10-06T15:10:47.508759711Z.
2026-10-07 02:10:47.684 WARN   Design Warning: Board has 10 pre-existing clearance violation(s) in the loaded design (before routing):
  - 10 unfixable violation(s) (cannot be resolved by Freerouting):
      * 10 pin-to-pin clearance violations (first 5 shown):
          - Q103.9 <-> Q103.8
          - Q103.9 <-> Q103.7
          - Q103.9 <-> Q103.6
          - Q103.9 <-> Q103.5
          - U25.21 <-> U25.20
          ... and 5 more
  - 0 potentially fixable violations
Notice: Freerouting does not modify component placement, board outlines, or fixed items.
Resolving these 10 unfixable violation(s) is the responsibility of the board author in their EDA tool (e.g. KiCad).
2026-10-07 02:10:47.764 INFO   [C36CB8\6BF70A] Pipeline thread limits: autorouter pass is single-threaded, optimizer.max_threads=23.
2026-10-07 02:10:47.866 INFO   [C36CB8\6BF70A] Fanout stage started on board '422b530631ac0c98a845e108dcb6237a' with 126 of 1066 SMD pins needing fanout (0 already connected, 940 netless).
2026-10-07 02:10:49.505 INFO   [C36CB8\6BF70A] Fanout pass #1 on board '2d2e173a2acf3bb44a43579bf9ecc750' completed in 1.56 seconds with 59 SMD pins fanouted, 47 not routed, 0 insert errors, +0 extra vias (0 SMD pins still to check in pass, ripup costs=100).
2026-10-07 02:10:50.079 INFO   [C36CB8\6BF70A] Fanout pass #2 on board 'a2f98ad7a4d0b0ab6d2cbd6e3c1dbddc' completed in 0.53 seconds with 2 SMD pins fanouted, 37 not routed, 0 insert errors, +0 extra vias (0 SMD pins still to check in pass, ripup costs=200).
2026-10-07 02:10:50.199 INFO   [C36CB8\6BF70A] Fanout pass #3 on board '6d507f36875f7c377b8406a4819153b2' completed in 0.08 seconds with 1 SMD pin fanouted, 0 not routed, 0 insert errors, +0 extra vias (0 SMD pins still to check in pass, ripup costs=300).
2026-10-07 02:10:50.346 INFO   [C36CB8\6BF70A] Fanout pass #4 on board '04ed78c5166c14bb53998ec337f103dc' completed in 0.11 seconds with 1 SMD pin fanouted, 0 not routed, 0 insert errors, +0 extra vias (0 SMD pins still to check in pass, ripup costs=400).
2026-10-07 02:10:50.468 INFO   [C36CB8\6BF70A] Fanout pass #5 on board 'd536447dc0f4923164f390e4f8ad148e' completed in 0.09 seconds with 1 SMD pin fanouted, 0 not routed, 0 insert errors, +0 extra vias (0 SMD pins still to check in pass, ripup costs=500).
2026-10-07 02:10:50.600 INFO   [C36CB8\6BF70A] Fanout pass #6 on board '0e6af17140236c6e019c6adda1e6373f' completed in 0.09 seconds with 1 SMD pin fanouted, 0 not routed, 0 insert errors, +0 extra vias (0 SMD pins still to check in pass, ripup costs=600).
2026-10-07 02:10:50.600 INFO   Fanout stopped after 6 passes: no progress for 3 consecutive passes.
2026-10-07 02:10:50.611 INFO   [C36CB8\6BF70A] Fanout stage completed: started with 126 total SMD pins, completed in 2.71 seconds, escaped pins: 95/126 (75.4%), using 2.59 total CPU seconds, 1.30 GB total allocated, and 341.6 MB peak heap usage.
2026-10-07 02:10:50.733 INFO   [C36CB8\6BF70A] Auto-routing stage started on board '0e6af17140236c6e019c6adda1e6373f' with baseline score 498.10 for 35 unrouted items.
2026-10-07 02:10:54.189 INFO   [C36CB8\6BF70A] Auto-routing pass #1 on board '0e6af17140236c6e019c6adda1e6373f' was completed in 3.38 seconds with score 641.46 (25 unrouted and 10 violations), using 5.55 CPU seconds and the job allocated 3.28 GB of memory so far.
2026-10-07 02:10:54.282 INFO   [C36CB8\6BF70A] Auto-routing stage completed: started with 93 unrouted nets, completed in 6.49 seconds, final score: 641.46 (25 unrouted and 10 violations), using 5.55 total CPU seconds, 3.28 GB total allocated, and 288.5 MB peak heap usage.
2026-10-07 02:10:54.317 INFO   [C36CB8\6BF70A] Skipping optimization stage: the board has 25 unrouted connection(s) (optimizer only runs on completely routed boards).
2026-10-07 02:10:54.345 INFO   [C36CB8\6BF70A] Job 'C36CB8\6BF70A' finished with state: COMPLETED (elapsed: 6.83 seconds, finished at UTC: 2026-10-06T15:10:54.344292940Z).
2026-10-07 02:10:54.361 INFO   Saving output file '/home/chithi/Desktop/DesktopSpeaker/ai-files/pcb/work-p1/Y5.ses' (SES)...
2026-10-07 02:10:54.363 INFO   Successfully saved output file '/home/chithi/Desktop/DesktopSpeaker/ai-files/pcb/work-p1/Y5.ses' (37194 bytes).
