[32;1m
*******************************************************************
******        Statistics on Transfer (Write)                 ******

*******************************************************************
******        Transfer Mode = 0  I.E.  As Is       ******
[0m
[32;1m******        Transferring Shape, ShapeType = 0                      ******
[0m
[32;1m
*******************************************************************
******        Statistics on Transfer (Write)                 ******

*******************************************************************
******        Transfer Mode = 0  I.E.  As Is       ******
[0m
[32;1m******        Transferring Shape, ShapeType = 0                      ******
[0m
[32;1m
*******************************************************************
******        Statistics on Transfer (Write)                 ******

*******************************************************************
******        Transfer Mode = 0  I.E.  As Is       ******
[0m
[32;1m******        Transferring Shape, ShapeType = 0                      ******
[0m
[32;1m
*******************************************************************
******        Statistics on Transfer (Write)                 ******

*******************************************************************
******        Transfer Mode = 0  I.E.  As Is       ******
[0m
[32;1m******        Transferring Shape, ShapeType = 0                      ******
[0m
[32;1m
*******************************************************************
******        Statistics on Transfer (Write)                 ******

*******************************************************************
******        Transfer Mode = 0  I.E.  As Is       ******
[0m
[32;1m******        Transferring Shape, ShapeType = 0                      ******
[0m
[32;1m
*******************************************************************
******        Statistics on Transfer (Write)                 ******

*******************************************************************
******        Transfer Mode = 0  I.E.  As Is       ******
[0m
[32;1m******        Transferring Shape, ShapeType = 0                      ******
[0m
[32;1m
*******************************************************************
******        Statistics on Transfer (Write)                 ******

*******************************************************************
******        Transfer Mode = 0  I.E.  As Is       ******
[0m
[32;1m******        Transferring Shape, ShapeType = 0                      ******
[0m
[32;1m
*******************************************************************
******        Statistics on Transfer (Write)                 ******

*******************************************************************
******        Transfer Mode = 0  I.E.  As Is       ******
[0m
[32;1m******        Transferring Shape, ShapeType = 0                      ******
[0m
[32;1m
*******************************************************************
******        Statistics on Transfer (Write)                 ******

*******************************************************************
******        Transfer Mode = 0  I.E.  As Is       ******
[0m
[32;1m******        Transferring Shape, ShapeType = 0                      ******
[0m
[32;1m
*******************************************************************
******        Statistics on Transfer (Write)                 ******

*******************************************************************
******        Transfer Mode = 0  I.E.  As Is       ******
[0m
[32;1m******        Transferring Shape, ShapeType = 0                      ******
[0m
[32;1m
*******************************************************************
******        Statistics on Transfer (Write)                 ******

*******************************************************************
******        Transfer Mode = 0  I.E.  As Is       ******
[0m
[32;1m******        Transferring Shape, ShapeType = 0                      ******
[0m
[32;1m
*******************************************************************
******        StDesktopSpeaker-kicad/kicad-library/3d/TPS26600PWPR_datasheet_EP.step
atistics on Transfer (Write)                 ******

*******************************************************************
******        Transfer Mode = 0  I.E.  As Is       ******
[0m
[32;1m******        Transferring Shape, ShapeType = 0                      ******
[0m
[32;1m
*******************************************************************
******        Statistics on Transfer (Write)                 ******

*******************************************************************
******        Transfer Mode = 0  I.E.  As Is       ******
[0m
[32;1m******        Transferring Shape, ShapeType = 0                      ******
[0m
[32;1m
*******************************************************************
******        Statistics on Transfer (Write)                 ******

*******************************************************************
******        Transfer Mode = 0  I.E.  As Is       ******
[0m
[32;1m******        Transferring Shape, ShapeType = 0                      ******
[0m
[32;1m
*******************************************************************
******        Statistics on Transfer (Write)                 ******

*******************************************************************
******        Transfer Mode = 0  I.E.  As Is       ******
[0m
[32;1m******        Transferring Shape, ShapeType = 0                      ******
[0m
[32;1m
*******************************************************************
******        Statistics on Transfer (Write)                 ******

*******************************************************************
******        Transfer Mode = 0  I.E.  As Is       ******
[0m
[32;1m******        Transferring Shape, ShapeType = 0                      ******
[0m
[32;1m
*******************************************************************
******        Statistics on Transfer (Write)                 ******

*******************************************************************
******        Transfer Mode = 0  I.E.  As Is       ******
[0m
[32;1m******        Transferring Shape, ShapeType = 0                      ******
[0m
[32;1m
*******************************************************************
******        Statistics on Transfer (Write)                 ******

*******************************************************************
******        Transfer Mode = 0  I.E.  As Is       ******
[0m
[32;1m******        Transferring Shape, ShapeType = 2                      ******
[0m
[32;1m** WorkSession : Sending all data
[0m
[32;1m Step File Name : DesktopSpeaker-kicad/kicad-library/3d/TPS26600PWPR_datasheet_EP.step(8213 ents)  Write  Done
[0m
